Training log file: /home/xx4455/Comparable/Code/Synthetic/Results/TrainingLogs/adult_default_20260401_124325.log
Starting experiments (dataset=adult, sensitive_attribute=default).
[Run 1/5] Training shared encoder (unweighted)...
Epoch 1/100
50/50 - 15s - 301ms/step - loss: 3415.2424 - val_loss: 23.4129
Epoch 2/100
50/50 - 8s - 156ms/step - loss: 104.2092 - val_loss: 87.8109
Epoch 3/100
50/50 - 7s - 150ms/step - loss: 107.9498 - val_loss: 161.2081
Epoch 4/100
50/50 - 8s - 157ms/step - loss: 90.7482 - val_loss: 148.4290
Epoch 5/100
50/50 - 8s - 156ms/step - loss: 116.2960 - val_loss: 64.4779
Epoch 6/100
50/50 - 8s - 155ms/step - loss: 89.5534 - val_loss: 5.5070
Epoch 7/100
50/50 - 8s - 156ms/step - loss: 164.0230 - val_loss: 48.3163
Epoch 8/100
50/50 - 8s - 155ms/step - loss: 71.0368 - val_loss: 14.2554
Epoch 9/100
50/50 - 8s - 154ms/step - loss: 133.8112 - val_loss: 30.5703
Epoch 10/100
50/50 - 8s - 155ms/step - loss: 135.8995 - val_loss: 61.8019
Epoch 11/100
50/50 - 8s - 155ms/step - loss: 93.2685 - val_loss: 97.2050
Epoch 12/100
50/50 - 8s - 155ms/step - loss: 84.0200 - val_loss: 68.5481
Epoch 13/100
50/50 - 8s - 156ms/step - loss: 105.1838 - val_loss: 103.5949
Epoch 14/100
50/50 - 8s - 156ms/step - loss: 138.7516 - val_loss: 275.7593
Epoch 15/100
50/50 - 8s - 155ms/step - loss: 183.1516 - val_loss: 145.4161
Epoch 16/100
50/50 - 8s - 156ms/step - loss: 201.8650 - val_loss: 15.6038
[Run 1/5] Training shared encoder (weighted)...
Epoch 1/100
50/50 - 12s - 239ms/step - loss: 1020.1320 - val_loss: 123.5753
Epoch 2/100
50/50 - 8s - 165ms/step - loss: 109.0393 - val_loss: 92.6978
Epoch 3/100
50/50 - 8s - 156ms/step - loss: 78.8643 - val_loss: 108.5212
Epoch 4/100
50/50 - 8s - 163ms/step - loss: 220.6798 - val_loss: 318.7190
Epoch 5/100
50/50 - 8s - 162ms/step - loss: 123.4007 - val_loss: 215.9614
Epoch 6/100
50/50 - 8s - 165ms/step - loss: 183.7704 - val_loss: 20.9946
Epoch 7/100
50/50 - 8s - 165ms/step - loss: 169.0120 - val_loss: 169.4231
Epoch 8/100
50/50 - 8s - 164ms/step - loss: 158.6749 - val_loss: 175.5617
Epoch 9/100
50/50 - 8s - 164ms/step - loss: 70.2963 - val_loss: 86.4225
Epoch 10/100
50/50 - 8s - 164ms/step - loss: 82.7285 - val_loss: 19.9917
Epoch 11/100
50/50 - 8s - 165ms/step - loss: 145.6851 - val_loss: 389.1709
Epoch 12/100
50/50 - 8s - 165ms/step - loss: 113.8518 - val_loss: 30.6607
Epoch 13/100
50/50 - 8s - 166ms/step - loss: 108.7130 - val_loss: 57.7413
Epoch 14/100
50/50 - 8s - 164ms/step - loss: 67.0965 - val_loss: 117.5987
Epoch 15/100
50/50 - 8s - 164ms/step - loss: 93.2993 - val_loss: 264.3214
Epoch 16/100
50/50 - 8s - 165ms/step - loss: 208.6911 - val_loss: 83.1328
Epoch 17/100
50/50 - 8s - 165ms/step - loss: 77.0276 - val_loss: 104.8032
Epoch 18/100
50/50 - 8s - 164ms/step - loss: 108.3641 - val_loss: 177.2980
Epoch 19/100
50/50 - 8s - 164ms/step - loss: 205.4444 - val_loss: 232.7224
Epoch 20/100
50/50 - 8s - 164ms/step - loss: 169.7558 - val_loss: 340.1263
[Run 2/5] Training shared encoder (unweighted)...
Epoch 1/100
51/51 - 12s - 228ms/step - loss: 564.7807 - val_loss: 378.3336
Epoch 2/100
51/51 - 8s - 156ms/step - loss: 182.4514 - val_loss: 46.0354
Epoch 3/100
51/51 - 8s - 150ms/step - loss: 195.0118 - val_loss: 162.7458
Epoch 4/100
51/51 - 8s - 156ms/step - loss: 173.3568 - val_loss: 308.2320
Epoch 5/100
51/51 - 8s - 156ms/step - loss: 209.9621 - val_loss: 198.4421
Epoch 6/100
51/51 - 8s - 155ms/step - loss: 170.6616 - val_loss: 160.1341
Epoch 7/100
51/51 - 8s - 156ms/step - loss: 90.2157 - val_loss: 279.4040
Epoch 8/100
51/51 - 8s - 156ms/step - loss: 229.1292 - val_loss: 182.5961
Epoch 9/100
51/51 - 8s - 155ms/step - loss: 126.8008 - val_loss: 271.2689
Epoch 10/100
51/51 - 8s - 156ms/step - loss: 244.6337 - val_loss: 73.2657
Epoch 11/100
51/51 - 8s - 156ms/step - loss: 205.3123 - val_loss: 210.7305
Epoch 12/100
51/51 - 8s - 156ms/step - loss: 154.2886 - val_loss: 232.8778
[Run 2/5] Training shared encoder (weighted)...
Epoch 1/100
51/51 - 12s - 230ms/step - loss: 926.4907 - val_loss: 46.1453
Epoch 2/100
51/51 - 8s - 164ms/step - loss: 237.8327 - val_loss: 373.8120
Epoch 3/100
51/51 - 8s - 158ms/step - loss: 223.3596 - val_loss: 168.2235
Epoch 4/100
51/51 - 8s - 165ms/step - loss: 226.9201 - val_loss: 298.0157
Epoch 5/100
51/51 - 8s - 163ms/step - loss: 128.6705 - val_loss: 226.0371
Epoch 6/100
51/51 - 8s - 163ms/step - loss: 152.3529 - val_loss: 128.1623
Epoch 7/100
51/51 - 8s - 164ms/step - loss: 214.2341 - val_loss: 64.4726
Epoch 8/100
51/51 - 8s - 164ms/step - loss: 184.4793 - val_loss: 168.7809
Epoch 9/100
51/51 - 8s - 164ms/step - loss: 254.7698 - val_loss: 219.0843
Epoch 10/100
51/51 - 8s - 164ms/step - loss: 160.3796 - val_loss: 194.9681
Epoch 11/100
51/51 - 8s - 164ms/step - loss: 128.5271 - val_loss: 47.2103
[Run 3/5] Training shared encoder (unweighted)...
Epoch 1/100
51/51 - 12s - 234ms/step - loss: 1452.2740 - val_loss: 391.5155
Epoch 2/100
51/51 - 8s - 157ms/step - loss: 356.5182 - val_loss: 375.2828
Epoch 3/100
51/51 - 8s - 150ms/step - loss: 142.7872 - val_loss: 14.9187
Epoch 4/100
51/51 - 8s - 158ms/step - loss: 199.9976 - val_loss: 20.0044
Epoch 5/100
51/51 - 8s - 157ms/step - loss: 143.4378 - val_loss: 346.7547
Epoch 6/100
51/51 - 8s - 156ms/step - loss: 112.8632 - val_loss: 20.3080
Epoch 7/100
51/51 - 8s - 156ms/step - loss: 212.4137 - val_loss: 14.0979
Epoch 8/100
51/51 - 8s - 156ms/step - loss: 125.1664 - val_loss: 158.1051
Epoch 9/100
51/51 - 8s - 156ms/step - loss: 156.1952 - val_loss: 253.0562
Epoch 10/100
51/51 - 8s - 156ms/step - loss: 151.6748 - val_loss: 112.6701
Epoch 11/100
51/51 - 8s - 157ms/step - loss: 140.3405 - val_loss: 228.7505
Epoch 12/100
51/51 - 8s - 157ms/step - loss: 223.5388 - val_loss: 319.5933
Epoch 13/100
51/51 - 8s - 157ms/step - loss: 150.3922 - val_loss: 235.8055
Epoch 14/100
51/51 - 8s - 157ms/step - loss: 141.9369 - val_loss: 207.2946
Epoch 15/100
51/51 - 8s - 156ms/step - loss: 91.6436 - val_loss: 225.1031
Epoch 16/100
51/51 - 8s - 157ms/step - loss: 113.4889 - val_loss: 67.4878
Epoch 17/100
51/51 - 8s - 156ms/step - loss: 199.5943 - val_loss: 9.1488
Epoch 18/100
51/51 - 8s - 156ms/step - loss: 87.5015 - val_loss: 28.9870
Epoch 19/100
51/51 - 8s - 156ms/step - loss: 116.6917 - val_loss: 303.2192
Epoch 20/100
51/51 - 8s - 157ms/step - loss: 271.8062 - val_loss: 188.3007
Epoch 21/100
51/51 - 8s - 156ms/step - loss: 136.2898 - val_loss: 224.5976
Epoch 22/100
51/51 - 8s - 156ms/step - loss: 188.6439 - val_loss: 82.1799
Epoch 23/100
51/51 - 8s - 157ms/step - loss: 119.2793 - val_loss: 172.2845
Epoch 24/100
51/51 - 8s - 157ms/step - loss: 144.4296 - val_loss: 78.3255
Epoch 25/100
51/51 - 8s - 155ms/step - loss: 84.3941 - val_loss: 122.9132
Epoch 26/100
51/51 - 8s - 156ms/step - loss: 155.3462 - val_loss: 219.5885
Epoch 27/100
51/51 - 8s - 157ms/step - loss: 270.8430 - val_loss: 6.3669
Epoch 28/100
51/51 - 8s - 157ms/step - loss: 177.3405 - val_loss: 413.6241
Epoch 29/100
51/51 - 8s - 156ms/step - loss: 211.3121 - val_loss: 137.5065
Epoch 30/100
51/51 - 8s - 156ms/step - loss: 117.4740 - val_loss: 88.4052
Epoch 31/100
51/51 - 8s - 156ms/step - loss: 115.1003 - val_loss: 116.4104
Epoch 32/100
51/51 - 8s - 156ms/step - loss: 98.3345 - val_loss: 168.3556
Epoch 33/100
51/51 - 8s - 156ms/step - loss: 98.4997 - val_loss: 135.8094
Epoch 34/100
51/51 - 8s - 156ms/step - loss: 174.6474 - val_loss: 169.6073
Epoch 35/100
51/51 - 8s - 156ms/step - loss: 96.2702 - val_loss: 35.9690
Epoch 36/100
51/51 - 8s - 157ms/step - loss: 108.2362 - val_loss: 191.8966
Epoch 37/100
51/51 - 8s - 156ms/step - loss: 110.7876 - val_loss: 155.7141
[Run 3/5] Training shared encoder (weighted)...
Epoch 1/100
51/51 - 12s - 230ms/step - loss: 600.3908 - val_loss: 349.6457
Epoch 2/100
51/51 - 8s - 165ms/step - loss: 361.5364 - val_loss: 171.7659
Epoch 3/100
51/51 - 8s - 157ms/step - loss: 212.7254 - val_loss: 232.1403
Epoch 4/100
51/51 - 8s - 165ms/step - loss: 141.4139 - val_loss: 35.9865
Epoch 5/100
51/51 - 8s - 163ms/step - loss: 129.9129 - val_loss: 68.2737
Epoch 6/100
51/51 - 8s - 164ms/step - loss: 74.8223 - val_loss: 36.0416
Epoch 7/100
51/51 - 8s - 163ms/step - loss: 146.8760 - val_loss: 44.8450
Epoch 8/100
51/51 - 8s - 164ms/step - loss: 146.5064 - val_loss: 116.9349
Epoch 9/100
51/51 - 8s - 164ms/step - loss: 107.0996 - val_loss: 127.4497
Epoch 10/100
51/51 - 8s - 163ms/step - loss: 130.3454 - val_loss: 34.6214
Epoch 11/100
51/51 - 8s - 163ms/step - loss: 90.1273 - val_loss: 103.7833
Epoch 12/100
51/51 - 8s - 164ms/step - loss: 82.6851 - val_loss: 405.3237
Epoch 13/100
51/51 - 8s - 164ms/step - loss: 170.6352 - val_loss: 79.2447
Epoch 14/100
51/51 - 8s - 164ms/step - loss: 182.8719 - val_loss: 74.9058
Epoch 15/100
51/51 - 8s - 163ms/step - loss: 169.3663 - val_loss: 45.1455
Epoch 16/100
51/51 - 8s - 163ms/step - loss: 56.6869 - val_loss: 261.6071
Epoch 17/100
51/51 - 8s - 164ms/step - loss: 185.7842 - val_loss: 59.8896
Epoch 18/100
51/51 - 8s - 164ms/step - loss: 107.3299 - val_loss: 174.3203
Epoch 19/100
51/51 - 8s - 163ms/step - loss: 169.5296 - val_loss: 268.7971
Epoch 20/100
51/51 - 8s - 163ms/step - loss: 198.1535 - val_loss: 89.3873
[Run 4/5] Training shared encoder (unweighted)...
Epoch 1/100
50/50 - 12s - 246ms/step - loss: 906.5433 - val_loss: 47.0559
Epoch 2/100
50/50 - 8s - 158ms/step - loss: 121.1408 - val_loss: 334.7940
Epoch 3/100
50/50 - 8s - 153ms/step - loss: 253.6507 - val_loss: 35.5353
Epoch 4/100
50/50 - 8s - 160ms/step - loss: 87.6615 - val_loss: 121.2903
Epoch 5/100
50/50 - 8s - 158ms/step - loss: 129.8012 - val_loss: 99.3248
Epoch 6/100
50/50 - 8s - 158ms/step - loss: 121.9631 - val_loss: 54.6821
Epoch 7/100
50/50 - 8s - 158ms/step - loss: 142.7592 - val_loss: 259.7456
Epoch 8/100
50/50 - 8s - 158ms/step - loss: 132.8860 - val_loss: 114.0580
Epoch 9/100
50/50 - 8s - 158ms/step - loss: 67.2285 - val_loss: 40.8518
Epoch 10/100
50/50 - 8s - 158ms/step - loss: 109.8338 - val_loss: 29.1477
Epoch 11/100
50/50 - 8s - 157ms/step - loss: 179.9171 - val_loss: 56.5423
Epoch 12/100
50/50 - 8s - 158ms/step - loss: 228.6429 - val_loss: 206.7611
Epoch 13/100
50/50 - 8s - 158ms/step - loss: 276.0834 - val_loss: 8.7349
Epoch 14/100
50/50 - 8s - 157ms/step - loss: 130.4171 - val_loss: 183.0325
Epoch 15/100
50/50 - 8s - 157ms/step - loss: 128.7728 - val_loss: 148.6961
Epoch 16/100
50/50 - 8s - 157ms/step - loss: 120.0539 - val_loss: 89.5880
Epoch 17/100
50/50 - 8s - 157ms/step - loss: 178.8862 - val_loss: 113.0561
Epoch 18/100
50/50 - 8s - 157ms/step - loss: 134.9725 - val_loss: 20.1372
Epoch 19/100
50/50 - 8s - 158ms/step - loss: 136.2756 - val_loss: 145.4846
Epoch 20/100
50/50 - 8s - 157ms/step - loss: 118.9211 - val_loss: 161.6535
Epoch 21/100
50/50 - 8s - 157ms/step - loss: 117.9868 - val_loss: 122.4688
Epoch 22/100
50/50 - 8s - 157ms/step - loss: 155.2148 - val_loss: 309.5216
Epoch 23/100
50/50 - 8s - 158ms/step - loss: 189.9707 - val_loss: 91.5201
[Run 4/5] Training shared encoder (weighted)...
Epoch 1/100
50/50 - 12s - 238ms/step - loss: 404.1518 - val_loss: 423.8691
Epoch 2/100
50/50 - 8s - 168ms/step - loss: 299.0733 - val_loss: 257.3531
Epoch 3/100
50/50 - 8s - 160ms/step - loss: 254.5330 - val_loss: 429.5512
Epoch 4/100
50/50 - 8s - 168ms/step - loss: 362.7833 - val_loss: 261.1917
Epoch 5/100
50/50 - 8s - 167ms/step - loss: 248.6473 - val_loss: 503.6646
Epoch 6/100
50/50 - 8s - 168ms/step - loss: 223.6275 - val_loss: 267.0771
Epoch 7/100
50/50 - 8s - 167ms/step - loss: 148.8394 - val_loss: 101.3340
Epoch 8/100
50/50 - 8s - 167ms/step - loss: 164.8973 - val_loss: 92.1050
Epoch 9/100
50/50 - 8s - 167ms/step - loss: 269.0473 - val_loss: 299.9272
Epoch 10/100
50/50 - 8s - 167ms/step - loss: 262.5019 - val_loss: 600.3753
Epoch 11/100
50/50 - 8s - 167ms/step - loss: 336.1600 - val_loss: 138.3813
Epoch 12/100
50/50 - 8s - 167ms/step - loss: 307.6721 - val_loss: 836.7032
Epoch 13/100
50/50 - 8s - 167ms/step - loss: 242.4239 - val_loss: 182.8723
Epoch 14/100
50/50 - 8s - 167ms/step - loss: 229.3938 - val_loss: 465.8965
Epoch 15/100
50/50 - 8s - 166ms/step - loss: 208.5813 - val_loss: 162.5653
Epoch 16/100
50/50 - 8s - 166ms/step - loss: 181.5579 - val_loss: 594.6333
Epoch 17/100
50/50 - 8s - 167ms/step - loss: 274.9550 - val_loss: 168.2584
Epoch 18/100
50/50 - 8s - 166ms/step - loss: 338.3899 - val_loss: 389.4769
[Run 5/5] Training shared encoder (unweighted)...
Epoch 1/100
50/50 - 13s - 252ms/step - loss: 411.4706 - val_loss: 32.6503
Epoch 2/100
50/50 - 8s - 159ms/step - loss: 229.9548 - val_loss: 35.3068
Epoch 3/100
50/50 - 8s - 153ms/step - loss: 78.0528 - val_loss: 105.9545
Epoch 4/100
50/50 - 8s - 161ms/step - loss: 301.1609 - val_loss: 314.2636
Epoch 5/100
50/50 - 8s - 160ms/step - loss: 232.0775 - val_loss: 135.9348
Epoch 6/100
50/50 - 8s - 159ms/step - loss: 201.7903 - val_loss: 122.2339
Epoch 7/100
50/50 - 8s - 159ms/step - loss: 195.3895 - val_loss: 44.3459
Epoch 8/100
50/50 - 8s - 158ms/step - loss: 60.5865 - val_loss: 256.1999
Epoch 9/100
50/50 - 8s - 159ms/step - loss: 147.8175 - val_loss: 19.6513
Epoch 10/100
50/50 - 8s - 158ms/step - loss: 176.9794 - val_loss: 143.2236
Epoch 11/100
50/50 - 8s - 159ms/step - loss: 139.3791 - val_loss: 285.0300
Epoch 12/100
50/50 - 8s - 159ms/step - loss: 163.7571 - val_loss: 34.6485
Epoch 13/100
50/50 - 8s - 159ms/step - loss: 98.3051 - val_loss: 87.5224
Epoch 14/100
50/50 - 8s - 159ms/step - loss: 98.4125 - val_loss: 144.1014
Epoch 15/100
50/50 - 8s - 159ms/step - loss: 148.2130 - val_loss: 136.3869
Epoch 16/100
50/50 - 8s - 158ms/step - loss: 127.0389 - val_loss: 112.3398
Epoch 17/100
50/50 - 8s - 159ms/step - loss: 124.0933 - val_loss: 167.3969
Epoch 18/100
50/50 - 8s - 159ms/step - loss: 114.9730 - val_loss: 121.8308
Epoch 19/100
50/50 - 8s - 160ms/step - loss: 193.5228 - val_loss: 44.9600
[Run 5/5] Training shared encoder (weighted)...
Epoch 1/100
50/50 - 12s - 238ms/step - loss: 293.9410 - val_loss: 236.9370
Epoch 2/100
50/50 - 9s - 170ms/step - loss: 266.7387 - val_loss: 18.9247
Epoch 3/100
50/50 - 8s - 162ms/step - loss: 247.8466 - val_loss: 70.6681
Epoch 4/100
50/50 - 9s - 170ms/step - loss: 126.7108 - val_loss: 81.6516
Epoch 5/100
50/50 - 8s - 167ms/step - loss: 304.7487 - val_loss: 221.1546
Epoch 6/100
50/50 - 8s - 167ms/step - loss: 252.7596 - val_loss: 37.5677
Epoch 7/100
50/50 - 8s - 167ms/step - loss: 82.3107 - val_loss: 96.0281
Epoch 8/100
50/50 - 7s - 138ms/step - loss: 194.2348 - val_loss: 462.2929
Epoch 9/100
50/50 - 8s - 167ms/step - loss: 154.5620 - val_loss: 107.3151
Epoch 10/100
50/50 - 8s - 168ms/step - loss: 154.8522 - val_loss: 162.9077
Epoch 11/100
50/50 - 8s - 167ms/step - loss: 145.3525 - val_loss: 19.5587
Epoch 12/100
50/50 - 8s - 167ms/step - loss: 193.3964 - val_loss: 424.4653
