Training log file: /home/xx4455/Comparable/Code/Synthetic/Results/TrainingLogs/adult_default_20260415_140230.log
Starting experiments (dataset=adult, sensitive_attribute=default).
[Run 1/1] Training shared encoder (unweighted, sigmoid head, baseline preprocessing)...
Epoch 1/500
51/51 - 12s - 229ms/step - loss: 0.9444 - val_loss: 0.8874
Epoch 2/500
51/51 - 9s - 171ms/step - loss: 0.8441 - val_loss: 0.7968
Epoch 3/500
51/51 - 8s - 162ms/step - loss: 0.7610 - val_loss: 0.7253
Epoch 4/500
51/51 - 9s - 169ms/step - loss: 0.6964 - val_loss: 0.6707
Epoch 5/500
51/51 - 9s - 167ms/step - loss: 0.6469 - val_loss: 0.6290
Epoch 6/500
51/51 - 9s - 170ms/step - loss: 0.6091 - val_loss: 0.5969
Epoch 7/500
51/51 - 9s - 168ms/step - loss: 0.5801 - val_loss: 0.5719
Epoch 8/500
51/51 - 9s - 169ms/step - loss: 0.5574 - val_loss: 0.5521
Epoch 9/500
51/51 - 9s - 169ms/step - loss: 0.5395 - val_loss: 0.5362
Epoch 10/500
51/51 - 9s - 168ms/step - loss: 0.5250 - val_loss: 0.5232
Epoch 11/500
51/51 - 9s - 168ms/step - loss: 0.5130 - val_loss: 0.5123
Epoch 12/500
51/51 - 9s - 168ms/step - loss: 0.5030 - val_loss: 0.5031
Epoch 13/500
51/51 - 9s - 168ms/step - loss: 0.4944 - val_loss: 0.4952
Epoch 14/500
51/51 - 9s - 168ms/step - loss: 0.4870 - val_loss: 0.4882
Epoch 15/500
51/51 - 9s - 169ms/step - loss: 0.4804 - val_loss: 0.4821
Epoch 16/500
51/51 - 9s - 168ms/step - loss: 0.4747 - val_loss: 0.4767
Epoch 17/500
51/51 - 9s - 168ms/step - loss: 0.4695 - val_loss: 0.4719
Epoch 18/500
51/51 - 9s - 168ms/step - loss: 0.4649 - val_loss: 0.4675
Epoch 19/500
51/51 - 9s - 170ms/step - loss: 0.4607 - val_loss: 0.4635
Epoch 20/500
51/51 - 9s - 168ms/step - loss: 0.4569 - val_loss: 0.4598
Epoch 21/500
51/51 - 9s - 168ms/step - loss: 0.4534 - val_loss: 0.4564
Epoch 22/500
51/51 - 9s - 168ms/step - loss: 0.4501 - val_loss: 0.4533
Epoch 23/500
51/51 - 9s - 169ms/step - loss: 0.4472 - val_loss: 0.4504
Epoch 24/500
51/51 - 9s - 169ms/step - loss: 0.4444 - val_loss: 0.4477
Epoch 25/500
51/51 - 9s - 168ms/step - loss: 0.4418 - val_loss: 0.4452
Epoch 26/500
51/51 - 9s - 169ms/step - loss: 0.4394 - val_loss: 0.4428
Epoch 27/500
51/51 - 9s - 169ms/step - loss: 0.4371 - val_loss: 0.4405
Epoch 28/500
51/51 - 9s - 168ms/step - loss: 0.4349 - val_loss: 0.4384
Epoch 29/500
51/51 - 9s - 168ms/step - loss: 0.4329 - val_loss: 0.4364
Epoch 30/500
51/51 - 9s - 168ms/step - loss: 0.4310 - val_loss: 0.4344
Epoch 31/500
51/51 - 9s - 168ms/step - loss: 0.4292 - val_loss: 0.4326
Epoch 32/500
51/51 - 9s - 168ms/step - loss: 0.4274 - val_loss: 0.4308
Epoch 33/500
51/51 - 9s - 168ms/step - loss: 0.4258 - val_loss: 0.4291
Epoch 34/500
51/51 - 9s - 168ms/step - loss: 0.4242 - val_loss: 0.4275
Epoch 35/500
51/51 - 9s - 168ms/step - loss: 0.4227 - val_loss: 0.4259
Epoch 36/500
51/51 - 9s - 168ms/step - loss: 0.4212 - val_loss: 0.4244
Epoch 37/500
51/51 - 9s - 168ms/step - loss: 0.4198 - val_loss: 0.4229
Epoch 38/500
51/51 - 9s - 168ms/step - loss: 0.4185 - val_loss: 0.4215
Epoch 39/500
51/51 - 9s - 170ms/step - loss: 0.4172 - val_loss: 0.4202
Epoch 40/500
51/51 - 9s - 169ms/step - loss: 0.4159 - val_loss: 0.4189
Epoch 41/500
51/51 - 9s - 168ms/step - loss: 0.4147 - val_loss: 0.4177
Epoch 42/500
51/51 - 9s - 168ms/step - loss: 0.4136 - val_loss: 0.4165
Epoch 43/500
51/51 - 9s - 167ms/step - loss: 0.4124 - val_loss: 0.4153
Epoch 44/500
51/51 - 9s - 167ms/step - loss: 0.4114 - val_loss: 0.4142
Epoch 45/500
51/51 - 9s - 167ms/step - loss: 0.4103 - val_loss: 0.4131
Epoch 46/500
51/51 - 9s - 168ms/step - loss: 0.4093 - val_loss: 0.4121
Epoch 47/500
51/51 - 9s - 167ms/step - loss: 0.4083 - val_loss: 0.4111
Epoch 48/500
51/51 - 9s - 167ms/step - loss: 0.4074 - val_loss: 0.4101
Epoch 49/500
51/51 - 9s - 167ms/step - loss: 0.4064 - val_loss: 0.4091
Epoch 50/500
51/51 - 9s - 167ms/step - loss: 0.4055 - val_loss: 0.4082
Epoch 51/500
51/51 - 9s - 168ms/step - loss: 0.4047 - val_loss: 0.4073
Epoch 52/500
51/51 - 9s - 168ms/step - loss: 0.4038 - val_loss: 0.4064
Epoch 53/500
51/51 - 9s - 167ms/step - loss: 0.4030 - val_loss: 0.4056
Epoch 54/500
51/51 - 9s - 167ms/step - loss: 0.4022 - val_loss: 0.4048
Epoch 55/500
51/51 - 9s - 168ms/step - loss: 0.4014 - val_loss: 0.4040
Epoch 56/500
51/51 - 9s - 168ms/step - loss: 0.4006 - val_loss: 0.4032
Epoch 57/500
51/51 - 9s - 167ms/step - loss: 0.3999 - val_loss: 0.4024
Epoch 58/500
51/51 - 9s - 167ms/step - loss: 0.3992 - val_loss: 0.4017
Epoch 59/500
51/51 - 9s - 168ms/step - loss: 0.3985 - val_loss: 0.4010
Epoch 60/500
51/51 - 9s - 168ms/step - loss: 0.3978 - val_loss: 0.4003
Epoch 61/500
51/51 - 9s - 167ms/step - loss: 0.3971 - val_loss: 0.3996
Epoch 62/500
51/51 - 9s - 168ms/step - loss: 0.3964 - val_loss: 0.3989
Epoch 63/500
51/51 - 9s - 167ms/step - loss: 0.3958 - val_loss: 0.3983
Epoch 64/500
51/51 - 9s - 169ms/step - loss: 0.3952 - val_loss: 0.3976
Epoch 65/500
51/51 - 9s - 168ms/step - loss: 0.3945 - val_loss: 0.3970
Epoch 66/500
51/51 - 9s - 168ms/step - loss: 0.3939 - val_loss: 0.3964
Epoch 67/500
51/51 - 9s - 167ms/step - loss: 0.3934 - val_loss: 0.3958
Epoch 68/500
51/51 - 9s - 168ms/step - loss: 0.3928 - val_loss: 0.3953
Epoch 69/500
51/51 - 9s - 168ms/step - loss: 0.3922 - val_loss: 0.3947
Epoch 70/500
51/51 - 9s - 168ms/step - loss: 0.3917 - val_loss: 0.3941
Epoch 71/500
51/51 - 9s - 167ms/step - loss: 0.3911 - val_loss: 0.3936
Epoch 72/500
51/51 - 9s - 168ms/step - loss: 0.3906 - val_loss: 0.3931
Epoch 73/500
51/51 - 9s - 168ms/step - loss: 0.3901 - val_loss: 0.3926
Epoch 74/500
51/51 - 9s - 168ms/step - loss: 0.3896 - val_loss: 0.3921
Epoch 75/500
51/51 - 9s - 169ms/step - loss: 0.3891 - val_loss: 0.3916
Epoch 76/500
51/51 - 9s - 168ms/step - loss: 0.3886 - val_loss: 0.3911
Epoch 77/500
51/51 - 9s - 169ms/step - loss: 0.3881 - val_loss: 0.3906
Epoch 78/500
51/51 - 9s - 168ms/step - loss: 0.3876 - val_loss: 0.3902
Epoch 79/500
51/51 - 9s - 169ms/step - loss: 0.3872 - val_loss: 0.3897
Epoch 80/500
51/51 - 9s - 168ms/step - loss: 0.3867 - val_loss: 0.3893
Epoch 81/500
51/51 - 9s - 167ms/step - loss: 0.3863 - val_loss: 0.3889
Epoch 82/500
51/51 - 9s - 168ms/step - loss: 0.3858 - val_loss: 0.3884
Epoch 83/500
51/51 - 9s - 168ms/step - loss: 0.3854 - val_loss: 0.3880
Epoch 84/500
51/51 - 9s - 167ms/step - loss: 0.3850 - val_loss: 0.3876
Epoch 85/500
51/51 - 9s - 167ms/step - loss: 0.3846 - val_loss: 0.3872
Epoch 86/500
51/51 - 9s - 168ms/step - loss: 0.3842 - val_loss: 0.3869
Epoch 87/500
51/51 - 9s - 168ms/step - loss: 0.3838 - val_loss: 0.3865
Epoch 88/500
51/51 - 9s - 167ms/step - loss: 0.3834 - val_loss: 0.3861
Epoch 89/500
51/51 - 9s - 167ms/step - loss: 0.3830 - val_loss: 0.3858
Epoch 90/500
51/51 - 9s - 169ms/step - loss: 0.3826 - val_loss: 0.3854
Epoch 91/500
51/51 - 9s - 168ms/step - loss: 0.3823 - val_loss: 0.3851
Epoch 92/500
51/51 - 9s - 168ms/step - loss: 0.3819 - val_loss: 0.3847
Epoch 93/500
51/51 - 9s - 167ms/step - loss: 0.3815 - val_loss: 0.3844
Epoch 94/500
51/51 - 9s - 168ms/step - loss: 0.3812 - val_loss: 0.3841
Epoch 95/500
51/51 - 9s - 168ms/step - loss: 0.3808 - val_loss: 0.3837
Epoch 96/500
51/51 - 9s - 168ms/step - loss: 0.3805 - val_loss: 0.3834
Epoch 97/500
51/51 - 9s - 167ms/step - loss: 0.3802 - val_loss: 0.3831
Epoch 98/500
51/51 - 9s - 167ms/step - loss: 0.3798 - val_loss: 0.3828
Epoch 99/500
51/51 - 9s - 168ms/step - loss: 0.3795 - val_loss: 0.3825
Epoch 100/500
51/51 - 9s - 168ms/step - loss: 0.3792 - val_loss: 0.3822
Epoch 101/500
51/51 - 9s - 168ms/step - loss: 0.3789 - val_loss: 0.3820
Epoch 102/500
51/51 - 9s - 168ms/step - loss: 0.3786 - val_loss: 0.3817
Epoch 103/500
51/51 - 9s - 167ms/step - loss: 0.3783 - val_loss: 0.3814
Epoch 104/500
51/51 - 9s - 168ms/step - loss: 0.3780 - val_loss: 0.3811
Epoch 105/500
51/51 - 9s - 167ms/step - loss: 0.3777 - val_loss: 0.3809
Epoch 106/500
51/51 - 9s - 167ms/step - loss: 0.3774 - val_loss: 0.3806
Epoch 107/500
51/51 - 9s - 167ms/step - loss: 0.3771 - val_loss: 0.3804
Epoch 108/500
51/51 - 9s - 167ms/step - loss: 0.3768 - val_loss: 0.3801
Epoch 109/500
51/51 - 9s - 167ms/step - loss: 0.3765 - val_loss: 0.3799
Epoch 110/500
51/51 - 9s - 167ms/step - loss: 0.3763 - val_loss: 0.3796
Epoch 111/500
51/51 - 9s - 167ms/step - loss: 0.3760 - val_loss: 0.3794
Epoch 112/500
51/51 - 9s - 167ms/step - loss: 0.3757 - val_loss: 0.3792
Epoch 113/500
51/51 - 9s - 167ms/step - loss: 0.3755 - val_loss: 0.3789
Epoch 114/500
51/51 - 9s - 170ms/step - loss: 0.3752 - val_loss: 0.3787
Epoch 115/500
51/51 - 9s - 168ms/step - loss: 0.3749 - val_loss: 0.3785
Epoch 116/500
51/51 - 9s - 168ms/step - loss: 0.3747 - val_loss: 0.3783
Epoch 117/500
51/51 - 8s - 166ms/step - loss: 0.3744 - val_loss: 0.3781
Epoch 118/500
51/51 - 9s - 167ms/step - loss: 0.3742 - val_loss: 0.3779
Epoch 119/500
51/51 - 9s - 167ms/step - loss: 0.3740 - val_loss: 0.3777
Epoch 120/500
51/51 - 9s - 167ms/step - loss: 0.3737 - val_loss: 0.3775
Epoch 121/500
51/51 - 9s - 167ms/step - loss: 0.3735 - val_loss: 0.3773
Epoch 122/500
51/51 - 9s - 168ms/step - loss: 0.3732 - val_loss: 0.3771
Epoch 123/500
51/51 - 9s - 167ms/step - loss: 0.3730 - val_loss: 0.3769
Epoch 124/500
51/51 - 9s - 167ms/step - loss: 0.3728 - val_loss: 0.3767
Epoch 125/500
51/51 - 9s - 167ms/step - loss: 0.3726 - val_loss: 0.3765
Epoch 126/500
51/51 - 9s - 167ms/step - loss: 0.3724 - val_loss: 0.3763
Epoch 127/500
51/51 - 9s - 168ms/step - loss: 0.3721 - val_loss: 0.3762
Epoch 128/500
51/51 - 9s - 168ms/step - loss: 0.3719 - val_loss: 0.3760
Epoch 129/500
51/51 - 9s - 167ms/step - loss: 0.3717 - val_loss: 0.3758
Epoch 130/500
51/51 - 9s - 167ms/step - loss: 0.3715 - val_loss: 0.3756
Epoch 131/500
51/51 - 9s - 167ms/step - loss: 0.3713 - val_loss: 0.3755
Epoch 132/500
51/51 - 9s - 167ms/step - loss: 0.3711 - val_loss: 0.3753
Epoch 133/500
51/51 - 9s - 167ms/step - loss: 0.3709 - val_loss: 0.3752
Epoch 134/500
51/51 - 9s - 167ms/step - loss: 0.3707 - val_loss: 0.3750
Epoch 135/500
51/51 - 9s - 168ms/step - loss: 0.3705 - val_loss: 0.3748
Epoch 136/500
51/51 - 9s - 168ms/step - loss: 0.3703 - val_loss: 0.3747
Epoch 137/500
51/51 - 9s - 168ms/step - loss: 0.3701 - val_loss: 0.3745
Epoch 138/500
51/51 - 9s - 167ms/step - loss: 0.3699 - val_loss: 0.3744
Epoch 139/500
51/51 - 9s - 167ms/step - loss: 0.3697 - val_loss: 0.3742
Epoch 140/500
51/51 - 9s - 168ms/step - loss: 0.3695 - val_loss: 0.3741
Epoch 141/500
51/51 - 9s - 168ms/step - loss: 0.3694 - val_loss: 0.3739
Epoch 142/500
51/51 - 9s - 168ms/step - loss: 0.3692 - val_loss: 0.3738
Epoch 143/500
51/51 - 9s - 167ms/step - loss: 0.3690 - val_loss: 0.3737
Epoch 144/500
51/51 - 9s - 167ms/step - loss: 0.3688 - val_loss: 0.3735
Epoch 145/500
51/51 - 9s - 168ms/step - loss: 0.3687 - val_loss: 0.3734
Epoch 146/500
51/51 - 9s - 168ms/step - loss: 0.3685 - val_loss: 0.3733
Epoch 147/500
51/51 - 9s - 168ms/step - loss: 0.3683 - val_loss: 0.3731
Epoch 148/500
51/51 - 9s - 167ms/step - loss: 0.3681 - val_loss: 0.3730
Epoch 149/500
51/51 - 9s - 168ms/step - loss: 0.3680 - val_loss: 0.3729
Epoch 150/500
51/51 - 9s - 168ms/step - loss: 0.3678 - val_loss: 0.3728
Epoch 151/500
51/51 - 9s - 168ms/step - loss: 0.3677 - val_loss: 0.3726
Epoch 152/500
51/51 - 9s - 167ms/step - loss: 0.3675 - val_loss: 0.3725
Epoch 153/500
51/51 - 9s - 167ms/step - loss: 0.3673 - val_loss: 0.3724
Epoch 154/500
51/51 - 9s - 167ms/step - loss: 0.3672 - val_loss: 0.3723
Epoch 155/500
51/51 - 9s - 167ms/step - loss: 0.3670 - val_loss: 0.3722
Epoch 156/500
51/51 - 9s - 168ms/step - loss: 0.3669 - val_loss: 0.3721
Epoch 157/500
51/51 - 9s - 167ms/step - loss: 0.3667 - val_loss: 0.3719
Epoch 158/500
51/51 - 9s - 167ms/step - loss: 0.3666 - val_loss: 0.3718
Epoch 159/500
51/51 - 9s - 168ms/step - loss: 0.3664 - val_loss: 0.3717
Epoch 160/500
51/51 - 9s - 169ms/step - loss: 0.3663 - val_loss: 0.3716
Epoch 161/500
51/51 - 9s - 168ms/step - loss: 0.3661 - val_loss: 0.3715
Epoch 162/500
51/51 - 9s - 168ms/step - loss: 0.3660 - val_loss: 0.3714
Epoch 163/500
51/51 - 9s - 167ms/step - loss: 0.3659 - val_loss: 0.3713
Epoch 164/500
51/51 - 9s - 169ms/step - loss: 0.3657 - val_loss: 0.3712
Epoch 165/500
51/51 - 9s - 169ms/step - loss: 0.3656 - val_loss: 0.3711
Epoch 166/500
51/51 - 9s - 167ms/step - loss: 0.3654 - val_loss: 0.3710
Epoch 167/500
51/51 - 9s - 167ms/step - loss: 0.3653 - val_loss: 0.3709
Epoch 168/500
51/51 - 9s - 168ms/step - loss: 0.3652 - val_loss: 0.3708
Epoch 169/500
51/51 - 9s - 168ms/step - loss: 0.3650 - val_loss: 0.3707
Epoch 170/500
51/51 - 9s - 168ms/step - loss: 0.3649 - val_loss: 0.3706
Epoch 171/500
51/51 - 9s - 168ms/step - loss: 0.3648 - val_loss: 0.3706
Epoch 172/500
51/51 - 9s - 167ms/step - loss: 0.3647 - val_loss: 0.3705
Epoch 173/500
51/51 - 9s - 167ms/step - loss: 0.3645 - val_loss: 0.3704
Epoch 174/500
51/51 - 9s - 167ms/step - loss: 0.3644 - val_loss: 0.3703
Epoch 175/500
51/51 - 9s - 167ms/step - loss: 0.3643 - val_loss: 0.3702
Epoch 176/500
51/51 - 9s - 168ms/step - loss: 0.3642 - val_loss: 0.3701
Epoch 177/500
51/51 - 9s - 167ms/step - loss: 0.3640 - val_loss: 0.3700
Epoch 178/500
51/51 - 9s - 167ms/step - loss: 0.3639 - val_loss: 0.3700
Epoch 179/500
51/51 - 9s - 167ms/step - loss: 0.3638 - val_loss: 0.3699
Epoch 180/500
51/51 - 9s - 167ms/step - loss: 0.3637 - val_loss: 0.3698
Epoch 181/500
51/51 - 9s - 167ms/step - loss: 0.3636 - val_loss: 0.3697
Epoch 182/500
51/51 - 9s - 168ms/step - loss: 0.3635 - val_loss: 0.3696
Epoch 183/500
51/51 - 9s - 167ms/step - loss: 0.3633 - val_loss: 0.3695
Epoch 184/500
51/51 - 9s - 167ms/step - loss: 0.3632 - val_loss: 0.3695
Epoch 185/500
51/51 - 9s - 167ms/step - loss: 0.3631 - val_loss: 0.3694
Epoch 186/500
51/51 - 9s - 167ms/step - loss: 0.3630 - val_loss: 0.3693
Epoch 187/500
51/51 - 9s - 168ms/step - loss: 0.3629 - val_loss: 0.3692
Epoch 188/500
51/51 - 9s - 169ms/step - loss: 0.3628 - val_loss: 0.3692
Epoch 189/500
51/51 - 9s - 170ms/step - loss: 0.3627 - val_loss: 0.3691
Epoch 190/500
51/51 - 9s - 167ms/step - loss: 0.3626 - val_loss: 0.3690
Epoch 191/500
51/51 - 9s - 167ms/step - loss: 0.3625 - val_loss: 0.3689
Epoch 192/500
51/51 - 9s - 167ms/step - loss: 0.3624 - val_loss: 0.3689
Epoch 193/500
51/51 - 9s - 167ms/step - loss: 0.3623 - val_loss: 0.3688
Epoch 194/500
51/51 - 9s - 168ms/step - loss: 0.3621 - val_loss: 0.3688
Epoch 195/500
51/51 - 9s - 167ms/step - loss: 0.3620 - val_loss: 0.3687
Epoch 196/500
51/51 - 9s - 168ms/step - loss: 0.3619 - val_loss: 0.3687
Epoch 197/500
51/51 - 9s - 168ms/step - loss: 0.3618 - val_loss: 0.3686
Epoch 198/500
51/51 - 9s - 168ms/step - loss: 0.3617 - val_loss: 0.3685
Epoch 199/500
51/51 - 9s - 167ms/step - loss: 0.3616 - val_loss: 0.3684
Epoch 200/500
51/51 - 9s - 167ms/step - loss: 0.3615 - val_loss: 0.3684
Epoch 201/500
51/51 - 9s - 168ms/step - loss: 0.3615 - val_loss: 0.3683
Epoch 202/500
51/51 - 9s - 169ms/step - loss: 0.3614 - val_loss: 0.3682
Epoch 203/500
51/51 - 9s - 167ms/step - loss: 0.3613 - val_loss: 0.3682
Epoch 204/500
51/51 - 9s - 167ms/step - loss: 0.3612 - val_loss: 0.3681
Epoch 205/500
51/51 - 9s - 168ms/step - loss: 0.3611 - val_loss: 0.3680
Epoch 206/500
51/51 - 9s - 169ms/step - loss: 0.3610 - val_loss: 0.3680
Epoch 207/500
51/51 - 9s - 168ms/step - loss: 0.3609 - val_loss: 0.3679
Epoch 208/500
51/51 - 8s - 167ms/step - loss: 0.3608 - val_loss: 0.3678
Epoch 209/500
51/51 - 9s - 167ms/step - loss: 0.3607 - val_loss: 0.3678
Epoch 210/500
51/51 - 9s - 167ms/step - loss: 0.3606 - val_loss: 0.3677
Epoch 211/500
51/51 - 9s - 167ms/step - loss: 0.3605 - val_loss: 0.3676
Epoch 212/500
51/51 - 9s - 167ms/step - loss: 0.3605 - val_loss: 0.3676
Epoch 213/500
51/51 - 9s - 167ms/step - loss: 0.3604 - val_loss: 0.3675
Epoch 214/500
51/51 - 9s - 167ms/step - loss: 0.3603 - val_loss: 0.3674
Epoch 215/500
51/51 - 9s - 167ms/step - loss: 0.3602 - val_loss: 0.3674
Epoch 216/500
51/51 - 9s - 167ms/step - loss: 0.3601 - val_loss: 0.3673
Epoch 217/500
51/51 - 9s - 167ms/step - loss: 0.3600 - val_loss: 0.3673
Epoch 218/500
51/51 - 9s - 167ms/step - loss: 0.3600 - val_loss: 0.3672
Epoch 219/500
51/51 - 9s - 167ms/step - loss: 0.3599 - val_loss: 0.3671
Epoch 220/500
51/51 - 9s - 168ms/step - loss: 0.3598 - val_loss: 0.3671
Epoch 221/500
51/51 - 9s - 168ms/step - loss: 0.3597 - val_loss: 0.3670
Epoch 222/500
51/51 - 9s - 168ms/step - loss: 0.3596 - val_loss: 0.3670
Epoch 223/500
51/51 - 9s - 167ms/step - loss: 0.3596 - val_loss: 0.3669
Epoch 224/500
51/51 - 9s - 167ms/step - loss: 0.3595 - val_loss: 0.3668
Epoch 225/500
51/51 - 9s - 168ms/step - loss: 0.3594 - val_loss: 0.3668
Epoch 226/500
51/51 - 9s - 168ms/step - loss: 0.3593 - val_loss: 0.3667
Epoch 227/500
51/51 - 9s - 168ms/step - loss: 0.3593 - val_loss: 0.3667
Epoch 228/500
51/51 - 9s - 167ms/step - loss: 0.3592 - val_loss: 0.3666
Epoch 229/500
51/51 - 9s - 167ms/step - loss: 0.3591 - val_loss: 0.3665
Epoch 230/500
51/51 - 9s - 167ms/step - loss: 0.3590 - val_loss: 0.3665
Epoch 231/500
51/51 - 9s - 168ms/step - loss: 0.3590 - val_loss: 0.3664
Epoch 232/500
51/51 - 9s - 168ms/step - loss: 0.3589 - val_loss: 0.3664
Epoch 233/500
51/51 - 9s - 168ms/step - loss: 0.3588 - val_loss: 0.3663
Epoch 234/500
51/51 - 9s - 167ms/step - loss: 0.3587 - val_loss: 0.3663
Epoch 235/500
51/51 - 9s - 168ms/step - loss: 0.3587 - val_loss: 0.3662
Epoch 236/500
51/51 - 9s - 168ms/step - loss: 0.3586 - val_loss: 0.3661
Epoch 237/500
51/51 - 9s - 167ms/step - loss: 0.3585 - val_loss: 0.3661
Epoch 238/500
51/51 - 9s - 167ms/step - loss: 0.3585 - val_loss: 0.3660
Epoch 239/500
51/51 - 9s - 168ms/step - loss: 0.3584 - val_loss: 0.3660
Epoch 240/500
51/51 - 9s - 168ms/step - loss: 0.3583 - val_loss: 0.3659
Epoch 241/500
51/51 - 9s - 167ms/step - loss: 0.3582 - val_loss: 0.3659
Epoch 242/500
51/51 - 9s - 167ms/step - loss: 0.3582 - val_loss: 0.3658
Epoch 243/500
51/51 - 9s - 167ms/step - loss: 0.3581 - val_loss: 0.3658
Epoch 244/500
51/51 - 9s - 168ms/step - loss: 0.3580 - val_loss: 0.3657
Epoch 245/500
51/51 - 9s - 168ms/step - loss: 0.3580 - val_loss: 0.3657
Epoch 246/500
51/51 - 9s - 169ms/step - loss: 0.3579 - val_loss: 0.3656
Epoch 247/500
51/51 - 9s - 167ms/step - loss: 0.3578 - val_loss: 0.3656
Epoch 248/500
51/51 - 9s - 167ms/step - loss: 0.3578 - val_loss: 0.3655
Epoch 249/500
51/51 - 9s - 167ms/step - loss: 0.3577 - val_loss: 0.3655
Epoch 250/500
51/51 - 9s - 169ms/step - loss: 0.3576 - val_loss: 0.3654
Epoch 251/500
51/51 - 9s - 167ms/step - loss: 0.3576 - val_loss: 0.3654
Epoch 252/500
51/51 - 9s - 168ms/step - loss: 0.3575 - val_loss: 0.3653
Epoch 253/500
51/51 - 9s - 168ms/step - loss: 0.3575 - val_loss: 0.3653
Epoch 254/500
51/51 - 9s - 168ms/step - loss: 0.3574 - val_loss: 0.3652
Epoch 255/500
51/51 - 9s - 167ms/step - loss: 0.3573 - val_loss: 0.3652
Epoch 256/500
51/51 - 9s - 168ms/step - loss: 0.3573 - val_loss: 0.3651
Epoch 257/500
51/51 - 9s - 167ms/step - loss: 0.3572 - val_loss: 0.3651
Epoch 258/500
51/51 - 9s - 168ms/step - loss: 0.3571 - val_loss: 0.3650
Epoch 259/500
51/51 - 9s - 168ms/step - loss: 0.3571 - val_loss: 0.3650
Epoch 260/500
51/51 - 9s - 167ms/step - loss: 0.3570 - val_loss: 0.3649
Epoch 261/500
51/51 - 9s - 167ms/step - loss: 0.3570 - val_loss: 0.3649
Epoch 262/500
51/51 - 9s - 167ms/step - loss: 0.3569 - val_loss: 0.3648
Epoch 263/500
51/51 - 9s - 168ms/step - loss: 0.3569 - val_loss: 0.3648
Epoch 264/500
51/51 - 9s - 168ms/step - loss: 0.3568 - val_loss: 0.3647
Epoch 265/500
51/51 - 9s - 168ms/step - loss: 0.3567 - val_loss: 0.3647
Epoch 266/500
51/51 - 9s - 167ms/step - loss: 0.3567 - val_loss: 0.3646
Epoch 267/500
51/51 - 9s - 167ms/step - loss: 0.3566 - val_loss: 0.3646
Epoch 268/500
51/51 - 9s - 167ms/step - loss: 0.3566 - val_loss: 0.3645
Epoch 269/500
51/51 - 9s - 167ms/step - loss: 0.3565 - val_loss: 0.3645
Epoch 270/500
51/51 - 9s - 167ms/step - loss: 0.3565 - val_loss: 0.3644
Epoch 271/500
51/51 - 9s - 168ms/step - loss: 0.3564 - val_loss: 0.3644
Epoch 272/500
51/51 - 9s - 167ms/step - loss: 0.3563 - val_loss: 0.3644
Epoch 273/500
51/51 - 9s - 167ms/step - loss: 0.3563 - val_loss: 0.3643
Epoch 274/500
51/51 - 9s - 167ms/step - loss: 0.3562 - val_loss: 0.3643
Epoch 275/500
51/51 - 9s - 168ms/step - loss: 0.3562 - val_loss: 0.3642
Epoch 276/500
51/51 - 9s - 168ms/step - loss: 0.3561 - val_loss: 0.3642
Epoch 277/500
51/51 - 9s - 168ms/step - loss: 0.3561 - val_loss: 0.3641
Epoch 278/500
51/51 - 9s - 167ms/step - loss: 0.3560 - val_loss: 0.3641
Epoch 279/500
51/51 - 9s - 168ms/step - loss: 0.3560 - val_loss: 0.3640
Epoch 280/500
51/51 - 9s - 168ms/step - loss: 0.3559 - val_loss: 0.3640
Epoch 281/500
51/51 - 9s - 168ms/step - loss: 0.3559 - val_loss: 0.3640
Epoch 282/500
51/51 - 9s - 167ms/step - loss: 0.3558 - val_loss: 0.3639
Epoch 283/500
51/51 - 9s - 167ms/step - loss: 0.3558 - val_loss: 0.3639
Epoch 284/500
51/51 - 9s - 167ms/step - loss: 0.3557 - val_loss: 0.3638
Epoch 285/500
51/51 - 9s - 167ms/step - loss: 0.3557 - val_loss: 0.3638
Epoch 286/500
51/51 - 9s - 168ms/step - loss: 0.3556 - val_loss: 0.3637
Epoch 287/500
51/51 - 9s - 167ms/step - loss: 0.3556 - val_loss: 0.3637
Epoch 288/500
51/51 - 9s - 167ms/step - loss: 0.3555 - val_loss: 0.3637
Epoch 289/500
51/51 - 9s - 168ms/step - loss: 0.3555 - val_loss: 0.3636
Epoch 290/500
51/51 - 9s - 167ms/step - loss: 0.3554 - val_loss: 0.3636
Epoch 291/500
51/51 - 8s - 167ms/step - loss: 0.3554 - val_loss: 0.3635
Epoch 292/500
51/51 - 9s - 167ms/step - loss: 0.3553 - val_loss: 0.3635
Epoch 293/500
51/51 - 9s - 167ms/step - loss: 0.3553 - val_loss: 0.3635
Epoch 294/500
51/51 - 9s - 167ms/step - loss: 0.3552 - val_loss: 0.3634
Epoch 295/500
51/51 - 9s - 168ms/step - loss: 0.3552 - val_loss: 0.3634
Epoch 296/500
51/51 - 9s - 167ms/step - loss: 0.3551 - val_loss: 0.3633
Epoch 297/500
51/51 - 9s - 168ms/step - loss: 0.3551 - val_loss: 0.3633
Epoch 298/500
51/51 - 9s - 168ms/step - loss: 0.3550 - val_loss: 0.3633
Epoch 299/500
51/51 - 9s - 168ms/step - loss: 0.3550 - val_loss: 0.3632
Epoch 300/500
51/51 - 9s - 168ms/step - loss: 0.3550 - val_loss: 0.3632
Epoch 301/500
51/51 - 8s - 166ms/step - loss: 0.3549 - val_loss: 0.3631
Epoch 302/500
51/51 - 8s - 166ms/step - loss: 0.3549 - val_loss: 0.3631
Epoch 303/500
51/51 - 8s - 164ms/step - loss: 0.3548 - val_loss: 0.3631
Epoch 304/500
51/51 - 8s - 165ms/step - loss: 0.3548 - val_loss: 0.3630
Epoch 305/500
51/51 - 8s - 166ms/step - loss: 0.3547 - val_loss: 0.3630
Epoch 306/500
51/51 - 8s - 164ms/step - loss: 0.3547 - val_loss: 0.3630
Epoch 307/500
51/51 - 8s - 165ms/step - loss: 0.3546 - val_loss: 0.3629
Epoch 308/500
51/51 - 8s - 164ms/step - loss: 0.3546 - val_loss: 0.3629
Epoch 309/500
51/51 - 8s - 165ms/step - loss: 0.3546 - val_loss: 0.3628
Epoch 310/500
51/51 - 8s - 165ms/step - loss: 0.3545 - val_loss: 0.3628
Epoch 311/500
51/51 - 8s - 164ms/step - loss: 0.3545 - val_loss: 0.3628
Epoch 312/500
51/51 - 8s - 165ms/step - loss: 0.3544 - val_loss: 0.3627
Epoch 313/500
51/51 - 9s - 167ms/step - loss: 0.3544 - val_loss: 0.3627
Epoch 314/500
51/51 - 9s - 167ms/step - loss: 0.3544 - val_loss: 0.3627
Epoch 315/500
51/51 - 8s - 165ms/step - loss: 0.3543 - val_loss: 0.3626
Epoch 316/500
51/51 - 8s - 166ms/step - loss: 0.3543 - val_loss: 0.3626
Epoch 317/500
51/51 - 8s - 166ms/step - loss: 0.3542 - val_loss: 0.3626
Epoch 318/500
51/51 - 8s - 166ms/step - loss: 0.3542 - val_loss: 0.3625
Epoch 319/500
51/51 - 8s - 166ms/step - loss: 0.3541 - val_loss: 0.3625
Epoch 320/500
51/51 - 8s - 165ms/step - loss: 0.3541 - val_loss: 0.3625
Epoch 321/500
51/51 - 8s - 166ms/step - loss: 0.3541 - val_loss: 0.3624
Epoch 322/500
51/51 - 8s - 166ms/step - loss: 0.3540 - val_loss: 0.3624
Epoch 323/500
51/51 - 8s - 165ms/step - loss: 0.3540 - val_loss: 0.3624
Epoch 324/500
51/51 - 8s - 166ms/step - loss: 0.3539 - val_loss: 0.3623
Epoch 325/500
51/51 - 8s - 166ms/step - loss: 0.3539 - val_loss: 0.3623
Epoch 326/500
51/51 - 10s - 187ms/step - loss: 0.3539 - val_loss: 0.3623
Epoch 327/500
51/51 - 8s - 165ms/step - loss: 0.3538 - val_loss: 0.3622
Epoch 328/500
51/51 - 8s - 166ms/step - loss: 0.3538 - val_loss: 0.3622
Epoch 329/500
51/51 - 8s - 166ms/step - loss: 0.3538 - val_loss: 0.3622
Epoch 330/500
51/51 - 8s - 164ms/step - loss: 0.3537 - val_loss: 0.3621
Epoch 331/500
51/51 - 8s - 164ms/step - loss: 0.3537 - val_loss: 0.3621
Epoch 332/500
51/51 - 8s - 164ms/step - loss: 0.3536 - val_loss: 0.3621
Epoch 333/500
51/51 - 8s - 165ms/step - loss: 0.3536 - val_loss: 0.3620
Epoch 334/500
51/51 - 8s - 165ms/step - loss: 0.3536 - val_loss: 0.3620
Epoch 335/500
51/51 - 8s - 164ms/step - loss: 0.3535 - val_loss: 0.3620
Epoch 336/500
51/51 - 8s - 164ms/step - loss: 0.3535 - val_loss: 0.3619
Epoch 337/500
51/51 - 8s - 164ms/step - loss: 0.3535 - val_loss: 0.3619
Epoch 338/500
51/51 - 8s - 165ms/step - loss: 0.3534 - val_loss: 0.3619
Epoch 339/500
51/51 - 9s - 167ms/step - loss: 0.3534 - val_loss: 0.3619
Epoch 340/500
51/51 - 8s - 164ms/step - loss: 0.3534 - val_loss: 0.3618
Epoch 341/500
51/51 - 8s - 163ms/step - loss: 0.3533 - val_loss: 0.3618
Epoch 342/500
51/51 - 8s - 164ms/step - loss: 0.3533 - val_loss: 0.3618
Epoch 343/500
51/51 - 8s - 164ms/step - loss: 0.3532 - val_loss: 0.3617
Epoch 344/500
51/51 - 8s - 164ms/step - loss: 0.3532 - val_loss: 0.3617
Epoch 345/500
51/51 - 8s - 165ms/step - loss: 0.3532 - val_loss: 0.3617
Epoch 346/500
51/51 - 8s - 165ms/step - loss: 0.3531 - val_loss: 0.3616
Epoch 347/500
51/51 - 9s - 168ms/step - loss: 0.3531 - val_loss: 0.3616
Epoch 348/500
51/51 - 9s - 167ms/step - loss: 0.3531 - val_loss: 0.3616
Epoch 349/500
51/51 - 9s - 167ms/step - loss: 0.3530 - val_loss: 0.3616
Epoch 350/500
51/51 - 9s - 167ms/step - loss: 0.3530 - val_loss: 0.3615
Epoch 351/500
51/51 - 9s - 167ms/step - loss: 0.3530 - val_loss: 0.3615
Epoch 352/500
51/51 - 9s - 167ms/step - loss: 0.3529 - val_loss: 0.3615
Epoch 353/500
51/51 - 9s - 167ms/step - loss: 0.3529 - val_loss: 0.3614
Epoch 354/500
51/51 - 9s - 168ms/step - loss: 0.3529 - val_loss: 0.3614
Epoch 355/500
51/51 - 9s - 168ms/step - loss: 0.3528 - val_loss: 0.3614
Epoch 356/500
51/51 - 9s - 167ms/step - loss: 0.3528 - val_loss: 0.3614
Epoch 357/500
51/51 - 9s - 167ms/step - loss: 0.3528 - val_loss: 0.3613
Epoch 358/500
51/51 - 9s - 168ms/step - loss: 0.3527 - val_loss: 0.3613
Epoch 359/500
51/51 - 8s - 165ms/step - loss: 0.3527 - val_loss: 0.3613
Epoch 360/500
51/51 - 8s - 164ms/step - loss: 0.3527 - val_loss: 0.3612
Epoch 361/500
51/51 - 8s - 166ms/step - loss: 0.3526 - val_loss: 0.3612
Epoch 362/500
51/51 - 9s - 167ms/step - loss: 0.3526 - val_loss: 0.3612
Epoch 363/500
51/51 - 9s - 168ms/step - loss: 0.3526 - val_loss: 0.3612
Epoch 364/500
51/51 - 9s - 168ms/step - loss: 0.3525 - val_loss: 0.3611
Epoch 365/500
51/51 - 9s - 168ms/step - loss: 0.3525 - val_loss: 0.3611
Epoch 366/500
51/51 - 9s - 167ms/step - loss: 0.3525 - val_loss: 0.3611
Epoch 367/500
51/51 - 9s - 167ms/step - loss: 0.3525 - val_loss: 0.3611
Epoch 368/500
51/51 - 9s - 168ms/step - loss: 0.3524 - val_loss: 0.3610
Epoch 369/500
51/51 - 9s - 167ms/step - loss: 0.3524 - val_loss: 0.3610
Epoch 370/500
51/51 - 9s - 167ms/step - loss: 0.3524 - val_loss: 0.3610
Epoch 371/500
51/51 - 9s - 167ms/step - loss: 0.3523 - val_loss: 0.3610
Epoch 372/500
51/51 - 9s - 167ms/step - loss: 0.3523 - val_loss: 0.3609
Epoch 373/500
51/51 - 9s - 167ms/step - loss: 0.3523 - val_loss: 0.3609
Epoch 374/500
51/51 - 9s - 167ms/step - loss: 0.3522 - val_loss: 0.3609
Epoch 375/500
51/51 - 9s - 168ms/step - loss: 0.3522 - val_loss: 0.3608
Epoch 376/500
51/51 - 9s - 169ms/step - loss: 0.3522 - val_loss: 0.3608
Epoch 377/500
51/51 - 9s - 167ms/step - loss: 0.3522 - val_loss: 0.3608
Epoch 378/500
51/51 - 9s - 167ms/step - loss: 0.3521 - val_loss: 0.3608
Epoch 379/500
51/51 - 9s - 168ms/step - loss: 0.3521 - val_loss: 0.3607
Epoch 380/500
51/51 - 9s - 168ms/step - loss: 0.3521 - val_loss: 0.3607
Epoch 381/500
51/51 - 9s - 168ms/step - loss: 0.3520 - val_loss: 0.3607
Epoch 382/500
51/51 - 9s - 168ms/step - loss: 0.3520 - val_loss: 0.3607
Epoch 383/500
51/51 - 9s - 168ms/step - loss: 0.3520 - val_loss: 0.3606
Epoch 384/500
51/51 - 9s - 167ms/step - loss: 0.3519 - val_loss: 0.3606
Epoch 385/500
51/51 - 9s - 168ms/step - loss: 0.3519 - val_loss: 0.3606
Epoch 386/500
51/51 - 8s - 165ms/step - loss: 0.3519 - val_loss: 0.3606
Epoch 387/500
51/51 - 9s - 167ms/step - loss: 0.3519 - val_loss: 0.3606
Epoch 388/500
51/51 - 9s - 167ms/step - loss: 0.3518 - val_loss: 0.3605
Epoch 389/500
51/51 - 9s - 168ms/step - loss: 0.3518 - val_loss: 0.3605
Epoch 390/500
51/51 - 9s - 168ms/step - loss: 0.3518 - val_loss: 0.3605
Epoch 391/500
51/51 - 8s - 167ms/step - loss: 0.3517 - val_loss: 0.3605
Epoch 392/500
51/51 - 9s - 167ms/step - loss: 0.3517 - val_loss: 0.3604
Epoch 393/500
51/51 - 9s - 167ms/step - loss: 0.3517 - val_loss: 0.3604
Epoch 394/500
51/51 - 9s - 167ms/step - loss: 0.3517 - val_loss: 0.3604
Epoch 395/500
51/51 - 9s - 167ms/step - loss: 0.3516 - val_loss: 0.3604
Epoch 396/500
51/51 - 9s - 167ms/step - loss: 0.3516 - val_loss: 0.3603
Epoch 397/500
51/51 - 9s - 167ms/step - loss: 0.3516 - val_loss: 0.3603
Epoch 398/500
51/51 - 9s - 167ms/step - loss: 0.3516 - val_loss: 0.3603
Epoch 399/500
51/51 - 9s - 168ms/step - loss: 0.3515 - val_loss: 0.3603
Epoch 400/500
51/51 - 9s - 167ms/step - loss: 0.3515 - val_loss: 0.3602
Epoch 401/500
51/51 - 9s - 168ms/step - loss: 0.3515 - val_loss: 0.3602
Epoch 402/500
51/51 - 9s - 167ms/step - loss: 0.3514 - val_loss: 0.3602
Epoch 403/500
51/51 - 9s - 168ms/step - loss: 0.3514 - val_loss: 0.3602
Epoch 404/500
51/51 - 9s - 168ms/step - loss: 0.3514 - val_loss: 0.3602
Epoch 405/500
51/51 - 9s - 168ms/step - loss: 0.3514 - val_loss: 0.3601
Epoch 406/500
51/51 - 9s - 168ms/step - loss: 0.3513 - val_loss: 0.3601
Epoch 407/500
51/51 - 9s - 167ms/step - loss: 0.3513 - val_loss: 0.3601
Epoch 408/500
51/51 - 9s - 168ms/step - loss: 0.3513 - val_loss: 0.3601
Epoch 409/500
51/51 - 9s - 168ms/step - loss: 0.3513 - val_loss: 0.3600
Epoch 410/500
51/51 - 9s - 169ms/step - loss: 0.3512 - val_loss: 0.3600
Epoch 411/500
51/51 - 9s - 167ms/step - loss: 0.3512 - val_loss: 0.3600
Epoch 412/500
51/51 - 8s - 165ms/step - loss: 0.3512 - val_loss: 0.3600
Epoch 413/500
51/51 - 9s - 169ms/step - loss: 0.3512 - val_loss: 0.3600
Epoch 414/500
51/51 - 9s - 168ms/step - loss: 0.3511 - val_loss: 0.3599
Epoch 415/500
51/51 - 9s - 167ms/step - loss: 0.3511 - val_loss: 0.3599
Epoch 416/500
51/51 - 9s - 167ms/step - loss: 0.3511 - val_loss: 0.3599
Epoch 417/500
51/51 - 9s - 168ms/step - loss: 0.3511 - val_loss: 0.3599
Epoch 418/500
51/51 - 9s - 167ms/step - loss: 0.3510 - val_loss: 0.3599
Epoch 419/500
51/51 - 9s - 168ms/step - loss: 0.3510 - val_loss: 0.3598
Epoch 420/500
51/51 - 9s - 167ms/step - loss: 0.3510 - val_loss: 0.3598
Epoch 421/500
51/51 - 9s - 167ms/step - loss: 0.3510 - val_loss: 0.3598
Epoch 422/500
51/51 - 9s - 168ms/step - loss: 0.3509 - val_loss: 0.3598
Epoch 423/500
51/51 - 9s - 168ms/step - loss: 0.3509 - val_loss: 0.3597
Epoch 424/500
51/51 - 9s - 167ms/step - loss: 0.3509 - val_loss: 0.3597
Epoch 425/500
51/51 - 8s - 166ms/step - loss: 0.3509 - val_loss: 0.3597
Epoch 426/500
51/51 - 9s - 168ms/step - loss: 0.3508 - val_loss: 0.3597
Epoch 427/500
51/51 - 9s - 167ms/step - loss: 0.3508 - val_loss: 0.3597
Epoch 428/500
51/51 - 9s - 168ms/step - loss: 0.3508 - val_loss: 0.3596
Epoch 429/500
51/51 - 9s - 167ms/step - loss: 0.3508 - val_loss: 0.3596
Epoch 430/500
51/51 - 9s - 167ms/step - loss: 0.3507 - val_loss: 0.3596
Epoch 431/500
51/51 - 9s - 168ms/step - loss: 0.3507 - val_loss: 0.3596
Epoch 432/500
51/51 - 9s - 168ms/step - loss: 0.3507 - val_loss: 0.3596
Epoch 433/500
51/51 - 9s - 168ms/step - loss: 0.3507 - val_loss: 0.3595
Epoch 434/500
51/51 - 9s - 167ms/step - loss: 0.3507 - val_loss: 0.3595
Epoch 435/500
51/51 - 9s - 168ms/step - loss: 0.3506 - val_loss: 0.3595
Epoch 436/500
51/51 - 9s - 168ms/step - loss: 0.3506 - val_loss: 0.3595
Epoch 437/500
51/51 - 9s - 168ms/step - loss: 0.3506 - val_loss: 0.3595
Epoch 438/500
51/51 - 9s - 168ms/step - loss: 0.3506 - val_loss: 0.3594
Epoch 439/500
51/51 - 9s - 168ms/step - loss: 0.3505 - val_loss: 0.3594
Epoch 440/500
51/51 - 9s - 168ms/step - loss: 0.3505 - val_loss: 0.3594
Epoch 441/500
51/51 - 9s - 168ms/step - loss: 0.3505 - val_loss: 0.3594
Epoch 442/500
51/51 - 9s - 168ms/step - loss: 0.3505 - val_loss: 0.3594
Epoch 443/500
51/51 - 9s - 167ms/step - loss: 0.3504 - val_loss: 0.3593
Epoch 444/500
51/51 - 8s - 166ms/step - loss: 0.3504 - val_loss: 0.3593
Epoch 445/500
51/51 - 9s - 167ms/step - loss: 0.3504 - val_loss: 0.3593
Epoch 446/500
51/51 - 8s - 167ms/step - loss: 0.3504 - val_loss: 0.3593
Epoch 447/500
51/51 - 8s - 167ms/step - loss: 0.3504 - val_loss: 0.3593
Epoch 448/500
51/51 - 9s - 168ms/step - loss: 0.3503 - val_loss: 0.3593
Epoch 449/500
51/51 - 9s - 167ms/step - loss: 0.3503 - val_loss: 0.3592
Epoch 450/500
51/51 - 9s - 168ms/step - loss: 0.3503 - val_loss: 0.3592
Epoch 451/500
51/51 - 9s - 168ms/step - loss: 0.3503 - val_loss: 0.3592
Epoch 452/500
51/51 - 9s - 169ms/step - loss: 0.3502 - val_loss: 0.3592
Epoch 453/500
51/51 - 9s - 168ms/step - loss: 0.3502 - val_loss: 0.3592
Epoch 454/500
51/51 - 9s - 168ms/step - loss: 0.3502 - val_loss: 0.3591
Epoch 455/500
51/51 - 9s - 167ms/step - loss: 0.3502 - val_loss: 0.3591
Epoch 456/500
51/51 - 9s - 168ms/step - loss: 0.3502 - val_loss: 0.3591
Epoch 457/500
51/51 - 9s - 167ms/step - loss: 0.3501 - val_loss: 0.3591
Epoch 458/500
51/51 - 9s - 168ms/step - loss: 0.3501 - val_loss: 0.3591
Epoch 459/500
51/51 - 9s - 168ms/step - loss: 0.3501 - val_loss: 0.3591
Epoch 460/500
51/51 - 9s - 167ms/step - loss: 0.3501 - val_loss: 0.3590
Epoch 461/500
51/51 - 9s - 167ms/step - loss: 0.3501 - val_loss: 0.3590
Epoch 462/500
51/51 - 8s - 166ms/step - loss: 0.3500 - val_loss: 0.3590
Epoch 463/500
51/51 - 9s - 168ms/step - loss: 0.3500 - val_loss: 0.3590
Epoch 464/500
51/51 - 9s - 167ms/step - loss: 0.3500 - val_loss: 0.3590
Epoch 465/500
51/51 - 9s - 168ms/step - loss: 0.3500 - val_loss: 0.3590
Epoch 466/500
51/51 - 9s - 167ms/step - loss: 0.3499 - val_loss: 0.3589
Epoch 467/500
51/51 - 9s - 168ms/step - loss: 0.3499 - val_loss: 0.3589
Epoch 468/500
51/51 - 9s - 169ms/step - loss: 0.3499 - val_loss: 0.3589
Epoch 469/500
51/51 - 9s - 168ms/step - loss: 0.3499 - val_loss: 0.3589
Epoch 470/500
51/51 - 9s - 167ms/step - loss: 0.3499 - val_loss: 0.3589
Epoch 471/500
51/51 - 9s - 167ms/step - loss: 0.3498 - val_loss: 0.3589
Epoch 472/500
51/51 - 9s - 168ms/step - loss: 0.3498 - val_loss: 0.3588
Epoch 473/500
51/51 - 9s - 167ms/step - loss: 0.3498 - val_loss: 0.3588
Epoch 474/500
51/51 - 9s - 167ms/step - loss: 0.3498 - val_loss: 0.3588
Epoch 475/500
51/51 - 9s - 167ms/step - loss: 0.3498 - val_loss: 0.3588
Epoch 476/500
51/51 - 9s - 168ms/step - loss: 0.3497 - val_loss: 0.3588
Epoch 477/500
51/51 - 9s - 168ms/step - loss: 0.3497 - val_loss: 0.3588
Epoch 478/500
51/51 - 9s - 167ms/step - loss: 0.3497 - val_loss: 0.3587
Epoch 479/500
51/51 - 9s - 168ms/step - loss: 0.3497 - val_loss: 0.3587
Epoch 480/500
51/51 - 9s - 168ms/step - loss: 0.3497 - val_loss: 0.3587
Epoch 481/500
51/51 - 9s - 168ms/step - loss: 0.3496 - val_loss: 0.3587
Epoch 482/500
51/51 - 9s - 167ms/step - loss: 0.3496 - val_loss: 0.3587
Epoch 483/500
51/51 - 9s - 167ms/step - loss: 0.3496 - val_loss: 0.3587
Epoch 484/500
51/51 - 9s - 167ms/step - loss: 0.3496 - val_loss: 0.3586
Epoch 485/500
51/51 - 9s - 167ms/step - loss: 0.3496 - val_loss: 0.3586
Epoch 486/500
51/51 - 8s - 167ms/step - loss: 0.3495 - val_loss: 0.3586
Epoch 487/500
51/51 - 9s - 167ms/step - loss: 0.3495 - val_loss: 0.3586
Epoch 488/500
51/51 - 9s - 168ms/step - loss: 0.3495 - val_loss: 0.3586
Epoch 489/500
51/51 - 9s - 169ms/step - loss: 0.3495 - val_loss: 0.3586
Epoch 490/500
51/51 - 9s - 168ms/step - loss: 0.3495 - val_loss: 0.3586
Epoch 491/500
51/51 - 9s - 167ms/step - loss: 0.3494 - val_loss: 0.3585
Epoch 492/500
51/51 - 9s - 167ms/step - loss: 0.3494 - val_loss: 0.3585
Epoch 493/500
51/51 - 9s - 167ms/step - loss: 0.3494 - val_loss: 0.3585
Epoch 494/500
51/51 - 9s - 167ms/step - loss: 0.3494 - val_loss: 0.3585
Epoch 495/500
51/51 - 9s - 167ms/step - loss: 0.3494 - val_loss: 0.3585
Epoch 496/500
51/51 - 9s - 167ms/step - loss: 0.3494 - val_loss: 0.3585
Epoch 497/500
51/51 - 9s - 167ms/step - loss: 0.3493 - val_loss: 0.3585
Epoch 498/500
51/51 - 9s - 167ms/step - loss: 0.3493 - val_loss: 0.3584
Epoch 499/500
51/51 - 9s - 168ms/step - loss: 0.3493 - val_loss: 0.3584
Epoch 500/500
51/51 - 9s - 168ms/step - loss: 0.3493 - val_loss: 0.3584
[Run 1/1] Training shared encoder (weighted, sigmoid head, baseline preprocessing)...
Epoch 1/500
51/51 - 11s - 215ms/step - loss: 0.9250 - val_loss: 0.8883
Epoch 2/500
51/51 - 9s - 177ms/step - loss: 0.8443 - val_loss: 0.8172
Epoch 3/500
51/51 - 9s - 167ms/step - loss: 0.7775 - val_loss: 0.7579
Epoch 4/500
51/51 - 9s - 177ms/step - loss: 0.7225 - val_loss: 0.7101
Epoch 5/500
51/51 - 9s - 174ms/step - loss: 0.6791 - val_loss: 0.6732
Epoch 6/500
51/51 - 9s - 175ms/step - loss: 0.6456 - val_loss: 0.6447
Epoch 7/500
51/51 - 9s - 174ms/step - loss: 0.6195 - val_loss: 0.6219
Epoch 8/500
51/51 - 9s - 174ms/step - loss: 0.5987 - val_loss: 0.6031
Epoch 9/500
51/51 - 9s - 173ms/step - loss: 0.5815 - val_loss: 0.5874
Epoch 10/500
51/51 - 9s - 174ms/step - loss: 0.5672 - val_loss: 0.5740
Epoch 11/500
51/51 - 9s - 173ms/step - loss: 0.5550 - val_loss: 0.5624
Epoch 12/500
51/51 - 9s - 174ms/step - loss: 0.5446 - val_loss: 0.5523
Epoch 13/500
51/51 - 9s - 174ms/step - loss: 0.5355 - val_loss: 0.5435
Epoch 14/500
51/51 - 9s - 172ms/step - loss: 0.5275 - val_loss: 0.5356
Epoch 15/500
51/51 - 9s - 173ms/step - loss: 0.5205 - val_loss: 0.5285
Epoch 16/500
51/51 - 9s - 175ms/step - loss: 0.5142 - val_loss: 0.5222
Epoch 17/500
51/51 - 9s - 176ms/step - loss: 0.5085 - val_loss: 0.5165
Epoch 18/500
51/51 - 9s - 174ms/step - loss: 0.5034 - val_loss: 0.5114
Epoch 19/500
51/51 - 9s - 174ms/step - loss: 0.4987 - val_loss: 0.5066
Epoch 20/500
51/51 - 9s - 174ms/step - loss: 0.4944 - val_loss: 0.5023
Epoch 21/500
51/51 - 9s - 175ms/step - loss: 0.4905 - val_loss: 0.4983
Epoch 22/500
51/51 - 9s - 175ms/step - loss: 0.4869 - val_loss: 0.4946
Epoch 23/500
51/51 - 9s - 175ms/step - loss: 0.4835 - val_loss: 0.4912
Epoch 24/500
51/51 - 9s - 175ms/step - loss: 0.4804 - val_loss: 0.4881
Epoch 25/500
51/51 - 9s - 175ms/step - loss: 0.4774 - val_loss: 0.4851
Epoch 26/500
51/51 - 9s - 176ms/step - loss: 0.4747 - val_loss: 0.4823
Epoch 27/500
51/51 - 9s - 174ms/step - loss: 0.4721 - val_loss: 0.4797
Epoch 28/500
51/51 - 9s - 173ms/step - loss: 0.4696 - val_loss: 0.4772
Epoch 29/500
51/51 - 9s - 175ms/step - loss: 0.4673 - val_loss: 0.4749
Epoch 30/500
51/51 - 9s - 174ms/step - loss: 0.4651 - val_loss: 0.4726
Epoch 31/500
51/51 - 9s - 176ms/step - loss: 0.4630 - val_loss: 0.4705
Epoch 32/500
51/51 - 9s - 175ms/step - loss: 0.4611 - val_loss: 0.4685
Epoch 33/500
51/51 - 9s - 174ms/step - loss: 0.4592 - val_loss: 0.4666
Epoch 34/500
51/51 - 9s - 174ms/step - loss: 0.4574 - val_loss: 0.4648
Epoch 35/500
51/51 - 9s - 175ms/step - loss: 0.4556 - val_loss: 0.4631
Epoch 36/500
51/51 - 9s - 173ms/step - loss: 0.4540 - val_loss: 0.4614
Epoch 37/500
51/51 - 9s - 174ms/step - loss: 0.4524 - val_loss: 0.4598
Epoch 38/500
51/51 - 9s - 175ms/step - loss: 0.4509 - val_loss: 0.4582
Epoch 39/500
51/51 - 9s - 175ms/step - loss: 0.4494 - val_loss: 0.4568
Epoch 40/500
51/51 - 9s - 174ms/step - loss: 0.4480 - val_loss: 0.4554
Epoch 41/500
51/51 - 9s - 175ms/step - loss: 0.4467 - val_loss: 0.4540
Epoch 42/500
51/51 - 9s - 174ms/step - loss: 0.4454 - val_loss: 0.4527
Epoch 43/500
51/51 - 9s - 174ms/step - loss: 0.4441 - val_loss: 0.4514
Epoch 44/500
51/51 - 9s - 173ms/step - loss: 0.4429 - val_loss: 0.4502
Epoch 45/500
51/51 - 9s - 175ms/step - loss: 0.4417 - val_loss: 0.4490
Epoch 46/500
51/51 - 9s - 174ms/step - loss: 0.4406 - val_loss: 0.4478
Epoch 47/500
51/51 - 9s - 174ms/step - loss: 0.4395 - val_loss: 0.4467
Epoch 48/500
51/51 - 9s - 174ms/step - loss: 0.4384 - val_loss: 0.4457
Epoch 49/500
51/51 - 9s - 174ms/step - loss: 0.4374 - val_loss: 0.4446
Epoch 50/500
51/51 - 9s - 175ms/step - loss: 0.4364 - val_loss: 0.4436
Epoch 51/500
51/51 - 9s - 174ms/step - loss: 0.4354 - val_loss: 0.4426
Epoch 52/500
51/51 - 9s - 173ms/step - loss: 0.4345 - val_loss: 0.4417
Epoch 53/500
51/51 - 9s - 173ms/step - loss: 0.4335 - val_loss: 0.4407
Epoch 54/500
51/51 - 9s - 174ms/step - loss: 0.4326 - val_loss: 0.4398
Epoch 55/500
51/51 - 9s - 174ms/step - loss: 0.4318 - val_loss: 0.4390
Epoch 56/500
51/51 - 9s - 173ms/step - loss: 0.4309 - val_loss: 0.4381
Epoch 57/500
51/51 - 9s - 173ms/step - loss: 0.4301 - val_loss: 0.4373
Epoch 58/500
51/51 - 9s - 174ms/step - loss: 0.4293 - val_loss: 0.4365
Epoch 59/500
51/51 - 9s - 174ms/step - loss: 0.4285 - val_loss: 0.4357
Epoch 60/500
51/51 - 9s - 175ms/step - loss: 0.4277 - val_loss: 0.4349
Epoch 61/500
51/51 - 9s - 175ms/step - loss: 0.4269 - val_loss: 0.4342
Epoch 62/500
51/51 - 9s - 175ms/step - loss: 0.4262 - val_loss: 0.4334
Epoch 63/500
51/51 - 9s - 174ms/step - loss: 0.4255 - val_loss: 0.4327
Epoch 64/500
51/51 - 9s - 174ms/step - loss: 0.4248 - val_loss: 0.4320
Epoch 65/500
51/51 - 9s - 174ms/step - loss: 0.4241 - val_loss: 0.4314
Epoch 66/500
51/51 - 9s - 174ms/step - loss: 0.4234 - val_loss: 0.4307
Epoch 67/500
51/51 - 9s - 174ms/step - loss: 0.4227 - val_loss: 0.4300
Epoch 68/500
51/51 - 9s - 173ms/step - loss: 0.4221 - val_loss: 0.4294
Epoch 69/500
51/51 - 9s - 174ms/step - loss: 0.4215 - val_loss: 0.4288
Epoch 70/500
51/51 - 9s - 174ms/step - loss: 0.4208 - val_loss: 0.4282
Epoch 71/500
51/51 - 9s - 173ms/step - loss: 0.4202 - val_loss: 0.4276
Epoch 72/500
51/51 - 9s - 173ms/step - loss: 0.4196 - val_loss: 0.4270
Epoch 73/500
51/51 - 9s - 174ms/step - loss: 0.4190 - val_loss: 0.4264
Epoch 74/500
51/51 - 9s - 174ms/step - loss: 0.4185 - val_loss: 0.4259
Epoch 75/500
51/51 - 9s - 174ms/step - loss: 0.4179 - val_loss: 0.4253
Epoch 76/500
51/51 - 9s - 174ms/step - loss: 0.4173 - val_loss: 0.4248
Epoch 77/500
51/51 - 9s - 174ms/step - loss: 0.4168 - val_loss: 0.4243
Epoch 78/500
51/51 - 9s - 174ms/step - loss: 0.4162 - val_loss: 0.4238
Epoch 79/500
51/51 - 9s - 174ms/step - loss: 0.4157 - val_loss: 0.4233
Epoch 80/500
51/51 - 9s - 174ms/step - loss: 0.4152 - val_loss: 0.4228
Epoch 81/500
51/51 - 9s - 173ms/step - loss: 0.4147 - val_loss: 0.4223
Epoch 82/500
51/51 - 9s - 174ms/step - loss: 0.4142 - val_loss: 0.4218
Epoch 83/500
51/51 - 9s - 175ms/step - loss: 0.4137 - val_loss: 0.4213
Epoch 84/500
51/51 - 9s - 174ms/step - loss: 0.4132 - val_loss: 0.4209
Epoch 85/500
51/51 - 9s - 173ms/step - loss: 0.4127 - val_loss: 0.4204
Epoch 86/500
51/51 - 9s - 175ms/step - loss: 0.4123 - val_loss: 0.4200
Epoch 87/500
51/51 - 9s - 174ms/step - loss: 0.4118 - val_loss: 0.4196
Epoch 88/500
51/51 - 9s - 174ms/step - loss: 0.4113 - val_loss: 0.4191
Epoch 89/500
51/51 - 9s - 173ms/step - loss: 0.4109 - val_loss: 0.4187
Epoch 90/500
51/51 - 9s - 174ms/step - loss: 0.4105 - val_loss: 0.4183
Epoch 91/500
51/51 - 9s - 174ms/step - loss: 0.4100 - val_loss: 0.4179
Epoch 92/500
51/51 - 9s - 174ms/step - loss: 0.4096 - val_loss: 0.4175
Epoch 93/500
51/51 - 9s - 175ms/step - loss: 0.4092 - val_loss: 0.4171
Epoch 94/500
51/51 - 9s - 174ms/step - loss: 0.4088 - val_loss: 0.4167
Epoch 95/500
51/51 - 9s - 174ms/step - loss: 0.4084 - val_loss: 0.4163
Epoch 96/500
51/51 - 9s - 174ms/step - loss: 0.4080 - val_loss: 0.4160
Epoch 97/500
51/51 - 9s - 175ms/step - loss: 0.4076 - val_loss: 0.4156
Epoch 98/500
51/51 - 9s - 175ms/step - loss: 0.4072 - val_loss: 0.4152
Epoch 99/500
51/51 - 9s - 174ms/step - loss: 0.4068 - val_loss: 0.4149
Epoch 100/500
51/51 - 9s - 175ms/step - loss: 0.4064 - val_loss: 0.4145
Epoch 101/500
51/51 - 9s - 172ms/step - loss: 0.4060 - val_loss: 0.4142
Epoch 102/500
51/51 - 9s - 174ms/step - loss: 0.4057 - val_loss: 0.4138
Epoch 103/500
51/51 - 9s - 174ms/step - loss: 0.4053 - val_loss: 0.4135
Epoch 104/500
51/51 - 9s - 174ms/step - loss: 0.4050 - val_loss: 0.4131
Epoch 105/500
51/51 - 9s - 173ms/step - loss: 0.4046 - val_loss: 0.4128
Epoch 106/500
51/51 - 9s - 173ms/step - loss: 0.4043 - val_loss: 0.4125
Epoch 107/500
51/51 - 9s - 174ms/step - loss: 0.4039 - val_loss: 0.4121
Epoch 108/500
51/51 - 9s - 174ms/step - loss: 0.4036 - val_loss: 0.4118
Epoch 109/500
51/51 - 9s - 175ms/step - loss: 0.4032 - val_loss: 0.4115
Epoch 110/500
51/51 - 9s - 175ms/step - loss: 0.4029 - val_loss: 0.4112
Epoch 111/500
51/51 - 9s - 174ms/step - loss: 0.4026 - val_loss: 0.4109
Epoch 112/500
51/51 - 9s - 175ms/step - loss: 0.4023 - val_loss: 0.4106
Epoch 113/500
51/51 - 9s - 174ms/step - loss: 0.4020 - val_loss: 0.4103
Epoch 114/500
51/51 - 9s - 174ms/step - loss: 0.4017 - val_loss: 0.4100
Epoch 115/500
51/51 - 9s - 174ms/step - loss: 0.4014 - val_loss: 0.4097
Epoch 116/500
51/51 - 9s - 175ms/step - loss: 0.4011 - val_loss: 0.4094
Epoch 117/500
51/51 - 9s - 173ms/step - loss: 0.4008 - val_loss: 0.4092
Epoch 118/500
51/51 - 9s - 174ms/step - loss: 0.4005 - val_loss: 0.4089
Epoch 119/500
51/51 - 9s - 174ms/step - loss: 0.4002 - val_loss: 0.4086
Epoch 120/500
51/51 - 9s - 174ms/step - loss: 0.3999 - val_loss: 0.4084
Epoch 121/500
51/51 - 9s - 174ms/step - loss: 0.3996 - val_loss: 0.4081
Epoch 122/500
51/51 - 9s - 174ms/step - loss: 0.3993 - val_loss: 0.4079
Epoch 123/500
51/51 - 9s - 174ms/step - loss: 0.3991 - val_loss: 0.4077
Epoch 124/500
51/51 - 9s - 175ms/step - loss: 0.3988 - val_loss: 0.4074
Epoch 125/500
51/51 - 9s - 174ms/step - loss: 0.3985 - val_loss: 0.4072
Epoch 126/500
51/51 - 9s - 174ms/step - loss: 0.3983 - val_loss: 0.4070
Epoch 127/500
51/51 - 9s - 174ms/step - loss: 0.3980 - val_loss: 0.4068
Epoch 128/500
51/51 - 9s - 174ms/step - loss: 0.3978 - val_loss: 0.4066
Epoch 129/500
51/51 - 9s - 174ms/step - loss: 0.3975 - val_loss: 0.4063
Epoch 130/500
51/51 - 9s - 174ms/step - loss: 0.3973 - val_loss: 0.4061
Epoch 131/500
51/51 - 9s - 173ms/step - loss: 0.3970 - val_loss: 0.4059
Epoch 132/500
51/51 - 9s - 174ms/step - loss: 0.3968 - val_loss: 0.4057
Epoch 133/500
51/51 - 9s - 174ms/step - loss: 0.3966 - val_loss: 0.4055
Epoch 134/500
51/51 - 9s - 174ms/step - loss: 0.3963 - val_loss: 0.4053
Epoch 135/500
51/51 - 9s - 173ms/step - loss: 0.3961 - val_loss: 0.4051
Epoch 136/500
51/51 - 9s - 174ms/step - loss: 0.3959 - val_loss: 0.4050
Epoch 137/500
51/51 - 9s - 174ms/step - loss: 0.3957 - val_loss: 0.4048
Epoch 138/500
51/51 - 9s - 173ms/step - loss: 0.3954 - val_loss: 0.4046
Epoch 139/500
51/51 - 9s - 173ms/step - loss: 0.3952 - val_loss: 0.4044
Epoch 140/500
51/51 - 9s - 174ms/step - loss: 0.3950 - val_loss: 0.4042
Epoch 141/500
51/51 - 9s - 175ms/step - loss: 0.3948 - val_loss: 0.4041
Epoch 142/500
51/51 - 9s - 174ms/step - loss: 0.3946 - val_loss: 0.4039
Epoch 143/500
51/51 - 9s - 174ms/step - loss: 0.3944 - val_loss: 0.4037
Epoch 144/500
51/51 - 9s - 174ms/step - loss: 0.3942 - val_loss: 0.4035
Epoch 145/500
51/51 - 9s - 174ms/step - loss: 0.3940 - val_loss: 0.4034
Epoch 146/500
51/51 - 9s - 175ms/step - loss: 0.3938 - val_loss: 0.4032
Epoch 147/500
51/51 - 9s - 174ms/step - loss: 0.3936 - val_loss: 0.4030
Epoch 148/500
51/51 - 9s - 174ms/step - loss: 0.3934 - val_loss: 0.4029
Epoch 149/500
51/51 - 9s - 174ms/step - loss: 0.3932 - val_loss: 0.4027
Epoch 150/500
51/51 - 9s - 175ms/step - loss: 0.3931 - val_loss: 0.4026
Epoch 151/500
51/51 - 9s - 173ms/step - loss: 0.3929 - val_loss: 0.4024
Epoch 152/500
51/51 - 9s - 174ms/step - loss: 0.3927 - val_loss: 0.4023
Epoch 153/500
51/51 - 9s - 175ms/step - loss: 0.3925 - val_loss: 0.4021
Epoch 154/500
51/51 - 9s - 174ms/step - loss: 0.3924 - val_loss: 0.4020
Epoch 155/500
51/51 - 9s - 174ms/step - loss: 0.3922 - val_loss: 0.4018
Epoch 156/500
51/51 - 9s - 175ms/step - loss: 0.3920 - val_loss: 0.4017
Epoch 157/500
51/51 - 9s - 175ms/step - loss: 0.3918 - val_loss: 0.4015
Epoch 158/500
51/51 - 9s - 175ms/step - loss: 0.3917 - val_loss: 0.4014
Epoch 159/500
51/51 - 9s - 174ms/step - loss: 0.3915 - val_loss: 0.4012
Epoch 160/500
51/51 - 9s - 174ms/step - loss: 0.3914 - val_loss: 0.4011
Epoch 161/500
51/51 - 9s - 175ms/step - loss: 0.3912 - val_loss: 0.4010
Epoch 162/500
51/51 - 9s - 174ms/step - loss: 0.3911 - val_loss: 0.4008
Epoch 163/500
51/51 - 9s - 174ms/step - loss: 0.3909 - val_loss: 0.4007
Epoch 164/500
51/51 - 9s - 174ms/step - loss: 0.3907 - val_loss: 0.4006
Epoch 165/500
51/51 - 9s - 175ms/step - loss: 0.3906 - val_loss: 0.4004
Epoch 166/500
51/51 - 9s - 174ms/step - loss: 0.3905 - val_loss: 0.4003
Epoch 167/500
51/51 - 9s - 174ms/step - loss: 0.3903 - val_loss: 0.4002
Epoch 168/500
51/51 - 9s - 174ms/step - loss: 0.3902 - val_loss: 0.4000
Epoch 169/500
51/51 - 9s - 176ms/step - loss: 0.3900 - val_loss: 0.3999
Epoch 170/500
51/51 - 9s - 175ms/step - loss: 0.3899 - val_loss: 0.3998
Epoch 171/500
51/51 - 9s - 173ms/step - loss: 0.3897 - val_loss: 0.3997
Epoch 172/500
51/51 - 9s - 174ms/step - loss: 0.3896 - val_loss: 0.3995
Epoch 173/500
51/51 - 9s - 176ms/step - loss: 0.3895 - val_loss: 0.3994
Epoch 174/500
51/51 - 9s - 175ms/step - loss: 0.3893 - val_loss: 0.3993
Epoch 175/500
51/51 - 9s - 174ms/step - loss: 0.3892 - val_loss: 0.3992
Epoch 176/500
51/51 - 9s - 174ms/step - loss: 0.3891 - val_loss: 0.3991
Epoch 177/500
51/51 - 9s - 174ms/step - loss: 0.3890 - val_loss: 0.3990
Epoch 178/500
51/51 - 9s - 174ms/step - loss: 0.3888 - val_loss: 0.3988
Epoch 179/500
51/51 - 9s - 175ms/step - loss: 0.3887 - val_loss: 0.3987
Epoch 180/500
51/51 - 9s - 175ms/step - loss: 0.3886 - val_loss: 0.3986
Epoch 181/500
51/51 - 9s - 174ms/step - loss: 0.3885 - val_loss: 0.3985
Epoch 182/500
51/51 - 9s - 174ms/step - loss: 0.3883 - val_loss: 0.3984
Epoch 183/500
51/51 - 9s - 174ms/step - loss: 0.3882 - val_loss: 0.3983
Epoch 184/500
51/51 - 9s - 176ms/step - loss: 0.3881 - val_loss: 0.3982
Epoch 185/500
51/51 - 9s - 174ms/step - loss: 0.3880 - val_loss: 0.3981
Epoch 186/500
51/51 - 9s - 173ms/step - loss: 0.3879 - val_loss: 0.3980
Epoch 187/500
51/51 - 9s - 173ms/step - loss: 0.3877 - val_loss: 0.3979
Epoch 188/500
51/51 - 9s - 173ms/step - loss: 0.3876 - val_loss: 0.3978
Epoch 189/500
51/51 - 9s - 173ms/step - loss: 0.3875 - val_loss: 0.3977
Epoch 190/500
51/51 - 9s - 173ms/step - loss: 0.3874 - val_loss: 0.3976
Epoch 191/500
51/51 - 9s - 174ms/step - loss: 0.3873 - val_loss: 0.3975
Epoch 192/500
51/51 - 9s - 173ms/step - loss: 0.3872 - val_loss: 0.3974
Epoch 193/500
51/51 - 9s - 174ms/step - loss: 0.3871 - val_loss: 0.3973
Epoch 194/500
51/51 - 9s - 174ms/step - loss: 0.3870 - val_loss: 0.3972
Epoch 195/500
51/51 - 9s - 174ms/step - loss: 0.3869 - val_loss: 0.3971
Epoch 196/500
51/51 - 9s - 175ms/step - loss: 0.3868 - val_loss: 0.3970
Epoch 197/500
51/51 - 9s - 174ms/step - loss: 0.3867 - val_loss: 0.3969
Epoch 198/500
51/51 - 9s - 172ms/step - loss: 0.3866 - val_loss: 0.3968
Epoch 199/500
51/51 - 9s - 174ms/step - loss: 0.3865 - val_loss: 0.3967
Epoch 200/500
51/51 - 9s - 175ms/step - loss: 0.3863 - val_loss: 0.3966
Epoch 201/500
51/51 - 9s - 174ms/step - loss: 0.3862 - val_loss: 0.3965
Epoch 202/500
51/51 - 9s - 174ms/step - loss: 0.3861 - val_loss: 0.3964
Epoch 203/500
51/51 - 9s - 174ms/step - loss: 0.3860 - val_loss: 0.3964
Epoch 204/500
51/51 - 9s - 174ms/step - loss: 0.3860 - val_loss: 0.3963
Epoch 205/500
51/51 - 9s - 177ms/step - loss: 0.3859 - val_loss: 0.3962
Epoch 206/500
51/51 - 9s - 175ms/step - loss: 0.3858 - val_loss: 0.3961
Epoch 207/500
51/51 - 9s - 174ms/step - loss: 0.3857 - val_loss: 0.3960
Epoch 208/500
51/51 - 9s - 174ms/step - loss: 0.3856 - val_loss: 0.3959
Epoch 209/500
51/51 - 9s - 174ms/step - loss: 0.3855 - val_loss: 0.3959
Epoch 210/500
51/51 - 9s - 173ms/step - loss: 0.3854 - val_loss: 0.3958
Epoch 211/500
51/51 - 9s - 174ms/step - loss: 0.3853 - val_loss: 0.3957
Epoch 212/500
51/51 - 9s - 174ms/step - loss: 0.3852 - val_loss: 0.3956
Epoch 213/500
51/51 - 9s - 175ms/step - loss: 0.3851 - val_loss: 0.3955
Epoch 214/500
51/51 - 9s - 174ms/step - loss: 0.3850 - val_loss: 0.3955
Epoch 215/500
51/51 - 9s - 174ms/step - loss: 0.3849 - val_loss: 0.3954
Epoch 216/500
51/51 - 9s - 173ms/step - loss: 0.3848 - val_loss: 0.3953
Epoch 217/500
51/51 - 9s - 174ms/step - loss: 0.3847 - val_loss: 0.3952
Epoch 218/500
51/51 - 9s - 173ms/step - loss: 0.3847 - val_loss: 0.3952
Epoch 219/500
51/51 - 9s - 174ms/step - loss: 0.3846 - val_loss: 0.3951
Epoch 220/500
51/51 - 9s - 174ms/step - loss: 0.3845 - val_loss: 0.3950
Epoch 221/500
51/51 - 9s - 175ms/step - loss: 0.3844 - val_loss: 0.3949
Epoch 222/500
51/51 - 9s - 174ms/step - loss: 0.3843 - val_loss: 0.3949
Epoch 223/500
51/51 - 9s - 173ms/step - loss: 0.3842 - val_loss: 0.3948
Epoch 224/500
51/51 - 9s - 173ms/step - loss: 0.3841 - val_loss: 0.3947
Epoch 225/500
51/51 - 9s - 174ms/step - loss: 0.3841 - val_loss: 0.3947
Epoch 226/500
51/51 - 9s - 175ms/step - loss: 0.3840 - val_loss: 0.3946
Epoch 227/500
51/51 - 9s - 173ms/step - loss: 0.3839 - val_loss: 0.3945
Epoch 228/500
51/51 - 9s - 173ms/step - loss: 0.3838 - val_loss: 0.3945
Epoch 229/500
51/51 - 9s - 175ms/step - loss: 0.3837 - val_loss: 0.3944
Epoch 230/500
51/51 - 9s - 174ms/step - loss: 0.3837 - val_loss: 0.3943
Epoch 231/500
51/51 - 9s - 174ms/step - loss: 0.3836 - val_loss: 0.3943
Epoch 232/500
51/51 - 9s - 174ms/step - loss: 0.3835 - val_loss: 0.3942
Epoch 233/500
51/51 - 9s - 174ms/step - loss: 0.3834 - val_loss: 0.3941
Epoch 234/500
51/51 - 9s - 173ms/step - loss: 0.3833 - val_loss: 0.3941
Epoch 235/500
51/51 - 9s - 175ms/step - loss: 0.3833 - val_loss: 0.3940
Epoch 236/500
51/51 - 9s - 174ms/step - loss: 0.3832 - val_loss: 0.3940
Epoch 237/500
51/51 - 9s - 174ms/step - loss: 0.3831 - val_loss: 0.3939
Epoch 238/500
51/51 - 9s - 174ms/step - loss: 0.3830 - val_loss: 0.3938
Epoch 239/500
51/51 - 9s - 174ms/step - loss: 0.3830 - val_loss: 0.3938
Epoch 240/500
51/51 - 9s - 174ms/step - loss: 0.3829 - val_loss: 0.3937
Epoch 241/500
51/51 - 9s - 174ms/step - loss: 0.3828 - val_loss: 0.3936
Epoch 242/500
51/51 - 9s - 176ms/step - loss: 0.3827 - val_loss: 0.3936
Epoch 243/500
51/51 - 9s - 174ms/step - loss: 0.3827 - val_loss: 0.3935
Epoch 244/500
51/51 - 9s - 174ms/step - loss: 0.3826 - val_loss: 0.3935
Epoch 245/500
51/51 - 9s - 173ms/step - loss: 0.3825 - val_loss: 0.3934
Epoch 246/500
51/51 - 9s - 174ms/step - loss: 0.3824 - val_loss: 0.3934
Epoch 247/500
51/51 - 9s - 174ms/step - loss: 0.3824 - val_loss: 0.3933
Epoch 248/500
51/51 - 9s - 174ms/step - loss: 0.3823 - val_loss: 0.3932
Epoch 249/500
51/51 - 9s - 174ms/step - loss: 0.3822 - val_loss: 0.3932
Epoch 250/500
51/51 - 9s - 174ms/step - loss: 0.3822 - val_loss: 0.3931
Epoch 251/500
51/51 - 9s - 174ms/step - loss: 0.3821 - val_loss: 0.3931
Epoch 252/500
51/51 - 9s - 174ms/step - loss: 0.3820 - val_loss: 0.3930
Epoch 253/500
51/51 - 9s - 174ms/step - loss: 0.3820 - val_loss: 0.3930
Epoch 254/500
51/51 - 9s - 174ms/step - loss: 0.3819 - val_loss: 0.3929
Epoch 255/500
51/51 - 9s - 174ms/step - loss: 0.3818 - val_loss: 0.3928
Epoch 256/500
51/51 - 9s - 174ms/step - loss: 0.3818 - val_loss: 0.3928
Epoch 257/500
51/51 - 9s - 174ms/step - loss: 0.3817 - val_loss: 0.3927
Epoch 258/500
51/51 - 9s - 173ms/step - loss: 0.3816 - val_loss: 0.3927
Epoch 259/500
51/51 - 9s - 174ms/step - loss: 0.3816 - val_loss: 0.3926
Epoch 260/500
51/51 - 9s - 174ms/step - loss: 0.3815 - val_loss: 0.3926
Epoch 261/500
51/51 - 9s - 174ms/step - loss: 0.3814 - val_loss: 0.3925
Epoch 262/500
51/51 - 9s - 175ms/step - loss: 0.3814 - val_loss: 0.3925
Epoch 263/500
51/51 - 9s - 174ms/step - loss: 0.3813 - val_loss: 0.3924
Epoch 264/500
51/51 - 9s - 174ms/step - loss: 0.3812 - val_loss: 0.3923
Epoch 265/500
51/51 - 9s - 174ms/step - loss: 0.3812 - val_loss: 0.3923
Epoch 266/500
51/51 - 9s - 175ms/step - loss: 0.3811 - val_loss: 0.3922
Epoch 267/500
51/51 - 9s - 177ms/step - loss: 0.3810 - val_loss: 0.3922
Epoch 268/500
51/51 - 9s - 174ms/step - loss: 0.3810 - val_loss: 0.3921
Epoch 269/500
51/51 - 9s - 174ms/step - loss: 0.3809 - val_loss: 0.3921
Epoch 270/500
51/51 - 9s - 174ms/step - loss: 0.3809 - val_loss: 0.3920
Epoch 271/500
51/51 - 9s - 173ms/step - loss: 0.3808 - val_loss: 0.3920
Epoch 272/500
51/51 - 9s - 172ms/step - loss: 0.3807 - val_loss: 0.3919
Epoch 273/500
51/51 - 9s - 175ms/step - loss: 0.3807 - val_loss: 0.3919
Epoch 274/500
51/51 - 9s - 174ms/step - loss: 0.3806 - val_loss: 0.3918
Epoch 275/500
51/51 - 9s - 174ms/step - loss: 0.3806 - val_loss: 0.3918
Epoch 276/500
51/51 - 9s - 174ms/step - loss: 0.3805 - val_loss: 0.3917
Epoch 277/500
51/51 - 9s - 174ms/step - loss: 0.3805 - val_loss: 0.3917
Epoch 278/500
51/51 - 9s - 176ms/step - loss: 0.3804 - val_loss: 0.3916
Epoch 279/500
51/51 - 9s - 175ms/step - loss: 0.3803 - val_loss: 0.3916
Epoch 280/500
51/51 - 9s - 173ms/step - loss: 0.3803 - val_loss: 0.3915
Epoch 281/500
51/51 - 9s - 174ms/step - loss: 0.3802 - val_loss: 0.3915
Epoch 282/500
51/51 - 9s - 174ms/step - loss: 0.3802 - val_loss: 0.3914
Epoch 283/500
51/51 - 9s - 173ms/step - loss: 0.3801 - val_loss: 0.3914
Epoch 284/500
51/51 - 9s - 174ms/step - loss: 0.3801 - val_loss: 0.3913
Epoch 285/500
51/51 - 9s - 174ms/step - loss: 0.3800 - val_loss: 0.3913
Epoch 286/500
51/51 - 9s - 174ms/step - loss: 0.3800 - val_loss: 0.3912
Epoch 287/500
51/51 - 9s - 174ms/step - loss: 0.3799 - val_loss: 0.3912
Epoch 288/500
51/51 - 9s - 173ms/step - loss: 0.3799 - val_loss: 0.3911
Epoch 289/500
51/51 - 9s - 174ms/step - loss: 0.3798 - val_loss: 0.3911
Epoch 290/500
51/51 - 9s - 175ms/step - loss: 0.3798 - val_loss: 0.3910
Epoch 291/500
51/51 - 9s - 175ms/step - loss: 0.3797 - val_loss: 0.3910
Epoch 292/500
51/51 - 9s - 174ms/step - loss: 0.3797 - val_loss: 0.3909
Epoch 293/500
51/51 - 9s - 173ms/step - loss: 0.3796 - val_loss: 0.3909
Epoch 294/500
51/51 - 9s - 173ms/step - loss: 0.3796 - val_loss: 0.3908
Epoch 295/500
51/51 - 9s - 175ms/step - loss: 0.3795 - val_loss: 0.3908
Epoch 296/500
51/51 - 9s - 175ms/step - loss: 0.3795 - val_loss: 0.3907
Epoch 297/500
51/51 - 9s - 174ms/step - loss: 0.3794 - val_loss: 0.3907
Epoch 298/500
51/51 - 9s - 174ms/step - loss: 0.3794 - val_loss: 0.3906
Epoch 299/500
51/51 - 9s - 174ms/step - loss: 0.3793 - val_loss: 0.3906
Epoch 300/500
51/51 - 9s - 173ms/step - loss: 0.3793 - val_loss: 0.3906
Epoch 301/500
51/51 - 9s - 174ms/step - loss: 0.3792 - val_loss: 0.3905
Epoch 302/500
51/51 - 9s - 175ms/step - loss: 0.3792 - val_loss: 0.3905
Epoch 303/500
51/51 - 9s - 173ms/step - loss: 0.3791 - val_loss: 0.3904
Epoch 304/500
51/51 - 9s - 173ms/step - loss: 0.3791 - val_loss: 0.3904
Epoch 305/500
51/51 - 9s - 174ms/step - loss: 0.3791 - val_loss: 0.3903
Epoch 306/500
51/51 - 9s - 174ms/step - loss: 0.3790 - val_loss: 0.3903
Epoch 307/500
51/51 - 9s - 175ms/step - loss: 0.3790 - val_loss: 0.3903
Epoch 308/500
51/51 - 9s - 174ms/step - loss: 0.3789 - val_loss: 0.3902
Epoch 309/500
51/51 - 9s - 174ms/step - loss: 0.3789 - val_loss: 0.3902
Epoch 310/500
51/51 - 9s - 173ms/step - loss: 0.3788 - val_loss: 0.3901
Epoch 311/500
51/51 - 9s - 174ms/step - loss: 0.3788 - val_loss: 0.3901
Epoch 312/500
51/51 - 9s - 174ms/step - loss: 0.3788 - val_loss: 0.3901
Epoch 313/500
51/51 - 9s - 174ms/step - loss: 0.3787 - val_loss: 0.3900
Epoch 314/500
51/51 - 9s - 175ms/step - loss: 0.3787 - val_loss: 0.3900
Epoch 315/500
51/51 - 9s - 174ms/step - loss: 0.3786 - val_loss: 0.3899
Epoch 316/500
51/51 - 9s - 174ms/step - loss: 0.3786 - val_loss: 0.3899
Epoch 317/500
51/51 - 9s - 174ms/step - loss: 0.3786 - val_loss: 0.3899
Epoch 318/500
51/51 - 9s - 174ms/step - loss: 0.3785 - val_loss: 0.3898
Epoch 319/500
51/51 - 9s - 173ms/step - loss: 0.3785 - val_loss: 0.3898
Epoch 320/500
51/51 - 9s - 173ms/step - loss: 0.3784 - val_loss: 0.3897
Epoch 321/500
51/51 - 9s - 174ms/step - loss: 0.3784 - val_loss: 0.3897
Epoch 322/500
51/51 - 9s - 175ms/step - loss: 0.3784 - val_loss: 0.3897
Epoch 323/500
51/51 - 9s - 173ms/step - loss: 0.3783 - val_loss: 0.3896
Epoch 324/500
51/51 - 9s - 174ms/step - loss: 0.3783 - val_loss: 0.3896
Epoch 325/500
51/51 - 9s - 174ms/step - loss: 0.3782 - val_loss: 0.3896
Epoch 326/500
51/51 - 9s - 175ms/step - loss: 0.3782 - val_loss: 0.3895
Epoch 327/500
51/51 - 9s - 174ms/step - loss: 0.3782 - val_loss: 0.3895
Epoch 328/500
51/51 - 9s - 175ms/step - loss: 0.3781 - val_loss: 0.3895
Epoch 329/500
51/51 - 9s - 175ms/step - loss: 0.3781 - val_loss: 0.3894
Epoch 330/500
51/51 - 9s - 174ms/step - loss: 0.3780 - val_loss: 0.3894
Epoch 331/500
51/51 - 9s - 174ms/step - loss: 0.3780 - val_loss: 0.3894
Epoch 332/500
51/51 - 9s - 174ms/step - loss: 0.3780 - val_loss: 0.3893
Epoch 333/500
51/51 - 9s - 172ms/step - loss: 0.3779 - val_loss: 0.3893
Epoch 334/500
51/51 - 9s - 174ms/step - loss: 0.3779 - val_loss: 0.3893
Epoch 335/500
51/51 - 9s - 174ms/step - loss: 0.3779 - val_loss: 0.3892
Epoch 336/500
51/51 - 9s - 174ms/step - loss: 0.3778 - val_loss: 0.3892
Epoch 337/500
51/51 - 9s - 174ms/step - loss: 0.3778 - val_loss: 0.3892
Epoch 338/500
51/51 - 9s - 174ms/step - loss: 0.3778 - val_loss: 0.3891
Epoch 339/500
51/51 - 9s - 174ms/step - loss: 0.3777 - val_loss: 0.3891
Epoch 340/500
51/51 - 9s - 174ms/step - loss: 0.3777 - val_loss: 0.3891
Epoch 341/500
51/51 - 9s - 174ms/step - loss: 0.3777 - val_loss: 0.3890
Epoch 342/500
51/51 - 9s - 174ms/step - loss: 0.3776 - val_loss: 0.3890
Epoch 343/500
51/51 - 9s - 175ms/step - loss: 0.3776 - val_loss: 0.3890
Epoch 344/500
51/51 - 9s - 174ms/step - loss: 0.3776 - val_loss: 0.3889
Epoch 345/500
51/51 - 9s - 174ms/step - loss: 0.3775 - val_loss: 0.3889
Epoch 346/500
51/51 - 9s - 175ms/step - loss: 0.3775 - val_loss: 0.3889
Epoch 347/500
51/51 - 9s - 174ms/step - loss: 0.3775 - val_loss: 0.3888
Epoch 348/500
51/51 - 9s - 174ms/step - loss: 0.3774 - val_loss: 0.3888
Epoch 349/500
51/51 - 9s - 174ms/step - loss: 0.3774 - val_loss: 0.3888
Epoch 350/500
51/51 - 9s - 175ms/step - loss: 0.3774 - val_loss: 0.3887
Epoch 351/500
51/51 - 9s - 175ms/step - loss: 0.3773 - val_loss: 0.3887
Epoch 352/500
51/51 - 9s - 174ms/step - loss: 0.3773 - val_loss: 0.3887
Epoch 353/500
51/51 - 9s - 174ms/step - loss: 0.3773 - val_loss: 0.3887
Epoch 354/500
51/51 - 9s - 174ms/step - loss: 0.3772 - val_loss: 0.3886
Epoch 355/500
51/51 - 9s - 174ms/step - loss: 0.3772 - val_loss: 0.3886
Epoch 356/500
51/51 - 9s - 174ms/step - loss: 0.3772 - val_loss: 0.3886
Epoch 357/500
51/51 - 9s - 174ms/step - loss: 0.3771 - val_loss: 0.3885
Epoch 358/500
51/51 - 9s - 173ms/step - loss: 0.3771 - val_loss: 0.3885
Epoch 359/500
51/51 - 9s - 174ms/step - loss: 0.3771 - val_loss: 0.3885
Epoch 360/500
51/51 - 9s - 174ms/step - loss: 0.3770 - val_loss: 0.3885
Epoch 361/500
51/51 - 9s - 175ms/step - loss: 0.3770 - val_loss: 0.3884
Epoch 362/500
51/51 - 9s - 174ms/step - loss: 0.3770 - val_loss: 0.3884
Epoch 363/500
51/51 - 9s - 174ms/step - loss: 0.3769 - val_loss: 0.3884
Epoch 364/500
51/51 - 9s - 174ms/step - loss: 0.3769 - val_loss: 0.3883
Epoch 365/500
51/51 - 9s - 175ms/step - loss: 0.3769 - val_loss: 0.3883
Epoch 366/500
51/51 - 9s - 175ms/step - loss: 0.3769 - val_loss: 0.3883
Epoch 367/500
51/51 - 9s - 174ms/step - loss: 0.3768 - val_loss: 0.3883
Epoch 368/500
51/51 - 9s - 174ms/step - loss: 0.3768 - val_loss: 0.3882
Epoch 369/500
51/51 - 9s - 174ms/step - loss: 0.3768 - val_loss: 0.3882
Epoch 370/500
51/51 - 9s - 173ms/step - loss: 0.3767 - val_loss: 0.3882
Epoch 371/500
51/51 - 9s - 173ms/step - loss: 0.3767 - val_loss: 0.3882
Epoch 372/500
51/51 - 9s - 175ms/step - loss: 0.3767 - val_loss: 0.3881
Epoch 373/500
51/51 - 9s - 174ms/step - loss: 0.3767 - val_loss: 0.3881
Epoch 374/500
51/51 - 9s - 173ms/step - loss: 0.3766 - val_loss: 0.3881
Epoch 375/500
51/51 - 9s - 174ms/step - loss: 0.3766 - val_loss: 0.3881
Epoch 376/500
51/51 - 9s - 174ms/step - loss: 0.3766 - val_loss: 0.3880
Epoch 377/500
51/51 - 9s - 175ms/step - loss: 0.3765 - val_loss: 0.3880
Epoch 378/500
51/51 - 9s - 174ms/step - loss: 0.3765 - val_loss: 0.3880
Epoch 379/500
51/51 - 9s - 174ms/step - loss: 0.3765 - val_loss: 0.3879
Epoch 380/500
51/51 - 9s - 175ms/step - loss: 0.3765 - val_loss: 0.3879
Epoch 381/500
51/51 - 9s - 175ms/step - loss: 0.3764 - val_loss: 0.3879
Epoch 382/500
51/51 - 9s - 175ms/step - loss: 0.3764 - val_loss: 0.3879
Epoch 383/500
51/51 - 9s - 174ms/step - loss: 0.3764 - val_loss: 0.3879
Epoch 384/500
51/51 - 9s - 174ms/step - loss: 0.3763 - val_loss: 0.3878
Epoch 385/500
51/51 - 9s - 174ms/step - loss: 0.3763 - val_loss: 0.3878
Epoch 386/500
51/51 - 9s - 174ms/step - loss: 0.3763 - val_loss: 0.3878
Epoch 387/500
51/51 - 9s - 174ms/step - loss: 0.3763 - val_loss: 0.3878
Epoch 388/500
51/51 - 9s - 174ms/step - loss: 0.3762 - val_loss: 0.3877
Epoch 389/500
51/51 - 9s - 176ms/step - loss: 0.3762 - val_loss: 0.3877
Epoch 390/500
51/51 - 9s - 175ms/step - loss: 0.3762 - val_loss: 0.3877
Epoch 391/500
51/51 - 9s - 175ms/step - loss: 0.3762 - val_loss: 0.3877
Epoch 392/500
51/51 - 9s - 175ms/step - loss: 0.3761 - val_loss: 0.3876
Epoch 393/500
51/51 - 9s - 176ms/step - loss: 0.3761 - val_loss: 0.3876
Epoch 394/500
51/51 - 9s - 175ms/step - loss: 0.3761 - val_loss: 0.3876
Epoch 395/500
51/51 - 9s - 174ms/step - loss: 0.3761 - val_loss: 0.3876
Epoch 396/500
51/51 - 9s - 174ms/step - loss: 0.3760 - val_loss: 0.3875
Epoch 397/500
51/51 - 9s - 175ms/step - loss: 0.3760 - val_loss: 0.3875
Epoch 398/500
51/51 - 9s - 174ms/step - loss: 0.3760 - val_loss: 0.3875
Epoch 399/500
51/51 - 9s - 173ms/step - loss: 0.3760 - val_loss: 0.3875
Epoch 400/500
51/51 - 9s - 174ms/step - loss: 0.3759 - val_loss: 0.3875
Epoch 401/500
51/51 - 9s - 174ms/step - loss: 0.3759 - val_loss: 0.3874
Epoch 402/500
51/51 - 9s - 174ms/step - loss: 0.3759 - val_loss: 0.3874
Epoch 403/500
51/51 - 9s - 174ms/step - loss: 0.3759 - val_loss: 0.3874
Epoch 404/500
51/51 - 9s - 174ms/step - loss: 0.3758 - val_loss: 0.3874
Epoch 405/500
51/51 - 9s - 173ms/step - loss: 0.3758 - val_loss: 0.3873
Epoch 406/500
51/51 - 9s - 173ms/step - loss: 0.3758 - val_loss: 0.3873
Epoch 407/500
51/51 - 9s - 173ms/step - loss: 0.3758 - val_loss: 0.3873
Epoch 408/500
51/51 - 9s - 174ms/step - loss: 0.3757 - val_loss: 0.3873
Epoch 409/500
51/51 - 9s - 174ms/step - loss: 0.3757 - val_loss: 0.3873
Epoch 410/500
51/51 - 9s - 175ms/step - loss: 0.3757 - val_loss: 0.3872
Epoch 411/500
51/51 - 9s - 175ms/step - loss: 0.3757 - val_loss: 0.3872
Epoch 412/500
51/51 - 9s - 175ms/step - loss: 0.3756 - val_loss: 0.3872
Epoch 413/500
51/51 - 9s - 176ms/step - loss: 0.3756 - val_loss: 0.3872
Epoch 414/500
51/51 - 9s - 175ms/step - loss: 0.3756 - val_loss: 0.3872
Epoch 415/500
51/51 - 9s - 175ms/step - loss: 0.3756 - val_loss: 0.3871
Epoch 416/500
51/51 - 9s - 175ms/step - loss: 0.3755 - val_loss: 0.3871
Epoch 417/500
51/51 - 9s - 176ms/step - loss: 0.3755 - val_loss: 0.3871
Epoch 418/500
51/51 - 9s - 174ms/step - loss: 0.3755 - val_loss: 0.3871
Epoch 419/500
51/51 - 9s - 175ms/step - loss: 0.3755 - val_loss: 0.3871
Epoch 420/500
51/51 - 9s - 174ms/step - loss: 0.3754 - val_loss: 0.3870
Epoch 421/500
51/51 - 9s - 174ms/step - loss: 0.3754 - val_loss: 0.3870
Epoch 422/500
51/51 - 9s - 174ms/step - loss: 0.3754 - val_loss: 0.3870
Epoch 423/500
51/51 - 9s - 175ms/step - loss: 0.3754 - val_loss: 0.3870
Epoch 424/500
51/51 - 9s - 176ms/step - loss: 0.3754 - val_loss: 0.3870
Epoch 425/500
51/51 - 9s - 174ms/step - loss: 0.3753 - val_loss: 0.3869
Epoch 426/500
51/51 - 9s - 174ms/step - loss: 0.3753 - val_loss: 0.3869
Epoch 427/500
51/51 - 9s - 174ms/step - loss: 0.3753 - val_loss: 0.3869
Epoch 428/500
51/51 - 9s - 175ms/step - loss: 0.3753 - val_loss: 0.3869
Epoch 429/500
51/51 - 9s - 175ms/step - loss: 0.3752 - val_loss: 0.3869
Epoch 430/500
51/51 - 9s - 175ms/step - loss: 0.3752 - val_loss: 0.3868
Epoch 431/500
51/51 - 9s - 174ms/step - loss: 0.3752 - val_loss: 0.3868
Epoch 432/500
51/51 - 9s - 175ms/step - loss: 0.3752 - val_loss: 0.3868
Epoch 433/500
51/51 - 9s - 174ms/step - loss: 0.3752 - val_loss: 0.3868
Epoch 434/500
51/51 - 9s - 174ms/step - loss: 0.3751 - val_loss: 0.3868
Epoch 435/500
51/51 - 9s - 175ms/step - loss: 0.3751 - val_loss: 0.3867
Epoch 436/500
51/51 - 9s - 173ms/step - loss: 0.3751 - val_loss: 0.3867
Epoch 437/500
51/51 - 9s - 174ms/step - loss: 0.3751 - val_loss: 0.3867
Epoch 438/500
51/51 - 9s - 174ms/step - loss: 0.3750 - val_loss: 0.3867
Epoch 439/500
51/51 - 9s - 174ms/step - loss: 0.3750 - val_loss: 0.3867
Epoch 440/500
51/51 - 9s - 174ms/step - loss: 0.3750 - val_loss: 0.3867
Epoch 441/500
51/51 - 9s - 173ms/step - loss: 0.3750 - val_loss: 0.3866
Epoch 442/500
51/51 - 9s - 174ms/step - loss: 0.3750 - val_loss: 0.3866
Epoch 443/500
51/51 - 9s - 175ms/step - loss: 0.3749 - val_loss: 0.3866
Epoch 444/500
51/51 - 9s - 175ms/step - loss: 0.3749 - val_loss: 0.3866
Epoch 445/500
51/51 - 9s - 174ms/step - loss: 0.3749 - val_loss: 0.3866
Epoch 446/500
51/51 - 9s - 173ms/step - loss: 0.3749 - val_loss: 0.3866
Epoch 447/500
51/51 - 9s - 175ms/step - loss: 0.3749 - val_loss: 0.3865
Epoch 448/500
51/51 - 9s - 175ms/step - loss: 0.3748 - val_loss: 0.3865
Epoch 449/500
51/51 - 9s - 174ms/step - loss: 0.3748 - val_loss: 0.3865
Epoch 450/500
51/51 - 9s - 174ms/step - loss: 0.3748 - val_loss: 0.3865
Epoch 451/500
51/51 - 9s - 175ms/step - loss: 0.3748 - val_loss: 0.3865
Epoch 452/500
51/51 - 9s - 174ms/step - loss: 0.3748 - val_loss: 0.3865
Epoch 453/500
51/51 - 9s - 174ms/step - loss: 0.3747 - val_loss: 0.3864
Epoch 454/500
51/51 - 9s - 175ms/step - loss: 0.3747 - val_loss: 0.3864
Epoch 455/500
51/51 - 9s - 174ms/step - loss: 0.3747 - val_loss: 0.3864
Epoch 456/500
51/51 - 9s - 172ms/step - loss: 0.3747 - val_loss: 0.3864
Epoch 457/500
51/51 - 9s - 174ms/step - loss: 0.3747 - val_loss: 0.3864
Epoch 458/500
51/51 - 9s - 174ms/step - loss: 0.3746 - val_loss: 0.3864
Epoch 459/500
51/51 - 9s - 174ms/step - loss: 0.3746 - val_loss: 0.3863
Epoch 460/500
51/51 - 9s - 174ms/step - loss: 0.3746 - val_loss: 0.3863
Epoch 461/500
51/51 - 9s - 177ms/step - loss: 0.3746 - val_loss: 0.3863
Epoch 462/500
51/51 - 9s - 174ms/step - loss: 0.3746 - val_loss: 0.3863
Epoch 463/500
51/51 - 9s - 174ms/step - loss: 0.3745 - val_loss: 0.3863
Epoch 464/500
51/51 - 9s - 176ms/step - loss: 0.3745 - val_loss: 0.3863
Epoch 465/500
51/51 - 9s - 174ms/step - loss: 0.3745 - val_loss: 0.3862
Epoch 466/500
51/51 - 9s - 174ms/step - loss: 0.3745 - val_loss: 0.3862
Epoch 467/500
51/51 - 9s - 174ms/step - loss: 0.3745 - val_loss: 0.3862
Epoch 468/500
51/51 - 9s - 174ms/step - loss: 0.3744 - val_loss: 0.3862
Epoch 469/500
51/51 - 9s - 174ms/step - loss: 0.3744 - val_loss: 0.3862
Epoch 470/500
51/51 - 9s - 175ms/step - loss: 0.3744 - val_loss: 0.3862
Epoch 471/500
51/51 - 9s - 174ms/step - loss: 0.3744 - val_loss: 0.3862
Epoch 472/500
51/51 - 9s - 174ms/step - loss: 0.3744 - val_loss: 0.3861
Epoch 473/500
51/51 - 9s - 175ms/step - loss: 0.3743 - val_loss: 0.3861
Epoch 474/500
51/51 - 9s - 174ms/step - loss: 0.3743 - val_loss: 0.3861
Epoch 475/500
51/51 - 9s - 174ms/step - loss: 0.3743 - val_loss: 0.3861
Epoch 476/500
51/51 - 9s - 175ms/step - loss: 0.3743 - val_loss: 0.3861
Epoch 477/500
51/51 - 9s - 174ms/step - loss: 0.3743 - val_loss: 0.3861
Epoch 478/500
51/51 - 9s - 174ms/step - loss: 0.3742 - val_loss: 0.3860
Epoch 479/500
51/51 - 9s - 174ms/step - loss: 0.3742 - val_loss: 0.3860
Epoch 480/500
51/51 - 9s - 175ms/step - loss: 0.3742 - val_loss: 0.3860
Epoch 481/500
51/51 - 9s - 174ms/step - loss: 0.3742 - val_loss: 0.3860
Epoch 482/500
51/51 - 9s - 174ms/step - loss: 0.3742 - val_loss: 0.3860
Epoch 483/500
51/51 - 9s - 175ms/step - loss: 0.3742 - val_loss: 0.3860
Epoch 484/500
51/51 - 9s - 175ms/step - loss: 0.3741 - val_loss: 0.3860
Epoch 485/500
51/51 - 9s - 175ms/step - loss: 0.3741 - val_loss: 0.3859
Epoch 486/500
51/51 - 9s - 173ms/step - loss: 0.3741 - val_loss: 0.3859
Epoch 487/500
51/51 - 9s - 175ms/step - loss: 0.3741 - val_loss: 0.3859
Epoch 488/500
51/51 - 9s - 174ms/step - loss: 0.3741 - val_loss: 0.3859
Epoch 489/500
51/51 - 9s - 175ms/step - loss: 0.3740 - val_loss: 0.3859
Epoch 490/500
51/51 - 9s - 174ms/step - loss: 0.3740 - val_loss: 0.3859
Epoch 491/500
51/51 - 9s - 174ms/step - loss: 0.3740 - val_loss: 0.3859
Epoch 492/500
51/51 - 9s - 174ms/step - loss: 0.3740 - val_loss: 0.3858
Epoch 493/500
51/51 - 9s - 174ms/step - loss: 0.3740 - val_loss: 0.3858
Epoch 494/500
51/51 - 9s - 176ms/step - loss: 0.3740 - val_loss: 0.3858
Epoch 495/500
51/51 - 9s - 174ms/step - loss: 0.3739 - val_loss: 0.3858
Epoch 496/500
51/51 - 9s - 174ms/step - loss: 0.3739 - val_loss: 0.3858
Epoch 497/500
51/51 - 9s - 175ms/step - loss: 0.3739 - val_loss: 0.3858
Epoch 498/500
51/51 - 9s - 175ms/step - loss: 0.3739 - val_loss: 0.3858
Epoch 499/500
51/51 - 9s - 174ms/step - loss: 0.3739 - val_loss: 0.3857
Epoch 500/500
51/51 - 9s - 174ms/step - loss: 0.3739 - val_loss: 0.3857
[Run 1/1] Training single encoder baseline (baseline preprocessing, linear structure, sigmoid head)...
[Run 1/1] Shared encoder (unweight) validation threshold=0.7610 (balanced_accuracy=0.8282).
[Run 1/1] Shared encoder (weighted) validation threshold=0.3391 (balanced_accuracy=0.8193).
