Training log file: /home/xx4455/Comparable/Code/Synthetic/Results/TrainingLogs/comm_default_20260331_224910.log
Starting experiments (dataset=comm, sensitive_attribute=default).
[Run 1/5] Training shared encoder (unweighted)...
Epoch 1/100
55/55 - 23s - 427ms/step - loss: 0.9745 - val_loss: 0.9359
Epoch 2/100
/.autofs/tools/spack/var/spack/environments/default-ml-x86_64-25052701/.spack-env/._view/ackkilzxpxj5vqt4yijvagqylfanqzj6/lib/python3.11/contextlib.py:158: UserWarning: Your input ran out of data; interrupting training. Make sure that your dataset or generator can generate at least `steps_per_epoch * epochs` batches. You may need to use the `.repeat()` function when building your dataset.
  self.gen.throw(typ, value, traceback)
55/55 - 19s - 338ms/step - loss: 0.8363 - val_loss: 0.0000e+00
Epoch 3/100
55/55 - 12s - 215ms/step - loss: 0.6992 - val_loss: 0.6657
Epoch 4/100
55/55 - 8s - 152ms/step - loss: 0.6795 - val_loss: 0.0000e+00
Epoch 5/100
55/55 - 12s - 211ms/step - loss: 0.6668 - val_loss: 0.6426
Epoch 6/100
55/55 - 18s - 330ms/step - loss: 0.6534 - val_loss: 0.0000e+00
Epoch 7/100
55/55 - 11s - 193ms/step - loss: 0.6423 - val_loss: 0.6237
Epoch 8/100
55/55 - 8s - 149ms/step - loss: 0.6350 - val_loss: 0.0000e+00
Epoch 9/100
55/55 - 12s - 213ms/step - loss: 0.6301 - val_loss: 0.6156
Epoch 10/100
55/55 - 8s - 148ms/step - loss: 0.6267 - val_loss: 0.0000e+00
Epoch 11/100
55/55 - 12s - 212ms/step - loss: 0.6238 - val_loss: 0.6102
Epoch 12/100
55/55 - 7s - 136ms/step - loss: 0.6213 - val_loss: 0.0000e+00
[Run 1/5] Training shared encoder (weighted)...
Epoch 1/100
55/55 - 16s - 290ms/step - loss: 0.9713 - val_loss: 0.9244
Epoch 2/100
/.autofs/tools/spack/var/spack/environments/default-ml-x86_64-25052701/.spack-env/._view/ackkilzxpxj5vqt4yijvagqylfanqzj6/lib/python3.11/contextlib.py:158: UserWarning: Your input ran out of data; interrupting training. Make sure that your dataset or generator can generate at least `steps_per_epoch * epochs` batches. You may need to use the `.repeat()` function when building your dataset.
  self.gen.throw(typ, value, traceback)
55/55 - 19s - 340ms/step - loss: 0.8186 - val_loss: 0.0000e+00
Epoch 3/100
55/55 - 12s - 218ms/step - loss: 0.7372 - val_loss: 0.7016
Epoch 4/100
55/55 - 9s - 159ms/step - loss: 0.7152 - val_loss: 0.0000e+00
Epoch 5/100
55/55 - 13s - 230ms/step - loss: 0.6976 - val_loss: 0.6735
Epoch 6/100
55/55 - 18s - 327ms/step - loss: 0.6851 - val_loss: 0.0000e+00
Epoch 7/100
55/55 - 11s - 202ms/step - loss: 0.6767 - val_loss: 0.6582
Epoch 8/100
55/55 - 9s - 166ms/step - loss: 0.6708 - val_loss: 0.0000e+00
Epoch 9/100
55/55 - 13s - 233ms/step - loss: 0.6660 - val_loss: 0.6512
Epoch 10/100
55/55 - 18s - 325ms/step - loss: 0.6619 - val_loss: 0.0000e+00
Epoch 11/100
55/55 - 10s - 173ms/step - loss: 0.6581 - val_loss: 0.6415
Epoch 12/100
55/55 - 18s - 329ms/step - loss: 0.6540 - val_loss: 0.0000e+00
[Run 1/5] Training single encoder baseline...
[Run 2/5] Training shared encoder (unweighted)...
Epoch 1/100
55/55 - 16s - 290ms/step - loss: 0.9397 - val_loss: 0.8508
Epoch 2/100
/.autofs/tools/spack/var/spack/environments/default-ml-x86_64-25052701/.spack-env/._view/ackkilzxpxj5vqt4yijvagqylfanqzj6/lib/python3.11/contextlib.py:158: UserWarning: Your input ran out of data; interrupting training. Make sure that your dataset or generator can generate at least `steps_per_epoch * epochs` batches. You may need to use the `.repeat()` function when building your dataset.
  self.gen.throw(typ, value, traceback)
55/55 - 19s - 344ms/step - loss: 0.7590 - val_loss: 0.0000e+00
Epoch 3/100
55/55 - 11s - 206ms/step - loss: 0.6892 - val_loss: 0.6633
Epoch 4/100
55/55 - 9s - 158ms/step - loss: 0.6584 - val_loss: 0.0000e+00
Epoch 5/100
55/55 - 12s - 219ms/step - loss: 0.6495 - val_loss: 0.6415
Epoch 6/100
55/55 - 9s - 155ms/step - loss: 0.6449 - val_loss: 0.0000e+00
Epoch 7/100
55/55 - 12s - 212ms/step - loss: 0.6397 - val_loss: 0.6317
Epoch 8/100
55/55 - 8s - 153ms/step - loss: 0.6354 - val_loss: 0.0000e+00
Epoch 9/100
55/55 - 12s - 212ms/step - loss: 0.6319 - val_loss: 0.6243
Epoch 10/100
55/55 - 8s - 151ms/step - loss: 0.6286 - val_loss: 0.0000e+00
Epoch 11/100
55/55 - 12s - 212ms/step - loss: 0.6258 - val_loss: 0.6180
Epoch 12/100
55/55 - 8s - 153ms/step - loss: 0.6230 - val_loss: 0.0000e+00
[Run 2/5] Training shared encoder (weighted)...
Epoch 1/100
55/55 - 16s - 288ms/step - loss: 0.9855 - val_loss: 0.9581
Epoch 2/100
/.autofs/tools/spack/var/spack/environments/default-ml-x86_64-25052701/.spack-env/._view/ackkilzxpxj5vqt4yijvagqylfanqzj6/lib/python3.11/contextlib.py:158: UserWarning: Your input ran out of data; interrupting training. Make sure that your dataset or generator can generate at least `steps_per_epoch * epochs` batches. You may need to use the `.repeat()` function when building your dataset.
  self.gen.throw(typ, value, traceback)
55/55 - 19s - 343ms/step - loss: 0.8760 - val_loss: 0.0000e+00
Epoch 3/100
55/55 - 12s - 220ms/step - loss: 0.7273 - val_loss: 0.7144
Epoch 4/100
55/55 - 18s - 331ms/step - loss: 0.7069 - val_loss: 0.0000e+00
Epoch 5/100
55/55 - 11s - 207ms/step - loss: 0.6951 - val_loss: 0.6919
Epoch 6/100
55/55 - 18s - 327ms/step - loss: 0.6849 - val_loss: 0.0000e+00
Epoch 7/100
55/55 - 10s - 178ms/step - loss: 0.6760 - val_loss: 0.6779
Epoch 8/100
55/55 - 9s - 168ms/step - loss: 0.6694 - val_loss: 0.0000e+00
Epoch 9/100
55/55 - 13s - 228ms/step - loss: 0.6634 - val_loss: 0.6671
Epoch 10/100
55/55 - 9s - 162ms/step - loss: 0.6584 - val_loss: 0.0000e+00
Epoch 11/100
55/55 - 12s - 225ms/step - loss: 0.6539 - val_loss: 0.6578
Epoch 12/100
55/55 - 9s - 160ms/step - loss: 0.6493 - val_loss: 0.0000e+00
[Run 2/5] Training single encoder baseline...
[Run 3/5] Training shared encoder (unweighted)...
Epoch 1/100
55/55 - 16s - 295ms/step - loss: 0.9161 - val_loss: 0.7663
Epoch 2/100
/.autofs/tools/spack/var/spack/environments/default-ml-x86_64-25052701/.spack-env/._view/ackkilzxpxj5vqt4yijvagqylfanqzj6/lib/python3.11/contextlib.py:158: UserWarning: Your input ran out of data; interrupting training. Make sure that your dataset or generator can generate at least `steps_per_epoch * epochs` batches. You may need to use the `.repeat()` function when building your dataset.
  self.gen.throw(typ, value, traceback)
55/55 - 19s - 341ms/step - loss: 0.6972 - val_loss: 0.0000e+00
Epoch 3/100
55/55 - 11s - 206ms/step - loss: 0.6603 - val_loss: 0.6507
Epoch 4/100
55/55 - 18s - 330ms/step - loss: 0.6479 - val_loss: 0.0000e+00
Epoch 5/100
55/55 - 11s - 198ms/step - loss: 0.6408 - val_loss: 0.6367
Epoch 6/100
55/55 - 9s - 160ms/step - loss: 0.6357 - val_loss: 0.0000e+00
Epoch 7/100
55/55 - 12s - 214ms/step - loss: 0.6316 - val_loss: 0.6279
Epoch 8/100
55/55 - 8s - 151ms/step - loss: 0.6287 - val_loss: 0.0000e+00
Epoch 9/100
55/55 - 12s - 214ms/step - loss: 0.6263 - val_loss: 0.6235
Epoch 10/100
55/55 - 8s - 149ms/step - loss: 0.6241 - val_loss: 0.0000e+00
Epoch 11/100
55/55 - 11s - 198ms/step - loss: 0.6219 - val_loss: 0.6188
Epoch 12/100
55/55 - 8s - 152ms/step - loss: 0.6195 - val_loss: 0.0000e+00
[Run 3/5] Training shared encoder (weighted)...
Epoch 1/100
55/55 - 15s - 279ms/step - loss: 0.8960 - val_loss: 0.8119
Epoch 2/100
/.autofs/tools/spack/var/spack/environments/default-ml-x86_64-25052701/.spack-env/._view/ackkilzxpxj5vqt4yijvagqylfanqzj6/lib/python3.11/contextlib.py:158: UserWarning: Your input ran out of data; interrupting training. Make sure that your dataset or generator can generate at least `steps_per_epoch * epochs` batches. You may need to use the `.repeat()` function when building your dataset.
  self.gen.throw(typ, value, traceback)
55/55 - 19s - 346ms/step - loss: 0.7644 - val_loss: 0.0000e+00
Epoch 3/100
55/55 - 12s - 218ms/step - loss: 0.7375 - val_loss: 0.7435
Epoch 4/100
55/55 - 18s - 326ms/step - loss: 0.7187 - val_loss: 0.0000e+00
Epoch 5/100
55/55 - 12s - 214ms/step - loss: 0.7047 - val_loss: 0.7154
Epoch 6/100
55/55 - 18s - 326ms/step - loss: 0.6941 - val_loss: 0.0000e+00
Epoch 7/100
55/55 - 10s - 180ms/step - loss: 0.6862 - val_loss: 0.6968
Epoch 8/100
55/55 - 9s - 166ms/step - loss: 0.6794 - val_loss: 0.0000e+00
Epoch 9/100
55/55 - 13s - 230ms/step - loss: 0.6731 - val_loss: 0.6832
Epoch 10/100
55/55 - 9s - 161ms/step - loss: 0.6678 - val_loss: 0.0000e+00
Epoch 11/100
55/55 - 12s - 223ms/step - loss: 0.6630 - val_loss: 0.6744
Epoch 12/100
55/55 - 9s - 162ms/step - loss: 0.6579 - val_loss: 0.0000e+00
[Run 3/5] Training single encoder baseline...
[Run 4/5] Training shared encoder (unweighted)...
Epoch 1/100
55/55 - 16s - 298ms/step - loss: 0.9614 - val_loss: 0.9077
Epoch 2/100
/.autofs/tools/spack/var/spack/environments/default-ml-x86_64-25052701/.spack-env/._view/ackkilzxpxj5vqt4yijvagqylfanqzj6/lib/python3.11/contextlib.py:158: UserWarning: Your input ran out of data; interrupting training. Make sure that your dataset or generator can generate at least `steps_per_epoch * epochs` batches. You may need to use the `.repeat()` function when building your dataset.
  self.gen.throw(typ, value, traceback)
55/55 - 19s - 345ms/step - loss: 0.7746 - val_loss: 0.0000e+00
Epoch 3/100
55/55 - 11s - 204ms/step - loss: 0.6725 - val_loss: 0.6795
Epoch 4/100
55/55 - 8s - 155ms/step - loss: 0.6549 - val_loss: 0.0000e+00
Epoch 5/100
55/55 - 12s - 215ms/step - loss: 0.6470 - val_loss: 0.6625
Epoch 6/100
55/55 - 8s - 153ms/step - loss: 0.6408 - val_loss: 0.0000e+00
Epoch 7/100
55/55 - 12s - 213ms/step - loss: 0.6357 - val_loss: 0.6489
Epoch 8/100
55/55 - 18s - 329ms/step - loss: 0.6308 - val_loss: 0.0000e+00
Epoch 9/100
55/55 - 11s - 198ms/step - loss: 0.6257 - val_loss: 0.6371
Epoch 10/100
55/55 - 9s - 159ms/step - loss: 0.6217 - val_loss: 0.0000e+00
Epoch 11/100
55/55 - 12s - 218ms/step - loss: 0.6182 - val_loss: 0.6304
Epoch 12/100
55/55 - 9s - 158ms/step - loss: 0.6155 - val_loss: 0.0000e+00
[Run 4/5] Training shared encoder (weighted)...
Epoch 1/100
55/55 - 16s - 294ms/step - loss: 0.9758 - val_loss: 0.9385
Epoch 2/100
/.autofs/tools/spack/var/spack/environments/default-ml-x86_64-25052701/.spack-env/._view/ackkilzxpxj5vqt4yijvagqylfanqzj6/lib/python3.11/contextlib.py:158: UserWarning: Your input ran out of data; interrupting training. Make sure that your dataset or generator can generate at least `steps_per_epoch * epochs` batches. You may need to use the `.repeat()` function when building your dataset.
  self.gen.throw(typ, value, traceback)
55/55 - 19s - 343ms/step - loss: 0.8463 - val_loss: 0.0000e+00
Epoch 3/100
55/55 - 12s - 219ms/step - loss: 0.7555 - val_loss: 0.7452
Epoch 4/100
55/55 - 9s - 163ms/step - loss: 0.7418 - val_loss: 0.0000e+00
Epoch 5/100
55/55 - 12s - 227ms/step - loss: 0.7283 - val_loss: 0.7153
Epoch 6/100
55/55 - 9s - 163ms/step - loss: 0.7153 - val_loss: 0.0000e+00
Epoch 7/100
55/55 - 12s - 226ms/step - loss: 0.7047 - val_loss: 0.6885
Epoch 8/100
55/55 - 18s - 328ms/step - loss: 0.6950 - val_loss: 0.0000e+00
Epoch 9/100
55/55 - 11s - 207ms/step - loss: 0.6883 - val_loss: 0.6714
Epoch 10/100
55/55 - 9s - 159ms/step - loss: 0.6823 - val_loss: 0.0000e+00
Epoch 11/100
55/55 - 12s - 226ms/step - loss: 0.6780 - val_loss: 0.6568
Epoch 12/100
55/55 - 9s - 160ms/step - loss: 0.6745 - val_loss: 0.0000e+00
[Run 4/5] Training single encoder baseline...
[Run 5/5] Training shared encoder (unweighted)...
Epoch 1/100
55/55 - 16s - 299ms/step - loss: 0.9523 - val_loss: 0.8842
Epoch 2/100
/.autofs/tools/spack/var/spack/environments/default-ml-x86_64-25052701/.spack-env/._view/ackkilzxpxj5vqt4yijvagqylfanqzj6/lib/python3.11/contextlib.py:158: UserWarning: Your input ran out of data; interrupting training. Make sure that your dataset or generator can generate at least `steps_per_epoch * epochs` batches. You may need to use the `.repeat()` function when building your dataset.
  self.gen.throw(typ, value, traceback)
55/55 - 19s - 340ms/step - loss: 0.8149 - val_loss: 0.0000e+00
Epoch 3/100
55/55 - 11s - 202ms/step - loss: 0.7331 - val_loss: 0.6943
Epoch 4/100
55/55 - 18s - 333ms/step - loss: 0.6846 - val_loss: 0.0000e+00
Epoch 5/100
55/55 - 11s - 195ms/step - loss: 0.6648 - val_loss: 0.6413
Epoch 6/100
55/55 - 8s - 154ms/step - loss: 0.6520 - val_loss: 0.0000e+00
Epoch 7/100
55/55 - 12s - 212ms/step - loss: 0.6424 - val_loss: 0.6208
Epoch 8/100
55/55 - 8s - 152ms/step - loss: 0.6365 - val_loss: 0.0000e+00
Epoch 9/100
55/55 - 12s - 212ms/step - loss: 0.6326 - val_loss: 0.6137
Epoch 10/100
55/55 - 8s - 154ms/step - loss: 0.6289 - val_loss: 0.0000e+00
Epoch 11/100
55/55 - 12s - 212ms/step - loss: 0.6252 - val_loss: 0.6065
Epoch 12/100
55/55 - 8s - 152ms/step - loss: 0.6226 - val_loss: 0.0000e+00
[Run 5/5] Training shared encoder (weighted)...
Epoch 1/100
55/55 - 16s - 287ms/step - loss: 0.9668 - val_loss: 0.9109
Epoch 2/100
/.autofs/tools/spack/var/spack/environments/default-ml-x86_64-25052701/.spack-env/._view/ackkilzxpxj5vqt4yijvagqylfanqzj6/lib/python3.11/contextlib.py:158: UserWarning: Your input ran out of data; interrupting training. Make sure that your dataset or generator can generate at least `steps_per_epoch * epochs` batches. You may need to use the `.repeat()` function when building your dataset.
  self.gen.throw(typ, value, traceback)
55/55 - 19s - 343ms/step - loss: 0.8079 - val_loss: 0.0000e+00
Epoch 3/100
55/55 - 13s - 229ms/step - loss: 0.7290 - val_loss: 0.7259
Epoch 4/100
55/55 - 9s - 166ms/step - loss: 0.7105 - val_loss: 0.0000e+00
Epoch 5/100
55/55 - 13s - 235ms/step - loss: 0.7012 - val_loss: 0.7039
Epoch 6/100
55/55 - 18s - 328ms/step - loss: 0.6938 - val_loss: 0.0000e+00
Epoch 7/100
55/55 - 12s - 209ms/step - loss: 0.6867 - val_loss: 0.6874
Epoch 8/100
55/55 - 18s - 327ms/step - loss: 0.6801 - val_loss: 0.0000e+00
Epoch 9/100
55/55 - 10s - 181ms/step - loss: 0.6747 - val_loss: 0.6756
Epoch 10/100
55/55 - 18s - 328ms/step - loss: 0.6704 - val_loss: 0.0000e+00
Epoch 11/100
55/55 - 7s - 129ms/step - loss: 0.6666 - val_loss: 0.6673
Epoch 12/100
55/55 - 9s - 166ms/step - loss: 0.6631 - val_loss: 0.0000e+00
[Run 5/5] Training single encoder baseline...
