Training log file: /home/xx4455/Comparable/Code/Synthetic/Results/TrainingLogs/comm_default_20260405_115227.log
Starting experiments (dataset=comm, sensitive_attribute=default).
[Run 1/5] Training shared encoder (unweighted)...
Epoch 1/500
55/55 - 18s - 336ms/step - loss: 0.9726 - val_loss: 0.9295
Epoch 2/500
55/55 - 9s - 159ms/step - loss: 0.8241 - val_loss: 0.7429
Epoch 3/500
55/55 - 8s - 151ms/step - loss: 0.7105 - val_loss: 0.6922
Epoch 4/500
55/55 - 8s - 154ms/step - loss: 0.6732 - val_loss: 0.6722
Epoch 5/500
55/55 - 9s - 156ms/step - loss: 0.6540 - val_loss: 0.6630
Epoch 6/500
55/55 - 8s - 153ms/step - loss: 0.6432 - val_loss: 0.6548
Epoch 7/500
55/55 - 8s - 153ms/step - loss: 0.6352 - val_loss: 0.6475
Epoch 8/500
55/55 - 8s - 153ms/step - loss: 0.6288 - val_loss: 0.6425
Epoch 9/500
55/55 - 8s - 153ms/step - loss: 0.6245 - val_loss: 0.6376
Epoch 10/500
55/55 - 8s - 153ms/step - loss: 0.6214 - val_loss: 0.6349
Epoch 11/500
55/55 - 8s - 154ms/step - loss: 0.6188 - val_loss: 0.6328
Epoch 12/500
55/55 - 8s - 153ms/step - loss: 0.6165 - val_loss: 0.6317
Epoch 13/500
55/55 - 8s - 153ms/step - loss: 0.6144 - val_loss: 0.6295
Epoch 14/500
55/55 - 8s - 153ms/step - loss: 0.6129 - val_loss: 0.6263
Epoch 15/500
55/55 - 8s - 153ms/step - loss: 0.6116 - val_loss: 0.6257
Epoch 16/500
55/55 - 9s - 156ms/step - loss: 0.6102 - val_loss: 0.6258
Epoch 17/500
55/55 - 11s - 193ms/step - loss: 0.6090 - val_loss: 0.6240
Epoch 18/500
55/55 - 8s - 154ms/step - loss: 0.6078 - val_loss: 0.6234
Epoch 19/500
55/55 - 9s - 156ms/step - loss: 0.6066 - val_loss: 0.6207
Epoch 20/500
55/55 - 11s - 194ms/step - loss: 0.6053 - val_loss: 0.6200
Epoch 21/500
55/55 - 8s - 153ms/step - loss: 0.6043 - val_loss: 0.6197
Epoch 22/500
55/55 - 8s - 154ms/step - loss: 0.6034 - val_loss: 0.6173
Epoch 23/500
55/55 - 8s - 153ms/step - loss: 0.6024 - val_loss: 0.6193
Epoch 24/500
55/55 - 11s - 193ms/step - loss: 0.6014 - val_loss: 0.6197
Epoch 25/500
55/55 - 8s - 153ms/step - loss: 0.6003 - val_loss: 0.6177
Epoch 26/500
55/55 - 8s - 151ms/step - loss: 0.5998 - val_loss: 0.6176
Epoch 27/500
55/55 - 9s - 155ms/step - loss: 0.5983 - val_loss: 0.6158
Epoch 28/500
55/55 - 8s - 154ms/step - loss: 0.5974 - val_loss: 0.6142
Epoch 29/500
55/55 - 8s - 154ms/step - loss: 0.5956 - val_loss: 0.6110
Epoch 30/500
55/55 - 8s - 153ms/step - loss: 0.5943 - val_loss: 0.6107
Epoch 31/500
55/55 - 8s - 154ms/step - loss: 0.5935 - val_loss: 0.6090
Epoch 32/500
55/55 - 9s - 156ms/step - loss: 0.5932 - val_loss: 0.6115
Epoch 33/500
55/55 - 8s - 153ms/step - loss: 0.5919 - val_loss: 0.6093
Epoch 34/500
55/55 - 8s - 153ms/step - loss: 0.5909 - val_loss: 0.6077
Epoch 35/500
55/55 - 8s - 153ms/step - loss: 0.5900 - val_loss: 0.6072
Epoch 36/500
55/55 - 8s - 153ms/step - loss: 0.5893 - val_loss: 0.6048
Epoch 37/500
55/55 - 8s - 152ms/step - loss: 0.5887 - val_loss: 0.6051
Epoch 38/500
55/55 - 8s - 147ms/step - loss: 0.5878 - val_loss: 0.6044
Epoch 39/500
55/55 - 8s - 153ms/step - loss: 0.5875 - val_loss: 0.6044
Epoch 40/500
55/55 - 8s - 154ms/step - loss: 0.5867 - val_loss: 0.6035
Epoch 41/500
55/55 - 8s - 154ms/step - loss: 0.5864 - val_loss: 0.6043
Epoch 42/500
55/55 - 8s - 154ms/step - loss: 0.5857 - val_loss: 0.6017
Epoch 43/500
55/55 - 8s - 153ms/step - loss: 0.5852 - val_loss: 0.6019
Epoch 44/500
55/55 - 8s - 154ms/step - loss: 0.5850 - val_loss: 0.6036
Epoch 45/500
55/55 - 9s - 155ms/step - loss: 0.5844 - val_loss: 0.6022
Epoch 46/500
55/55 - 9s - 155ms/step - loss: 0.5838 - val_loss: 0.6017
Epoch 47/500
55/55 - 8s - 153ms/step - loss: 0.5835 - val_loss: 0.6017
Epoch 48/500
55/55 - 8s - 153ms/step - loss: 0.5828 - val_loss: 0.6019
Epoch 49/500
55/55 - 8s - 154ms/step - loss: 0.5825 - val_loss: 0.6008
Epoch 50/500
55/55 - 9s - 155ms/step - loss: 0.5815 - val_loss: 0.6001
Epoch 51/500
55/55 - 8s - 154ms/step - loss: 0.5812 - val_loss: 0.5994
Epoch 52/500
55/55 - 8s - 153ms/step - loss: 0.5808 - val_loss: 0.5996
Epoch 53/500
55/55 - 8s - 154ms/step - loss: 0.5803 - val_loss: 0.5997
Epoch 54/500
55/55 - 9s - 166ms/step - loss: 0.5802 - val_loss: 0.5990
Epoch 55/500
55/55 - 10s - 182ms/step - loss: 0.5797 - val_loss: 0.5991
Epoch 56/500
55/55 - 8s - 154ms/step - loss: 0.5794 - val_loss: 0.5994
Epoch 57/500
55/55 - 8s - 153ms/step - loss: 0.5786 - val_loss: 0.5994
Epoch 58/500
55/55 - 8s - 153ms/step - loss: 0.5785 - val_loss: 0.5982
Epoch 59/500
55/55 - 8s - 153ms/step - loss: 0.5777 - val_loss: 0.5962
Epoch 60/500
55/55 - 8s - 153ms/step - loss: 0.5771 - val_loss: 0.5962
Epoch 61/500
55/55 - 8s - 153ms/step - loss: 0.5770 - val_loss: 0.5963
Epoch 62/500
55/55 - 8s - 153ms/step - loss: 0.5768 - val_loss: 0.5954
Epoch 63/500
55/55 - 8s - 153ms/step - loss: 0.5764 - val_loss: 0.5956
Epoch 64/500
55/55 - 8s - 153ms/step - loss: 0.5762 - val_loss: 0.5952
Epoch 65/500
55/55 - 8s - 153ms/step - loss: 0.5755 - val_loss: 0.5953
Epoch 66/500
55/55 - 8s - 153ms/step - loss: 0.5752 - val_loss: 0.5960
Epoch 67/500
55/55 - 8s - 152ms/step - loss: 0.5748 - val_loss: 0.5949
Epoch 68/500
55/55 - 8s - 153ms/step - loss: 0.5744 - val_loss: 0.5951
Epoch 69/500
55/55 - 9s - 155ms/step - loss: 0.5741 - val_loss: 0.5947
Epoch 70/500
55/55 - 8s - 154ms/step - loss: 0.5738 - val_loss: 0.5942
Epoch 71/500
55/55 - 8s - 153ms/step - loss: 0.5735 - val_loss: 0.5938
Epoch 72/500
55/55 - 8s - 153ms/step - loss: 0.5731 - val_loss: 0.5931
Epoch 73/500
55/55 - 11s - 194ms/step - loss: 0.5727 - val_loss: 0.5921
Epoch 74/500
55/55 - 9s - 155ms/step - loss: 0.5725 - val_loss: 0.5926
Epoch 75/500
55/55 - 8s - 154ms/step - loss: 0.5718 - val_loss: 0.5926
Epoch 76/500
55/55 - 8s - 153ms/step - loss: 0.5716 - val_loss: 0.5938
Epoch 77/500
55/55 - 8s - 153ms/step - loss: 0.5711 - val_loss: 0.5922
Epoch 78/500
55/55 - 8s - 153ms/step - loss: 0.5712 - val_loss: 0.5912
Epoch 79/500
55/55 - 8s - 151ms/step - loss: 0.5706 - val_loss: 0.5929
Epoch 80/500
55/55 - 8s - 151ms/step - loss: 0.5709 - val_loss: 0.5930
Epoch 81/500
55/55 - 8s - 153ms/step - loss: 0.5706 - val_loss: 0.5918
Epoch 82/500
55/55 - 8s - 153ms/step - loss: 0.5706 - val_loss: 0.5905
Epoch 83/500
55/55 - 8s - 153ms/step - loss: 0.5696 - val_loss: 0.5899
Epoch 84/500
55/55 - 8s - 151ms/step - loss: 0.5697 - val_loss: 0.5894
Epoch 85/500
55/55 - 8s - 152ms/step - loss: 0.5694 - val_loss: 0.5898
Epoch 86/500
55/55 - 8s - 153ms/step - loss: 0.5694 - val_loss: 0.5899
Epoch 87/500
55/55 - 11s - 191ms/step - loss: 0.5690 - val_loss: 0.5901
Epoch 88/500
55/55 - 8s - 153ms/step - loss: 0.5688 - val_loss: 0.5896
Epoch 89/500
55/55 - 8s - 153ms/step - loss: 0.5684 - val_loss: 0.5890
Epoch 90/500
55/55 - 8s - 153ms/step - loss: 0.5682 - val_loss: 0.5887
Epoch 91/500
55/55 - 8s - 153ms/step - loss: 0.5680 - val_loss: 0.5892
Epoch 92/500
55/55 - 8s - 153ms/step - loss: 0.5676 - val_loss: 0.5881
Epoch 93/500
55/55 - 8s - 154ms/step - loss: 0.5670 - val_loss: 0.5881
Epoch 94/500
55/55 - 8s - 154ms/step - loss: 0.5667 - val_loss: 0.5876
Epoch 95/500
55/55 - 8s - 153ms/step - loss: 0.5666 - val_loss: 0.5889
Epoch 96/500
55/55 - 8s - 153ms/step - loss: 0.5671 - val_loss: 0.5879
Epoch 97/500
55/55 - 8s - 154ms/step - loss: 0.5665 - val_loss: 0.5870
Epoch 98/500
55/55 - 8s - 153ms/step - loss: 0.5662 - val_loss: 0.5873
Epoch 99/500
55/55 - 8s - 153ms/step - loss: 0.5656 - val_loss: 0.5871
Epoch 100/500
55/55 - 8s - 154ms/step - loss: 0.5656 - val_loss: 0.5866
Epoch 101/500
55/55 - 11s - 194ms/step - loss: 0.5653 - val_loss: 0.5873
Epoch 102/500
55/55 - 8s - 153ms/step - loss: 0.5653 - val_loss: 0.5858
Epoch 103/500
55/55 - 8s - 153ms/step - loss: 0.5649 - val_loss: 0.5854
Epoch 104/500
55/55 - 8s - 153ms/step - loss: 0.5644 - val_loss: 0.5849
Epoch 105/500
55/55 - 8s - 153ms/step - loss: 0.5640 - val_loss: 0.5849
Epoch 106/500
55/55 - 8s - 153ms/step - loss: 0.5642 - val_loss: 0.5864
Epoch 107/500
55/55 - 8s - 154ms/step - loss: 0.5640 - val_loss: 0.5849
Epoch 108/500
55/55 - 8s - 154ms/step - loss: 0.5638 - val_loss: 0.5837
Epoch 109/500
55/55 - 8s - 153ms/step - loss: 0.5639 - val_loss: 0.5842
Epoch 110/500
55/55 - 8s - 153ms/step - loss: 0.5633 - val_loss: 0.5843
Epoch 111/500
55/55 - 8s - 154ms/step - loss: 0.5631 - val_loss: 0.5840
Epoch 112/500
55/55 - 8s - 154ms/step - loss: 0.5627 - val_loss: 0.5833
Epoch 113/500
55/55 - 8s - 153ms/step - loss: 0.5628 - val_loss: 0.5843
Epoch 114/500
55/55 - 10s - 173ms/step - loss: 0.5625 - val_loss: 0.5837
Epoch 115/500
55/55 - 10s - 174ms/step - loss: 0.5623 - val_loss: 0.5838
Epoch 116/500
55/55 - 8s - 153ms/step - loss: 0.5621 - val_loss: 0.5835
Epoch 117/500
55/55 - 8s - 154ms/step - loss: 0.5620 - val_loss: 0.5831
Epoch 118/500
55/55 - 8s - 154ms/step - loss: 0.5617 - val_loss: 0.5843
Epoch 119/500
55/55 - 8s - 153ms/step - loss: 0.5616 - val_loss: 0.5821
Epoch 120/500
55/55 - 8s - 153ms/step - loss: 0.5615 - val_loss: 0.5817
Epoch 121/500
55/55 - 11s - 194ms/step - loss: 0.5612 - val_loss: 0.5831
Epoch 122/500
55/55 - 8s - 153ms/step - loss: 0.5607 - val_loss: 0.5830
Epoch 123/500
55/55 - 8s - 153ms/step - loss: 0.5607 - val_loss: 0.5822
Epoch 124/500
55/55 - 10s - 174ms/step - loss: 0.5605 - val_loss: 0.5824
Epoch 125/500
55/55 - 10s - 174ms/step - loss: 0.5603 - val_loss: 0.5835
Epoch 126/500
55/55 - 8s - 154ms/step - loss: 0.5608 - val_loss: 0.5847
Epoch 127/500
55/55 - 8s - 153ms/step - loss: 0.5605 - val_loss: 0.5845
Epoch 128/500
55/55 - 11s - 194ms/step - loss: 0.5604 - val_loss: 0.5844
Epoch 129/500
55/55 - 8s - 153ms/step - loss: 0.5600 - val_loss: 0.5821
Epoch 130/500
55/55 - 8s - 154ms/step - loss: 0.5597 - val_loss: 0.5816
[Run 1/5] Training shared encoder (weighted)...
Epoch 1/500
55/55 - 12s - 225ms/step - loss: 0.9673 - val_loss: 0.9145
Epoch 2/500
55/55 - 9s - 163ms/step - loss: 0.8260 - val_loss: 0.7565
Epoch 3/500
55/55 - 9s - 157ms/step - loss: 0.7354 - val_loss: 0.7209
Epoch 4/500
55/55 - 9s - 160ms/step - loss: 0.7034 - val_loss: 0.7026
Epoch 5/500
55/55 - 9s - 160ms/step - loss: 0.6858 - val_loss: 0.6903
Epoch 6/500
55/55 - 9s - 160ms/step - loss: 0.6755 - val_loss: 0.6838
Epoch 7/500
55/55 - 9s - 160ms/step - loss: 0.6680 - val_loss: 0.6778
Epoch 8/500
55/55 - 9s - 160ms/step - loss: 0.6610 - val_loss: 0.6729
Epoch 9/500
55/55 - 9s - 161ms/step - loss: 0.6538 - val_loss: 0.6669
Epoch 10/500
55/55 - 9s - 160ms/step - loss: 0.6487 - val_loss: 0.6612
Epoch 11/500
55/55 - 9s - 160ms/step - loss: 0.6442 - val_loss: 0.6595
Epoch 12/500
55/55 - 9s - 160ms/step - loss: 0.6410 - val_loss: 0.6583
Epoch 13/500
55/55 - 9s - 160ms/step - loss: 0.6387 - val_loss: 0.6573
Epoch 14/500
55/55 - 9s - 159ms/step - loss: 0.6356 - val_loss: 0.6551
Epoch 15/500
55/55 - 9s - 160ms/step - loss: 0.6333 - val_loss: 0.6550
Epoch 16/500
55/55 - 9s - 160ms/step - loss: 0.6308 - val_loss: 0.6513
Epoch 17/500
55/55 - 9s - 160ms/step - loss: 0.6281 - val_loss: 0.6501
Epoch 18/500
55/55 - 9s - 159ms/step - loss: 0.6259 - val_loss: 0.6482
Epoch 19/500
55/55 - 9s - 160ms/step - loss: 0.6245 - val_loss: 0.6425
Epoch 20/500
55/55 - 9s - 159ms/step - loss: 0.6218 - val_loss: 0.6420
Epoch 21/500
55/55 - 9s - 160ms/step - loss: 0.6199 - val_loss: 0.6413
Epoch 22/500
55/55 - 9s - 160ms/step - loss: 0.6182 - val_loss: 0.6399
Epoch 23/500
55/55 - 9s - 160ms/step - loss: 0.6164 - val_loss: 0.6371
Epoch 24/500
55/55 - 9s - 159ms/step - loss: 0.6152 - val_loss: 0.6355
Epoch 25/500
55/55 - 9s - 160ms/step - loss: 0.6126 - val_loss: 0.6332
Epoch 26/500
55/55 - 9s - 160ms/step - loss: 0.6109 - val_loss: 0.6327
Epoch 27/500
55/55 - 9s - 160ms/step - loss: 0.6094 - val_loss: 0.6312
Epoch 28/500
55/55 - 9s - 160ms/step - loss: 0.6078 - val_loss: 0.6309
Epoch 29/500
55/55 - 9s - 160ms/step - loss: 0.6066 - val_loss: 0.6299
Epoch 30/500
55/55 - 9s - 160ms/step - loss: 0.6053 - val_loss: 0.6302
Epoch 31/500
55/55 - 11s - 200ms/step - loss: 0.6039 - val_loss: 0.6295
Epoch 32/500
55/55 - 9s - 160ms/step - loss: 0.6029 - val_loss: 0.6296
Epoch 33/500
55/55 - 9s - 160ms/step - loss: 0.6018 - val_loss: 0.6271
Epoch 34/500
55/55 - 9s - 160ms/step - loss: 0.6013 - val_loss: 0.6274
Epoch 35/500
55/55 - 9s - 160ms/step - loss: 0.6001 - val_loss: 0.6263
Epoch 36/500
55/55 - 9s - 160ms/step - loss: 0.5992 - val_loss: 0.6259
Epoch 37/500
55/55 - 9s - 159ms/step - loss: 0.5981 - val_loss: 0.6239
Epoch 38/500
55/55 - 18s - 321ms/step - loss: 0.5967 - val_loss: 0.6209
Epoch 39/500
55/55 - 9s - 159ms/step - loss: 0.5959 - val_loss: 0.6206
Epoch 40/500
55/55 - 9s - 160ms/step - loss: 0.5950 - val_loss: 0.6210
Epoch 41/500
55/55 - 9s - 159ms/step - loss: 0.5944 - val_loss: 0.6206
Epoch 42/500
55/55 - 9s - 160ms/step - loss: 0.5934 - val_loss: 0.6168
Epoch 43/500
55/55 - 9s - 159ms/step - loss: 0.5922 - val_loss: 0.6184
Epoch 44/500
55/55 - 11s - 200ms/step - loss: 0.5920 - val_loss: 0.6188
Epoch 45/500
55/55 - 9s - 159ms/step - loss: 0.5903 - val_loss: 0.6182
Epoch 46/500
55/55 - 9s - 160ms/step - loss: 0.5901 - val_loss: 0.6168
Epoch 47/500
55/55 - 9s - 159ms/step - loss: 0.5895 - val_loss: 0.6151
Epoch 48/500
55/55 - 9s - 160ms/step - loss: 0.5877 - val_loss: 0.6147
Epoch 49/500
55/55 - 9s - 160ms/step - loss: 0.5874 - val_loss: 0.6136
Epoch 50/500
55/55 - 9s - 159ms/step - loss: 0.5866 - val_loss: 0.6127
Epoch 51/500
55/55 - 9s - 159ms/step - loss: 0.5864 - val_loss: 0.6107
Epoch 52/500
55/55 - 9s - 159ms/step - loss: 0.5851 - val_loss: 0.6095
Epoch 53/500
55/55 - 9s - 160ms/step - loss: 0.5849 - val_loss: 0.6110
Epoch 54/500
55/55 - 9s - 166ms/step - loss: 0.5840 - val_loss: 0.6111
Epoch 55/500
55/55 - 9s - 161ms/step - loss: 0.5828 - val_loss: 0.6096
Epoch 56/500
55/55 - 9s - 159ms/step - loss: 0.5834 - val_loss: 0.6073
Epoch 57/500
55/55 - 9s - 162ms/step - loss: 0.5825 - val_loss: 0.6083
Epoch 58/500
55/55 - 9s - 159ms/step - loss: 0.5817 - val_loss: 0.6061
Epoch 59/500
55/55 - 9s - 159ms/step - loss: 0.5805 - val_loss: 0.6101
Epoch 60/500
55/55 - 9s - 159ms/step - loss: 0.5811 - val_loss: 0.6064
Epoch 61/500
55/55 - 9s - 159ms/step - loss: 0.5795 - val_loss: 0.6053
Epoch 62/500
55/55 - 9s - 159ms/step - loss: 0.5791 - val_loss: 0.6053
Epoch 63/500
55/55 - 9s - 160ms/step - loss: 0.5787 - val_loss: 0.6047
Epoch 64/500
55/55 - 9s - 160ms/step - loss: 0.5776 - val_loss: 0.6042
Epoch 65/500
55/55 - 9s - 160ms/step - loss: 0.5773 - val_loss: 0.6055
Epoch 66/500
55/55 - 9s - 160ms/step - loss: 0.5764 - val_loss: 0.6035
Epoch 67/500
55/55 - 9s - 160ms/step - loss: 0.5759 - val_loss: 0.6037
Epoch 68/500
55/55 - 9s - 160ms/step - loss: 0.5752 - val_loss: 0.6027
Epoch 69/500
55/55 - 9s - 159ms/step - loss: 0.5755 - val_loss: 0.6014
Epoch 70/500
55/55 - 9s - 159ms/step - loss: 0.5745 - val_loss: 0.6003
Epoch 71/500
55/55 - 9s - 159ms/step - loss: 0.5739 - val_loss: 0.6014
Epoch 72/500
55/55 - 9s - 160ms/step - loss: 0.5735 - val_loss: 0.5982
Epoch 73/500
55/55 - 9s - 160ms/step - loss: 0.5723 - val_loss: 0.5989
Epoch 74/500
55/55 - 9s - 160ms/step - loss: 0.5722 - val_loss: 0.5959
Epoch 75/500
55/55 - 9s - 160ms/step - loss: 0.5713 - val_loss: 0.5950
Epoch 76/500
55/55 - 9s - 160ms/step - loss: 0.5710 - val_loss: 0.5952
Epoch 77/500
55/55 - 9s - 160ms/step - loss: 0.5702 - val_loss: 0.5948
Epoch 78/500
55/55 - 9s - 160ms/step - loss: 0.5699 - val_loss: 0.5929
Epoch 79/500
55/55 - 9s - 161ms/step - loss: 0.5691 - val_loss: 0.5931
Epoch 80/500
55/55 - 9s - 161ms/step - loss: 0.5688 - val_loss: 0.5911
Epoch 81/500
55/55 - 9s - 160ms/step - loss: 0.5683 - val_loss: 0.5931
Epoch 82/500
55/55 - 9s - 161ms/step - loss: 0.5680 - val_loss: 0.5915
Epoch 83/500
55/55 - 9s - 161ms/step - loss: 0.5671 - val_loss: 0.5899
Epoch 84/500
55/55 - 9s - 160ms/step - loss: 0.5669 - val_loss: 0.5907
Epoch 85/500
55/55 - 9s - 160ms/step - loss: 0.5670 - val_loss: 0.5898
Epoch 86/500
55/55 - 9s - 160ms/step - loss: 0.5665 - val_loss: 0.5916
Epoch 87/500
55/55 - 9s - 160ms/step - loss: 0.5665 - val_loss: 0.5890
Epoch 88/500
55/55 - 9s - 160ms/step - loss: 0.5656 - val_loss: 0.5890
Epoch 89/500
55/55 - 9s - 160ms/step - loss: 0.5653 - val_loss: 0.5896
Epoch 90/500
55/55 - 9s - 160ms/step - loss: 0.5657 - val_loss: 0.5877
Epoch 91/500
55/55 - 9s - 160ms/step - loss: 0.5652 - val_loss: 0.5895
Epoch 92/500
55/55 - 9s - 160ms/step - loss: 0.5653 - val_loss: 0.5866
Epoch 93/500
55/55 - 9s - 160ms/step - loss: 0.5643 - val_loss: 0.5879
Epoch 94/500
55/55 - 9s - 161ms/step - loss: 0.5644 - val_loss: 0.5886
Epoch 95/500
55/55 - 9s - 161ms/step - loss: 0.5648 - val_loss: 0.5871
Epoch 96/500
55/55 - 9s - 160ms/step - loss: 0.5644 - val_loss: 0.5876
Epoch 97/500
55/55 - 9s - 160ms/step - loss: 0.5634 - val_loss: 0.5869
Epoch 98/500
55/55 - 9s - 161ms/step - loss: 0.5642 - val_loss: 0.5857
Epoch 99/500
55/55 - 9s - 160ms/step - loss: 0.5628 - val_loss: 0.5859
Epoch 100/500
55/55 - 9s - 161ms/step - loss: 0.5628 - val_loss: 0.5850
Epoch 101/500
55/55 - 9s - 160ms/step - loss: 0.5628 - val_loss: 0.5849
Epoch 102/500
55/55 - 9s - 161ms/step - loss: 0.5627 - val_loss: 0.5843
Epoch 103/500
55/55 - 9s - 160ms/step - loss: 0.5618 - val_loss: 0.5839
Epoch 104/500
55/55 - 9s - 160ms/step - loss: 0.5612 - val_loss: 0.5839
Epoch 105/500
55/55 - 9s - 160ms/step - loss: 0.5610 - val_loss: 0.5824
Epoch 106/500
55/55 - 9s - 160ms/step - loss: 0.5603 - val_loss: 0.5838
Epoch 107/500
55/55 - 9s - 160ms/step - loss: 0.5594 - val_loss: 0.5835
Epoch 108/500
55/55 - 9s - 160ms/step - loss: 0.5604 - val_loss: 0.5822
Epoch 109/500
55/55 - 9s - 160ms/step - loss: 0.5597 - val_loss: 0.5816
Epoch 110/500
55/55 - 9s - 156ms/step - loss: 0.5595 - val_loss: 0.5816
Epoch 111/500
55/55 - 9s - 158ms/step - loss: 0.5595 - val_loss: 0.5815
Epoch 112/500
55/55 - 9s - 160ms/step - loss: 0.5587 - val_loss: 0.5800
Epoch 113/500
55/55 - 9s - 160ms/step - loss: 0.5582 - val_loss: 0.5801
Epoch 114/500
55/55 - 9s - 160ms/step - loss: 0.5572 - val_loss: 0.5792
Epoch 115/500
55/55 - 9s - 160ms/step - loss: 0.5574 - val_loss: 0.5801
Epoch 116/500
55/55 - 9s - 160ms/step - loss: 0.5572 - val_loss: 0.5787
Epoch 117/500
55/55 - 9s - 159ms/step - loss: 0.5561 - val_loss: 0.5786
Epoch 118/500
55/55 - 9s - 160ms/step - loss: 0.5561 - val_loss: 0.5801
Epoch 119/500
55/55 - 9s - 158ms/step - loss: 0.5565 - val_loss: 0.5802
Epoch 120/500
55/55 - 9s - 160ms/step - loss: 0.5567 - val_loss: 0.5786
Epoch 121/500
55/55 - 9s - 159ms/step - loss: 0.5557 - val_loss: 0.5780
Epoch 122/500
55/55 - 9s - 160ms/step - loss: 0.5546 - val_loss: 0.5791
Epoch 123/500
55/55 - 9s - 160ms/step - loss: 0.5547 - val_loss: 0.5790
Epoch 124/500
55/55 - 9s - 160ms/step - loss: 0.5553 - val_loss: 0.5791
Epoch 125/500
55/55 - 9s - 160ms/step - loss: 0.5542 - val_loss: 0.5793
Epoch 126/500
55/55 - 9s - 160ms/step - loss: 0.5544 - val_loss: 0.5807
Epoch 127/500
55/55 - 9s - 160ms/step - loss: 0.5537 - val_loss: 0.5784
Epoch 128/500
55/55 - 9s - 162ms/step - loss: 0.5534 - val_loss: 0.5787
Epoch 129/500
55/55 - 9s - 162ms/step - loss: 0.5542 - val_loss: 0.5780
Epoch 130/500
55/55 - 9s - 160ms/step - loss: 0.5529 - val_loss: 0.5785
Epoch 131/500
55/55 - 9s - 160ms/step - loss: 0.5523 - val_loss: 0.5762
Epoch 132/500
55/55 - 9s - 160ms/step - loss: 0.5517 - val_loss: 0.5781
Epoch 133/500
55/55 - 9s - 160ms/step - loss: 0.5517 - val_loss: 0.5801
Epoch 134/500
55/55 - 9s - 160ms/step - loss: 0.5527 - val_loss: 0.5770
Epoch 135/500
55/55 - 9s - 160ms/step - loss: 0.5514 - val_loss: 0.5805
Epoch 136/500
55/55 - 9s - 160ms/step - loss: 0.5519 - val_loss: 0.5772
Epoch 137/500
55/55 - 9s - 160ms/step - loss: 0.5515 - val_loss: 0.5788
Epoch 138/500
55/55 - 9s - 160ms/step - loss: 0.5520 - val_loss: 0.5771
Epoch 139/500
55/55 - 9s - 160ms/step - loss: 0.5507 - val_loss: 0.5786
Epoch 140/500
55/55 - 9s - 160ms/step - loss: 0.5513 - val_loss: 0.5771
Epoch 141/500
55/55 - 9s - 160ms/step - loss: 0.5502 - val_loss: 0.5783
[Run 1/5] Training single encoder baseline (linear head)...
[Run 2/5] Training shared encoder (unweighted)...
Epoch 1/500
55/55 - 13s - 234ms/step - loss: 0.9722 - val_loss: 0.9312
Epoch 2/500
55/55 - 9s - 160ms/step - loss: 0.8089 - val_loss: 0.7084
Epoch 3/500
55/55 - 8s - 150ms/step - loss: 0.6760 - val_loss: 0.6691
Epoch 4/500
55/55 - 8s - 152ms/step - loss: 0.6546 - val_loss: 0.6528
Epoch 5/500
55/55 - 9s - 158ms/step - loss: 0.6429 - val_loss: 0.6446
Epoch 6/500
55/55 - 9s - 155ms/step - loss: 0.6357 - val_loss: 0.6401
Epoch 7/500
55/55 - 9s - 157ms/step - loss: 0.6313 - val_loss: 0.6371
Epoch 8/500
55/55 - 9s - 156ms/step - loss: 0.6274 - val_loss: 0.6337
Epoch 9/500
55/55 - 9s - 155ms/step - loss: 0.6245 - val_loss: 0.6311
Epoch 10/500
55/55 - 9s - 155ms/step - loss: 0.6217 - val_loss: 0.6284
Epoch 11/500
55/55 - 9s - 157ms/step - loss: 0.6188 - val_loss: 0.6258
Epoch 12/500
55/55 - 9s - 156ms/step - loss: 0.6155 - val_loss: 0.6215
Epoch 13/500
55/55 - 9s - 155ms/step - loss: 0.6119 - val_loss: 0.6175
Epoch 14/500
55/55 - 9s - 155ms/step - loss: 0.6092 - val_loss: 0.6143
Epoch 15/500
55/55 - 9s - 157ms/step - loss: 0.6071 - val_loss: 0.6118
Epoch 16/500
55/55 - 9s - 156ms/step - loss: 0.6055 - val_loss: 0.6108
Epoch 17/500
55/55 - 9s - 155ms/step - loss: 0.6042 - val_loss: 0.6093
Epoch 18/500
55/55 - 9s - 155ms/step - loss: 0.6029 - val_loss: 0.6087
Epoch 19/500
55/55 - 8s - 154ms/step - loss: 0.6021 - val_loss: 0.6077
Epoch 20/500
55/55 - 8s - 154ms/step - loss: 0.6012 - val_loss: 0.6073
Epoch 21/500
55/55 - 9s - 155ms/step - loss: 0.6006 - val_loss: 0.6076
Epoch 22/500
55/55 - 9s - 155ms/step - loss: 0.5996 - val_loss: 0.6071
Epoch 23/500
55/55 - 8s - 154ms/step - loss: 0.5982 - val_loss: 0.6069
Epoch 24/500
55/55 - 9s - 155ms/step - loss: 0.5974 - val_loss: 0.6062
Epoch 25/500
55/55 - 8s - 154ms/step - loss: 0.5965 - val_loss: 0.6061
Epoch 26/500
55/55 - 8s - 154ms/step - loss: 0.5958 - val_loss: 0.6050
Epoch 27/500
55/55 - 9s - 155ms/step - loss: 0.5949 - val_loss: 0.6046
Epoch 28/500
55/55 - 9s - 155ms/step - loss: 0.5945 - val_loss: 0.6037
Epoch 29/500
55/55 - 9s - 155ms/step - loss: 0.5937 - val_loss: 0.6034
Epoch 30/500
55/55 - 9s - 155ms/step - loss: 0.5932 - val_loss: 0.6029
Epoch 31/500
55/55 - 9s - 155ms/step - loss: 0.5925 - val_loss: 0.6022
Epoch 32/500
55/55 - 9s - 155ms/step - loss: 0.5918 - val_loss: 0.6013
Epoch 33/500
55/55 - 9s - 155ms/step - loss: 0.5913 - val_loss: 0.6029
Epoch 34/500
55/55 - 9s - 155ms/step - loss: 0.5906 - val_loss: 0.6026
Epoch 35/500
55/55 - 9s - 155ms/step - loss: 0.5900 - val_loss: 0.6017
Epoch 36/500
55/55 - 9s - 155ms/step - loss: 0.5895 - val_loss: 0.6014
Epoch 37/500
55/55 - 8s - 155ms/step - loss: 0.5890 - val_loss: 0.6020
Epoch 38/500
55/55 - 9s - 155ms/step - loss: 0.5885 - val_loss: 0.6011
Epoch 39/500
55/55 - 9s - 155ms/step - loss: 0.5881 - val_loss: 0.6013
Epoch 40/500
55/55 - 9s - 155ms/step - loss: 0.5876 - val_loss: 0.6009
Epoch 41/500
55/55 - 8s - 155ms/step - loss: 0.5873 - val_loss: 0.6014
Epoch 42/500
55/55 - 9s - 155ms/step - loss: 0.5869 - val_loss: 0.5999
Epoch 43/500
55/55 - 9s - 155ms/step - loss: 0.5864 - val_loss: 0.6004
Epoch 44/500
55/55 - 9s - 155ms/step - loss: 0.5860 - val_loss: 0.6005
Epoch 45/500
55/55 - 9s - 155ms/step - loss: 0.5855 - val_loss: 0.5989
Epoch 46/500
55/55 - 9s - 155ms/step - loss: 0.5852 - val_loss: 0.5993
Epoch 47/500
55/55 - 9s - 155ms/step - loss: 0.5848 - val_loss: 0.5984
Epoch 48/500
55/55 - 8s - 154ms/step - loss: 0.5845 - val_loss: 0.5975
Epoch 49/500
55/55 - 9s - 155ms/step - loss: 0.5841 - val_loss: 0.5979
Epoch 50/500
55/55 - 9s - 155ms/step - loss: 0.5837 - val_loss: 0.5969
Epoch 51/500
55/55 - 9s - 155ms/step - loss: 0.5834 - val_loss: 0.5966
Epoch 52/500
55/55 - 9s - 155ms/step - loss: 0.5828 - val_loss: 0.5980
Epoch 53/500
55/55 - 9s - 155ms/step - loss: 0.5825 - val_loss: 0.5980
Epoch 54/500
55/55 - 9s - 155ms/step - loss: 0.5821 - val_loss: 0.5979
Epoch 55/500
55/55 - 9s - 155ms/step - loss: 0.5816 - val_loss: 0.5981
Epoch 56/500
55/55 - 8s - 154ms/step - loss: 0.5811 - val_loss: 0.5981
Epoch 57/500
55/55 - 8s - 154ms/step - loss: 0.5807 - val_loss: 0.5975
Epoch 58/500
55/55 - 9s - 155ms/step - loss: 0.5805 - val_loss: 0.5977
Epoch 59/500
55/55 - 9s - 155ms/step - loss: 0.5802 - val_loss: 0.5972
Epoch 60/500
55/55 - 9s - 155ms/step - loss: 0.5797 - val_loss: 0.5970
Epoch 61/500
55/55 - 8s - 154ms/step - loss: 0.5794 - val_loss: 0.5970
[Run 2/5] Training shared encoder (weighted)...
Epoch 1/500
55/55 - 12s - 225ms/step - loss: 0.9310 - val_loss: 0.8324
Epoch 2/500
55/55 - 9s - 161ms/step - loss: 0.7639 - val_loss: 0.7426
Epoch 3/500
55/55 - 8s - 154ms/step - loss: 0.7269 - val_loss: 0.7199
Epoch 4/500
55/55 - 9s - 157ms/step - loss: 0.7062 - val_loss: 0.6992
Epoch 5/500
55/55 - 9s - 159ms/step - loss: 0.6893 - val_loss: 0.6818
Epoch 6/500
55/55 - 9s - 159ms/step - loss: 0.6760 - val_loss: 0.6689
Epoch 7/500
55/55 - 9s - 159ms/step - loss: 0.6651 - val_loss: 0.6581
Epoch 8/500
55/55 - 9s - 159ms/step - loss: 0.6580 - val_loss: 0.6512
Epoch 9/500
55/55 - 9s - 159ms/step - loss: 0.6529 - val_loss: 0.6462
Epoch 10/500
55/55 - 9s - 159ms/step - loss: 0.6489 - val_loss: 0.6415
Epoch 11/500
55/55 - 9s - 159ms/step - loss: 0.6450 - val_loss: 0.6401
Epoch 12/500
55/55 - 9s - 160ms/step - loss: 0.6421 - val_loss: 0.6372
Epoch 13/500
55/55 - 9s - 159ms/step - loss: 0.6395 - val_loss: 0.6355
Epoch 14/500
55/55 - 9s - 160ms/step - loss: 0.6372 - val_loss: 0.6335
Epoch 15/500
55/55 - 9s - 159ms/step - loss: 0.6346 - val_loss: 0.6305
Epoch 16/500
55/55 - 9s - 160ms/step - loss: 0.6327 - val_loss: 0.6286
Epoch 17/500
55/55 - 9s - 160ms/step - loss: 0.6309 - val_loss: 0.6260
Epoch 18/500
55/55 - 9s - 160ms/step - loss: 0.6291 - val_loss: 0.6246
Epoch 19/500
55/55 - 9s - 160ms/step - loss: 0.6271 - val_loss: 0.6222
Epoch 20/500
55/55 - 9s - 159ms/step - loss: 0.6254 - val_loss: 0.6195
Epoch 21/500
55/55 - 9s - 160ms/step - loss: 0.6240 - val_loss: 0.6181
Epoch 22/500
55/55 - 9s - 159ms/step - loss: 0.6227 - val_loss: 0.6164
Epoch 23/500
55/55 - 9s - 159ms/step - loss: 0.6211 - val_loss: 0.6138
Epoch 24/500
55/55 - 9s - 159ms/step - loss: 0.6202 - val_loss: 0.6120
Epoch 25/500
55/55 - 9s - 159ms/step - loss: 0.6185 - val_loss: 0.6096
Epoch 26/500
55/55 - 9s - 159ms/step - loss: 0.6173 - val_loss: 0.6078
Epoch 27/500
55/55 - 9s - 159ms/step - loss: 0.6166 - val_loss: 0.6063
Epoch 28/500
55/55 - 9s - 159ms/step - loss: 0.6152 - val_loss: 0.6055
Epoch 29/500
55/55 - 9s - 159ms/step - loss: 0.6138 - val_loss: 0.6040
Epoch 30/500
55/55 - 9s - 158ms/step - loss: 0.6128 - val_loss: 0.6031
Epoch 31/500
55/55 - 9s - 159ms/step - loss: 0.6116 - val_loss: 0.6013
Epoch 32/500
55/55 - 9s - 159ms/step - loss: 0.6110 - val_loss: 0.6027
Epoch 33/500
55/55 - 9s - 159ms/step - loss: 0.6101 - val_loss: 0.6019
Epoch 34/500
55/55 - 9s - 159ms/step - loss: 0.6091 - val_loss: 0.6008
Epoch 35/500
55/55 - 9s - 159ms/step - loss: 0.6082 - val_loss: 0.5999
Epoch 36/500
55/55 - 9s - 159ms/step - loss: 0.6074 - val_loss: 0.5991
Epoch 37/500
55/55 - 9s - 159ms/step - loss: 0.6064 - val_loss: 0.5970
Epoch 38/500
55/55 - 9s - 159ms/step - loss: 0.6060 - val_loss: 0.5986
Epoch 39/500
55/55 - 9s - 158ms/step - loss: 0.6053 - val_loss: 0.5977
Epoch 40/500
55/55 - 9s - 159ms/step - loss: 0.6045 - val_loss: 0.5969
Epoch 41/500
55/55 - 9s - 159ms/step - loss: 0.6038 - val_loss: 0.5972
Epoch 42/500
55/55 - 9s - 159ms/step - loss: 0.6030 - val_loss: 0.5964
Epoch 43/500
55/55 - 9s - 158ms/step - loss: 0.6021 - val_loss: 0.5971
Epoch 44/500
55/55 - 9s - 159ms/step - loss: 0.6017 - val_loss: 0.5954
Epoch 45/500
55/55 - 9s - 159ms/step - loss: 0.6010 - val_loss: 0.5959
Epoch 46/500
55/55 - 9s - 159ms/step - loss: 0.6004 - val_loss: 0.5956
Epoch 47/500
55/55 - 9s - 159ms/step - loss: 0.5999 - val_loss: 0.5949
Epoch 48/500
55/55 - 9s - 159ms/step - loss: 0.5991 - val_loss: 0.5942
Epoch 49/500
55/55 - 9s - 159ms/step - loss: 0.5986 - val_loss: 0.5936
Epoch 50/500
55/55 - 9s - 158ms/step - loss: 0.5977 - val_loss: 0.5939
Epoch 51/500
55/55 - 9s - 159ms/step - loss: 0.5973 - val_loss: 0.5934
Epoch 52/500
55/55 - 9s - 159ms/step - loss: 0.5972 - val_loss: 0.5931
Epoch 53/500
55/55 - 9s - 158ms/step - loss: 0.5964 - val_loss: 0.5935
Epoch 54/500
55/55 - 9s - 159ms/step - loss: 0.5958 - val_loss: 0.5918
Epoch 55/500
55/55 - 9s - 159ms/step - loss: 0.5954 - val_loss: 0.5917
Epoch 56/500
55/55 - 9s - 159ms/step - loss: 0.5949 - val_loss: 0.5907
Epoch 57/500
55/55 - 9s - 159ms/step - loss: 0.5943 - val_loss: 0.5918
Epoch 58/500
55/55 - 9s - 159ms/step - loss: 0.5943 - val_loss: 0.5921
Epoch 59/500
55/55 - 9s - 159ms/step - loss: 0.5934 - val_loss: 0.5912
Epoch 60/500
55/55 - 9s - 159ms/step - loss: 0.5930 - val_loss: 0.5907
Epoch 61/500
55/55 - 9s - 159ms/step - loss: 0.5923 - val_loss: 0.5890
Epoch 62/500
55/55 - 9s - 159ms/step - loss: 0.5920 - val_loss: 0.5888
Epoch 63/500
55/55 - 9s - 159ms/step - loss: 0.5916 - val_loss: 0.5894
Epoch 64/500
55/55 - 9s - 158ms/step - loss: 0.5910 - val_loss: 0.5888
Epoch 65/500
55/55 - 9s - 159ms/step - loss: 0.5906 - val_loss: 0.5877
Epoch 66/500
55/55 - 9s - 159ms/step - loss: 0.5903 - val_loss: 0.5867
Epoch 67/500
55/55 - 9s - 159ms/step - loss: 0.5899 - val_loss: 0.5875
Epoch 68/500
55/55 - 9s - 159ms/step - loss: 0.5896 - val_loss: 0.5872
Epoch 69/500
55/55 - 9s - 159ms/step - loss: 0.5893 - val_loss: 0.5866
Epoch 70/500
55/55 - 9s - 159ms/step - loss: 0.5889 - val_loss: 0.5865
Epoch 71/500
55/55 - 9s - 159ms/step - loss: 0.5887 - val_loss: 0.5857
Epoch 72/500
55/55 - 9s - 159ms/step - loss: 0.5884 - val_loss: 0.5858
Epoch 73/500
55/55 - 9s - 159ms/step - loss: 0.5879 - val_loss: 0.5854
Epoch 74/500
55/55 - 9s - 159ms/step - loss: 0.5881 - val_loss: 0.5843
Epoch 75/500
55/55 - 9s - 159ms/step - loss: 0.5877 - val_loss: 0.5844
Epoch 76/500
55/55 - 9s - 158ms/step - loss: 0.5872 - val_loss: 0.5842
Epoch 77/500
55/55 - 9s - 159ms/step - loss: 0.5861 - val_loss: 0.5835
Epoch 78/500
55/55 - 9s - 159ms/step - loss: 0.5859 - val_loss: 0.5830
Epoch 79/500
55/55 - 9s - 158ms/step - loss: 0.5854 - val_loss: 0.5820
Epoch 80/500
55/55 - 9s - 159ms/step - loss: 0.5852 - val_loss: 0.5830
Epoch 81/500
55/55 - 9s - 159ms/step - loss: 0.5852 - val_loss: 0.5828
Epoch 82/500
55/55 - 9s - 159ms/step - loss: 0.5844 - val_loss: 0.5822
Epoch 83/500
55/55 - 9s - 159ms/step - loss: 0.5847 - val_loss: 0.5821
Epoch 84/500
55/55 - 9s - 159ms/step - loss: 0.5840 - val_loss: 0.5817
Epoch 85/500
55/55 - 9s - 159ms/step - loss: 0.5836 - val_loss: 0.5806
Epoch 86/500
55/55 - 9s - 159ms/step - loss: 0.5830 - val_loss: 0.5818
Epoch 87/500
55/55 - 9s - 159ms/step - loss: 0.5831 - val_loss: 0.5800
Epoch 88/500
55/55 - 9s - 162ms/step - loss: 0.5826 - val_loss: 0.5797
Epoch 89/500
55/55 - 9s - 160ms/step - loss: 0.5824 - val_loss: 0.5796
Epoch 90/500
55/55 - 9s - 163ms/step - loss: 0.5820 - val_loss: 0.5797
Epoch 91/500
55/55 - 9s - 161ms/step - loss: 0.5821 - val_loss: 0.5790
Epoch 92/500
55/55 - 9s - 160ms/step - loss: 0.5808 - val_loss: 0.5786
Epoch 93/500
55/55 - 9s - 159ms/step - loss: 0.5807 - val_loss: 0.5795
Epoch 94/500
55/55 - 9s - 162ms/step - loss: 0.5802 - val_loss: 0.5781
Epoch 95/500
55/55 - 9s - 160ms/step - loss: 0.5804 - val_loss: 0.5792
Epoch 96/500
55/55 - 9s - 161ms/step - loss: 0.5802 - val_loss: 0.5789
Epoch 97/500
55/55 - 9s - 161ms/step - loss: 0.5798 - val_loss: 0.5787
Epoch 98/500
55/55 - 9s - 159ms/step - loss: 0.5796 - val_loss: 0.5772
Epoch 99/500
55/55 - 9s - 158ms/step - loss: 0.5789 - val_loss: 0.5772
Epoch 100/500
55/55 - 9s - 159ms/step - loss: 0.5790 - val_loss: 0.5764
Epoch 101/500
55/55 - 9s - 159ms/step - loss: 0.5785 - val_loss: 0.5770
Epoch 102/500
55/55 - 9s - 159ms/step - loss: 0.5785 - val_loss: 0.5775
Epoch 103/500
55/55 - 9s - 159ms/step - loss: 0.5779 - val_loss: 0.5760
Epoch 104/500
55/55 - 9s - 159ms/step - loss: 0.5773 - val_loss: 0.5748
Epoch 105/500
55/55 - 9s - 159ms/step - loss: 0.5769 - val_loss: 0.5752
Epoch 106/500
55/55 - 9s - 159ms/step - loss: 0.5770 - val_loss: 0.5750
Epoch 107/500
55/55 - 9s - 159ms/step - loss: 0.5762 - val_loss: 0.5743
Epoch 108/500
55/55 - 9s - 158ms/step - loss: 0.5762 - val_loss: 0.5754
Epoch 109/500
55/55 - 9s - 159ms/step - loss: 0.5759 - val_loss: 0.5751
Epoch 110/500
55/55 - 9s - 159ms/step - loss: 0.5754 - val_loss: 0.5737
Epoch 111/500
55/55 - 9s - 159ms/step - loss: 0.5749 - val_loss: 0.5757
Epoch 112/500
55/55 - 9s - 159ms/step - loss: 0.5749 - val_loss: 0.5741
Epoch 113/500
55/55 - 9s - 159ms/step - loss: 0.5746 - val_loss: 0.5737
Epoch 114/500
55/55 - 9s - 159ms/step - loss: 0.5744 - val_loss: 0.5739
Epoch 115/500
55/55 - 9s - 159ms/step - loss: 0.5742 - val_loss: 0.5742
Epoch 116/500
55/55 - 9s - 159ms/step - loss: 0.5735 - val_loss: 0.5720
Epoch 117/500
55/55 - 9s - 159ms/step - loss: 0.5731 - val_loss: 0.5720
Epoch 118/500
55/55 - 9s - 159ms/step - loss: 0.5733 - val_loss: 0.5740
Epoch 119/500
55/55 - 9s - 159ms/step - loss: 0.5730 - val_loss: 0.5730
Epoch 120/500
55/55 - 9s - 159ms/step - loss: 0.5729 - val_loss: 0.5714
Epoch 121/500
55/55 - 9s - 159ms/step - loss: 0.5730 - val_loss: 0.5710
Epoch 122/500
55/55 - 9s - 159ms/step - loss: 0.5720 - val_loss: 0.5722
Epoch 123/500
55/55 - 9s - 159ms/step - loss: 0.5721 - val_loss: 0.5711
Epoch 124/500
55/55 - 9s - 159ms/step - loss: 0.5715 - val_loss: 0.5708
Epoch 125/500
55/55 - 9s - 159ms/step - loss: 0.5711 - val_loss: 0.5702
Epoch 126/500
55/55 - 9s - 158ms/step - loss: 0.5712 - val_loss: 0.5696
Epoch 127/500
55/55 - 9s - 159ms/step - loss: 0.5710 - val_loss: 0.5719
Epoch 128/500
55/55 - 9s - 158ms/step - loss: 0.5709 - val_loss: 0.5712
Epoch 129/500
55/55 - 9s - 158ms/step - loss: 0.5708 - val_loss: 0.5703
Epoch 130/500
55/55 - 9s - 159ms/step - loss: 0.5701 - val_loss: 0.5703
Epoch 131/500
55/55 - 9s - 159ms/step - loss: 0.5698 - val_loss: 0.5723
Epoch 132/500
55/55 - 9s - 159ms/step - loss: 0.5713 - val_loss: 0.5720
Epoch 133/500
55/55 - 9s - 159ms/step - loss: 0.5695 - val_loss: 0.5709
Epoch 134/500
55/55 - 9s - 159ms/step - loss: 0.5692 - val_loss: 0.5709
Epoch 135/500
55/55 - 9s - 158ms/step - loss: 0.5695 - val_loss: 0.5696
Epoch 136/500
55/55 - 9s - 159ms/step - loss: 0.5690 - val_loss: 0.5712
[Run 2/5] Training single encoder baseline (linear head)...
[Run 3/5] Training shared encoder (unweighted)...
Epoch 1/500
55/55 - 13s - 233ms/step - loss: 0.9412 - val_loss: 0.8330
Epoch 2/500
55/55 - 9s - 155ms/step - loss: 0.7362 - val_loss: 0.6922
Epoch 3/500
55/55 - 8s - 148ms/step - loss: 0.6836 - val_loss: 0.6646
Epoch 4/500
55/55 - 8s - 151ms/step - loss: 0.6625 - val_loss: 0.6493
Epoch 5/500
55/55 - 8s - 154ms/step - loss: 0.6503 - val_loss: 0.6419
Epoch 6/500
55/55 - 8s - 154ms/step - loss: 0.6436 - val_loss: 0.6365
Epoch 7/500
55/55 - 8s - 154ms/step - loss: 0.6387 - val_loss: 0.6316
Epoch 8/500
55/55 - 8s - 154ms/step - loss: 0.6353 - val_loss: 0.6286
Epoch 9/500
55/55 - 8s - 154ms/step - loss: 0.6321 - val_loss: 0.6256
Epoch 10/500
55/55 - 8s - 154ms/step - loss: 0.6293 - val_loss: 0.6230
Epoch 11/500
55/55 - 8s - 154ms/step - loss: 0.6271 - val_loss: 0.6213
Epoch 12/500
55/55 - 8s - 154ms/step - loss: 0.6252 - val_loss: 0.6206
Epoch 13/500
55/55 - 8s - 154ms/step - loss: 0.6231 - val_loss: 0.6185
Epoch 14/500
55/55 - 8s - 154ms/step - loss: 0.6211 - val_loss: 0.6159
Epoch 15/500
55/55 - 8s - 154ms/step - loss: 0.6193 - val_loss: 0.6149
Epoch 16/500
55/55 - 8s - 154ms/step - loss: 0.6178 - val_loss: 0.6140
Epoch 17/500
55/55 - 8s - 154ms/step - loss: 0.6163 - val_loss: 0.6127
Epoch 18/500
55/55 - 8s - 154ms/step - loss: 0.6151 - val_loss: 0.6113
Epoch 19/500
55/55 - 8s - 153ms/step - loss: 0.6137 - val_loss: 0.6103
Epoch 20/500
55/55 - 8s - 154ms/step - loss: 0.6127 - val_loss: 0.6107
Epoch 21/500
55/55 - 8s - 154ms/step - loss: 0.6113 - val_loss: 0.6099
Epoch 22/500
55/55 - 8s - 154ms/step - loss: 0.6102 - val_loss: 0.6084
Epoch 23/500
55/55 - 8s - 154ms/step - loss: 0.6094 - val_loss: 0.6075
Epoch 24/500
55/55 - 8s - 153ms/step - loss: 0.6084 - val_loss: 0.6064
Epoch 25/500
55/55 - 8s - 154ms/step - loss: 0.6071 - val_loss: 0.6056
Epoch 26/500
55/55 - 8s - 153ms/step - loss: 0.6060 - val_loss: 0.6047
Epoch 27/500
55/55 - 8s - 154ms/step - loss: 0.6047 - val_loss: 0.6038
Epoch 28/500
55/55 - 8s - 154ms/step - loss: 0.6040 - val_loss: 0.6024
Epoch 29/500
55/55 - 8s - 154ms/step - loss: 0.6031 - val_loss: 0.6005
Epoch 30/500
55/55 - 8s - 153ms/step - loss: 0.6018 - val_loss: 0.6001
Epoch 31/500
55/55 - 8s - 154ms/step - loss: 0.6007 - val_loss: 0.5989
Epoch 32/500
55/55 - 8s - 153ms/step - loss: 0.6003 - val_loss: 0.5985
Epoch 33/500
55/55 - 8s - 153ms/step - loss: 0.5993 - val_loss: 0.5978
Epoch 34/500
55/55 - 8s - 153ms/step - loss: 0.5985 - val_loss: 0.5965
Epoch 35/500
55/55 - 8s - 154ms/step - loss: 0.5978 - val_loss: 0.5955
Epoch 36/500
55/55 - 8s - 154ms/step - loss: 0.5971 - val_loss: 0.5948
Epoch 37/500
55/55 - 8s - 153ms/step - loss: 0.5964 - val_loss: 0.5947
Epoch 38/500
55/55 - 8s - 153ms/step - loss: 0.5959 - val_loss: 0.5941
Epoch 39/500
55/55 - 8s - 153ms/step - loss: 0.5958 - val_loss: 0.5941
Epoch 40/500
55/55 - 8s - 153ms/step - loss: 0.5950 - val_loss: 0.5933
Epoch 41/500
55/55 - 8s - 153ms/step - loss: 0.5947 - val_loss: 0.5925
Epoch 42/500
55/55 - 8s - 153ms/step - loss: 0.5937 - val_loss: 0.5918
Epoch 43/500
55/55 - 8s - 153ms/step - loss: 0.5934 - val_loss: 0.5921
Epoch 44/500
55/55 - 8s - 153ms/step - loss: 0.5926 - val_loss: 0.5902
Epoch 45/500
55/55 - 8s - 153ms/step - loss: 0.5917 - val_loss: 0.5903
Epoch 46/500
55/55 - 8s - 153ms/step - loss: 0.5913 - val_loss: 0.5901
Epoch 47/500
55/55 - 8s - 153ms/step - loss: 0.5909 - val_loss: 0.5889
Epoch 48/500
55/55 - 8s - 154ms/step - loss: 0.5903 - val_loss: 0.5883
Epoch 49/500
55/55 - 8s - 154ms/step - loss: 0.5896 - val_loss: 0.5878
Epoch 50/500
55/55 - 8s - 153ms/step - loss: 0.5890 - val_loss: 0.5867
Epoch 51/500
55/55 - 8s - 153ms/step - loss: 0.5887 - val_loss: 0.5858
Epoch 52/500
55/55 - 8s - 153ms/step - loss: 0.5880 - val_loss: 0.5855
Epoch 53/500
55/55 - 8s - 153ms/step - loss: 0.5875 - val_loss: 0.5850
Epoch 54/500
55/55 - 8s - 153ms/step - loss: 0.5868 - val_loss: 0.5838
Epoch 55/500
55/55 - 8s - 153ms/step - loss: 0.5858 - val_loss: 0.5841
Epoch 56/500
55/55 - 8s - 154ms/step - loss: 0.5853 - val_loss: 0.5840
Epoch 57/500
55/55 - 8s - 153ms/step - loss: 0.5848 - val_loss: 0.5834
Epoch 58/500
55/55 - 8s - 153ms/step - loss: 0.5844 - val_loss: 0.5837
Epoch 59/500
55/55 - 8s - 153ms/step - loss: 0.5838 - val_loss: 0.5831
Epoch 60/500
55/55 - 8s - 153ms/step - loss: 0.5834 - val_loss: 0.5826
Epoch 61/500
55/55 - 8s - 153ms/step - loss: 0.5828 - val_loss: 0.5817
Epoch 62/500
55/55 - 8s - 153ms/step - loss: 0.5826 - val_loss: 0.5822
Epoch 63/500
55/55 - 8s - 153ms/step - loss: 0.5820 - val_loss: 0.5823
Epoch 64/500
55/55 - 8s - 153ms/step - loss: 0.5814 - val_loss: 0.5824
Epoch 65/500
55/55 - 8s - 153ms/step - loss: 0.5808 - val_loss: 0.5825
Epoch 66/500
55/55 - 8s - 154ms/step - loss: 0.5804 - val_loss: 0.5816
Epoch 67/500
55/55 - 8s - 153ms/step - loss: 0.5797 - val_loss: 0.5817
Epoch 68/500
55/55 - 8s - 153ms/step - loss: 0.5791 - val_loss: 0.5806
Epoch 69/500
55/55 - 8s - 153ms/step - loss: 0.5785 - val_loss: 0.5801
Epoch 70/500
55/55 - 8s - 153ms/step - loss: 0.5782 - val_loss: 0.5798
Epoch 71/500
55/55 - 8s - 153ms/step - loss: 0.5773 - val_loss: 0.5794
Epoch 72/500
55/55 - 8s - 154ms/step - loss: 0.5771 - val_loss: 0.5789
Epoch 73/500
55/55 - 8s - 154ms/step - loss: 0.5765 - val_loss: 0.5795
Epoch 74/500
55/55 - 8s - 153ms/step - loss: 0.5755 - val_loss: 0.5783
Epoch 75/500
55/55 - 8s - 154ms/step - loss: 0.5752 - val_loss: 0.5784
Epoch 76/500
55/55 - 8s - 153ms/step - loss: 0.5747 - val_loss: 0.5780
Epoch 77/500
55/55 - 8s - 153ms/step - loss: 0.5741 - val_loss: 0.5779
Epoch 78/500
55/55 - 8s - 153ms/step - loss: 0.5739 - val_loss: 0.5779
Epoch 79/500
55/55 - 8s - 154ms/step - loss: 0.5733 - val_loss: 0.5771
Epoch 80/500
55/55 - 8s - 154ms/step - loss: 0.5730 - val_loss: 0.5769
Epoch 81/500
55/55 - 8s - 153ms/step - loss: 0.5726 - val_loss: 0.5766
Epoch 82/500
55/55 - 8s - 153ms/step - loss: 0.5719 - val_loss: 0.5763
Epoch 83/500
55/55 - 8s - 154ms/step - loss: 0.5716 - val_loss: 0.5763
Epoch 84/500
55/55 - 8s - 153ms/step - loss: 0.5714 - val_loss: 0.5751
Epoch 85/500
55/55 - 8s - 153ms/step - loss: 0.5710 - val_loss: 0.5748
Epoch 86/500
55/55 - 8s - 154ms/step - loss: 0.5704 - val_loss: 0.5747
Epoch 87/500
55/55 - 8s - 154ms/step - loss: 0.5704 - val_loss: 0.5739
Epoch 88/500
55/55 - 8s - 153ms/step - loss: 0.5700 - val_loss: 0.5739
Epoch 89/500
55/55 - 8s - 154ms/step - loss: 0.5695 - val_loss: 0.5733
Epoch 90/500
55/55 - 8s - 153ms/step - loss: 0.5692 - val_loss: 0.5733
Epoch 91/500
55/55 - 8s - 153ms/step - loss: 0.5688 - val_loss: 0.5729
Epoch 92/500
55/55 - 8s - 153ms/step - loss: 0.5687 - val_loss: 0.5728
Epoch 93/500
55/55 - 8s - 153ms/step - loss: 0.5686 - val_loss: 0.5717
Epoch 94/500
55/55 - 8s - 153ms/step - loss: 0.5682 - val_loss: 0.5715
Epoch 95/500
55/55 - 8s - 153ms/step - loss: 0.5678 - val_loss: 0.5736
Epoch 96/500
55/55 - 8s - 153ms/step - loss: 0.5677 - val_loss: 0.5715
Epoch 97/500
55/55 - 8s - 153ms/step - loss: 0.5674 - val_loss: 0.5712
Epoch 98/500
55/55 - 8s - 153ms/step - loss: 0.5672 - val_loss: 0.5706
Epoch 99/500
55/55 - 8s - 153ms/step - loss: 0.5667 - val_loss: 0.5707
Epoch 100/500
55/55 - 8s - 154ms/step - loss: 0.5666 - val_loss: 0.5703
Epoch 101/500
55/55 - 8s - 153ms/step - loss: 0.5664 - val_loss: 0.5700
Epoch 102/500
55/55 - 8s - 153ms/step - loss: 0.5662 - val_loss: 0.5702
Epoch 103/500
55/55 - 8s - 153ms/step - loss: 0.5658 - val_loss: 0.5698
Epoch 104/500
55/55 - 8s - 153ms/step - loss: 0.5659 - val_loss: 0.5699
Epoch 105/500
55/55 - 8s - 153ms/step - loss: 0.5657 - val_loss: 0.5694
Epoch 106/500
55/55 - 8s - 154ms/step - loss: 0.5651 - val_loss: 0.5690
Epoch 107/500
55/55 - 8s - 153ms/step - loss: 0.5648 - val_loss: 0.5687
Epoch 108/500
55/55 - 8s - 153ms/step - loss: 0.5644 - val_loss: 0.5683
Epoch 109/500
55/55 - 8s - 153ms/step - loss: 0.5644 - val_loss: 0.5680
Epoch 110/500
55/55 - 8s - 153ms/step - loss: 0.5642 - val_loss: 0.5678
Epoch 111/500
55/55 - 8s - 153ms/step - loss: 0.5640 - val_loss: 0.5682
Epoch 112/500
55/55 - 8s - 153ms/step - loss: 0.5639 - val_loss: 0.5683
Epoch 113/500
55/55 - 8s - 153ms/step - loss: 0.5636 - val_loss: 0.5678
Epoch 114/500
55/55 - 8s - 153ms/step - loss: 0.5634 - val_loss: 0.5683
Epoch 115/500
55/55 - 8s - 153ms/step - loss: 0.5629 - val_loss: 0.5666
Epoch 116/500
55/55 - 8s - 153ms/step - loss: 0.5628 - val_loss: 0.5675
Epoch 117/500
55/55 - 8s - 153ms/step - loss: 0.5628 - val_loss: 0.5669
Epoch 118/500
55/55 - 8s - 153ms/step - loss: 0.5626 - val_loss: 0.5668
Epoch 119/500
55/55 - 8s - 153ms/step - loss: 0.5624 - val_loss: 0.5672
Epoch 120/500
55/55 - 8s - 153ms/step - loss: 0.5622 - val_loss: 0.5656
Epoch 121/500
55/55 - 8s - 153ms/step - loss: 0.5618 - val_loss: 0.5669
Epoch 122/500
55/55 - 8s - 153ms/step - loss: 0.5618 - val_loss: 0.5672
Epoch 123/500
55/55 - 8s - 153ms/step - loss: 0.5619 - val_loss: 0.5662
Epoch 124/500
55/55 - 8s - 153ms/step - loss: 0.5614 - val_loss: 0.5663
Epoch 125/500
55/55 - 8s - 154ms/step - loss: 0.5616 - val_loss: 0.5655
Epoch 126/500
55/55 - 8s - 153ms/step - loss: 0.5610 - val_loss: 0.5647
Epoch 127/500
55/55 - 8s - 154ms/step - loss: 0.5606 - val_loss: 0.5644
Epoch 128/500
55/55 - 8s - 153ms/step - loss: 0.5608 - val_loss: 0.5657
Epoch 129/500
55/55 - 8s - 153ms/step - loss: 0.5605 - val_loss: 0.5651
Epoch 130/500
55/55 - 8s - 153ms/step - loss: 0.5604 - val_loss: 0.5648
Epoch 131/500
55/55 - 8s - 153ms/step - loss: 0.5601 - val_loss: 0.5644
Epoch 132/500
55/55 - 8s - 153ms/step - loss: 0.5600 - val_loss: 0.5639
Epoch 133/500
55/55 - 8s - 153ms/step - loss: 0.5596 - val_loss: 0.5641
Epoch 134/500
55/55 - 8s - 153ms/step - loss: 0.5594 - val_loss: 0.5641
Epoch 135/500
55/55 - 8s - 153ms/step - loss: 0.5594 - val_loss: 0.5631
Epoch 136/500
55/55 - 8s - 154ms/step - loss: 0.5588 - val_loss: 0.5634
Epoch 137/500
55/55 - 8s - 153ms/step - loss: 0.5588 - val_loss: 0.5642
Epoch 138/500
55/55 - 8s - 153ms/step - loss: 0.5585 - val_loss: 0.5647
Epoch 139/500
55/55 - 8s - 153ms/step - loss: 0.5587 - val_loss: 0.5642
Epoch 140/500
55/55 - 8s - 153ms/step - loss: 0.5583 - val_loss: 0.5645
Epoch 141/500
55/55 - 8s - 153ms/step - loss: 0.5584 - val_loss: 0.5639
Epoch 142/500
55/55 - 8s - 153ms/step - loss: 0.5578 - val_loss: 0.5636
Epoch 143/500
55/55 - 8s - 153ms/step - loss: 0.5576 - val_loss: 0.5646
Epoch 144/500
55/55 - 8s - 153ms/step - loss: 0.5573 - val_loss: 0.5633
Epoch 145/500
55/55 - 8s - 153ms/step - loss: 0.5571 - val_loss: 0.5631
[Run 3/5] Training shared encoder (weighted)...
Epoch 1/500
55/55 - 13s - 234ms/step - loss: 0.8920 - val_loss: 0.7810
Epoch 2/500
55/55 - 9s - 162ms/step - loss: 0.7624 - val_loss: 0.7489
Epoch 3/500
55/55 - 8s - 154ms/step - loss: 0.7332 - val_loss: 0.7321
Epoch 4/500
55/55 - 9s - 158ms/step - loss: 0.7134 - val_loss: 0.7160
Epoch 5/500
55/55 - 9s - 160ms/step - loss: 0.6988 - val_loss: 0.7039
Epoch 6/500
55/55 - 9s - 159ms/step - loss: 0.6870 - val_loss: 0.6922
Epoch 7/500
55/55 - 9s - 160ms/step - loss: 0.6788 - val_loss: 0.6845
Epoch 8/500
55/55 - 9s - 159ms/step - loss: 0.6708 - val_loss: 0.6779
Epoch 9/500
55/55 - 9s - 160ms/step - loss: 0.6647 - val_loss: 0.6706
Epoch 10/500
55/55 - 9s - 161ms/step - loss: 0.6580 - val_loss: 0.6644
Epoch 11/500
55/55 - 9s - 161ms/step - loss: 0.6518 - val_loss: 0.6577
Epoch 12/500
55/55 - 9s - 160ms/step - loss: 0.6458 - val_loss: 0.6538
Epoch 13/500
55/55 - 9s - 160ms/step - loss: 0.6418 - val_loss: 0.6482
Epoch 14/500
55/55 - 9s - 160ms/step - loss: 0.6392 - val_loss: 0.6470
Epoch 15/500
55/55 - 9s - 161ms/step - loss: 0.6360 - val_loss: 0.6451
Epoch 16/500
55/55 - 9s - 160ms/step - loss: 0.6344 - val_loss: 0.6441
Epoch 17/500
55/55 - 9s - 159ms/step - loss: 0.6324 - val_loss: 0.6417
Epoch 18/500
55/55 - 9s - 160ms/step - loss: 0.6301 - val_loss: 0.6368
Epoch 19/500
55/55 - 9s - 160ms/step - loss: 0.6281 - val_loss: 0.6374
Epoch 20/500
55/55 - 9s - 160ms/step - loss: 0.6262 - val_loss: 0.6361
Epoch 21/500
55/55 - 9s - 161ms/step - loss: 0.6238 - val_loss: 0.6328
Epoch 22/500
55/55 - 9s - 160ms/step - loss: 0.6232 - val_loss: 0.6302
Epoch 23/500
55/55 - 9s - 159ms/step - loss: 0.6217 - val_loss: 0.6305
Epoch 24/500
55/55 - 9s - 160ms/step - loss: 0.6194 - val_loss: 0.6283
Epoch 25/500
55/55 - 9s - 160ms/step - loss: 0.6187 - val_loss: 0.6258
Epoch 26/500
55/55 - 9s - 160ms/step - loss: 0.6180 - val_loss: 0.6272
Epoch 27/500
55/55 - 9s - 162ms/step - loss: 0.6159 - val_loss: 0.6273
Epoch 28/500
55/55 - 9s - 163ms/step - loss: 0.6155 - val_loss: 0.6246
Epoch 29/500
55/55 - 9s - 162ms/step - loss: 0.6139 - val_loss: 0.6242
Epoch 30/500
55/55 - 9s - 162ms/step - loss: 0.6143 - val_loss: 0.6240
Epoch 31/500
55/55 - 9s - 161ms/step - loss: 0.6126 - val_loss: 0.6243
Epoch 32/500
55/55 - 9s - 160ms/step - loss: 0.6114 - val_loss: 0.6229
Epoch 33/500
55/55 - 9s - 160ms/step - loss: 0.6104 - val_loss: 0.6217
Epoch 34/500
55/55 - 9s - 160ms/step - loss: 0.6093 - val_loss: 0.6227
Epoch 35/500
55/55 - 9s - 160ms/step - loss: 0.6093 - val_loss: 0.6223
Epoch 36/500
55/55 - 9s - 161ms/step - loss: 0.6084 - val_loss: 0.6207
Epoch 37/500
55/55 - 9s - 160ms/step - loss: 0.6076 - val_loss: 0.6217
Epoch 38/500
55/55 - 9s - 160ms/step - loss: 0.6065 - val_loss: 0.6215
Epoch 39/500
55/55 - 9s - 160ms/step - loss: 0.6070 - val_loss: 0.6210
Epoch 40/500
55/55 - 9s - 160ms/step - loss: 0.6056 - val_loss: 0.6204
Epoch 41/500
55/55 - 9s - 160ms/step - loss: 0.6046 - val_loss: 0.6199
Epoch 42/500
55/55 - 9s - 163ms/step - loss: 0.6044 - val_loss: 0.6208
Epoch 43/500
55/55 - 9s - 160ms/step - loss: 0.6050 - val_loss: 0.6194
Epoch 44/500
55/55 - 9s - 163ms/step - loss: 0.6035 - val_loss: 0.6190
Epoch 45/500
55/55 - 9s - 160ms/step - loss: 0.6027 - val_loss: 0.6177
Epoch 46/500
55/55 - 9s - 160ms/step - loss: 0.6017 - val_loss: 0.6195
Epoch 47/500
55/55 - 9s - 162ms/step - loss: 0.6019 - val_loss: 0.6184
Epoch 48/500
55/55 - 9s - 161ms/step - loss: 0.6018 - val_loss: 0.6180
Epoch 49/500
55/55 - 9s - 160ms/step - loss: 0.6006 - val_loss: 0.6168
Epoch 50/500
55/55 - 9s - 162ms/step - loss: 0.5999 - val_loss: 0.6161
Epoch 51/500
55/55 - 9s - 161ms/step - loss: 0.5989 - val_loss: 0.6173
Epoch 52/500
55/55 - 9s - 160ms/step - loss: 0.5996 - val_loss: 0.6170
Epoch 53/500
55/55 - 9s - 160ms/step - loss: 0.5980 - val_loss: 0.6154
Epoch 54/500
55/55 - 9s - 160ms/step - loss: 0.5971 - val_loss: 0.6150
Epoch 55/500
55/55 - 9s - 160ms/step - loss: 0.5970 - val_loss: 0.6146
Epoch 56/500
55/55 - 9s - 160ms/step - loss: 0.5973 - val_loss: 0.6149
Epoch 57/500
55/55 - 9s - 160ms/step - loss: 0.5961 - val_loss: 0.6141
Epoch 58/500
55/55 - 9s - 160ms/step - loss: 0.5956 - val_loss: 0.6133
Epoch 59/500
55/55 - 9s - 160ms/step - loss: 0.5955 - val_loss: 0.6107
Epoch 60/500
55/55 - 9s - 160ms/step - loss: 0.5939 - val_loss: 0.6103
Epoch 61/500
55/55 - 9s - 164ms/step - loss: 0.5936 - val_loss: 0.6090
Epoch 62/500
55/55 - 9s - 160ms/step - loss: 0.5925 - val_loss: 0.6084
Epoch 63/500
55/55 - 9s - 161ms/step - loss: 0.5919 - val_loss: 0.6070
Epoch 64/500
55/55 - 9s - 163ms/step - loss: 0.5916 - val_loss: 0.6062
Epoch 65/500
55/55 - 9s - 161ms/step - loss: 0.5918 - val_loss: 0.6061
Epoch 66/500
55/55 - 9s - 161ms/step - loss: 0.5906 - val_loss: 0.6054
Epoch 67/500
55/55 - 9s - 160ms/step - loss: 0.5905 - val_loss: 0.6054
Epoch 68/500
55/55 - 9s - 161ms/step - loss: 0.5891 - val_loss: 0.6040
Epoch 69/500
55/55 - 9s - 160ms/step - loss: 0.5882 - val_loss: 0.6034
Epoch 70/500
55/55 - 9s - 160ms/step - loss: 0.5873 - val_loss: 0.6025
Epoch 71/500
55/55 - 9s - 160ms/step - loss: 0.5872 - val_loss: 0.6027
Epoch 72/500
55/55 - 9s - 160ms/step - loss: 0.5862 - val_loss: 0.6028
Epoch 73/500
55/55 - 9s - 161ms/step - loss: 0.5852 - val_loss: 0.6014
Epoch 74/500
55/55 - 9s - 162ms/step - loss: 0.5847 - val_loss: 0.6024
Epoch 75/500
55/55 - 9s - 162ms/step - loss: 0.5838 - val_loss: 0.6014
Epoch 76/500
55/55 - 9s - 160ms/step - loss: 0.5832 - val_loss: 0.6007
Epoch 77/500
55/55 - 9s - 162ms/step - loss: 0.5828 - val_loss: 0.5997
Epoch 78/500
55/55 - 9s - 161ms/step - loss: 0.5817 - val_loss: 0.5995
Epoch 79/500
55/55 - 9s - 160ms/step - loss: 0.5809 - val_loss: 0.5977
Epoch 80/500
55/55 - 9s - 160ms/step - loss: 0.5802 - val_loss: 0.5973
Epoch 81/500
55/55 - 9s - 160ms/step - loss: 0.5798 - val_loss: 0.5959
Epoch 82/500
55/55 - 9s - 160ms/step - loss: 0.5788 - val_loss: 0.5956
Epoch 83/500
55/55 - 9s - 160ms/step - loss: 0.5790 - val_loss: 0.5967
Epoch 84/500
55/55 - 9s - 160ms/step - loss: 0.5777 - val_loss: 0.5942
Epoch 85/500
55/55 - 9s - 160ms/step - loss: 0.5775 - val_loss: 0.5965
Epoch 86/500
55/55 - 9s - 160ms/step - loss: 0.5770 - val_loss: 0.5944
Epoch 87/500
55/55 - 9s - 161ms/step - loss: 0.5768 - val_loss: 0.5938
Epoch 88/500
55/55 - 9s - 163ms/step - loss: 0.5760 - val_loss: 0.5950
Epoch 89/500
55/55 - 9s - 160ms/step - loss: 0.5752 - val_loss: 0.5940
Epoch 90/500
55/55 - 9s - 161ms/step - loss: 0.5754 - val_loss: 0.5949
Epoch 91/500
55/55 - 9s - 162ms/step - loss: 0.5743 - val_loss: 0.5918
Epoch 92/500
55/55 - 9s - 161ms/step - loss: 0.5734 - val_loss: 0.5941
Epoch 93/500
55/55 - 9s - 160ms/step - loss: 0.5741 - val_loss: 0.5924
Epoch 94/500
55/55 - 9s - 159ms/step - loss: 0.5732 - val_loss: 0.5919
Epoch 95/500
55/55 - 9s - 160ms/step - loss: 0.5728 - val_loss: 0.5925
Epoch 96/500
55/55 - 9s - 160ms/step - loss: 0.5726 - val_loss: 0.5961
Epoch 97/500
55/55 - 9s - 160ms/step - loss: 0.5723 - val_loss: 0.5891
Epoch 98/500
55/55 - 9s - 160ms/step - loss: 0.5723 - val_loss: 0.5933
Epoch 99/500
55/55 - 9s - 160ms/step - loss: 0.5712 - val_loss: 0.5889
Epoch 100/500
55/55 - 9s - 160ms/step - loss: 0.5710 - val_loss: 0.5911
Epoch 101/500
55/55 - 9s - 160ms/step - loss: 0.5710 - val_loss: 0.5888
Epoch 102/500
55/55 - 9s - 160ms/step - loss: 0.5704 - val_loss: 0.5897
Epoch 103/500
55/55 - 9s - 163ms/step - loss: 0.5699 - val_loss: 0.5876
Epoch 104/500
55/55 - 9s - 160ms/step - loss: 0.5692 - val_loss: 0.5894
Epoch 105/500
55/55 - 9s - 160ms/step - loss: 0.5694 - val_loss: 0.5871
Epoch 106/500
55/55 - 9s - 163ms/step - loss: 0.5688 - val_loss: 0.5888
Epoch 107/500
55/55 - 9s - 160ms/step - loss: 0.5683 - val_loss: 0.5880
Epoch 108/500
55/55 - 9s - 160ms/step - loss: 0.5685 - val_loss: 0.5905
Epoch 109/500
55/55 - 9s - 160ms/step - loss: 0.5684 - val_loss: 0.5884
Epoch 110/500
55/55 - 9s - 160ms/step - loss: 0.5673 - val_loss: 0.5871
Epoch 111/500
55/55 - 9s - 161ms/step - loss: 0.5679 - val_loss: 0.5899
Epoch 112/500
55/55 - 9s - 160ms/step - loss: 0.5679 - val_loss: 0.5889
Epoch 113/500
55/55 - 9s - 160ms/step - loss: 0.5667 - val_loss: 0.5868
Epoch 114/500
55/55 - 9s - 161ms/step - loss: 0.5665 - val_loss: 0.5844
Epoch 115/500
55/55 - 9s - 162ms/step - loss: 0.5667 - val_loss: 0.5900
Epoch 116/500
55/55 - 9s - 161ms/step - loss: 0.5659 - val_loss: 0.5864
Epoch 117/500
55/55 - 9s - 161ms/step - loss: 0.5655 - val_loss: 0.5854
Epoch 118/500
55/55 - 9s - 162ms/step - loss: 0.5663 - val_loss: 0.5883
Epoch 119/500
55/55 - 9s - 161ms/step - loss: 0.5656 - val_loss: 0.5849
Epoch 120/500
55/55 - 9s - 160ms/step - loss: 0.5650 - val_loss: 0.5871
Epoch 121/500
55/55 - 9s - 160ms/step - loss: 0.5646 - val_loss: 0.5848
Epoch 122/500
55/55 - 9s - 160ms/step - loss: 0.5643 - val_loss: 0.5852
Epoch 123/500
55/55 - 9s - 160ms/step - loss: 0.5635 - val_loss: 0.5853
Epoch 124/500
55/55 - 9s - 160ms/step - loss: 0.5634 - val_loss: 0.5846
[Run 3/5] Training single encoder baseline (linear head)...
[Run 4/5] Training shared encoder (unweighted)...
Epoch 1/500
55/55 - 13s - 230ms/step - loss: 0.9217 - val_loss: 0.7992
Epoch 2/500
55/55 - 9s - 157ms/step - loss: 0.7156 - val_loss: 0.6633
Epoch 3/500
55/55 - 8s - 149ms/step - loss: 0.6769 - val_loss: 0.6461
Epoch 4/500
55/55 - 8s - 151ms/step - loss: 0.6628 - val_loss: 0.6369
Epoch 5/500
55/55 - 8s - 153ms/step - loss: 0.6541 - val_loss: 0.6314
Epoch 6/500
55/55 - 8s - 153ms/step - loss: 0.6489 - val_loss: 0.6275
Epoch 7/500
55/55 - 8s - 153ms/step - loss: 0.6450 - val_loss: 0.6249
Epoch 8/500
55/55 - 8s - 153ms/step - loss: 0.6427 - val_loss: 0.6222
Epoch 9/500
55/55 - 8s - 153ms/step - loss: 0.6399 - val_loss: 0.6200
Epoch 10/500
55/55 - 8s - 153ms/step - loss: 0.6374 - val_loss: 0.6174
Epoch 11/500
55/55 - 8s - 153ms/step - loss: 0.6351 - val_loss: 0.6155
Epoch 12/500
55/55 - 8s - 153ms/step - loss: 0.6329 - val_loss: 0.6138
Epoch 13/500
55/55 - 8s - 153ms/step - loss: 0.6308 - val_loss: 0.6123
Epoch 14/500
55/55 - 8s - 153ms/step - loss: 0.6289 - val_loss: 0.6107
Epoch 15/500
55/55 - 8s - 153ms/step - loss: 0.6268 - val_loss: 0.6086
Epoch 16/500
55/55 - 8s - 153ms/step - loss: 0.6250 - val_loss: 0.6063
Epoch 17/500
55/55 - 8s - 153ms/step - loss: 0.6226 - val_loss: 0.6054
Epoch 18/500
55/55 - 8s - 153ms/step - loss: 0.6202 - val_loss: 0.6036
Epoch 19/500
55/55 - 8s - 153ms/step - loss: 0.6182 - val_loss: 0.6024
Epoch 20/500
55/55 - 8s - 152ms/step - loss: 0.6161 - val_loss: 0.6020
Epoch 21/500
55/55 - 8s - 153ms/step - loss: 0.6144 - val_loss: 0.5987
Epoch 22/500
55/55 - 8s - 153ms/step - loss: 0.6120 - val_loss: 0.5973
Epoch 23/500
55/55 - 8s - 153ms/step - loss: 0.6097 - val_loss: 0.5954
Epoch 24/500
55/55 - 8s - 153ms/step - loss: 0.6076 - val_loss: 0.5948
Epoch 25/500
55/55 - 8s - 153ms/step - loss: 0.6053 - val_loss: 0.5942
Epoch 26/500
55/55 - 8s - 153ms/step - loss: 0.6036 - val_loss: 0.5955
Epoch 27/500
55/55 - 8s - 153ms/step - loss: 0.6022 - val_loss: 0.5941
Epoch 28/500
55/55 - 8s - 153ms/step - loss: 0.6007 - val_loss: 0.5944
Epoch 29/500
55/55 - 8s - 153ms/step - loss: 0.5996 - val_loss: 0.5952
Epoch 30/500
55/55 - 8s - 153ms/step - loss: 0.5984 - val_loss: 0.5926
Epoch 31/500
55/55 - 8s - 153ms/step - loss: 0.5973 - val_loss: 0.5920
Epoch 32/500
55/55 - 8s - 153ms/step - loss: 0.5961 - val_loss: 0.5915
Epoch 33/500
55/55 - 8s - 153ms/step - loss: 0.5956 - val_loss: 0.5907
Epoch 34/500
55/55 - 8s - 153ms/step - loss: 0.5948 - val_loss: 0.5911
Epoch 35/500
55/55 - 8s - 153ms/step - loss: 0.5938 - val_loss: 0.5905
Epoch 36/500
55/55 - 8s - 153ms/step - loss: 0.5932 - val_loss: 0.5892
Epoch 37/500
55/55 - 8s - 153ms/step - loss: 0.5922 - val_loss: 0.5892
Epoch 38/500
55/55 - 8s - 153ms/step - loss: 0.5919 - val_loss: 0.5882
Epoch 39/500
55/55 - 8s - 153ms/step - loss: 0.5911 - val_loss: 0.5874
Epoch 40/500
55/55 - 8s - 153ms/step - loss: 0.5903 - val_loss: 0.5875
Epoch 41/500
55/55 - 8s - 153ms/step - loss: 0.5900 - val_loss: 0.5871
Epoch 42/500
55/55 - 8s - 153ms/step - loss: 0.5893 - val_loss: 0.5869
Epoch 43/500
55/55 - 8s - 153ms/step - loss: 0.5888 - val_loss: 0.5862
Epoch 44/500
55/55 - 8s - 153ms/step - loss: 0.5885 - val_loss: 0.5853
Epoch 45/500
55/55 - 8s - 153ms/step - loss: 0.5879 - val_loss: 0.5841
Epoch 46/500
55/55 - 8s - 153ms/step - loss: 0.5870 - val_loss: 0.5836
Epoch 47/500
55/55 - 8s - 153ms/step - loss: 0.5867 - val_loss: 0.5837
Epoch 48/500
55/55 - 8s - 153ms/step - loss: 0.5863 - val_loss: 0.5826
Epoch 49/500
55/55 - 8s - 153ms/step - loss: 0.5860 - val_loss: 0.5830
Epoch 50/500
55/55 - 8s - 153ms/step - loss: 0.5856 - val_loss: 0.5819
Epoch 51/500
55/55 - 8s - 153ms/step - loss: 0.5847 - val_loss: 0.5817
Epoch 52/500
55/55 - 8s - 153ms/step - loss: 0.5847 - val_loss: 0.5819
Epoch 53/500
55/55 - 8s - 153ms/step - loss: 0.5838 - val_loss: 0.5810
Epoch 54/500
55/55 - 8s - 153ms/step - loss: 0.5830 - val_loss: 0.5801
Epoch 55/500
55/55 - 8s - 153ms/step - loss: 0.5824 - val_loss: 0.5804
Epoch 56/500
55/55 - 8s - 153ms/step - loss: 0.5821 - val_loss: 0.5796
Epoch 57/500
55/55 - 8s - 153ms/step - loss: 0.5816 - val_loss: 0.5803
Epoch 58/500
55/55 - 8s - 153ms/step - loss: 0.5810 - val_loss: 0.5794
Epoch 59/500
55/55 - 8s - 153ms/step - loss: 0.5805 - val_loss: 0.5794
Epoch 60/500
55/55 - 8s - 153ms/step - loss: 0.5800 - val_loss: 0.5788
Epoch 61/500
55/55 - 8s - 153ms/step - loss: 0.5796 - val_loss: 0.5789
Epoch 62/500
55/55 - 8s - 153ms/step - loss: 0.5795 - val_loss: 0.5785
Epoch 63/500
55/55 - 8s - 153ms/step - loss: 0.5790 - val_loss: 0.5787
Epoch 64/500
55/55 - 8s - 153ms/step - loss: 0.5786 - val_loss: 0.5790
Epoch 65/500
55/55 - 8s - 153ms/step - loss: 0.5784 - val_loss: 0.5786
Epoch 66/500
55/55 - 8s - 153ms/step - loss: 0.5783 - val_loss: 0.5783
Epoch 67/500
55/55 - 8s - 153ms/step - loss: 0.5779 - val_loss: 0.5781
Epoch 68/500
55/55 - 8s - 153ms/step - loss: 0.5776 - val_loss: 0.5778
Epoch 69/500
55/55 - 8s - 153ms/step - loss: 0.5773 - val_loss: 0.5779
Epoch 70/500
55/55 - 8s - 153ms/step - loss: 0.5770 - val_loss: 0.5768
Epoch 71/500
55/55 - 8s - 153ms/step - loss: 0.5767 - val_loss: 0.5774
Epoch 72/500
55/55 - 8s - 153ms/step - loss: 0.5766 - val_loss: 0.5775
Epoch 73/500
55/55 - 8s - 153ms/step - loss: 0.5762 - val_loss: 0.5772
Epoch 74/500
55/55 - 8s - 153ms/step - loss: 0.5756 - val_loss: 0.5766
Epoch 75/500
55/55 - 8s - 153ms/step - loss: 0.5754 - val_loss: 0.5756
Epoch 76/500
55/55 - 8s - 153ms/step - loss: 0.5751 - val_loss: 0.5759
Epoch 77/500
55/55 - 8s - 153ms/step - loss: 0.5749 - val_loss: 0.5754
Epoch 78/500
55/55 - 8s - 154ms/step - loss: 0.5744 - val_loss: 0.5749
Epoch 79/500
55/55 - 8s - 153ms/step - loss: 0.5743 - val_loss: 0.5746
Epoch 80/500
55/55 - 8s - 153ms/step - loss: 0.5741 - val_loss: 0.5749
Epoch 81/500
55/55 - 8s - 153ms/step - loss: 0.5736 - val_loss: 0.5741
Epoch 82/500
55/55 - 8s - 153ms/step - loss: 0.5736 - val_loss: 0.5750
Epoch 83/500
55/55 - 8s - 153ms/step - loss: 0.5735 - val_loss: 0.5739
Epoch 84/500
55/55 - 8s - 153ms/step - loss: 0.5731 - val_loss: 0.5735
Epoch 85/500
55/55 - 8s - 153ms/step - loss: 0.5726 - val_loss: 0.5730
Epoch 86/500
55/55 - 8s - 153ms/step - loss: 0.5727 - val_loss: 0.5728
Epoch 87/500
55/55 - 8s - 153ms/step - loss: 0.5724 - val_loss: 0.5728
Epoch 88/500
55/55 - 8s - 153ms/step - loss: 0.5722 - val_loss: 0.5729
Epoch 89/500
55/55 - 8s - 153ms/step - loss: 0.5720 - val_loss: 0.5724
Epoch 90/500
55/55 - 8s - 153ms/step - loss: 0.5718 - val_loss: 0.5728
Epoch 91/500
55/55 - 8s - 153ms/step - loss: 0.5715 - val_loss: 0.5725
Epoch 92/500
55/55 - 8s - 153ms/step - loss: 0.5714 - val_loss: 0.5719
Epoch 93/500
55/55 - 8s - 153ms/step - loss: 0.5712 - val_loss: 0.5720
Epoch 94/500
55/55 - 8s - 153ms/step - loss: 0.5710 - val_loss: 0.5720
Epoch 95/500
55/55 - 8s - 153ms/step - loss: 0.5708 - val_loss: 0.5718
Epoch 96/500
55/55 - 8s - 153ms/step - loss: 0.5706 - val_loss: 0.5713
Epoch 97/500
55/55 - 8s - 153ms/step - loss: 0.5707 - val_loss: 0.5727
Epoch 98/500
55/55 - 8s - 153ms/step - loss: 0.5705 - val_loss: 0.5714
Epoch 99/500
55/55 - 8s - 153ms/step - loss: 0.5703 - val_loss: 0.5714
Epoch 100/500
55/55 - 8s - 153ms/step - loss: 0.5701 - val_loss: 0.5712
Epoch 101/500
55/55 - 8s - 153ms/step - loss: 0.5698 - val_loss: 0.5712
Epoch 102/500
55/55 - 8s - 153ms/step - loss: 0.5699 - val_loss: 0.5716
Epoch 103/500
55/55 - 8s - 153ms/step - loss: 0.5698 - val_loss: 0.5704
Epoch 104/500
55/55 - 8s - 153ms/step - loss: 0.5695 - val_loss: 0.5699
Epoch 105/500
55/55 - 8s - 153ms/step - loss: 0.5691 - val_loss: 0.5703
Epoch 106/500
55/55 - 8s - 153ms/step - loss: 0.5692 - val_loss: 0.5702
Epoch 107/500
55/55 - 8s - 153ms/step - loss: 0.5689 - val_loss: 0.5709
Epoch 108/500
55/55 - 8s - 153ms/step - loss: 0.5688 - val_loss: 0.5710
Epoch 109/500
55/55 - 8s - 153ms/step - loss: 0.5688 - val_loss: 0.5706
Epoch 110/500
55/55 - 8s - 153ms/step - loss: 0.5685 - val_loss: 0.5694
Epoch 111/500
55/55 - 8s - 153ms/step - loss: 0.5683 - val_loss: 0.5697
Epoch 112/500
55/55 - 8s - 153ms/step - loss: 0.5682 - val_loss: 0.5703
Epoch 113/500
55/55 - 8s - 153ms/step - loss: 0.5681 - val_loss: 0.5695
Epoch 114/500
55/55 - 8s - 153ms/step - loss: 0.5678 - val_loss: 0.5694
Epoch 115/500
55/55 - 8s - 153ms/step - loss: 0.5676 - val_loss: 0.5688
Epoch 116/500
55/55 - 8s - 153ms/step - loss: 0.5677 - val_loss: 0.5708
Epoch 117/500
55/55 - 8s - 153ms/step - loss: 0.5677 - val_loss: 0.5715
Epoch 118/500
55/55 - 8s - 153ms/step - loss: 0.5674 - val_loss: 0.5690
Epoch 119/500
55/55 - 8s - 153ms/step - loss: 0.5668 - val_loss: 0.5694
Epoch 120/500
55/55 - 8s - 153ms/step - loss: 0.5669 - val_loss: 0.5687
Epoch 121/500
55/55 - 8s - 153ms/step - loss: 0.5666 - val_loss: 0.5685
Epoch 122/500
55/55 - 8s - 152ms/step - loss: 0.5665 - val_loss: 0.5683
Epoch 123/500
55/55 - 8s - 153ms/step - loss: 0.5662 - val_loss: 0.5684
Epoch 124/500
55/55 - 8s - 153ms/step - loss: 0.5661 - val_loss: 0.5688
Epoch 125/500
55/55 - 8s - 153ms/step - loss: 0.5659 - val_loss: 0.5679
Epoch 126/500
55/55 - 8s - 153ms/step - loss: 0.5658 - val_loss: 0.5679
Epoch 127/500
55/55 - 8s - 153ms/step - loss: 0.5655 - val_loss: 0.5684
Epoch 128/500
55/55 - 8s - 153ms/step - loss: 0.5655 - val_loss: 0.5694
Epoch 129/500
55/55 - 8s - 153ms/step - loss: 0.5656 - val_loss: 0.5685
Epoch 130/500
55/55 - 8s - 153ms/step - loss: 0.5651 - val_loss: 0.5675
Epoch 131/500
55/55 - 8s - 153ms/step - loss: 0.5650 - val_loss: 0.5673
Epoch 132/500
55/55 - 8s - 153ms/step - loss: 0.5649 - val_loss: 0.5676
Epoch 133/500
55/55 - 8s - 153ms/step - loss: 0.5646 - val_loss: 0.5669
Epoch 134/500
55/55 - 8s - 153ms/step - loss: 0.5646 - val_loss: 0.5671
Epoch 135/500
55/55 - 8s - 153ms/step - loss: 0.5644 - val_loss: 0.5666
Epoch 136/500
55/55 - 8s - 153ms/step - loss: 0.5641 - val_loss: 0.5674
Epoch 137/500
55/55 - 8s - 154ms/step - loss: 0.5640 - val_loss: 0.5663
Epoch 138/500
55/55 - 8s - 153ms/step - loss: 0.5637 - val_loss: 0.5675
Epoch 139/500
55/55 - 8s - 153ms/step - loss: 0.5638 - val_loss: 0.5666
Epoch 140/500
55/55 - 8s - 153ms/step - loss: 0.5636 - val_loss: 0.5675
Epoch 141/500
55/55 - 8s - 153ms/step - loss: 0.5634 - val_loss: 0.5665
Epoch 142/500
55/55 - 8s - 153ms/step - loss: 0.5633 - val_loss: 0.5667
Epoch 143/500
55/55 - 8s - 153ms/step - loss: 0.5630 - val_loss: 0.5671
Epoch 144/500
55/55 - 8s - 153ms/step - loss: 0.5628 - val_loss: 0.5672
Epoch 145/500
55/55 - 8s - 153ms/step - loss: 0.5626 - val_loss: 0.5654
Epoch 146/500
55/55 - 8s - 153ms/step - loss: 0.5622 - val_loss: 0.5664
Epoch 147/500
55/55 - 8s - 153ms/step - loss: 0.5619 - val_loss: 0.5667
Epoch 148/500
55/55 - 8s - 153ms/step - loss: 0.5620 - val_loss: 0.5651
Epoch 149/500
55/55 - 8s - 153ms/step - loss: 0.5615 - val_loss: 0.5660
Epoch 150/500
55/55 - 8s - 153ms/step - loss: 0.5617 - val_loss: 0.5658
Epoch 151/500
55/55 - 8s - 153ms/step - loss: 0.5613 - val_loss: 0.5657
Epoch 152/500
55/55 - 8s - 153ms/step - loss: 0.5613 - val_loss: 0.5657
Epoch 153/500
55/55 - 8s - 153ms/step - loss: 0.5614 - val_loss: 0.5652
Epoch 154/500
55/55 - 8s - 153ms/step - loss: 0.5610 - val_loss: 0.5655
Epoch 155/500
55/55 - 8s - 153ms/step - loss: 0.5610 - val_loss: 0.5659
Epoch 156/500
55/55 - 8s - 153ms/step - loss: 0.5608 - val_loss: 0.5650
Epoch 157/500
55/55 - 8s - 153ms/step - loss: 0.5610 - val_loss: 0.5647
Epoch 158/500
55/55 - 8s - 153ms/step - loss: 0.5604 - val_loss: 0.5670
Epoch 159/500
55/55 - 8s - 153ms/step - loss: 0.5605 - val_loss: 0.5656
Epoch 160/500
55/55 - 8s - 153ms/step - loss: 0.5604 - val_loss: 0.5656
Epoch 161/500
55/55 - 8s - 153ms/step - loss: 0.5600 - val_loss: 0.5661
Epoch 162/500
55/55 - 8s - 153ms/step - loss: 0.5599 - val_loss: 0.5658
Epoch 163/500
55/55 - 8s - 153ms/step - loss: 0.5597 - val_loss: 0.5673
Epoch 164/500
55/55 - 8s - 153ms/step - loss: 0.5595 - val_loss: 0.5663
Epoch 165/500
55/55 - 8s - 153ms/step - loss: 0.5596 - val_loss: 0.5662
Epoch 166/500
55/55 - 8s - 153ms/step - loss: 0.5596 - val_loss: 0.5672
Epoch 167/500
55/55 - 8s - 153ms/step - loss: 0.5595 - val_loss: 0.5647
[Run 4/5] Training shared encoder (weighted)...
Epoch 1/500
55/55 - 12s - 225ms/step - loss: 0.9911 - val_loss: 0.9738
Epoch 2/500
55/55 - 9s - 165ms/step - loss: 0.9324 - val_loss: 0.8469
Epoch 3/500
55/55 - 9s - 157ms/step - loss: 0.7650 - val_loss: 0.7162
Epoch 4/500
55/55 - 9s - 159ms/step - loss: 0.7278 - val_loss: 0.7037
Epoch 5/500
55/55 - 9s - 161ms/step - loss: 0.7174 - val_loss: 0.6930
Epoch 6/500
55/55 - 9s - 160ms/step - loss: 0.7084 - val_loss: 0.6857
Epoch 7/500
55/55 - 9s - 161ms/step - loss: 0.7007 - val_loss: 0.6792
Epoch 8/500
55/55 - 9s - 161ms/step - loss: 0.6946 - val_loss: 0.6724
Epoch 9/500
55/55 - 9s - 161ms/step - loss: 0.6891 - val_loss: 0.6676
Epoch 10/500
55/55 - 9s - 161ms/step - loss: 0.6835 - val_loss: 0.6603
Epoch 11/500
55/55 - 9s - 161ms/step - loss: 0.6784 - val_loss: 0.6562
Epoch 12/500
55/55 - 9s - 162ms/step - loss: 0.6750 - val_loss: 0.6540
Epoch 13/500
55/55 - 9s - 162ms/step - loss: 0.6708 - val_loss: 0.6470
Epoch 14/500
55/55 - 9s - 161ms/step - loss: 0.6672 - val_loss: 0.6423
Epoch 15/500
55/55 - 9s - 161ms/step - loss: 0.6634 - val_loss: 0.6385
Epoch 16/500
55/55 - 9s - 162ms/step - loss: 0.6602 - val_loss: 0.6356
Epoch 17/500
55/55 - 9s - 161ms/step - loss: 0.6566 - val_loss: 0.6330
Epoch 18/500
55/55 - 9s - 161ms/step - loss: 0.6536 - val_loss: 0.6290
Epoch 19/500
55/55 - 9s - 161ms/step - loss: 0.6506 - val_loss: 0.6282
Epoch 20/500
55/55 - 9s - 161ms/step - loss: 0.6480 - val_loss: 0.6246
Epoch 21/500
55/55 - 9s - 161ms/step - loss: 0.6457 - val_loss: 0.6235
Epoch 22/500
55/55 - 9s - 161ms/step - loss: 0.6438 - val_loss: 0.6227
Epoch 23/500
55/55 - 9s - 161ms/step - loss: 0.6419 - val_loss: 0.6208
Epoch 24/500
55/55 - 9s - 161ms/step - loss: 0.6399 - val_loss: 0.6187
Epoch 25/500
55/55 - 9s - 161ms/step - loss: 0.6385 - val_loss: 0.6165
Epoch 26/500
55/55 - 9s - 164ms/step - loss: 0.6365 - val_loss: 0.6148
Epoch 27/500
55/55 - 9s - 162ms/step - loss: 0.6352 - val_loss: 0.6146
Epoch 28/500
55/55 - 9s - 163ms/step - loss: 0.6338 - val_loss: 0.6137
Epoch 29/500
55/55 - 9s - 161ms/step - loss: 0.6328 - val_loss: 0.6126
Epoch 30/500
55/55 - 9s - 163ms/step - loss: 0.6318 - val_loss: 0.6107
Epoch 31/500
55/55 - 9s - 161ms/step - loss: 0.6310 - val_loss: 0.6100
Epoch 32/500
55/55 - 9s - 161ms/step - loss: 0.6297 - val_loss: 0.6100
Epoch 33/500
55/55 - 9s - 163ms/step - loss: 0.6290 - val_loss: 0.6117
Epoch 34/500
55/55 - 9s - 160ms/step - loss: 0.6277 - val_loss: 0.6102
Epoch 35/500
55/55 - 9s - 164ms/step - loss: 0.6269 - val_loss: 0.6089
Epoch 36/500
55/55 - 9s - 161ms/step - loss: 0.6256 - val_loss: 0.6082
Epoch 37/500
55/55 - 9s - 161ms/step - loss: 0.6243 - val_loss: 0.6080
Epoch 38/500
55/55 - 9s - 160ms/step - loss: 0.6236 - val_loss: 0.6066
Epoch 39/500
55/55 - 9s - 160ms/step - loss: 0.6228 - val_loss: 0.6069
Epoch 40/500
55/55 - 9s - 160ms/step - loss: 0.6217 - val_loss: 0.6055
Epoch 41/500
55/55 - 9s - 161ms/step - loss: 0.6213 - val_loss: 0.6049
Epoch 42/500
55/55 - 9s - 161ms/step - loss: 0.6208 - val_loss: 0.6047
Epoch 43/500
55/55 - 9s - 160ms/step - loss: 0.6197 - val_loss: 0.6050
Epoch 44/500
55/55 - 9s - 160ms/step - loss: 0.6187 - val_loss: 0.6054
Epoch 45/500
55/55 - 9s - 162ms/step - loss: 0.6181 - val_loss: 0.6033
Epoch 46/500
55/55 - 9s - 161ms/step - loss: 0.6172 - val_loss: 0.6043
Epoch 47/500
55/55 - 9s - 160ms/step - loss: 0.6171 - val_loss: 0.6032
Epoch 48/500
55/55 - 9s - 160ms/step - loss: 0.6160 - val_loss: 0.6036
Epoch 49/500
55/55 - 9s - 163ms/step - loss: 0.6150 - val_loss: 0.6030
Epoch 50/500
55/55 - 9s - 161ms/step - loss: 0.6144 - val_loss: 0.6019
Epoch 51/500
55/55 - 9s - 161ms/step - loss: 0.6138 - val_loss: 0.6017
Epoch 52/500
55/55 - 9s - 161ms/step - loss: 0.6136 - val_loss: 0.6009
Epoch 53/500
55/55 - 9s - 160ms/step - loss: 0.6132 - val_loss: 0.6009
Epoch 54/500
55/55 - 9s - 161ms/step - loss: 0.6124 - val_loss: 0.5997
Epoch 55/500
55/55 - 9s - 160ms/step - loss: 0.6122 - val_loss: 0.5999
Epoch 56/500
55/55 - 9s - 161ms/step - loss: 0.6116 - val_loss: 0.5994
Epoch 57/500
55/55 - 9s - 161ms/step - loss: 0.6114 - val_loss: 0.5996
Epoch 58/500
55/55 - 9s - 161ms/step - loss: 0.6108 - val_loss: 0.5997
Epoch 59/500
55/55 - 9s - 161ms/step - loss: 0.6104 - val_loss: 0.5989
Epoch 60/500
55/55 - 9s - 161ms/step - loss: 0.6101 - val_loss: 0.5992
Epoch 61/500
55/55 - 9s - 161ms/step - loss: 0.6096 - val_loss: 0.5990
Epoch 62/500
55/55 - 9s - 161ms/step - loss: 0.6097 - val_loss: 0.5985
Epoch 63/500
55/55 - 9s - 161ms/step - loss: 0.6091 - val_loss: 0.5983
Epoch 64/500
55/55 - 9s - 161ms/step - loss: 0.6085 - val_loss: 0.5971
Epoch 65/500
55/55 - 9s - 160ms/step - loss: 0.6083 - val_loss: 0.5975
Epoch 66/500
55/55 - 9s - 161ms/step - loss: 0.6086 - val_loss: 0.5971
Epoch 67/500
55/55 - 9s - 160ms/step - loss: 0.6075 - val_loss: 0.5976
Epoch 68/500
55/55 - 9s - 160ms/step - loss: 0.6074 - val_loss: 0.5971
Epoch 69/500
55/55 - 9s - 161ms/step - loss: 0.6069 - val_loss: 0.5967
Epoch 70/500
55/55 - 9s - 161ms/step - loss: 0.6060 - val_loss: 0.5969
Epoch 71/500
55/55 - 9s - 161ms/step - loss: 0.6057 - val_loss: 0.5957
Epoch 72/500
55/55 - 9s - 161ms/step - loss: 0.6051 - val_loss: 0.5955
Epoch 73/500
55/55 - 9s - 160ms/step - loss: 0.6046 - val_loss: 0.5953
Epoch 74/500
55/55 - 9s - 164ms/step - loss: 0.6040 - val_loss: 0.5950
Epoch 75/500
55/55 - 9s - 162ms/step - loss: 0.6040 - val_loss: 0.5946
Epoch 76/500
55/55 - 9s - 160ms/step - loss: 0.6037 - val_loss: 0.5945
Epoch 77/500
55/55 - 9s - 161ms/step - loss: 0.6031 - val_loss: 0.5944
Epoch 78/500
55/55 - 9s - 163ms/step - loss: 0.6028 - val_loss: 0.5946
Epoch 79/500
55/55 - 9s - 161ms/step - loss: 0.6025 - val_loss: 0.5942
Epoch 80/500
55/55 - 9s - 161ms/step - loss: 0.6022 - val_loss: 0.5940
Epoch 81/500
55/55 - 9s - 161ms/step - loss: 0.6018 - val_loss: 0.5934
Epoch 82/500
55/55 - 9s - 162ms/step - loss: 0.6016 - val_loss: 0.5930
Epoch 83/500
55/55 - 9s - 163ms/step - loss: 0.6014 - val_loss: 0.5938
Epoch 84/500
55/55 - 9s - 161ms/step - loss: 0.6010 - val_loss: 0.5931
Epoch 85/500
55/55 - 9s - 161ms/step - loss: 0.6008 - val_loss: 0.5933
Epoch 86/500
55/55 - 9s - 164ms/step - loss: 0.6006 - val_loss: 0.5936
Epoch 87/500
55/55 - 9s - 161ms/step - loss: 0.6003 - val_loss: 0.5932
Epoch 88/500
55/55 - 9s - 161ms/step - loss: 0.5999 - val_loss: 0.5927
Epoch 89/500
55/55 - 9s - 160ms/step - loss: 0.6002 - val_loss: 0.5925
Epoch 90/500
55/55 - 9s - 160ms/step - loss: 0.5993 - val_loss: 0.5925
Epoch 91/500
55/55 - 9s - 161ms/step - loss: 0.5992 - val_loss: 0.5933
Epoch 92/500
55/55 - 9s - 161ms/step - loss: 0.5990 - val_loss: 0.5926
Epoch 93/500
55/55 - 9s - 161ms/step - loss: 0.5990 - val_loss: 0.5923
Epoch 94/500
55/55 - 9s - 161ms/step - loss: 0.5986 - val_loss: 0.5914
Epoch 95/500
55/55 - 9s - 161ms/step - loss: 0.5982 - val_loss: 0.5924
Epoch 96/500
55/55 - 9s - 160ms/step - loss: 0.5986 - val_loss: 0.5928
Epoch 97/500
55/55 - 9s - 161ms/step - loss: 0.5979 - val_loss: 0.5920
Epoch 98/500
55/55 - 9s - 161ms/step - loss: 0.5982 - val_loss: 0.5916
Epoch 99/500
55/55 - 9s - 162ms/step - loss: 0.5973 - val_loss: 0.5920
Epoch 100/500
55/55 - 9s - 163ms/step - loss: 0.5968 - val_loss: 0.5916
Epoch 101/500
55/55 - 9s - 160ms/step - loss: 0.5966 - val_loss: 0.5923
Epoch 102/500
55/55 - 9s - 160ms/step - loss: 0.5971 - val_loss: 0.5921
Epoch 103/500
55/55 - 9s - 161ms/step - loss: 0.5961 - val_loss: 0.5924
Epoch 104/500
55/55 - 9s - 163ms/step - loss: 0.5966 - val_loss: 0.5917
[Run 4/5] Training single encoder baseline (linear head)...
[Run 5/5] Training shared encoder (unweighted)...
Epoch 1/500
55/55 - 13s - 234ms/step - loss: 0.9194 - val_loss: 0.8103
Epoch 2/500
55/55 - 9s - 156ms/step - loss: 0.7380 - val_loss: 0.6717
Epoch 3/500
55/55 - 8s - 149ms/step - loss: 0.6781 - val_loss: 0.6506
Epoch 4/500
55/55 - 8s - 152ms/step - loss: 0.6621 - val_loss: 0.6412
Epoch 5/500
55/55 - 8s - 154ms/step - loss: 0.6507 - val_loss: 0.6322
Epoch 6/500
55/55 - 8s - 154ms/step - loss: 0.6417 - val_loss: 0.6251
Epoch 7/500
55/55 - 8s - 154ms/step - loss: 0.6355 - val_loss: 0.6212
Epoch 8/500
55/55 - 8s - 154ms/step - loss: 0.6304 - val_loss: 0.6180
Epoch 9/500
55/55 - 8s - 154ms/step - loss: 0.6270 - val_loss: 0.6148
Epoch 10/500
55/55 - 8s - 154ms/step - loss: 0.6225 - val_loss: 0.6100
Epoch 11/500
55/55 - 8s - 154ms/step - loss: 0.6181 - val_loss: 0.6055
Epoch 12/500
55/55 - 8s - 154ms/step - loss: 0.6151 - val_loss: 0.6038
Epoch 13/500
55/55 - 8s - 154ms/step - loss: 0.6122 - val_loss: 0.6018
Epoch 14/500
55/55 - 8s - 154ms/step - loss: 0.6101 - val_loss: 0.5998
Epoch 15/500
55/55 - 8s - 154ms/step - loss: 0.6083 - val_loss: 0.5978
Epoch 16/500
55/55 - 8s - 154ms/step - loss: 0.6064 - val_loss: 0.5964
Epoch 17/500
55/55 - 9s - 155ms/step - loss: 0.6047 - val_loss: 0.5955
Epoch 18/500
55/55 - 8s - 154ms/step - loss: 0.6030 - val_loss: 0.5940
Epoch 19/500
55/55 - 8s - 154ms/step - loss: 0.6014 - val_loss: 0.5933
Epoch 20/500
55/55 - 8s - 154ms/step - loss: 0.6002 - val_loss: 0.5918
Epoch 21/500
55/55 - 8s - 154ms/step - loss: 0.5990 - val_loss: 0.5905
Epoch 22/500
55/55 - 8s - 154ms/step - loss: 0.5979 - val_loss: 0.5898
Epoch 23/500
55/55 - 8s - 154ms/step - loss: 0.5972 - val_loss: 0.5893
Epoch 24/500
55/55 - 8s - 154ms/step - loss: 0.5963 - val_loss: 0.5891
Epoch 25/500
55/55 - 8s - 154ms/step - loss: 0.5956 - val_loss: 0.5880
Epoch 26/500
55/55 - 8s - 154ms/step - loss: 0.5948 - val_loss: 0.5878
Epoch 27/500
55/55 - 8s - 154ms/step - loss: 0.5941 - val_loss: 0.5878
Epoch 28/500
55/55 - 8s - 154ms/step - loss: 0.5931 - val_loss: 0.5874
Epoch 29/500
55/55 - 8s - 153ms/step - loss: 0.5924 - val_loss: 0.5866
Epoch 30/500
55/55 - 8s - 153ms/step - loss: 0.5917 - val_loss: 0.5872
Epoch 31/500
55/55 - 8s - 154ms/step - loss: 0.5912 - val_loss: 0.5859
Epoch 32/500
55/55 - 8s - 154ms/step - loss: 0.5904 - val_loss: 0.5843
Epoch 33/500
55/55 - 8s - 154ms/step - loss: 0.5900 - val_loss: 0.5835
Epoch 34/500
55/55 - 8s - 154ms/step - loss: 0.5894 - val_loss: 0.5826
Epoch 35/500
55/55 - 8s - 154ms/step - loss: 0.5888 - val_loss: 0.5820
Epoch 36/500
55/55 - 8s - 154ms/step - loss: 0.5883 - val_loss: 0.5816
Epoch 37/500
55/55 - 8s - 154ms/step - loss: 0.5877 - val_loss: 0.5810
Epoch 38/500
55/55 - 8s - 154ms/step - loss: 0.5871 - val_loss: 0.5809
Epoch 39/500
55/55 - 8s - 154ms/step - loss: 0.5864 - val_loss: 0.5809
Epoch 40/500
55/55 - 8s - 154ms/step - loss: 0.5862 - val_loss: 0.5808
Epoch 41/500
55/55 - 8s - 154ms/step - loss: 0.5856 - val_loss: 0.5802
Epoch 42/500
55/55 - 8s - 154ms/step - loss: 0.5851 - val_loss: 0.5798
Epoch 43/500
55/55 - 8s - 154ms/step - loss: 0.5846 - val_loss: 0.5791
Epoch 44/500
55/55 - 8s - 153ms/step - loss: 0.5840 - val_loss: 0.5793
Epoch 45/500
55/55 - 8s - 154ms/step - loss: 0.5837 - val_loss: 0.5775
Epoch 46/500
55/55 - 8s - 154ms/step - loss: 0.5832 - val_loss: 0.5767
Epoch 47/500
55/55 - 8s - 153ms/step - loss: 0.5827 - val_loss: 0.5763
Epoch 48/500
55/55 - 8s - 154ms/step - loss: 0.5824 - val_loss: 0.5758
Epoch 49/500
55/55 - 8s - 154ms/step - loss: 0.5821 - val_loss: 0.5749
Epoch 50/500
55/55 - 9s - 155ms/step - loss: 0.5818 - val_loss: 0.5745
Epoch 51/500
55/55 - 8s - 154ms/step - loss: 0.5814 - val_loss: 0.5741
Epoch 52/500
55/55 - 8s - 154ms/step - loss: 0.5812 - val_loss: 0.5742
Epoch 53/500
55/55 - 8s - 154ms/step - loss: 0.5808 - val_loss: 0.5735
Epoch 54/500
55/55 - 8s - 154ms/step - loss: 0.5803 - val_loss: 0.5718
Epoch 55/500
55/55 - 8s - 154ms/step - loss: 0.5804 - val_loss: 0.5719
Epoch 56/500
55/55 - 8s - 154ms/step - loss: 0.5798 - val_loss: 0.5720
Epoch 57/500
55/55 - 8s - 154ms/step - loss: 0.5797 - val_loss: 0.5722
Epoch 58/500
55/55 - 8s - 154ms/step - loss: 0.5794 - val_loss: 0.5713
Epoch 59/500
55/55 - 8s - 154ms/step - loss: 0.5790 - val_loss: 0.5723
Epoch 60/500
55/55 - 8s - 153ms/step - loss: 0.5785 - val_loss: 0.5717
Epoch 61/500
55/55 - 8s - 153ms/step - loss: 0.5784 - val_loss: 0.5718
Epoch 62/500
55/55 - 8s - 154ms/step - loss: 0.5779 - val_loss: 0.5715
Epoch 63/500
55/55 - 8s - 154ms/step - loss: 0.5777 - val_loss: 0.5714
Epoch 64/500
55/55 - 8s - 154ms/step - loss: 0.5773 - val_loss: 0.5702
Epoch 65/500
55/55 - 8s - 153ms/step - loss: 0.5770 - val_loss: 0.5708
Epoch 66/500
55/55 - 8s - 154ms/step - loss: 0.5767 - val_loss: 0.5705
Epoch 67/500
55/55 - 8s - 154ms/step - loss: 0.5764 - val_loss: 0.5704
Epoch 68/500
55/55 - 8s - 154ms/step - loss: 0.5762 - val_loss: 0.5691
Epoch 69/500
55/55 - 8s - 154ms/step - loss: 0.5760 - val_loss: 0.5690
Epoch 70/500
55/55 - 8s - 153ms/step - loss: 0.5757 - val_loss: 0.5691
Epoch 71/500
55/55 - 8s - 153ms/step - loss: 0.5757 - val_loss: 0.5694
Epoch 72/500
55/55 - 8s - 153ms/step - loss: 0.5754 - val_loss: 0.5693
Epoch 73/500
55/55 - 8s - 154ms/step - loss: 0.5750 - val_loss: 0.5685
Epoch 74/500
55/55 - 8s - 154ms/step - loss: 0.5748 - val_loss: 0.5679
Epoch 75/500
55/55 - 8s - 153ms/step - loss: 0.5746 - val_loss: 0.5671
Epoch 76/500
55/55 - 8s - 153ms/step - loss: 0.5744 - val_loss: 0.5671
Epoch 77/500
55/55 - 8s - 154ms/step - loss: 0.5740 - val_loss: 0.5674
Epoch 78/500
55/55 - 8s - 153ms/step - loss: 0.5739 - val_loss: 0.5674
Epoch 79/500
55/55 - 8s - 154ms/step - loss: 0.5738 - val_loss: 0.5670
Epoch 80/500
55/55 - 8s - 153ms/step - loss: 0.5737 - val_loss: 0.5671
Epoch 81/500
55/55 - 8s - 153ms/step - loss: 0.5733 - val_loss: 0.5677
Epoch 82/500
55/55 - 8s - 154ms/step - loss: 0.5733 - val_loss: 0.5667
Epoch 83/500
55/55 - 8s - 153ms/step - loss: 0.5726 - val_loss: 0.5662
Epoch 84/500
55/55 - 8s - 153ms/step - loss: 0.5722 - val_loss: 0.5664
Epoch 85/500
55/55 - 8s - 154ms/step - loss: 0.5717 - val_loss: 0.5634
Epoch 86/500
55/55 - 8s - 153ms/step - loss: 0.5713 - val_loss: 0.5639
Epoch 87/500
55/55 - 8s - 153ms/step - loss: 0.5709 - val_loss: 0.5643
Epoch 88/500
55/55 - 8s - 154ms/step - loss: 0.5705 - val_loss: 0.5631
Epoch 89/500
55/55 - 8s - 154ms/step - loss: 0.5703 - val_loss: 0.5632
Epoch 90/500
55/55 - 8s - 154ms/step - loss: 0.5701 - val_loss: 0.5627
Epoch 91/500
55/55 - 8s - 154ms/step - loss: 0.5696 - val_loss: 0.5624
Epoch 92/500
55/55 - 8s - 153ms/step - loss: 0.5693 - val_loss: 0.5623
Epoch 93/500
55/55 - 8s - 154ms/step - loss: 0.5692 - val_loss: 0.5622
Epoch 94/500
55/55 - 8s - 154ms/step - loss: 0.5688 - val_loss: 0.5618
Epoch 95/500
55/55 - 8s - 153ms/step - loss: 0.5684 - val_loss: 0.5617
Epoch 96/500
55/55 - 8s - 154ms/step - loss: 0.5680 - val_loss: 0.5606
Epoch 97/500
55/55 - 8s - 153ms/step - loss: 0.5677 - val_loss: 0.5610
Epoch 98/500
55/55 - 8s - 153ms/step - loss: 0.5673 - val_loss: 0.5606
Epoch 99/500
55/55 - 8s - 154ms/step - loss: 0.5672 - val_loss: 0.5611
Epoch 100/500
55/55 - 8s - 154ms/step - loss: 0.5669 - val_loss: 0.5613
Epoch 101/500
55/55 - 8s - 154ms/step - loss: 0.5666 - val_loss: 0.5604
Epoch 102/500
55/55 - 8s - 153ms/step - loss: 0.5661 - val_loss: 0.5599
Epoch 103/500
55/55 - 8s - 154ms/step - loss: 0.5660 - val_loss: 0.5587
Epoch 104/500
55/55 - 8s - 154ms/step - loss: 0.5656 - val_loss: 0.5596
Epoch 105/500
55/55 - 8s - 153ms/step - loss: 0.5653 - val_loss: 0.5591
Epoch 106/500
55/55 - 8s - 153ms/step - loss: 0.5651 - val_loss: 0.5585
Epoch 107/500
55/55 - 8s - 153ms/step - loss: 0.5651 - val_loss: 0.5582
Epoch 108/500
55/55 - 8s - 153ms/step - loss: 0.5648 - val_loss: 0.5578
Epoch 109/500
55/55 - 8s - 153ms/step - loss: 0.5645 - val_loss: 0.5577
Epoch 110/500
55/55 - 8s - 153ms/step - loss: 0.5644 - val_loss: 0.5577
Epoch 111/500
55/55 - 9s - 156ms/step - loss: 0.5641 - val_loss: 0.5576
Epoch 112/500
55/55 - 8s - 154ms/step - loss: 0.5640 - val_loss: 0.5573
Epoch 113/500
55/55 - 9s - 156ms/step - loss: 0.5635 - val_loss: 0.5565
Epoch 114/500
55/55 - 8s - 153ms/step - loss: 0.5633 - val_loss: 0.5574
Epoch 115/500
55/55 - 8s - 154ms/step - loss: 0.5633 - val_loss: 0.5571
Epoch 116/500
55/55 - 8s - 153ms/step - loss: 0.5631 - val_loss: 0.5568
Epoch 117/500
55/55 - 8s - 153ms/step - loss: 0.5630 - val_loss: 0.5571
Epoch 118/500
55/55 - 8s - 154ms/step - loss: 0.5632 - val_loss: 0.5572
Epoch 119/500
55/55 - 9s - 155ms/step - loss: 0.5628 - val_loss: 0.5563
Epoch 120/500
55/55 - 9s - 155ms/step - loss: 0.5626 - val_loss: 0.5560
Epoch 121/500
55/55 - 8s - 153ms/step - loss: 0.5624 - val_loss: 0.5570
Epoch 122/500
55/55 - 9s - 156ms/step - loss: 0.5625 - val_loss: 0.5563
Epoch 123/500
55/55 - 8s - 154ms/step - loss: 0.5623 - val_loss: 0.5561
Epoch 124/500
55/55 - 8s - 154ms/step - loss: 0.5622 - val_loss: 0.5556
Epoch 125/500
55/55 - 8s - 153ms/step - loss: 0.5620 - val_loss: 0.5563
Epoch 126/500
55/55 - 9s - 157ms/step - loss: 0.5619 - val_loss: 0.5557
Epoch 127/500
55/55 - 8s - 153ms/step - loss: 0.5618 - val_loss: 0.5561
Epoch 128/500
55/55 - 8s - 154ms/step - loss: 0.5615 - val_loss: 0.5556
Epoch 129/500
55/55 - 9s - 155ms/step - loss: 0.5615 - val_loss: 0.5554
Epoch 130/500
55/55 - 9s - 155ms/step - loss: 0.5613 - val_loss: 0.5558
Epoch 131/500
55/55 - 8s - 154ms/step - loss: 0.5610 - val_loss: 0.5553
Epoch 132/500
55/55 - 9s - 156ms/step - loss: 0.5609 - val_loss: 0.5551
Epoch 133/500
55/55 - 8s - 154ms/step - loss: 0.5608 - val_loss: 0.5541
Epoch 134/500
55/55 - 8s - 154ms/step - loss: 0.5608 - val_loss: 0.5543
Epoch 135/500
55/55 - 8s - 153ms/step - loss: 0.5606 - val_loss: 0.5545
Epoch 136/500
55/55 - 8s - 154ms/step - loss: 0.5603 - val_loss: 0.5539
Epoch 137/500
55/55 - 8s - 154ms/step - loss: 0.5603 - val_loss: 0.5548
Epoch 138/500
55/55 - 8s - 154ms/step - loss: 0.5600 - val_loss: 0.5541
Epoch 139/500
55/55 - 8s - 154ms/step - loss: 0.5599 - val_loss: 0.5538
Epoch 140/500
55/55 - 8s - 154ms/step - loss: 0.5596 - val_loss: 0.5538
Epoch 141/500
55/55 - 8s - 153ms/step - loss: 0.5595 - val_loss: 0.5532
Epoch 142/500
55/55 - 8s - 153ms/step - loss: 0.5593 - val_loss: 0.5536
Epoch 143/500
55/55 - 8s - 153ms/step - loss: 0.5592 - val_loss: 0.5533
Epoch 144/500
55/55 - 8s - 154ms/step - loss: 0.5590 - val_loss: 0.5532
Epoch 145/500
55/55 - 8s - 154ms/step - loss: 0.5588 - val_loss: 0.5522
Epoch 146/500
55/55 - 8s - 154ms/step - loss: 0.5587 - val_loss: 0.5527
Epoch 147/500
55/55 - 8s - 154ms/step - loss: 0.5587 - val_loss: 0.5534
Epoch 148/500
55/55 - 8s - 153ms/step - loss: 0.5584 - val_loss: 0.5512
Epoch 149/500
55/55 - 8s - 153ms/step - loss: 0.5582 - val_loss: 0.5526
Epoch 150/500
55/55 - 8s - 153ms/step - loss: 0.5582 - val_loss: 0.5525
Epoch 151/500
55/55 - 8s - 154ms/step - loss: 0.5580 - val_loss: 0.5514
Epoch 152/500
55/55 - 8s - 153ms/step - loss: 0.5578 - val_loss: 0.5514
Epoch 153/500
55/55 - 8s - 153ms/step - loss: 0.5576 - val_loss: 0.5516
Epoch 154/500
55/55 - 8s - 153ms/step - loss: 0.5576 - val_loss: 0.5508
Epoch 155/500
55/55 - 8s - 153ms/step - loss: 0.5574 - val_loss: 0.5510
Epoch 156/500
55/55 - 8s - 153ms/step - loss: 0.5574 - val_loss: 0.5508
Epoch 157/500
55/55 - 8s - 154ms/step - loss: 0.5575 - val_loss: 0.5508
Epoch 158/500
55/55 - 8s - 154ms/step - loss: 0.5571 - val_loss: 0.5499
Epoch 159/500
55/55 - 8s - 153ms/step - loss: 0.5571 - val_loss: 0.5495
Epoch 160/500
55/55 - 8s - 153ms/step - loss: 0.5570 - val_loss: 0.5496
Epoch 161/500
55/55 - 9s - 155ms/step - loss: 0.5569 - val_loss: 0.5498
Epoch 162/500
55/55 - 8s - 154ms/step - loss: 0.5567 - val_loss: 0.5492
Epoch 163/500
55/55 - 8s - 153ms/step - loss: 0.5567 - val_loss: 0.5490
Epoch 164/500
55/55 - 8s - 153ms/step - loss: 0.5565 - val_loss: 0.5482
Epoch 165/500
55/55 - 8s - 153ms/step - loss: 0.5565 - val_loss: 0.5484
Epoch 166/500
55/55 - 8s - 154ms/step - loss: 0.5561 - val_loss: 0.5490
Epoch 167/500
55/55 - 8s - 153ms/step - loss: 0.5562 - val_loss: 0.5481
Epoch 168/500
55/55 - 8s - 153ms/step - loss: 0.5561 - val_loss: 0.5481
Epoch 169/500
55/55 - 8s - 153ms/step - loss: 0.5559 - val_loss: 0.5477
Epoch 170/500
55/55 - 8s - 153ms/step - loss: 0.5558 - val_loss: 0.5481
Epoch 171/500
55/55 - 8s - 154ms/step - loss: 0.5558 - val_loss: 0.5486
Epoch 172/500
55/55 - 8s - 153ms/step - loss: 0.5555 - val_loss: 0.5478
Epoch 173/500
55/55 - 8s - 153ms/step - loss: 0.5554 - val_loss: 0.5492
Epoch 174/500
55/55 - 8s - 153ms/step - loss: 0.5553 - val_loss: 0.5485
Epoch 175/500
55/55 - 8s - 154ms/step - loss: 0.5552 - val_loss: 0.5487
Epoch 176/500
55/55 - 8s - 153ms/step - loss: 0.5551 - val_loss: 0.5496
Epoch 177/500
55/55 - 8s - 154ms/step - loss: 0.5552 - val_loss: 0.5494
Epoch 178/500
55/55 - 8s - 153ms/step - loss: 0.5548 - val_loss: 0.5478
Epoch 179/500
55/55 - 8s - 153ms/step - loss: 0.5546 - val_loss: 0.5486
[Run 5/5] Training shared encoder (weighted)...
Epoch 1/500
55/55 - 13s - 241ms/step - loss: 0.9747 - val_loss: 0.9246
Epoch 2/500
55/55 - 9s - 164ms/step - loss: 0.8195 - val_loss: 0.7329
Epoch 3/500
55/55 - 9s - 157ms/step - loss: 0.7314 - val_loss: 0.7023
Epoch 4/500
55/55 - 9s - 162ms/step - loss: 0.7124 - val_loss: 0.6889
Epoch 5/500
55/55 - 9s - 163ms/step - loss: 0.7001 - val_loss: 0.6806
Epoch 6/500
55/55 - 9s - 164ms/step - loss: 0.6910 - val_loss: 0.6722
Epoch 7/500
55/55 - 9s - 162ms/step - loss: 0.6827 - val_loss: 0.6637
Epoch 8/500
55/55 - 9s - 164ms/step - loss: 0.6743 - val_loss: 0.6598
Epoch 9/500
55/55 - 9s - 163ms/step - loss: 0.6667 - val_loss: 0.6559
Epoch 10/500
55/55 - 9s - 164ms/step - loss: 0.6600 - val_loss: 0.6530
Epoch 11/500
55/55 - 9s - 162ms/step - loss: 0.6551 - val_loss: 0.6506
Epoch 12/500
55/55 - 9s - 162ms/step - loss: 0.6507 - val_loss: 0.6491
Epoch 13/500
55/55 - 9s - 164ms/step - loss: 0.6482 - val_loss: 0.6474
Epoch 14/500
55/55 - 9s - 162ms/step - loss: 0.6457 - val_loss: 0.6436
Epoch 15/500
55/55 - 9s - 163ms/step - loss: 0.6423 - val_loss: 0.6404
Epoch 16/500
55/55 - 9s - 164ms/step - loss: 0.6395 - val_loss: 0.6384
Epoch 17/500
55/55 - 9s - 162ms/step - loss: 0.6369 - val_loss: 0.6369
Epoch 18/500
55/55 - 9s - 162ms/step - loss: 0.6342 - val_loss: 0.6341
Epoch 19/500
55/55 - 9s - 161ms/step - loss: 0.6323 - val_loss: 0.6338
Epoch 20/500
55/55 - 9s - 161ms/step - loss: 0.6304 - val_loss: 0.6333
Epoch 21/500
55/55 - 9s - 161ms/step - loss: 0.6284 - val_loss: 0.6330
Epoch 22/500
55/55 - 9s - 161ms/step - loss: 0.6264 - val_loss: 0.6321
Epoch 23/500
55/55 - 9s - 162ms/step - loss: 0.6246 - val_loss: 0.6310
Epoch 24/500
55/55 - 9s - 162ms/step - loss: 0.6228 - val_loss: 0.6288
Epoch 25/500
55/55 - 9s - 164ms/step - loss: 0.6212 - val_loss: 0.6287
Epoch 26/500
55/55 - 9s - 161ms/step - loss: 0.6199 - val_loss: 0.6265
Epoch 27/500
55/55 - 9s - 161ms/step - loss: 0.6185 - val_loss: 0.6253
Epoch 28/500
55/55 - 9s - 162ms/step - loss: 0.6171 - val_loss: 0.6240
Epoch 29/500
55/55 - 9s - 162ms/step - loss: 0.6161 - val_loss: 0.6234
Epoch 30/500
55/55 - 9s - 162ms/step - loss: 0.6152 - val_loss: 0.6223
Epoch 31/500
55/55 - 9s - 162ms/step - loss: 0.6142 - val_loss: 0.6220
Epoch 32/500
55/55 - 9s - 164ms/step - loss: 0.6132 - val_loss: 0.6221
Epoch 33/500
55/55 - 9s - 162ms/step - loss: 0.6120 - val_loss: 0.6212
Epoch 34/500
55/55 - 9s - 163ms/step - loss: 0.6114 - val_loss: 0.6194
Epoch 35/500
55/55 - 9s - 163ms/step - loss: 0.6104 - val_loss: 0.6187
Epoch 36/500
55/55 - 9s - 162ms/step - loss: 0.6096 - val_loss: 0.6188
Epoch 37/500
55/55 - 9s - 162ms/step - loss: 0.6088 - val_loss: 0.6180
Epoch 38/500
55/55 - 9s - 161ms/step - loss: 0.6083 - val_loss: 0.6167
Epoch 39/500
55/55 - 9s - 161ms/step - loss: 0.6070 - val_loss: 0.6167
Epoch 40/500
55/55 - 9s - 162ms/step - loss: 0.6065 - val_loss: 0.6160
Epoch 41/500
55/55 - 9s - 161ms/step - loss: 0.6061 - val_loss: 0.6159
Epoch 42/500
55/55 - 9s - 162ms/step - loss: 0.6052 - val_loss: 0.6168
Epoch 43/500
55/55 - 9s - 161ms/step - loss: 0.6041 - val_loss: 0.6159
Epoch 44/500
55/55 - 9s - 162ms/step - loss: 0.6031 - val_loss: 0.6160
Epoch 45/500
55/55 - 9s - 163ms/step - loss: 0.6023 - val_loss: 0.6155
Epoch 46/500
55/55 - 9s - 162ms/step - loss: 0.6017 - val_loss: 0.6146
Epoch 47/500
55/55 - 9s - 162ms/step - loss: 0.6008 - val_loss: 0.6132
Epoch 48/500
55/55 - 9s - 161ms/step - loss: 0.6002 - val_loss: 0.6134
Epoch 49/500
55/55 - 9s - 162ms/step - loss: 0.5995 - val_loss: 0.6121
Epoch 50/500
55/55 - 9s - 161ms/step - loss: 0.5989 - val_loss: 0.6103
Epoch 51/500
55/55 - 9s - 162ms/step - loss: 0.5980 - val_loss: 0.6107
Epoch 52/500
55/55 - 9s - 161ms/step - loss: 0.5976 - val_loss: 0.6096
Epoch 53/500
55/55 - 9s - 161ms/step - loss: 0.5969 - val_loss: 0.6087
Epoch 54/500
55/55 - 9s - 162ms/step - loss: 0.5966 - val_loss: 0.6093
Epoch 55/500
55/55 - 9s - 161ms/step - loss: 0.5961 - val_loss: 0.6082
Epoch 56/500
55/55 - 9s - 161ms/step - loss: 0.5954 - val_loss: 0.6065
Epoch 57/500
55/55 - 9s - 161ms/step - loss: 0.5947 - val_loss: 0.6074
Epoch 58/500
55/55 - 9s - 161ms/step - loss: 0.5942 - val_loss: 0.6074
Epoch 59/500
55/55 - 9s - 161ms/step - loss: 0.5938 - val_loss: 0.6076
Epoch 60/500
55/55 - 9s - 162ms/step - loss: 0.5929 - val_loss: 0.6076
Epoch 61/500
55/55 - 9s - 162ms/step - loss: 0.5923 - val_loss: 0.6060
Epoch 62/500
55/55 - 9s - 161ms/step - loss: 0.5922 - val_loss: 0.6055
Epoch 63/500
55/55 - 9s - 162ms/step - loss: 0.5916 - val_loss: 0.6066
Epoch 64/500
55/55 - 9s - 162ms/step - loss: 0.5915 - val_loss: 0.6097
Epoch 65/500
55/55 - 9s - 161ms/step - loss: 0.5910 - val_loss: 0.6056
Epoch 66/500
55/55 - 9s - 161ms/step - loss: 0.5903 - val_loss: 0.6047
Epoch 67/500
55/55 - 9s - 160ms/step - loss: 0.5900 - val_loss: 0.6062
Epoch 68/500
55/55 - 9s - 161ms/step - loss: 0.5891 - val_loss: 0.6041
Epoch 69/500
55/55 - 9s - 162ms/step - loss: 0.5886 - val_loss: 0.6028
Epoch 70/500
55/55 - 9s - 161ms/step - loss: 0.5883 - val_loss: 0.6027
Epoch 71/500
55/55 - 9s - 161ms/step - loss: 0.5876 - val_loss: 0.6022
Epoch 72/500
55/55 - 9s - 161ms/step - loss: 0.5873 - val_loss: 0.6024
Epoch 73/500
55/55 - 9s - 161ms/step - loss: 0.5866 - val_loss: 0.6015
Epoch 74/500
55/55 - 9s - 160ms/step - loss: 0.5861 - val_loss: 0.6016
Epoch 75/500
55/55 - 9s - 160ms/step - loss: 0.5854 - val_loss: 0.6011
Epoch 76/500
55/55 - 9s - 163ms/step - loss: 0.5853 - val_loss: 0.6021
Epoch 77/500
55/55 - 9s - 160ms/step - loss: 0.5849 - val_loss: 0.5997
Epoch 78/500
55/55 - 9s - 160ms/step - loss: 0.5843 - val_loss: 0.6006
Epoch 79/500
55/55 - 9s - 161ms/step - loss: 0.5842 - val_loss: 0.6002
Epoch 80/500
55/55 - 9s - 161ms/step - loss: 0.5836 - val_loss: 0.6006
Epoch 81/500
55/55 - 9s - 161ms/step - loss: 0.5836 - val_loss: 0.6023
Epoch 82/500
55/55 - 9s - 161ms/step - loss: 0.5834 - val_loss: 0.6021
Epoch 83/500
55/55 - 9s - 161ms/step - loss: 0.5835 - val_loss: 0.6023
Epoch 84/500
55/55 - 9s - 162ms/step - loss: 0.5834 - val_loss: 0.6013
Epoch 85/500
55/55 - 9s - 161ms/step - loss: 0.5828 - val_loss: 0.6029
Epoch 86/500
55/55 - 9s - 162ms/step - loss: 0.5821 - val_loss: 0.6015
Epoch 87/500
55/55 - 9s - 163ms/step - loss: 0.5820 - val_loss: 0.6028
[Run 5/5] Training single encoder baseline (linear head)...
