Training log file: /Users/albert/Downloads/Documents/PhD Thesis/Comparable/Code/Synthetic/Results/TrainingLogs/compas_default_20260414_183243.log
Starting experiments (dataset=compas, sensitive_attribute=default).
/Users/albert/Downloads/Documents/PhD Thesis/Comparable/Code/Synthetic/synthetic.py:106: Pandas4Warning: For backward compatibility, 'str' dtypes are included by select_dtypes when 'object' dtype is specified. This behavior is deprecated and will be removed in a future version. Explicitly pass 'str' to `include` to select them, or to `exclude` to remove them and silence this warning.
See https://pandas.pydata.org/docs/user_guide/migration-3-strings.html#string-migration-select-dtypes for details on how to write code that works with pandas 2 and 3.
  text_cols = df.select_dtypes(include="object").columns
[Run 1/1] Training shared encoder (unweighted, sigmoid head, baseline preprocessing)...
/Users/albert/Downloads/Documents/PhD Thesis/Comparable/.venv/lib/python3.12/site-packages/keras/src/trainers/trainer.py:212: UserWarning: Model doesn't support `jit_compile=True`. Proceeding with `jit_compile=False`.
  warnings.warn(
Epoch 1/500
50/50 - 3s - 60ms/step - loss: 1.0294 - val_loss: 1.0056
Epoch 2/500
50/50 - 3s - 54ms/step - loss: 1.0060 - val_loss: 0.9821
Epoch 3/500
50/50 - 3s - 52ms/step - loss: 0.9830 - val_loss: 0.9596
Epoch 4/500
50/50 - 3s - 52ms/step - loss: 0.9608 - val_loss: 0.9381
Epoch 5/500
50/50 - 3s - 67ms/step - loss: 0.9396 - val_loss: 0.9174
Epoch 6/500
50/50 - 3s - 62ms/step - loss: 0.9190 - val_loss: 0.8976
Epoch 7/500
50/50 - 4s - 71ms/step - loss: 0.8993 - val_loss: 0.8792
Epoch 8/500
50/50 - 3s - 62ms/step - loss: 0.8812 - val_loss: 0.8628
Epoch 9/500
50/50 - 3s - 63ms/step - loss: 0.8653 - val_loss: 0.8488
Epoch 10/500
50/50 - 3s - 68ms/step - loss: 0.8516 - val_loss: 0.8370
Epoch 11/500
50/50 - 3s - 67ms/step - loss: 0.8401 - val_loss: 0.8271
Epoch 12/500
50/50 - 3s - 65ms/step - loss: 0.8303 - val_loss: 0.8187
Epoch 13/500
50/50 - 3s - 64ms/step - loss: 0.8221 - val_loss: 0.8116
Epoch 14/500
50/50 - 3s - 65ms/step - loss: 0.8150 - val_loss: 0.8055
Epoch 15/500
50/50 - 3s - 63ms/step - loss: 0.8089 - val_loss: 0.8001
Epoch 16/500
50/50 - 3s - 65ms/step - loss: 0.8035 - val_loss: 0.7954
Epoch 17/500
50/50 - 3s - 68ms/step - loss: 0.7987 - val_loss: 0.7911
Epoch 18/500
50/50 - 3s - 59ms/step - loss: 0.7943 - val_loss: 0.7872
Epoch 19/500
50/50 - 3s - 50ms/step - loss: 0.7904 - val_loss: 0.7837
Epoch 20/500
50/50 - 2s - 49ms/step - loss: 0.7869 - val_loss: 0.7804
Epoch 21/500
50/50 - 3s - 52ms/step - loss: 0.7836 - val_loss: 0.7774
Epoch 22/500
50/50 - 3s - 51ms/step - loss: 0.7806 - val_loss: 0.7746
Epoch 23/500
50/50 - 3s - 51ms/step - loss: 0.7778 - val_loss: 0.7720
Epoch 24/500
50/50 - 3s - 51ms/step - loss: 0.7752 - val_loss: 0.7695
Epoch 25/500
50/50 - 3s - 51ms/step - loss: 0.7728 - val_loss: 0.7672
Epoch 26/500
50/50 - 2s - 49ms/step - loss: 0.7705 - val_loss: 0.7650
Epoch 27/500
50/50 - 3s - 51ms/step - loss: 0.7683 - val_loss: 0.7629
Epoch 28/500
50/50 - 2s - 49ms/step - loss: 0.7662 - val_loss: 0.7609
Epoch 29/500
50/50 - 2s - 49ms/step - loss: 0.7643 - val_loss: 0.7590
Epoch 30/500
50/50 - 3s - 51ms/step - loss: 0.7624 - val_loss: 0.7572
Epoch 31/500
50/50 - 2s - 49ms/step - loss: 0.7607 - val_loss: 0.7554
Epoch 32/500
50/50 - 2s - 50ms/step - loss: 0.7590 - val_loss: 0.7538
Epoch 33/500
50/50 - 3s - 52ms/step - loss: 0.7574 - val_loss: 0.7521
Epoch 34/500
50/50 - 2s - 49ms/step - loss: 0.7558 - val_loss: 0.7506
Epoch 35/500
50/50 - 2s - 50ms/step - loss: 0.7543 - val_loss: 0.7491
Epoch 36/500
50/50 - 3s - 51ms/step - loss: 0.7529 - val_loss: 0.7477
Epoch 37/500
50/50 - 3s - 53ms/step - loss: 0.7515 - val_loss: 0.7463
Epoch 38/500
50/50 - 3s - 51ms/step - loss: 0.7501 - val_loss: 0.7449
Epoch 39/500
50/50 - 3s - 51ms/step - loss: 0.7488 - val_loss: 0.7436
Epoch 40/500
50/50 - 3s - 61ms/step - loss: 0.7476 - val_loss: 0.7423
Epoch 41/500
50/50 - 3s - 67ms/step - loss: 0.7464 - val_loss: 0.7411
Epoch 42/500
50/50 - 3s - 66ms/step - loss: 0.7452 - val_loss: 0.7399
Epoch 43/500
50/50 - 3s - 66ms/step - loss: 0.7440 - val_loss: 0.7387
Epoch 44/500
50/50 - 3s - 55ms/step - loss: 0.7429 - val_loss: 0.7376
Epoch 45/500
50/50 - 3s - 51ms/step - loss: 0.7418 - val_loss: 0.7364
Epoch 46/500
50/50 - 2s - 50ms/step - loss: 0.7408 - val_loss: 0.7354
Epoch 47/500
50/50 - 3s - 51ms/step - loss: 0.7397 - val_loss: 0.7343
Epoch 48/500
50/50 - 2s - 49ms/step - loss: 0.7387 - val_loss: 0.7333
Epoch 49/500
50/50 - 3s - 51ms/step - loss: 0.7377 - val_loss: 0.7323
Epoch 50/500
50/50 - 3s - 51ms/step - loss: 0.7368 - val_loss: 0.7313
Epoch 51/500
50/50 - 3s - 51ms/step - loss: 0.7358 - val_loss: 0.7303
Epoch 52/500
50/50 - 2s - 49ms/step - loss: 0.7349 - val_loss: 0.7294
Epoch 53/500
50/50 - 3s - 51ms/step - loss: 0.7340 - val_loss: 0.7284
Epoch 54/500
50/50 - 3s - 51ms/step - loss: 0.7331 - val_loss: 0.7275
Epoch 55/500
50/50 - 2s - 50ms/step - loss: 0.7322 - val_loss: 0.7267
Epoch 56/500
50/50 - 3s - 55ms/step - loss: 0.7314 - val_loss: 0.7258
Epoch 57/500
50/50 - 3s - 67ms/step - loss: 0.7306 - val_loss: 0.7249
Epoch 58/500
50/50 - 3s - 59ms/step - loss: 0.7297 - val_loss: 0.7241
Epoch 59/500
50/50 - 3s - 51ms/step - loss: 0.7289 - val_loss: 0.7233
Epoch 60/500
50/50 - 3s - 51ms/step - loss: 0.7281 - val_loss: 0.7225
Epoch 61/500
50/50 - 3s - 50ms/step - loss: 0.7274 - val_loss: 0.7217
Epoch 62/500
50/50 - 3s - 51ms/step - loss: 0.7266 - val_loss: 0.7209
Epoch 63/500
50/50 - 3s - 51ms/step - loss: 0.7258 - val_loss: 0.7201
Epoch 64/500
50/50 - 2s - 49ms/step - loss: 0.7251 - val_loss: 0.7194
Epoch 65/500
50/50 - 3s - 51ms/step - loss: 0.7243 - val_loss: 0.7186
Epoch 66/500
50/50 - 3s - 52ms/step - loss: 0.7236 - val_loss: 0.7179
Epoch 67/500
50/50 - 3s - 60ms/step - loss: 0.7229 - val_loss: 0.7172
Epoch 68/500
50/50 - 3s - 70ms/step - loss: 0.7222 - val_loss: 0.7165
Epoch 69/500
50/50 - 3s - 66ms/step - loss: 0.7215 - val_loss: 0.7158
Epoch 70/500
50/50 - 3s - 51ms/step - loss: 0.7208 - val_loss: 0.7151
Epoch 71/500
50/50 - 2s - 50ms/step - loss: 0.7202 - val_loss: 0.7145
Epoch 72/500
50/50 - 3s - 52ms/step - loss: 0.7195 - val_loss: 0.7138
Epoch 73/500
50/50 - 3s - 51ms/step - loss: 0.7188 - val_loss: 0.7132
Epoch 74/500
50/50 - 3s - 52ms/step - loss: 0.7182 - val_loss: 0.7125
Epoch 75/500
50/50 - 3s - 52ms/step - loss: 0.7175 - val_loss: 0.7119
Epoch 76/500
50/50 - 2s - 50ms/step - loss: 0.7169 - val_loss: 0.7113
Epoch 77/500
50/50 - 3s - 52ms/step - loss: 0.7163 - val_loss: 0.7107
Epoch 78/500
50/50 - 3s - 50ms/step - loss: 0.7157 - val_loss: 0.7101
Epoch 79/500
50/50 - 3s - 51ms/step - loss: 0.7151 - val_loss: 0.7095
Epoch 80/500
50/50 - 3s - 52ms/step - loss: 0.7145 - val_loss: 0.7089
Epoch 81/500
50/50 - 3s - 52ms/step - loss: 0.7139 - val_loss: 0.7084
Epoch 82/500
50/50 - 3s - 51ms/step - loss: 0.7133 - val_loss: 0.7078
Epoch 83/500
50/50 - 3s - 51ms/step - loss: 0.7127 - val_loss: 0.7073
Epoch 84/500
50/50 - 3s - 50ms/step - loss: 0.7121 - val_loss: 0.7067
Epoch 85/500
50/50 - 3s - 52ms/step - loss: 0.7116 - val_loss: 0.7062
Epoch 86/500
50/50 - 2s - 49ms/step - loss: 0.7110 - val_loss: 0.7057
Epoch 87/500
50/50 - 3s - 51ms/step - loss: 0.7105 - val_loss: 0.7051
Epoch 88/500
50/50 - 3s - 51ms/step - loss: 0.7099 - val_loss: 0.7046
Epoch 89/500
50/50 - 3s - 52ms/step - loss: 0.7094 - val_loss: 0.7041
Epoch 90/500
50/50 - 3s - 54ms/step - loss: 0.7089 - val_loss: 0.7037
Epoch 91/500
50/50 - 3s - 54ms/step - loss: 0.7083 - val_loss: 0.7032
Epoch 92/500
50/50 - 3s - 51ms/step - loss: 0.7078 - val_loss: 0.7027
Epoch 93/500
50/50 - 3s - 50ms/step - loss: 0.7073 - val_loss: 0.7022
Epoch 94/500
50/50 - 3s - 52ms/step - loss: 0.7068 - val_loss: 0.7018
Epoch 95/500
50/50 - 2s - 49ms/step - loss: 0.7063 - val_loss: 0.7013
Epoch 96/500
50/50 - 2s - 50ms/step - loss: 0.7058 - val_loss: 0.7009
Epoch 97/500
50/50 - 3s - 52ms/step - loss: 0.7053 - val_loss: 0.7004
Epoch 98/500
50/50 - 2s - 49ms/step - loss: 0.7049 - val_loss: 0.7000
Epoch 99/500
50/50 - 3s - 52ms/step - loss: 0.7044 - val_loss: 0.6995
Epoch 100/500
50/50 - 3s - 52ms/step - loss: 0.7039 - val_loss: 0.6991
Epoch 101/500
50/50 - 2s - 49ms/step - loss: 0.7035 - val_loss: 0.6987
Epoch 102/500
50/50 - 3s - 51ms/step - loss: 0.7030 - val_loss: 0.6983
Epoch 103/500
50/50 - 3s - 64ms/step - loss: 0.7026 - val_loss: 0.6979
Epoch 104/500
50/50 - 3s - 62ms/step - loss: 0.7021 - val_loss: 0.6975
Epoch 105/500
50/50 - 2s - 50ms/step - loss: 0.7017 - val_loss: 0.6971
Epoch 106/500
50/50 - 2s - 50ms/step - loss: 0.7013 - val_loss: 0.6967
Epoch 107/500
50/50 - 3s - 54ms/step - loss: 0.7008 - val_loss: 0.6963
Epoch 108/500
50/50 - 3s - 51ms/step - loss: 0.7004 - val_loss: 0.6959
Epoch 109/500
50/50 - 3s - 54ms/step - loss: 0.7000 - val_loss: 0.6955
Epoch 110/500
50/50 - 2s - 49ms/step - loss: 0.6996 - val_loss: 0.6951
Epoch 111/500
50/50 - 3s - 51ms/step - loss: 0.6992 - val_loss: 0.6948
Epoch 112/500
50/50 - 3s - 52ms/step - loss: 0.6988 - val_loss: 0.6944
Epoch 113/500
50/50 - 3s - 53ms/step - loss: 0.6984 - val_loss: 0.6940
Epoch 114/500
50/50 - 3s - 55ms/step - loss: 0.6980 - val_loss: 0.6937
Epoch 115/500
50/50 - 3s - 53ms/step - loss: 0.6976 - val_loss: 0.6933
Epoch 116/500
50/50 - 3s - 52ms/step - loss: 0.6972 - val_loss: 0.6930
Epoch 117/500
50/50 - 3s - 52ms/step - loss: 0.6969 - val_loss: 0.6926
Epoch 118/500
50/50 - 3s - 52ms/step - loss: 0.6965 - val_loss: 0.6923
Epoch 119/500
50/50 - 3s - 52ms/step - loss: 0.6961 - val_loss: 0.6920
Epoch 120/500
50/50 - 3s - 51ms/step - loss: 0.6958 - val_loss: 0.6916
Epoch 121/500
50/50 - 2s - 50ms/step - loss: 0.6954 - val_loss: 0.6913
Epoch 122/500
50/50 - 3s - 51ms/step - loss: 0.6950 - val_loss: 0.6910
Epoch 123/500
50/50 - 3s - 51ms/step - loss: 0.6947 - val_loss: 0.6906
Epoch 124/500
50/50 - 3s - 50ms/step - loss: 0.6943 - val_loss: 0.6903
Epoch 125/500
50/50 - 3s - 50ms/step - loss: 0.6940 - val_loss: 0.6900
Epoch 126/500
50/50 - 2s - 50ms/step - loss: 0.6937 - val_loss: 0.6897
Epoch 127/500
50/50 - 2s - 50ms/step - loss: 0.6933 - val_loss: 0.6894
Epoch 128/500
50/50 - 3s - 51ms/step - loss: 0.6930 - val_loss: 0.6891
Epoch 129/500
50/50 - 3s - 52ms/step - loss: 0.6927 - val_loss: 0.6888
Epoch 130/500
50/50 - 3s - 52ms/step - loss: 0.6924 - val_loss: 0.6885
Epoch 131/500
50/50 - 3s - 53ms/step - loss: 0.6920 - val_loss: 0.6882
Epoch 132/500
50/50 - 3s - 52ms/step - loss: 0.6917 - val_loss: 0.6879
Epoch 133/500
50/50 - 3s - 67ms/step - loss: 0.6914 - val_loss: 0.6876
Epoch 134/500
50/50 - 3s - 57ms/step - loss: 0.6911 - val_loss: 0.6873
Epoch 135/500
50/50 - 3s - 62ms/step - loss: 0.6908 - val_loss: 0.6870
Epoch 136/500
50/50 - 3s - 51ms/step - loss: 0.6905 - val_loss: 0.6867
Epoch 137/500
50/50 - 3s - 51ms/step - loss: 0.6902 - val_loss: 0.6865
Epoch 138/500
50/50 - 3s - 51ms/step - loss: 0.6899 - val_loss: 0.6862
Epoch 139/500
50/50 - 3s - 51ms/step - loss: 0.6896 - val_loss: 0.6859
Epoch 140/500
50/50 - 3s - 53ms/step - loss: 0.6893 - val_loss: 0.6856
Epoch 141/500
50/50 - 3s - 51ms/step - loss: 0.6891 - val_loss: 0.6854
Epoch 142/500
50/50 - 3s - 54ms/step - loss: 0.6888 - val_loss: 0.6851
Epoch 143/500
50/50 - 3s - 53ms/step - loss: 0.6885 - val_loss: 0.6848
Epoch 144/500
50/50 - 3s - 61ms/step - loss: 0.6882 - val_loss: 0.6846
Epoch 145/500
50/50 - 4s - 72ms/step - loss: 0.6880 - val_loss: 0.6843
Epoch 146/500
50/50 - 3s - 67ms/step - loss: 0.6877 - val_loss: 0.6841
Epoch 147/500
50/50 - 3s - 63ms/step - loss: 0.6874 - val_loss: 0.6838
Epoch 148/500
50/50 - 4s - 72ms/step - loss: 0.6872 - val_loss: 0.6836
Epoch 149/500
50/50 - 3s - 61ms/step - loss: 0.6869 - val_loss: 0.6833
Epoch 150/500
50/50 - 3s - 62ms/step - loss: 0.6866 - val_loss: 0.6831
Epoch 151/500
50/50 - 3s - 61ms/step - loss: 0.6864 - val_loss: 0.6828
Epoch 152/500
50/50 - 3s - 61ms/step - loss: 0.6861 - val_loss: 0.6826
Epoch 153/500
50/50 - 3s - 62ms/step - loss: 0.6859 - val_loss: 0.6824
Epoch 154/500
50/50 - 3s - 70ms/step - loss: 0.6856 - val_loss: 0.6821
Epoch 155/500
50/50 - 3s - 68ms/step - loss: 0.6854 - val_loss: 0.6819
Epoch 156/500
50/50 - 3s - 67ms/step - loss: 0.6852 - val_loss: 0.6816
Epoch 157/500
50/50 - 3s - 66ms/step - loss: 0.6849 - val_loss: 0.6814
Epoch 158/500
50/50 - 4s - 75ms/step - loss: 0.6847 - val_loss: 0.6812
Epoch 159/500
