Training log file: /home/xx4455/Comparable/Code/Synthetic/Results/TrainingLogs/compas_default_20260401_124319.log
Starting experiments (dataset=compas, sensitive_attribute=default).
[Run 1/5] Training shared encoder (unweighted)...
Epoch 1/100
51/51 - 16s - 313ms/step - loss: 0.8612 - val_loss: 0.7801
Epoch 2/100
51/51 - 7s - 141ms/step - loss: 0.7650 - val_loss: 0.7165
Epoch 3/100
51/51 - 7s - 135ms/step - loss: 0.7254 - val_loss: 0.7075
Epoch 4/100
51/51 - 7s - 142ms/step - loss: 0.7163 - val_loss: 0.6985
Epoch 5/100
51/51 - 7s - 142ms/step - loss: 0.7123 - val_loss: 0.6964
Epoch 6/100
51/51 - 7s - 142ms/step - loss: 0.7101 - val_loss: 0.6947
Epoch 7/100
51/51 - 7s - 142ms/step - loss: 0.7089 - val_loss: 0.6925
Epoch 8/100
51/51 - 7s - 140ms/step - loss: 0.7073 - val_loss: 0.6916
Epoch 9/100
51/51 - 7s - 135ms/step - loss: 0.7067 - val_loss: 0.6904
Epoch 10/100
51/51 - 7s - 142ms/step - loss: 0.7056 - val_loss: 0.6894
Epoch 11/100
51/51 - 7s - 141ms/step - loss: 0.7045 - val_loss: 0.6877
Epoch 12/100
51/51 - 7s - 141ms/step - loss: 0.7036 - val_loss: 0.6870
Epoch 13/100
51/51 - 7s - 141ms/step - loss: 0.7026 - val_loss: 0.6852
Epoch 14/100
51/51 - 7s - 142ms/step - loss: 0.7015 - val_loss: 0.6833
Epoch 15/100
51/51 - 7s - 140ms/step - loss: 0.7008 - val_loss: 0.6819
Epoch 16/100
51/51 - 7s - 140ms/step - loss: 0.7002 - val_loss: 0.6815
Epoch 17/100
51/51 - 7s - 140ms/step - loss: 0.6993 - val_loss: 0.6807
Epoch 18/100
51/51 - 7s - 140ms/step - loss: 0.6992 - val_loss: 0.6793
Epoch 19/100
51/51 - 7s - 139ms/step - loss: 0.6976 - val_loss: 0.6796
Epoch 20/100
51/51 - 7s - 141ms/step - loss: 0.6972 - val_loss: 0.6797
Epoch 21/100
51/51 - 7s - 140ms/step - loss: 0.6978 - val_loss: 0.6774
Epoch 22/100
51/51 - 7s - 138ms/step - loss: 0.6957 - val_loss: 0.6766
Epoch 23/100
51/51 - 7s - 139ms/step - loss: 0.6952 - val_loss: 0.6759
Epoch 24/100
51/51 - 7s - 140ms/step - loss: 0.6946 - val_loss: 0.6755
Epoch 25/100
51/51 - 7s - 137ms/step - loss: 0.6943 - val_loss: 0.6757
Epoch 26/100
51/51 - 7s - 140ms/step - loss: 0.6938 - val_loss: 0.6752
Epoch 27/100
51/51 - 7s - 141ms/step - loss: 0.6930 - val_loss: 0.6740
Epoch 28/100
51/51 - 7s - 140ms/step - loss: 0.6917 - val_loss: 0.6729
Epoch 29/100
51/51 - 7s - 140ms/step - loss: 0.6917 - val_loss: 0.6730
Epoch 30/100
51/51 - 7s - 140ms/step - loss: 0.6903 - val_loss: 0.6724
Epoch 31/100
51/51 - 7s - 141ms/step - loss: 0.6896 - val_loss: 0.6719
Epoch 32/100
51/51 - 7s - 140ms/step - loss: 0.6877 - val_loss: 0.6702
Epoch 33/100
51/51 - 7s - 141ms/step - loss: 0.6874 - val_loss: 0.6710
Epoch 34/100
51/51 - 7s - 141ms/step - loss: 0.6869 - val_loss: 0.6703
Epoch 35/100
51/51 - 7s - 141ms/step - loss: 0.6866 - val_loss: 0.6690
Epoch 36/100
51/51 - 7s - 141ms/step - loss: 0.6859 - val_loss: 0.6691
Epoch 37/100
51/51 - 7s - 141ms/step - loss: 0.6856 - val_loss: 0.6683
Epoch 38/100
51/51 - 7s - 141ms/step - loss: 0.6848 - val_loss: 0.6704
Epoch 39/100
51/51 - 7s - 140ms/step - loss: 0.6845 - val_loss: 0.6692
Epoch 40/100
51/51 - 7s - 141ms/step - loss: 0.6840 - val_loss: 0.6650
Epoch 41/100
51/51 - 7s - 141ms/step - loss: 0.6815 - val_loss: 0.6673
Epoch 42/100
51/51 - 7s - 141ms/step - loss: 0.6805 - val_loss: 0.6671
Epoch 43/100
51/51 - 7s - 141ms/step - loss: 0.6799 - val_loss: 0.6674
Epoch 44/100
51/51 - 7s - 141ms/step - loss: 0.6790 - val_loss: 0.6626
Epoch 45/100
51/51 - 7s - 140ms/step - loss: 0.6800 - val_loss: 0.6738
Epoch 46/100
51/51 - 7s - 140ms/step - loss: 0.6807 - val_loss: 0.6690
Epoch 47/100
51/51 - 7s - 141ms/step - loss: 0.6804 - val_loss: 0.6655
Epoch 48/100
51/51 - 7s - 141ms/step - loss: 0.6789 - val_loss: 0.6609
Epoch 49/100
51/51 - 7s - 140ms/step - loss: 0.6761 - val_loss: 0.6634
Epoch 50/100
51/51 - 7s - 140ms/step - loss: 0.6779 - val_loss: 0.6603
Epoch 51/100
51/51 - 7s - 141ms/step - loss: 0.6784 - val_loss: 0.6606
Epoch 52/100
51/51 - 7s - 141ms/step - loss: 0.6749 - val_loss: 0.6615
Epoch 53/100
51/51 - 7s - 141ms/step - loss: 0.6751 - val_loss: 0.6666
Epoch 54/100
51/51 - 7s - 139ms/step - loss: 0.6756 - val_loss: 0.6649
Epoch 55/100
51/51 - 7s - 137ms/step - loss: 0.6743 - val_loss: 0.6618
Epoch 56/100
51/51 - 7s - 141ms/step - loss: 0.6748 - val_loss: 0.6664
Epoch 57/100
51/51 - 7s - 140ms/step - loss: 0.6748 - val_loss: 0.6663
Epoch 58/100
51/51 - 7s - 140ms/step - loss: 0.6738 - val_loss: 0.6628
Epoch 59/100
51/51 - 7s - 141ms/step - loss: 0.6739 - val_loss: 0.6627
Epoch 60/100
51/51 - 7s - 141ms/step - loss: 0.6731 - val_loss: 0.6597
Epoch 61/100
51/51 - 7s - 141ms/step - loss: 0.6730 - val_loss: 0.6603
Epoch 62/100
51/51 - 7s - 140ms/step - loss: 0.6729 - val_loss: 0.6604
Epoch 63/100
51/51 - 7s - 140ms/step - loss: 0.6725 - val_loss: 0.6568
Epoch 64/100
51/51 - 7s - 140ms/step - loss: 0.6723 - val_loss: 0.6596
Epoch 65/100
51/51 - 7s - 140ms/step - loss: 0.6725 - val_loss: 0.6580
Epoch 66/100
51/51 - 7s - 140ms/step - loss: 0.6726 - val_loss: 0.6605
Epoch 67/100
51/51 - 7s - 140ms/step - loss: 0.6716 - val_loss: 0.6561
Epoch 68/100
51/51 - 7s - 141ms/step - loss: 0.6717 - val_loss: 0.6600
Epoch 69/100
51/51 - 7s - 141ms/step - loss: 0.6722 - val_loss: 0.6622
Epoch 70/100
51/51 - 7s - 141ms/step - loss: 0.6714 - val_loss: 0.6586
Epoch 71/100
51/51 - 7s - 141ms/step - loss: 0.6712 - val_loss: 0.6564
Epoch 72/100
51/51 - 7s - 141ms/step - loss: 0.6715 - val_loss: 0.6639
Epoch 73/100
51/51 - 7s - 141ms/step - loss: 0.6731 - val_loss: 0.6624
Epoch 74/100
51/51 - 7s - 141ms/step - loss: 0.6736 - val_loss: 0.6579
Epoch 75/100
51/51 - 7s - 140ms/step - loss: 0.6703 - val_loss: 0.6624
Epoch 76/100
51/51 - 7s - 141ms/step - loss: 0.6710 - val_loss: 0.6626
Epoch 77/100
51/51 - 7s - 141ms/step - loss: 0.6703 - val_loss: 0.6605
[Run 1/5] Training shared encoder (weighted)...
Epoch 1/100
51/51 - 11s - 217ms/step - loss: 0.8394 - val_loss: 0.7655
Epoch 2/100
51/51 - 8s - 151ms/step - loss: 0.7696 - val_loss: 0.7388
Epoch 3/100
51/51 - 7s - 144ms/step - loss: 0.7536 - val_loss: 0.7224
Epoch 4/100
51/51 - 8s - 151ms/step - loss: 0.7357 - val_loss: 0.7005
Epoch 5/100
51/51 - 8s - 149ms/step - loss: 0.7208 - val_loss: 0.6961
Epoch 6/100
51/51 - 8s - 149ms/step - loss: 0.7153 - val_loss: 0.6960
Epoch 7/100
51/51 - 8s - 149ms/step - loss: 0.7109 - val_loss: 0.6922
Epoch 8/100
51/51 - 8s - 149ms/step - loss: 0.7100 - val_loss: 0.6903
Epoch 9/100
51/51 - 8s - 149ms/step - loss: 0.7094 - val_loss: 0.6902
Epoch 10/100
51/51 - 8s - 149ms/step - loss: 0.7090 - val_loss: 0.6889
Epoch 11/100
51/51 - 8s - 149ms/step - loss: 0.7079 - val_loss: 0.6901
Epoch 12/100
51/51 - 8s - 149ms/step - loss: 0.7059 - val_loss: 0.6863
Epoch 13/100
51/51 - 8s - 149ms/step - loss: 0.7033 - val_loss: 0.6867
Epoch 14/100
51/51 - 8s - 149ms/step - loss: 0.7015 - val_loss: 0.6848
Epoch 15/100
51/51 - 8s - 149ms/step - loss: 0.7014 - val_loss: 0.6846
Epoch 16/100
51/51 - 8s - 149ms/step - loss: 0.7004 - val_loss: 0.6834
Epoch 17/100
51/51 - 8s - 149ms/step - loss: 0.6995 - val_loss: 0.6831
Epoch 18/100
51/51 - 8s - 149ms/step - loss: 0.6990 - val_loss: 0.6833
Epoch 19/100
51/51 - 8s - 149ms/step - loss: 0.6994 - val_loss: 0.6823
Epoch 20/100
51/51 - 8s - 149ms/step - loss: 0.6995 - val_loss: 0.6817
Epoch 21/100
51/51 - 8s - 149ms/step - loss: 0.6972 - val_loss: 0.6814
Epoch 22/100
51/51 - 8s - 149ms/step - loss: 0.6971 - val_loss: 0.6816
Epoch 23/100
51/51 - 8s - 149ms/step - loss: 0.6974 - val_loss: 0.6808
Epoch 24/100
51/51 - 8s - 149ms/step - loss: 0.6974 - val_loss: 0.6811
Epoch 25/100
51/51 - 8s - 149ms/step - loss: 0.6978 - val_loss: 0.6811
Epoch 26/100
51/51 - 8s - 149ms/step - loss: 0.6954 - val_loss: 0.6804
Epoch 27/100
51/51 - 8s - 149ms/step - loss: 0.6945 - val_loss: 0.6804
Epoch 28/100
51/51 - 8s - 149ms/step - loss: 0.6941 - val_loss: 0.6788
Epoch 29/100
51/51 - 8s - 149ms/step - loss: 0.6940 - val_loss: 0.6794
Epoch 30/100
51/51 - 8s - 150ms/step - loss: 0.6939 - val_loss: 0.6781
Epoch 31/100
51/51 - 8s - 149ms/step - loss: 0.6930 - val_loss: 0.6779
Epoch 32/100
51/51 - 8s - 149ms/step - loss: 0.6931 - val_loss: 0.6785
Epoch 33/100
51/51 - 8s - 150ms/step - loss: 0.6931 - val_loss: 0.6776
Epoch 34/100
51/51 - 8s - 149ms/step - loss: 0.6927 - val_loss: 0.6812
Epoch 35/100
51/51 - 8s - 149ms/step - loss: 0.6936 - val_loss: 0.6767
Epoch 36/100
51/51 - 8s - 149ms/step - loss: 0.6919 - val_loss: 0.6771
Epoch 37/100
51/51 - 8s - 149ms/step - loss: 0.6915 - val_loss: 0.6763
Epoch 38/100
51/51 - 8s - 149ms/step - loss: 0.6911 - val_loss: 0.6761
Epoch 39/100
51/51 - 8s - 149ms/step - loss: 0.6909 - val_loss: 0.6752
Epoch 40/100
51/51 - 8s - 149ms/step - loss: 0.6909 - val_loss: 0.6751
Epoch 41/100
51/51 - 8s - 149ms/step - loss: 0.6897 - val_loss: 0.6751
Epoch 42/100
51/51 - 8s - 149ms/step - loss: 0.6905 - val_loss: 0.6752
Epoch 43/100
51/51 - 8s - 149ms/step - loss: 0.6894 - val_loss: 0.6743
Epoch 44/100
51/51 - 8s - 149ms/step - loss: 0.6887 - val_loss: 0.6750
Epoch 45/100
51/51 - 8s - 149ms/step - loss: 0.6882 - val_loss: 0.6776
Epoch 46/100
51/51 - 8s - 148ms/step - loss: 0.6877 - val_loss: 0.6785
Epoch 47/100
51/51 - 8s - 149ms/step - loss: 0.6877 - val_loss: 0.6790
Epoch 48/100
51/51 - 8s - 149ms/step - loss: 0.6877 - val_loss: 0.6795
Epoch 49/100
51/51 - 8s - 149ms/step - loss: 0.6873 - val_loss: 0.6804
Epoch 50/100
51/51 - 8s - 148ms/step - loss: 0.6869 - val_loss: 0.6803
Epoch 51/100
51/51 - 8s - 149ms/step - loss: 0.6872 - val_loss: 0.6786
Epoch 52/100
51/51 - 7s - 147ms/step - loss: 0.6871 - val_loss: 0.6789
Epoch 53/100
51/51 - 8s - 148ms/step - loss: 0.6867 - val_loss: 0.6801
[Run 2/5] Training shared encoder (unweighted)...
Epoch 1/100
50/50 - 11s - 217ms/step - loss: 0.7704 - val_loss: 0.7389
Epoch 2/100
50/50 - 7s - 144ms/step - loss: 0.7396 - val_loss: 0.7305
Epoch 3/100
50/50 - 7s - 138ms/step - loss: 0.7313 - val_loss: 0.7218
Epoch 4/100
50/50 - 7s - 144ms/step - loss: 0.7241 - val_loss: 0.7116
Epoch 5/100
50/50 - 7s - 143ms/step - loss: 0.7174 - val_loss: 0.7063
Epoch 6/100
50/50 - 7s - 143ms/step - loss: 0.7149 - val_loss: 0.7080
Epoch 7/100
50/50 - 7s - 144ms/step - loss: 0.7116 - val_loss: 0.7034
Epoch 8/100
50/50 - 7s - 143ms/step - loss: 0.7088 - val_loss: 0.7025
Epoch 9/100
50/50 - 7s - 143ms/step - loss: 0.7068 - val_loss: 0.7006
Epoch 10/100
50/50 - 7s - 143ms/step - loss: 0.7055 - val_loss: 0.7005
Epoch 11/100
50/50 - 7s - 143ms/step - loss: 0.7041 - val_loss: 0.6993
Epoch 12/100
50/50 - 7s - 143ms/step - loss: 0.7029 - val_loss: 0.6998
Epoch 13/100
50/50 - 7s - 143ms/step - loss: 0.7016 - val_loss: 0.6976
Epoch 14/100
50/50 - 7s - 143ms/step - loss: 0.6984 - val_loss: 0.6967
Epoch 15/100
50/50 - 7s - 143ms/step - loss: 0.6972 - val_loss: 0.6962
Epoch 16/100
50/50 - 7s - 143ms/step - loss: 0.6959 - val_loss: 0.6970
Epoch 17/100
50/50 - 7s - 143ms/step - loss: 0.6948 - val_loss: 0.6914
Epoch 18/100
50/50 - 7s - 143ms/step - loss: 0.6937 - val_loss: 0.6943
Epoch 19/100
50/50 - 7s - 143ms/step - loss: 0.6929 - val_loss: 0.6920
Epoch 20/100
50/50 - 7s - 143ms/step - loss: 0.6920 - val_loss: 0.6929
Epoch 21/100
50/50 - 7s - 143ms/step - loss: 0.6918 - val_loss: 0.6924
Epoch 22/100
50/50 - 7s - 143ms/step - loss: 0.6912 - val_loss: 0.6922
Epoch 23/100
50/50 - 7s - 143ms/step - loss: 0.6905 - val_loss: 0.6917
Epoch 24/100
50/50 - 7s - 143ms/step - loss: 0.6901 - val_loss: 0.6911
Epoch 25/100
50/50 - 7s - 143ms/step - loss: 0.6906 - val_loss: 0.6975
Epoch 26/100
50/50 - 7s - 143ms/step - loss: 0.6910 - val_loss: 0.6906
Epoch 27/100
50/50 - 7s - 143ms/step - loss: 0.6893 - val_loss: 0.6911
Epoch 28/100
50/50 - 7s - 143ms/step - loss: 0.6888 - val_loss: 0.6910
Epoch 29/100
50/50 - 7s - 143ms/step - loss: 0.6886 - val_loss: 0.6902
Epoch 30/100
50/50 - 7s - 143ms/step - loss: 0.6879 - val_loss: 0.6893
Epoch 31/100
50/50 - 7s - 143ms/step - loss: 0.6884 - val_loss: 0.6884
Epoch 32/100
50/50 - 7s - 143ms/step - loss: 0.6886 - val_loss: 0.6958
Epoch 33/100
50/50 - 7s - 143ms/step - loss: 0.6881 - val_loss: 0.6950
Epoch 34/100
50/50 - 7s - 143ms/step - loss: 0.6873 - val_loss: 0.6892
Epoch 35/100
50/50 - 7s - 143ms/step - loss: 0.6863 - val_loss: 0.6921
Epoch 36/100
50/50 - 7s - 143ms/step - loss: 0.6867 - val_loss: 0.6907
Epoch 37/100
50/50 - 7s - 144ms/step - loss: 0.6859 - val_loss: 0.6892
Epoch 38/100
50/50 - 7s - 143ms/step - loss: 0.6855 - val_loss: 0.6893
Epoch 39/100
50/50 - 7s - 144ms/step - loss: 0.6853 - val_loss: 0.6916
Epoch 40/100
50/50 - 7s - 144ms/step - loss: 0.6856 - val_loss: 0.6918
Epoch 41/100
50/50 - 7s - 144ms/step - loss: 0.6857 - val_loss: 0.6885
[Run 2/5] Training shared encoder (weighted)...
Epoch 1/100
50/50 - 11s - 217ms/step - loss: 0.8330 - val_loss: 0.7635
Epoch 2/100
50/50 - 8s - 152ms/step - loss: 0.7681 - val_loss: 0.7560
Epoch 3/100
50/50 - 7s - 146ms/step - loss: 0.7567 - val_loss: 0.7414
Epoch 4/100
50/50 - 8s - 152ms/step - loss: 0.7373 - val_loss: 0.7213
Epoch 5/100
50/50 - 8s - 151ms/step - loss: 0.7257 - val_loss: 0.7130
Epoch 6/100
50/50 - 8s - 150ms/step - loss: 0.7207 - val_loss: 0.7094
Epoch 7/100
50/50 - 8s - 150ms/step - loss: 0.7178 - val_loss: 0.7109
Epoch 8/100
50/50 - 8s - 151ms/step - loss: 0.7166 - val_loss: 0.7120
Epoch 9/100
50/50 - 8s - 151ms/step - loss: 0.7146 - val_loss: 0.7072
Epoch 10/100
50/50 - 8s - 150ms/step - loss: 0.7135 - val_loss: 0.7107
Epoch 11/100
50/50 - 8s - 150ms/step - loss: 0.7127 - val_loss: 0.7089
Epoch 12/100
50/50 - 8s - 150ms/step - loss: 0.7117 - val_loss: 0.7083
Epoch 13/100
50/50 - 7s - 150ms/step - loss: 0.7102 - val_loss: 0.7108
Epoch 14/100
50/50 - 8s - 150ms/step - loss: 0.7080 - val_loss: 0.7045
Epoch 15/100
50/50 - 8s - 151ms/step - loss: 0.7064 - val_loss: 0.7076
Epoch 16/100
50/50 - 8s - 151ms/step - loss: 0.7054 - val_loss: 0.7053
Epoch 17/100
50/50 - 8s - 151ms/step - loss: 0.7049 - val_loss: 0.7060
Epoch 18/100
50/50 - 8s - 150ms/step - loss: 0.7026 - val_loss: 0.7039
Epoch 19/100
50/50 - 8s - 150ms/step - loss: 0.7027 - val_loss: 0.7038
Epoch 20/100
50/50 - 8s - 150ms/step - loss: 0.7011 - val_loss: 0.7037
Epoch 21/100
50/50 - 8s - 151ms/step - loss: 0.7008 - val_loss: 0.7040
Epoch 22/100
50/50 - 8s - 150ms/step - loss: 0.7005 - val_loss: 0.7038
Epoch 23/100
50/50 - 8s - 151ms/step - loss: 0.6998 - val_loss: 0.7020
Epoch 24/100
50/50 - 8s - 151ms/step - loss: 0.6993 - val_loss: 0.7021
Epoch 25/100
50/50 - 8s - 151ms/step - loss: 0.6988 - val_loss: 0.7003
Epoch 26/100
50/50 - 8s - 150ms/step - loss: 0.6984 - val_loss: 0.6993
Epoch 27/100
50/50 - 7s - 150ms/step - loss: 0.6976 - val_loss: 0.7005
Epoch 28/100
50/50 - 8s - 151ms/step - loss: 0.6983 - val_loss: 0.6995
Epoch 29/100
50/50 - 8s - 150ms/step - loss: 0.6970 - val_loss: 0.6986
Epoch 30/100
50/50 - 8s - 150ms/step - loss: 0.6968 - val_loss: 0.6989
Epoch 31/100
50/50 - 8s - 151ms/step - loss: 0.6964 - val_loss: 0.6968
Epoch 32/100
50/50 - 8s - 150ms/step - loss: 0.6968 - val_loss: 0.7012
Epoch 33/100
50/50 - 8s - 150ms/step - loss: 0.6960 - val_loss: 0.6983
Epoch 34/100
50/50 - 8s - 150ms/step - loss: 0.6962 - val_loss: 0.6974
Epoch 35/100
50/50 - 8s - 150ms/step - loss: 0.6959 - val_loss: 0.6991
Epoch 36/100
50/50 - 8s - 150ms/step - loss: 0.6958 - val_loss: 0.6994
Epoch 37/100
50/50 - 8s - 150ms/step - loss: 0.6960 - val_loss: 0.6985
Epoch 38/100
50/50 - 8s - 150ms/step - loss: 0.6960 - val_loss: 0.6998
Epoch 39/100
50/50 - 8s - 151ms/step - loss: 0.6967 - val_loss: 0.7000
Epoch 40/100
50/50 - 8s - 151ms/step - loss: 0.6974 - val_loss: 0.6983
Epoch 41/100
50/50 - 8s - 150ms/step - loss: 0.6980 - val_loss: 0.6938
Epoch 42/100
50/50 - 8s - 150ms/step - loss: 0.6957 - val_loss: 0.6971
Epoch 43/100
50/50 - 8s - 150ms/step - loss: 0.6957 - val_loss: 0.6979
Epoch 44/100
50/50 - 8s - 151ms/step - loss: 0.6960 - val_loss: 0.6934
Epoch 45/100
50/50 - 8s - 150ms/step - loss: 0.6943 - val_loss: 0.6933
Epoch 46/100
50/50 - 8s - 150ms/step - loss: 0.6944 - val_loss: 0.6929
Epoch 47/100
50/50 - 8s - 151ms/step - loss: 0.6943 - val_loss: 0.6918
Epoch 48/100
50/50 - 8s - 151ms/step - loss: 0.6933 - val_loss: 0.6929
Epoch 49/100
50/50 - 8s - 150ms/step - loss: 0.6930 - val_loss: 0.6923
Epoch 50/100
50/50 - 8s - 150ms/step - loss: 0.6930 - val_loss: 0.6924
Epoch 51/100
50/50 - 8s - 150ms/step - loss: 0.6928 - val_loss: 0.6910
Epoch 52/100
50/50 - 8s - 150ms/step - loss: 0.6921 - val_loss: 0.6906
Epoch 53/100
50/50 - 7s - 150ms/step - loss: 0.6920 - val_loss: 0.6910
Epoch 54/100
50/50 - 8s - 150ms/step - loss: 0.6918 - val_loss: 0.6922
Epoch 55/100
50/50 - 8s - 150ms/step - loss: 0.6926 - val_loss: 0.6931
Epoch 56/100
50/50 - 8s - 151ms/step - loss: 0.6943 - val_loss: 0.6900
Epoch 57/100
50/50 - 8s - 150ms/step - loss: 0.6913 - val_loss: 0.6927
Epoch 58/100
50/50 - 8s - 151ms/step - loss: 0.6927 - val_loss: 0.6893
Epoch 59/100
50/50 - 7s - 150ms/step - loss: 0.6912 - val_loss: 0.6902
Epoch 60/100
50/50 - 8s - 150ms/step - loss: 0.6910 - val_loss: 0.6905
Epoch 61/100
50/50 - 8s - 150ms/step - loss: 0.6911 - val_loss: 0.6896
Epoch 62/100
50/50 - 7s - 150ms/step - loss: 0.6910 - val_loss: 0.6893
Epoch 63/100
50/50 - 8s - 150ms/step - loss: 0.6906 - val_loss: 0.6893
Epoch 64/100
50/50 - 8s - 150ms/step - loss: 0.6901 - val_loss: 0.6896
Epoch 65/100
50/50 - 8s - 150ms/step - loss: 0.6907 - val_loss: 0.6892
Epoch 66/100
50/50 - 7s - 149ms/step - loss: 0.6902 - val_loss: 0.6924
Epoch 67/100
50/50 - 8s - 150ms/step - loss: 0.6909 - val_loss: 0.6915
Epoch 68/100
50/50 - 8s - 150ms/step - loss: 0.6907 - val_loss: 0.6895
Epoch 69/100
50/50 - 8s - 151ms/step - loss: 0.6902 - val_loss: 0.6887
Epoch 70/100
50/50 - 8s - 150ms/step - loss: 0.6892 - val_loss: 0.6928
Epoch 71/100
50/50 - 8s - 150ms/step - loss: 0.6902 - val_loss: 0.6887
Epoch 72/100
50/50 - 8s - 150ms/step - loss: 0.6896 - val_loss: 0.6910
Epoch 73/100
50/50 - 8s - 150ms/step - loss: 0.6906 - val_loss: 0.6885
Epoch 74/100
50/50 - 7s - 150ms/step - loss: 0.6895 - val_loss: 0.6886
Epoch 75/100
50/50 - 7s - 150ms/step - loss: 0.6896 - val_loss: 0.6873
Epoch 76/100
50/50 - 8s - 150ms/step - loss: 0.6890 - val_loss: 0.6891
Epoch 77/100
50/50 - 7s - 150ms/step - loss: 0.6892 - val_loss: 0.6920
Epoch 78/100
50/50 - 8s - 150ms/step - loss: 0.6922 - val_loss: 0.6882
Epoch 79/100
50/50 - 8s - 150ms/step - loss: 0.6892 - val_loss: 0.6885
Epoch 80/100
50/50 - 7s - 150ms/step - loss: 0.6886 - val_loss: 0.6883
Epoch 81/100
50/50 - 8s - 150ms/step - loss: 0.6887 - val_loss: 0.6887
Epoch 82/100
50/50 - 8s - 150ms/step - loss: 0.6886 - val_loss: 0.6876
Epoch 83/100
50/50 - 8s - 150ms/step - loss: 0.6879 - val_loss: 0.6874
Epoch 84/100
50/50 - 8s - 150ms/step - loss: 0.6883 - val_loss: 0.6872
Epoch 85/100
50/50 - 8s - 150ms/step - loss: 0.6880 - val_loss: 0.6878
[Run 3/5] Training shared encoder (unweighted)...
Epoch 1/100
51/51 - 11s - 215ms/step - loss: 0.8635 - val_loss: 0.8218
Epoch 2/100
51/51 - 7s - 143ms/step - loss: 0.7885 - val_loss: 0.7744
Epoch 3/100
51/51 - 7s - 138ms/step - loss: 0.7590 - val_loss: 0.7493
Epoch 4/100
51/51 - 7s - 144ms/step - loss: 0.7374 - val_loss: 0.7349
Epoch 5/100
51/51 - 7s - 143ms/step - loss: 0.7250 - val_loss: 0.7244
Epoch 6/100
51/51 - 7s - 142ms/step - loss: 0.7206 - val_loss: 0.7185
Epoch 7/100
51/51 - 7s - 143ms/step - loss: 0.7171 - val_loss: 0.7163
Epoch 8/100
51/51 - 7s - 143ms/step - loss: 0.7150 - val_loss: 0.7074
Epoch 9/100
51/51 - 7s - 143ms/step - loss: 0.7126 - val_loss: 0.7036
Epoch 10/100
51/51 - 7s - 142ms/step - loss: 0.7095 - val_loss: 0.7008
Epoch 11/100
51/51 - 7s - 142ms/step - loss: 0.7075 - val_loss: 0.6976
Epoch 12/100
51/51 - 7s - 142ms/step - loss: 0.7040 - val_loss: 0.6935
Epoch 13/100
51/51 - 7s - 143ms/step - loss: 0.7046 - val_loss: 0.6944
Epoch 14/100
51/51 - 7s - 142ms/step - loss: 0.7011 - val_loss: 0.6887
Epoch 15/100
51/51 - 7s - 143ms/step - loss: 0.6981 - val_loss: 0.6850
Epoch 16/100
51/51 - 7s - 143ms/step - loss: 0.6991 - val_loss: 0.6862
Epoch 17/100
51/51 - 7s - 142ms/step - loss: 0.6935 - val_loss: 0.6828
Epoch 18/100
51/51 - 7s - 142ms/step - loss: 0.6930 - val_loss: 0.6846
Epoch 19/100
51/51 - 7s - 143ms/step - loss: 0.6936 - val_loss: 0.6854
Epoch 20/100
51/51 - 7s - 143ms/step - loss: 0.6932 - val_loss: 0.6831
Epoch 21/100
51/51 - 7s - 143ms/step - loss: 0.6910 - val_loss: 0.6812
Epoch 22/100
51/51 - 7s - 142ms/step - loss: 0.6899 - val_loss: 0.6753
Epoch 23/100
51/51 - 7s - 142ms/step - loss: 0.6928 - val_loss: 0.6764
Epoch 24/100
51/51 - 7s - 142ms/step - loss: 0.6908 - val_loss: 0.6738
Epoch 25/100
51/51 - 7s - 142ms/step - loss: 0.6899 - val_loss: 0.6768
Epoch 26/100
51/51 - 7s - 143ms/step - loss: 0.6861 - val_loss: 0.6695
Epoch 27/100
51/51 - 7s - 142ms/step - loss: 0.6904 - val_loss: 0.6710
Epoch 28/100
51/51 - 7s - 142ms/step - loss: 0.6872 - val_loss: 0.6708
Epoch 29/100
51/51 - 7s - 142ms/step - loss: 0.6822 - val_loss: 0.6696
Epoch 30/100
51/51 - 7s - 142ms/step - loss: 0.6851 - val_loss: 0.6745
Epoch 31/100
51/51 - 7s - 142ms/step - loss: 0.6806 - val_loss: 0.6659
Epoch 32/100
51/51 - 7s - 141ms/step - loss: 0.6807 - val_loss: 0.6689
Epoch 33/100
51/51 - 7s - 142ms/step - loss: 0.6798 - val_loss: 0.6644
Epoch 34/100
51/51 - 7s - 142ms/step - loss: 0.6796 - val_loss: 0.6641
Epoch 35/100
51/51 - 7s - 142ms/step - loss: 0.6806 - val_loss: 0.6717
Epoch 36/100
51/51 - 7s - 142ms/step - loss: 0.6816 - val_loss: 0.6679
Epoch 37/100
51/51 - 7s - 142ms/step - loss: 0.6774 - val_loss: 0.6668
Epoch 38/100
51/51 - 7s - 142ms/step - loss: 0.6778 - val_loss: 0.6610
Epoch 39/100
51/51 - 7s - 142ms/step - loss: 0.6766 - val_loss: 0.6620
Epoch 40/100
51/51 - 7s - 142ms/step - loss: 0.6769 - val_loss: 0.6601
Epoch 41/100
51/51 - 7s - 142ms/step - loss: 0.6761 - val_loss: 0.6625
Epoch 42/100
51/51 - 7s - 142ms/step - loss: 0.6764 - val_loss: 0.6594
Epoch 43/100
51/51 - 7s - 143ms/step - loss: 0.6752 - val_loss: 0.6612
Epoch 44/100
51/51 - 7s - 142ms/step - loss: 0.6749 - val_loss: 0.6622
Epoch 45/100
51/51 - 7s - 142ms/step - loss: 0.6750 - val_loss: 0.6669
Epoch 46/100
51/51 - 7s - 142ms/step - loss: 0.6751 - val_loss: 0.6669
Epoch 47/100
51/51 - 7s - 143ms/step - loss: 0.6748 - val_loss: 0.6697
Epoch 48/100
51/51 - 7s - 142ms/step - loss: 0.6748 - val_loss: 0.6587
Epoch 49/100
51/51 - 7s - 142ms/step - loss: 0.6766 - val_loss: 0.6593
Epoch 50/100
51/51 - 7s - 142ms/step - loss: 0.6732 - val_loss: 0.6599
Epoch 51/100
51/51 - 7s - 142ms/step - loss: 0.6731 - val_loss: 0.6633
Epoch 52/100
51/51 - 7s - 142ms/step - loss: 0.6727 - val_loss: 0.6674
Epoch 53/100
51/51 - 7s - 142ms/step - loss: 0.6729 - val_loss: 0.6640
Epoch 54/100
51/51 - 7s - 142ms/step - loss: 0.6725 - val_loss: 0.6624
Epoch 55/100
51/51 - 7s - 142ms/step - loss: 0.6719 - val_loss: 0.6578
Epoch 56/100
51/51 - 7s - 143ms/step - loss: 0.6722 - val_loss: 0.6619
Epoch 57/100
51/51 - 7s - 143ms/step - loss: 0.6718 - val_loss: 0.6561
Epoch 58/100
51/51 - 7s - 142ms/step - loss: 0.6721 - val_loss: 0.6619
Epoch 59/100
51/51 - 7s - 142ms/step - loss: 0.6717 - val_loss: 0.6576
Epoch 60/100
51/51 - 7s - 142ms/step - loss: 0.6717 - val_loss: 0.6550
Epoch 61/100
51/51 - 7s - 142ms/step - loss: 0.6708 - val_loss: 0.6566
Epoch 62/100
51/51 - 7s - 142ms/step - loss: 0.6703 - val_loss: 0.6545
Epoch 63/100
51/51 - 7s - 142ms/step - loss: 0.6716 - val_loss: 0.6567
Epoch 64/100
51/51 - 7s - 142ms/step - loss: 0.6706 - val_loss: 0.6566
Epoch 65/100
51/51 - 7s - 142ms/step - loss: 0.6709 - val_loss: 0.6548
Epoch 66/100
51/51 - 7s - 142ms/step - loss: 0.6693 - val_loss: 0.6557
Epoch 67/100
51/51 - 7s - 142ms/step - loss: 0.6693 - val_loss: 0.6547
Epoch 68/100
51/51 - 7s - 142ms/step - loss: 0.6696 - val_loss: 0.6563
Epoch 69/100
51/51 - 7s - 142ms/step - loss: 0.6715 - val_loss: 0.6547
Epoch 70/100
51/51 - 7s - 142ms/step - loss: 0.6695 - val_loss: 0.6530
Epoch 71/100
51/51 - 7s - 142ms/step - loss: 0.6693 - val_loss: 0.6566
Epoch 72/100
51/51 - 7s - 142ms/step - loss: 0.6691 - val_loss: 0.6549
Epoch 73/100
51/51 - 7s - 142ms/step - loss: 0.6689 - val_loss: 0.6541
Epoch 74/100
51/51 - 7s - 142ms/step - loss: 0.6681 - val_loss: 0.6525
Epoch 75/100
51/51 - 7s - 142ms/step - loss: 0.6657 - val_loss: 0.6564
Epoch 76/100
51/51 - 7s - 142ms/step - loss: 0.6680 - val_loss: 0.6582
Epoch 77/100
51/51 - 7s - 142ms/step - loss: 0.6678 - val_loss: 0.6558
Epoch 78/100
51/51 - 7s - 142ms/step - loss: 0.6691 - val_loss: 0.6530
Epoch 79/100
51/51 - 7s - 142ms/step - loss: 0.6700 - val_loss: 0.6561
Epoch 80/100
51/51 - 7s - 142ms/step - loss: 0.6678 - val_loss: 0.6529
Epoch 81/100
51/51 - 7s - 142ms/step - loss: 0.6673 - val_loss: 0.6542
Epoch 82/100
51/51 - 7s - 142ms/step - loss: 0.6704 - val_loss: 0.6529
Epoch 83/100
51/51 - 7s - 142ms/step - loss: 0.6674 - val_loss: 0.6515
Epoch 84/100
51/51 - 7s - 142ms/step - loss: 0.6687 - val_loss: 0.6520
Epoch 85/100
51/51 - 7s - 143ms/step - loss: 0.6665 - val_loss: 0.6502
Epoch 86/100
51/51 - 7s - 142ms/step - loss: 0.6682 - val_loss: 0.6662
Epoch 87/100
51/51 - 7s - 142ms/step - loss: 0.6645 - val_loss: 0.6644
Epoch 88/100
51/51 - 7s - 142ms/step - loss: 0.6661 - val_loss: 0.6532
Epoch 89/100
51/51 - 7s - 142ms/step - loss: 0.6662 - val_loss: 0.6508
Epoch 90/100
51/51 - 7s - 142ms/step - loss: 0.6639 - val_loss: 0.6533
Epoch 91/100
51/51 - 7s - 142ms/step - loss: 0.6672 - val_loss: 0.6490
Epoch 92/100
51/51 - 7s - 142ms/step - loss: 0.6631 - val_loss: 0.6547
Epoch 93/100
51/51 - 7s - 142ms/step - loss: 0.6665 - val_loss: 0.6507
Epoch 94/100
51/51 - 7s - 142ms/step - loss: 0.6655 - val_loss: 0.6532
Epoch 95/100
51/51 - 7s - 142ms/step - loss: 0.6662 - val_loss: 0.6494
Epoch 96/100
51/51 - 7s - 142ms/step - loss: 0.6657 - val_loss: 0.6492
Epoch 97/100
51/51 - 7s - 143ms/step - loss: 0.6650 - val_loss: 0.6488
Epoch 98/100
51/51 - 7s - 142ms/step - loss: 0.6623 - val_loss: 0.6559
Epoch 99/100
51/51 - 7s - 142ms/step - loss: 0.6650 - val_loss: 0.6507
Epoch 100/100
51/51 - 7s - 142ms/step - loss: 0.6627 - val_loss: 0.6549
[Run 3/5] Training shared encoder (weighted)...
Epoch 1/100
51/51 - 11s - 212ms/step - loss: 0.8852 - val_loss: 0.8735
Epoch 2/100
51/51 - 8s - 151ms/step - loss: 0.8546 - val_loss: 0.8104
Epoch 3/100
51/51 - 7s - 144ms/step - loss: 0.7740 - val_loss: 0.7724
Epoch 4/100
51/51 - 8s - 151ms/step - loss: 0.7552 - val_loss: 0.7506
Epoch 5/100
51/51 - 8s - 149ms/step - loss: 0.7371 - val_loss: 0.7302
Epoch 6/100
51/51 - 8s - 150ms/step - loss: 0.7240 - val_loss: 0.7254
Epoch 7/100
51/51 - 8s - 150ms/step - loss: 0.7182 - val_loss: 0.7159
Epoch 8/100
51/51 - 8s - 149ms/step - loss: 0.7134 - val_loss: 0.7066
Epoch 9/100
51/51 - 8s - 149ms/step - loss: 0.7105 - val_loss: 0.7038
Epoch 10/100
51/51 - 8s - 149ms/step - loss: 0.7087 - val_loss: 0.6977
Epoch 11/100
51/51 - 8s - 149ms/step - loss: 0.7055 - val_loss: 0.6949
Epoch 12/100
51/51 - 8s - 148ms/step - loss: 0.7027 - val_loss: 0.6932
Epoch 13/100
51/51 - 8s - 148ms/step - loss: 0.7011 - val_loss: 0.6902
Epoch 14/100
51/51 - 8s - 148ms/step - loss: 0.6997 - val_loss: 0.6886
Epoch 15/100
51/51 - 8s - 148ms/step - loss: 0.6978 - val_loss: 0.6895
Epoch 16/100
51/51 - 8s - 148ms/step - loss: 0.6994 - val_loss: 0.6928
Epoch 17/100
51/51 - 8s - 149ms/step - loss: 0.6980 - val_loss: 0.6865
Epoch 18/100
51/51 - 8s - 148ms/step - loss: 0.6956 - val_loss: 0.6859
Epoch 19/100
51/51 - 8s - 148ms/step - loss: 0.6953 - val_loss: 0.6859
Epoch 20/100
51/51 - 8s - 148ms/step - loss: 0.6944 - val_loss: 0.6833
Epoch 21/100
51/51 - 8s - 148ms/step - loss: 0.6937 - val_loss: 0.6842
Epoch 22/100
51/51 - 8s - 148ms/step - loss: 0.6932 - val_loss: 0.6813
Epoch 23/100
51/51 - 8s - 148ms/step - loss: 0.6932 - val_loss: 0.6813
Epoch 24/100
51/51 - 8s - 149ms/step - loss: 0.6925 - val_loss: 0.6810
Epoch 25/100
51/51 - 8s - 148ms/step - loss: 0.6928 - val_loss: 0.6798
Epoch 26/100
51/51 - 8s - 149ms/step - loss: 0.6915 - val_loss: 0.6796
Epoch 27/100
51/51 - 8s - 148ms/step - loss: 0.6907 - val_loss: 0.6803
Epoch 28/100
51/51 - 8s - 149ms/step - loss: 0.6910 - val_loss: 0.6786
Epoch 29/100
51/51 - 8s - 149ms/step - loss: 0.6900 - val_loss: 0.6780
Epoch 30/100
51/51 - 8s - 148ms/step - loss: 0.6894 - val_loss: 0.6783
Epoch 31/100
51/51 - 8s - 148ms/step - loss: 0.6897 - val_loss: 0.6777
Epoch 32/100
51/51 - 8s - 148ms/step - loss: 0.6915 - val_loss: 0.6806
Epoch 33/100
51/51 - 8s - 148ms/step - loss: 0.6906 - val_loss: 0.6774
Epoch 34/100
51/51 - 8s - 148ms/step - loss: 0.6889 - val_loss: 0.6770
Epoch 35/100
51/51 - 8s - 148ms/step - loss: 0.6884 - val_loss: 0.6765
Epoch 36/100
51/51 - 8s - 148ms/step - loss: 0.6883 - val_loss: 0.6758
Epoch 37/100
51/51 - 8s - 149ms/step - loss: 0.6872 - val_loss: 0.6765
Epoch 38/100
51/51 - 8s - 148ms/step - loss: 0.6891 - val_loss: 0.6764
Epoch 39/100
51/51 - 8s - 148ms/step - loss: 0.6864 - val_loss: 0.6756
Epoch 40/100
51/51 - 8s - 148ms/step - loss: 0.6886 - val_loss: 0.6758
Epoch 41/100
51/51 - 8s - 148ms/step - loss: 0.6870 - val_loss: 0.6740
Epoch 42/100
51/51 - 8s - 148ms/step - loss: 0.6858 - val_loss: 0.6744
Epoch 43/100
51/51 - 8s - 148ms/step - loss: 0.6860 - val_loss: 0.6752
Epoch 44/100
51/51 - 8s - 148ms/step - loss: 0.6862 - val_loss: 0.6759
Epoch 45/100
51/51 - 8s - 149ms/step - loss: 0.6863 - val_loss: 0.6732
Epoch 46/100
51/51 - 8s - 148ms/step - loss: 0.6853 - val_loss: 0.6738
Epoch 47/100
51/51 - 8s - 148ms/step - loss: 0.6852 - val_loss: 0.6727
Epoch 48/100
51/51 - 8s - 148ms/step - loss: 0.6861 - val_loss: 0.6755
Epoch 49/100
51/51 - 8s - 149ms/step - loss: 0.6849 - val_loss: 0.6722
Epoch 50/100
51/51 - 8s - 148ms/step - loss: 0.6846 - val_loss: 0.6751
Epoch 51/100
51/51 - 8s - 149ms/step - loss: 0.6842 - val_loss: 0.6723
Epoch 52/100
51/51 - 8s - 148ms/step - loss: 0.6839 - val_loss: 0.6718
Epoch 53/100
51/51 - 8s - 148ms/step - loss: 0.6838 - val_loss: 0.6742
Epoch 54/100
51/51 - 8s - 148ms/step - loss: 0.6838 - val_loss: 0.6718
Epoch 55/100
51/51 - 8s - 148ms/step - loss: 0.6830 - val_loss: 0.6710
Epoch 56/100
51/51 - 8s - 148ms/step - loss: 0.6835 - val_loss: 0.6713
Epoch 57/100
51/51 - 8s - 149ms/step - loss: 0.6835 - val_loss: 0.6742
Epoch 58/100
51/51 - 8s - 148ms/step - loss: 0.6833 - val_loss: 0.6710
Epoch 59/100
51/51 - 8s - 148ms/step - loss: 0.6815 - val_loss: 0.6711
Epoch 60/100
51/51 - 8s - 148ms/step - loss: 0.6816 - val_loss: 0.6701
Epoch 61/100
51/51 - 8s - 148ms/step - loss: 0.6819 - val_loss: 0.6705
Epoch 62/100
51/51 - 8s - 148ms/step - loss: 0.6817 - val_loss: 0.6727
Epoch 63/100
51/51 - 8s - 148ms/step - loss: 0.6819 - val_loss: 0.6693
Epoch 64/100
51/51 - 8s - 148ms/step - loss: 0.6793 - val_loss: 0.6688
Epoch 65/100
51/51 - 8s - 148ms/step - loss: 0.6805 - val_loss: 0.6697
Epoch 66/100
51/51 - 8s - 148ms/step - loss: 0.6805 - val_loss: 0.6688
Epoch 67/100
51/51 - 8s - 149ms/step - loss: 0.6794 - val_loss: 0.6712
Epoch 68/100
51/51 - 8s - 149ms/step - loss: 0.6792 - val_loss: 0.6691
Epoch 69/100
51/51 - 8s - 148ms/step - loss: 0.6791 - val_loss: 0.6677
Epoch 70/100
51/51 - 8s - 149ms/step - loss: 0.6778 - val_loss: 0.6673
Epoch 71/100
51/51 - 8s - 148ms/step - loss: 0.6784 - val_loss: 0.6676
Epoch 72/100
51/51 - 8s - 148ms/step - loss: 0.6783 - val_loss: 0.6675
Epoch 73/100
51/51 - 8s - 148ms/step - loss: 0.6776 - val_loss: 0.6696
Epoch 74/100
51/51 - 8s - 148ms/step - loss: 0.6779 - val_loss: 0.6672
Epoch 75/100
51/51 - 8s - 148ms/step - loss: 0.6774 - val_loss: 0.6670
Epoch 76/100
51/51 - 8s - 148ms/step - loss: 0.6770 - val_loss: 0.6661
Epoch 77/100
51/51 - 8s - 148ms/step - loss: 0.6766 - val_loss: 0.6674
Epoch 78/100
51/51 - 8s - 148ms/step - loss: 0.6765 - val_loss: 0.6664
Epoch 79/100
51/51 - 8s - 149ms/step - loss: 0.6761 - val_loss: 0.6685
Epoch 80/100
51/51 - 8s - 148ms/step - loss: 0.6765 - val_loss: 0.6658
Epoch 81/100
51/51 - 8s - 148ms/step - loss: 0.6762 - val_loss: 0.6670
Epoch 82/100
51/51 - 8s - 149ms/step - loss: 0.6751 - val_loss: 0.6653
Epoch 83/100
51/51 - 8s - 148ms/step - loss: 0.6748 - val_loss: 0.6662
Epoch 84/100
51/51 - 8s - 148ms/step - loss: 0.6751 - val_loss: 0.6651
Epoch 85/100
51/51 - 8s - 148ms/step - loss: 0.6745 - val_loss: 0.6660
Epoch 86/100
51/51 - 8s - 148ms/step - loss: 0.6736 - val_loss: 0.6678
Epoch 87/100
51/51 - 8s - 149ms/step - loss: 0.6736 - val_loss: 0.6661
Epoch 88/100
51/51 - 8s - 148ms/step - loss: 0.6730 - val_loss: 0.6672
Epoch 89/100
51/51 - 8s - 149ms/step - loss: 0.6716 - val_loss: 0.6676
Epoch 90/100
51/51 - 8s - 148ms/step - loss: 0.6717 - val_loss: 0.6678
Epoch 91/100
51/51 - 8s - 148ms/step - loss: 0.6713 - val_loss: 0.6657
Epoch 92/100
51/51 - 8s - 149ms/step - loss: 0.6705 - val_loss: 0.6651
Epoch 93/100
51/51 - 8s - 148ms/step - loss: 0.6707 - val_loss: 0.6659
Epoch 94/100
51/51 - 8s - 149ms/step - loss: 0.6704 - val_loss: 0.6686
[Run 4/5] Training shared encoder (unweighted)...
Epoch 1/100
50/50 - 11s - 224ms/step - loss: 1.2273 - val_loss: 0.7780
Epoch 2/100
50/50 - 7s - 145ms/step - loss: 0.7636 - val_loss: 0.7667
Epoch 3/100
50/50 - 7s - 139ms/step - loss: 0.7553 - val_loss: 0.7551
Epoch 4/100
50/50 - 7s - 146ms/step - loss: 0.7383 - val_loss: 0.7352
Epoch 5/100
50/50 - 7s - 144ms/step - loss: 0.7257 - val_loss: 0.7274
Epoch 6/100
50/50 - 7s - 144ms/step - loss: 0.7208 - val_loss: 0.7227
Epoch 7/100
50/50 - 7s - 144ms/step - loss: 0.7174 - val_loss: 0.7186
Epoch 8/100
50/50 - 7s - 144ms/step - loss: 0.7146 - val_loss: 0.7151
Epoch 9/100
50/50 - 7s - 144ms/step - loss: 0.7120 - val_loss: 0.7100
Epoch 10/100
50/50 - 7s - 144ms/step - loss: 0.7097 - val_loss: 0.7095
Epoch 11/100
50/50 - 7s - 144ms/step - loss: 0.7082 - val_loss: 0.7091
Epoch 12/100
50/50 - 7s - 144ms/step - loss: 0.7069 - val_loss: 0.7028
Epoch 13/100
50/50 - 7s - 144ms/step - loss: 0.7043 - val_loss: 0.7010
Epoch 14/100
50/50 - 7s - 144ms/step - loss: 0.7027 - val_loss: 0.6984
Epoch 15/100
50/50 - 7s - 145ms/step - loss: 0.7007 - val_loss: 0.6957
Epoch 16/100
50/50 - 7s - 145ms/step - loss: 0.6995 - val_loss: 0.6947
Epoch 17/100
50/50 - 7s - 144ms/step - loss: 0.6980 - val_loss: 0.6926
Epoch 18/100
50/50 - 7s - 144ms/step - loss: 0.6965 - val_loss: 0.6903
Epoch 19/100
50/50 - 7s - 145ms/step - loss: 0.6962 - val_loss: 0.6900
Epoch 20/100
50/50 - 7s - 144ms/step - loss: 0.6948 - val_loss: 0.6890
Epoch 21/100
50/50 - 7s - 144ms/step - loss: 0.6929 - val_loss: 0.6862
Epoch 22/100
50/50 - 7s - 144ms/step - loss: 0.6919 - val_loss: 0.6853
Epoch 23/100
50/50 - 7s - 144ms/step - loss: 0.6903 - val_loss: 0.6842
Epoch 24/100
50/50 - 7s - 144ms/step - loss: 0.6898 - val_loss: 0.6837
Epoch 25/100
50/50 - 7s - 145ms/step - loss: 0.6888 - val_loss: 0.6821
Epoch 26/100
50/50 - 7s - 144ms/step - loss: 0.6878 - val_loss: 0.6813
Epoch 27/100
50/50 - 7s - 144ms/step - loss: 0.6875 - val_loss: 0.6819
Epoch 28/100
50/50 - 7s - 145ms/step - loss: 0.6869 - val_loss: 0.6815
Epoch 29/100
50/50 - 7s - 144ms/step - loss: 0.6865 - val_loss: 0.6804
Epoch 30/100
50/50 - 7s - 144ms/step - loss: 0.6856 - val_loss: 0.6800
Epoch 31/100
50/50 - 7s - 145ms/step - loss: 0.6856 - val_loss: 0.6790
Epoch 32/100
50/50 - 7s - 144ms/step - loss: 0.6837 - val_loss: 0.6776
Epoch 33/100
50/50 - 7s - 145ms/step - loss: 0.6824 - val_loss: 0.6769
Epoch 34/100
50/50 - 7s - 145ms/step - loss: 0.6814 - val_loss: 0.6763
Epoch 35/100
50/50 - 7s - 144ms/step - loss: 0.6810 - val_loss: 0.6775
Epoch 36/100
50/50 - 7s - 144ms/step - loss: 0.6811 - val_loss: 0.6758
Epoch 37/100
50/50 - 7s - 143ms/step - loss: 0.6808 - val_loss: 0.6762
Epoch 38/100
50/50 - 7s - 144ms/step - loss: 0.6805 - val_loss: 0.6749
Epoch 39/100
50/50 - 7s - 143ms/step - loss: 0.6800 - val_loss: 0.6748
Epoch 40/100
50/50 - 7s - 144ms/step - loss: 0.6797 - val_loss: 0.6746
Epoch 41/100
50/50 - 7s - 143ms/step - loss: 0.6796 - val_loss: 0.6741
Epoch 42/100
50/50 - 7s - 144ms/step - loss: 0.6795 - val_loss: 0.6740
Epoch 43/100
50/50 - 7s - 144ms/step - loss: 0.6790 - val_loss: 0.6737
Epoch 44/100
50/50 - 7s - 143ms/step - loss: 0.6783 - val_loss: 0.6736
Epoch 45/100
50/50 - 7s - 143ms/step - loss: 0.6790 - val_loss: 0.6739
Epoch 46/100
50/50 - 7s - 144ms/step - loss: 0.6787 - val_loss: 0.6732
Epoch 47/100
50/50 - 7s - 143ms/step - loss: 0.6785 - val_loss: 0.6739
Epoch 48/100
50/50 - 7s - 144ms/step - loss: 0.6786 - val_loss: 0.6733
Epoch 49/100
50/50 - 7s - 144ms/step - loss: 0.6777 - val_loss: 0.6731
Epoch 50/100
50/50 - 7s - 144ms/step - loss: 0.6778 - val_loss: 0.6728
Epoch 51/100
50/50 - 7s - 143ms/step - loss: 0.6778 - val_loss: 0.6730
Epoch 52/100
50/50 - 7s - 143ms/step - loss: 0.6775 - val_loss: 0.6728
Epoch 53/100
50/50 - 7s - 144ms/step - loss: 0.6774 - val_loss: 0.6733
Epoch 54/100
50/50 - 7s - 144ms/step - loss: 0.6773 - val_loss: 0.6728
Epoch 55/100
50/50 - 7s - 144ms/step - loss: 0.6769 - val_loss: 0.6720
Epoch 56/100
50/50 - 7s - 143ms/step - loss: 0.6770 - val_loss: 0.6725
Epoch 57/100
50/50 - 7s - 143ms/step - loss: 0.6766 - val_loss: 0.6717
Epoch 58/100
50/50 - 7s - 143ms/step - loss: 0.6769 - val_loss: 0.6722
Epoch 59/100
50/50 - 7s - 143ms/step - loss: 0.6766 - val_loss: 0.6723
Epoch 60/100
50/50 - 7s - 144ms/step - loss: 0.6767 - val_loss: 0.6722
Epoch 61/100
50/50 - 7s - 143ms/step - loss: 0.6762 - val_loss: 0.6709
Epoch 62/100
50/50 - 7s - 144ms/step - loss: 0.6758 - val_loss: 0.6710
Epoch 63/100
50/50 - 7s - 144ms/step - loss: 0.6757 - val_loss: 0.6711
Epoch 64/100
50/50 - 7s - 144ms/step - loss: 0.6749 - val_loss: 0.6691
Epoch 65/100
50/50 - 7s - 144ms/step - loss: 0.6742 - val_loss: 0.6692
Epoch 66/100
50/50 - 7s - 144ms/step - loss: 0.6742 - val_loss: 0.6694
Epoch 67/100
50/50 - 7s - 144ms/step - loss: 0.6749 - val_loss: 0.6691
Epoch 68/100
50/50 - 7s - 144ms/step - loss: 0.6734 - val_loss: 0.6685
Epoch 69/100
50/50 - 7s - 144ms/step - loss: 0.6734 - val_loss: 0.6680
Epoch 70/100
50/50 - 7s - 144ms/step - loss: 0.6729 - val_loss: 0.6677
Epoch 71/100
50/50 - 7s - 143ms/step - loss: 0.6732 - val_loss: 0.6672
Epoch 72/100
50/50 - 7s - 143ms/step - loss: 0.6730 - val_loss: 0.6670
Epoch 73/100
50/50 - 7s - 143ms/step - loss: 0.6724 - val_loss: 0.6668
Epoch 74/100
50/50 - 7s - 143ms/step - loss: 0.6718 - val_loss: 0.6663
Epoch 75/100
50/50 - 7s - 144ms/step - loss: 0.6719 - val_loss: 0.6667
Epoch 76/100
50/50 - 7s - 144ms/step - loss: 0.6712 - val_loss: 0.6665
Epoch 77/100
50/50 - 7s - 143ms/step - loss: 0.6712 - val_loss: 0.6664
Epoch 78/100
50/50 - 7s - 144ms/step - loss: 0.6711 - val_loss: 0.6664
Epoch 79/100
50/50 - 7s - 144ms/step - loss: 0.6707 - val_loss: 0.6657
Epoch 80/100
50/50 - 7s - 144ms/step - loss: 0.6704 - val_loss: 0.6664
Epoch 81/100
50/50 - 7s - 143ms/step - loss: 0.6703 - val_loss: 0.6649
Epoch 82/100
50/50 - 7s - 144ms/step - loss: 0.6701 - val_loss: 0.6653
Epoch 83/100
50/50 - 7s - 144ms/step - loss: 0.6696 - val_loss: 0.6669
Epoch 84/100
50/50 - 7s - 144ms/step - loss: 0.6693 - val_loss: 0.6646
Epoch 85/100
50/50 - 7s - 144ms/step - loss: 0.6690 - val_loss: 0.6638
Epoch 86/100
50/50 - 7s - 144ms/step - loss: 0.6694 - val_loss: 0.6636
Epoch 87/100
50/50 - 7s - 143ms/step - loss: 0.6686 - val_loss: 0.6638
Epoch 88/100
50/50 - 7s - 143ms/step - loss: 0.6688 - val_loss: 0.6633
Epoch 89/100
50/50 - 7s - 144ms/step - loss: 0.6682 - val_loss: 0.6634
Epoch 90/100
50/50 - 7s - 144ms/step - loss: 0.6676 - val_loss: 0.6640
Epoch 91/100
50/50 - 7s - 144ms/step - loss: 0.6677 - val_loss: 0.6634
Epoch 92/100
50/50 - 7s - 144ms/step - loss: 0.6674 - val_loss: 0.6629
Epoch 93/100
50/50 - 7s - 144ms/step - loss: 0.6670 - val_loss: 0.6633
Epoch 94/100
50/50 - 7s - 144ms/step - loss: 0.6666 - val_loss: 0.6631
Epoch 95/100
50/50 - 7s - 144ms/step - loss: 0.6669 - val_loss: 0.6622
Epoch 96/100
50/50 - 7s - 144ms/step - loss: 0.6661 - val_loss: 0.6619
Epoch 97/100
50/50 - 7s - 143ms/step - loss: 0.6664 - val_loss: 0.6621
Epoch 98/100
50/50 - 7s - 144ms/step - loss: 0.6662 - val_loss: 0.6617
Epoch 99/100
50/50 - 7s - 143ms/step - loss: 0.6659 - val_loss: 0.6614
Epoch 100/100
50/50 - 7s - 143ms/step - loss: 0.6655 - val_loss: 0.6599
[Run 4/5] Training shared encoder (weighted)...
Epoch 1/100
50/50 - 11s - 218ms/step - loss: 1.2133 - val_loss: 0.8137
Epoch 2/100
50/50 - 8s - 154ms/step - loss: 0.7676 - val_loss: 0.7641
Epoch 3/100
50/50 - 7s - 146ms/step - loss: 0.7459 - val_loss: 0.7411
Epoch 4/100
50/50 - 8s - 154ms/step - loss: 0.7281 - val_loss: 0.7219
Epoch 5/100
50/50 - 8s - 152ms/step - loss: 0.7164 - val_loss: 0.7129
Epoch 6/100
50/50 - 8s - 152ms/step - loss: 0.7096 - val_loss: 0.7058
Epoch 7/100
50/50 - 8s - 152ms/step - loss: 0.7054 - val_loss: 0.7016
Epoch 8/100
50/50 - 8s - 151ms/step - loss: 0.7039 - val_loss: 0.7000
Epoch 9/100
50/50 - 8s - 152ms/step - loss: 0.7017 - val_loss: 0.6959
Epoch 10/100
50/50 - 8s - 152ms/step - loss: 0.6999 - val_loss: 0.6933
Epoch 11/100
50/50 - 8s - 151ms/step - loss: 0.6998 - val_loss: 0.6920
Epoch 12/100
50/50 - 8s - 151ms/step - loss: 0.6979 - val_loss: 0.6910
Epoch 13/100
50/50 - 8s - 151ms/step - loss: 0.6973 - val_loss: 0.6901
Epoch 14/100
50/50 - 8s - 151ms/step - loss: 0.6967 - val_loss: 0.6894
Epoch 15/100
50/50 - 8s - 151ms/step - loss: 0.6960 - val_loss: 0.6893
Epoch 16/100
50/50 - 8s - 151ms/step - loss: 0.6956 - val_loss: 0.6897
Epoch 17/100
50/50 - 8s - 151ms/step - loss: 0.6951 - val_loss: 0.6889
Epoch 18/100
50/50 - 8s - 151ms/step - loss: 0.6946 - val_loss: 0.6885
Epoch 19/100
50/50 - 8s - 152ms/step - loss: 0.6938 - val_loss: 0.6885
Epoch 20/100
50/50 - 8s - 152ms/step - loss: 0.6935 - val_loss: 0.6880
Epoch 21/100
50/50 - 8s - 152ms/step - loss: 0.6929 - val_loss: 0.6876
Epoch 22/100
50/50 - 8s - 152ms/step - loss: 0.6929 - val_loss: 0.6871
Epoch 23/100
50/50 - 8s - 151ms/step - loss: 0.6923 - val_loss: 0.6872
Epoch 24/100
50/50 - 8s - 152ms/step - loss: 0.6921 - val_loss: 0.6866
Epoch 25/100
50/50 - 8s - 152ms/step - loss: 0.6917 - val_loss: 0.6859
Epoch 26/100
50/50 - 8s - 151ms/step - loss: 0.6908 - val_loss: 0.6861
Epoch 27/100
50/50 - 8s - 152ms/step - loss: 0.6908 - val_loss: 0.6864
Epoch 28/100
50/50 - 8s - 152ms/step - loss: 0.6908 - val_loss: 0.6861
Epoch 29/100
50/50 - 8s - 151ms/step - loss: 0.6901 - val_loss: 0.6862
Epoch 30/100
50/50 - 8s - 151ms/step - loss: 0.6900 - val_loss: 0.6851
Epoch 31/100
50/50 - 8s - 151ms/step - loss: 0.6897 - val_loss: 0.6860
Epoch 32/100
50/50 - 8s - 151ms/step - loss: 0.6896 - val_loss: 0.6851
Epoch 33/100
50/50 - 8s - 151ms/step - loss: 0.6893 - val_loss: 0.6852
Epoch 34/100
50/50 - 8s - 151ms/step - loss: 0.6890 - val_loss: 0.6853
Epoch 35/100
50/50 - 8s - 151ms/step - loss: 0.6889 - val_loss: 0.6834
Epoch 36/100
50/50 - 8s - 151ms/step - loss: 0.6887 - val_loss: 0.6838
Epoch 37/100
50/50 - 8s - 152ms/step - loss: 0.6887 - val_loss: 0.6828
Epoch 38/100
50/50 - 8s - 152ms/step - loss: 0.6884 - val_loss: 0.6831
Epoch 39/100
50/50 - 8s - 152ms/step - loss: 0.6883 - val_loss: 0.6838
Epoch 40/100
50/50 - 8s - 152ms/step - loss: 0.6877 - val_loss: 0.6825
Epoch 41/100
50/50 - 8s - 151ms/step - loss: 0.6878 - val_loss: 0.6833
Epoch 42/100
50/50 - 8s - 151ms/step - loss: 0.6876 - val_loss: 0.6831
Epoch 43/100
50/50 - 8s - 152ms/step - loss: 0.6874 - val_loss: 0.6828
Epoch 44/100
50/50 - 8s - 151ms/step - loss: 0.6871 - val_loss: 0.6858
Epoch 45/100
50/50 - 8s - 152ms/step - loss: 0.6873 - val_loss: 0.6848
Epoch 46/100
50/50 - 8s - 151ms/step - loss: 0.6872 - val_loss: 0.6832
Epoch 47/100
50/50 - 8s - 151ms/step - loss: 0.6866 - val_loss: 0.6823
Epoch 48/100
50/50 - 8s - 151ms/step - loss: 0.6865 - val_loss: 0.6838
Epoch 49/100
50/50 - 8s - 152ms/step - loss: 0.6862 - val_loss: 0.6831
Epoch 50/100
50/50 - 8s - 152ms/step - loss: 0.6861 - val_loss: 0.6832
Epoch 51/100
50/50 - 8s - 152ms/step - loss: 0.6862 - val_loss: 0.6848
Epoch 52/100
50/50 - 8s - 152ms/step - loss: 0.6861 - val_loss: 0.6824
Epoch 53/100
50/50 - 8s - 151ms/step - loss: 0.6857 - val_loss: 0.6840
Epoch 54/100
50/50 - 8s - 152ms/step - loss: 0.6856 - val_loss: 0.6828
Epoch 55/100
50/50 - 8s - 151ms/step - loss: 0.6859 - val_loss: 0.6828
Epoch 56/100
50/50 - 8s - 151ms/step - loss: 0.6860 - val_loss: 0.6813
Epoch 57/100
50/50 - 8s - 152ms/step - loss: 0.6855 - val_loss: 0.6829
Epoch 58/100
50/50 - 8s - 151ms/step - loss: 0.6850 - val_loss: 0.6820
Epoch 59/100
50/50 - 8s - 151ms/step - loss: 0.6845 - val_loss: 0.6816
Epoch 60/100
50/50 - 8s - 151ms/step - loss: 0.6844 - val_loss: 0.6820
Epoch 61/100
50/50 - 8s - 151ms/step - loss: 0.6841 - val_loss: 0.6801
Epoch 62/100
50/50 - 8s - 152ms/step - loss: 0.6839 - val_loss: 0.6829
Epoch 63/100
50/50 - 8s - 152ms/step - loss: 0.6837 - val_loss: 0.6809
Epoch 64/100
50/50 - 8s - 152ms/step - loss: 0.6834 - val_loss: 0.6806
Epoch 65/100
50/50 - 8s - 152ms/step - loss: 0.6832 - val_loss: 0.6819
Epoch 66/100
50/50 - 8s - 152ms/step - loss: 0.6831 - val_loss: 0.6807
Epoch 67/100
50/50 - 8s - 151ms/step - loss: 0.6823 - val_loss: 0.6809
Epoch 68/100
50/50 - 8s - 151ms/step - loss: 0.6830 - val_loss: 0.6798
Epoch 69/100
50/50 - 8s - 151ms/step - loss: 0.6828 - val_loss: 0.6791
Epoch 70/100
50/50 - 8s - 151ms/step - loss: 0.6822 - val_loss: 0.6816
Epoch 71/100
50/50 - 8s - 151ms/step - loss: 0.6823 - val_loss: 0.6792
Epoch 72/100
50/50 - 8s - 151ms/step - loss: 0.6826 - val_loss: 0.6782
Epoch 73/100
50/50 - 8s - 150ms/step - loss: 0.6815 - val_loss: 0.6812
Epoch 74/100
50/50 - 8s - 151ms/step - loss: 0.6825 - val_loss: 0.6794
Epoch 75/100
50/50 - 8s - 152ms/step - loss: 0.6815 - val_loss: 0.6796
Epoch 76/100
50/50 - 8s - 151ms/step - loss: 0.6811 - val_loss: 0.6809
Epoch 77/100
50/50 - 8s - 151ms/step - loss: 0.6811 - val_loss: 0.6803
Epoch 78/100
50/50 - 8s - 151ms/step - loss: 0.6814 - val_loss: 0.6793
Epoch 79/100
50/50 - 8s - 151ms/step - loss: 0.6807 - val_loss: 0.6820
Epoch 80/100
50/50 - 8s - 151ms/step - loss: 0.6810 - val_loss: 0.6816
Epoch 81/100
50/50 - 8s - 151ms/step - loss: 0.6807 - val_loss: 0.6819
Epoch 82/100
50/50 - 8s - 152ms/step - loss: 0.6808 - val_loss: 0.6791
[Run 5/5] Training shared encoder (unweighted)...
Epoch 1/100
51/51 - 11s - 224ms/step - loss: 0.7844 - val_loss: 0.7315
Epoch 2/100
51/51 - 7s - 144ms/step - loss: 0.7414 - val_loss: 0.7154
Epoch 3/100
51/51 - 7s - 137ms/step - loss: 0.7251 - val_loss: 0.7043
Epoch 4/100
51/51 - 7s - 143ms/step - loss: 0.7158 - val_loss: 0.6952
Epoch 5/100
51/51 - 7s - 142ms/step - loss: 0.7093 - val_loss: 0.6880
Epoch 6/100
51/51 - 7s - 143ms/step - loss: 0.7033 - val_loss: 0.6836
Epoch 7/100
51/51 - 7s - 142ms/step - loss: 0.6995 - val_loss: 0.6801
Epoch 8/100
51/51 - 7s - 142ms/step - loss: 0.6967 - val_loss: 0.6789
Epoch 9/100
51/51 - 7s - 142ms/step - loss: 0.6958 - val_loss: 0.6795
Epoch 10/100
51/51 - 7s - 143ms/step - loss: 0.6949 - val_loss: 0.6769
Epoch 11/100
51/51 - 7s - 143ms/step - loss: 0.6942 - val_loss: 0.6715
Epoch 12/100
51/51 - 7s - 142ms/step - loss: 0.6919 - val_loss: 0.6738
Epoch 13/100
51/51 - 7s - 142ms/step - loss: 0.6905 - val_loss: 0.6711
Epoch 14/100
51/51 - 7s - 143ms/step - loss: 0.6875 - val_loss: 0.6695
Epoch 15/100
51/51 - 7s - 142ms/step - loss: 0.6861 - val_loss: 0.6682
Epoch 16/100
51/51 - 7s - 143ms/step - loss: 0.6851 - val_loss: 0.6667
Epoch 17/100
51/51 - 7s - 143ms/step - loss: 0.6857 - val_loss: 0.6711
Epoch 18/100
51/51 - 7s - 143ms/step - loss: 0.6852 - val_loss: 0.6659
Epoch 19/100
51/51 - 7s - 143ms/step - loss: 0.6843 - val_loss: 0.6658
Epoch 20/100
51/51 - 7s - 142ms/step - loss: 0.6837 - val_loss: 0.6657
Epoch 21/100
51/51 - 7s - 143ms/step - loss: 0.6823 - val_loss: 0.6639
Epoch 22/100
51/51 - 7s - 142ms/step - loss: 0.6815 - val_loss: 0.6635
Epoch 23/100
51/51 - 7s - 143ms/step - loss: 0.6822 - val_loss: 0.6663
Epoch 24/100
51/51 - 7s - 143ms/step - loss: 0.6805 - val_loss: 0.6625
Epoch 25/100
51/51 - 7s - 143ms/step - loss: 0.6803 - val_loss: 0.6664
Epoch 26/100
51/51 - 7s - 143ms/step - loss: 0.6788 - val_loss: 0.6593
Epoch 27/100
51/51 - 7s - 143ms/step - loss: 0.6795 - val_loss: 0.6609
Epoch 28/100
51/51 - 7s - 143ms/step - loss: 0.6777 - val_loss: 0.6577
Epoch 29/100
51/51 - 7s - 142ms/step - loss: 0.6780 - val_loss: 0.6576
Epoch 30/100
51/51 - 7s - 143ms/step - loss: 0.6779 - val_loss: 0.6628
Epoch 31/100
51/51 - 7s - 143ms/step - loss: 0.6766 - val_loss: 0.6594
Epoch 32/100
51/51 - 7s - 143ms/step - loss: 0.6776 - val_loss: 0.6632
Epoch 33/100
51/51 - 7s - 142ms/step - loss: 0.6789 - val_loss: 0.6568
Epoch 34/100
51/51 - 7s - 142ms/step - loss: 0.6780 - val_loss: 0.6586
Epoch 35/100
51/51 - 7s - 143ms/step - loss: 0.6755 - val_loss: 0.6544
Epoch 36/100
51/51 - 7s - 142ms/step - loss: 0.6748 - val_loss: 0.6563
Epoch 37/100
51/51 - 7s - 143ms/step - loss: 0.6748 - val_loss: 0.6590
Epoch 38/100
51/51 - 7s - 143ms/step - loss: 0.6806 - val_loss: 0.6759
Epoch 39/100
51/51 - 7s - 143ms/step - loss: 0.6778 - val_loss: 0.6600
Epoch 40/100
51/51 - 7s - 143ms/step - loss: 0.6749 - val_loss: 0.6540
Epoch 41/100
51/51 - 7s - 143ms/step - loss: 0.6725 - val_loss: 0.6534
Epoch 42/100
51/51 - 7s - 143ms/step - loss: 0.6735 - val_loss: 0.6544
Epoch 43/100
51/51 - 7s - 143ms/step - loss: 0.6757 - val_loss: 0.6586
Epoch 44/100
51/51 - 7s - 143ms/step - loss: 0.6737 - val_loss: 0.6533
Epoch 45/100
51/51 - 7s - 143ms/step - loss: 0.6721 - val_loss: 0.6559
Epoch 46/100
51/51 - 7s - 142ms/step - loss: 0.6739 - val_loss: 0.6577
Epoch 47/100
51/51 - 7s - 142ms/step - loss: 0.6725 - val_loss: 0.6533
Epoch 48/100
51/51 - 7s - 143ms/step - loss: 0.6734 - val_loss: 0.6512
Epoch 49/100
51/51 - 7s - 143ms/step - loss: 0.6738 - val_loss: 0.6506
Epoch 50/100
51/51 - 7s - 142ms/step - loss: 0.6721 - val_loss: 0.6554
Epoch 51/100
51/51 - 7s - 143ms/step - loss: 0.6704 - val_loss: 0.6524
Epoch 52/100
51/51 - 7s - 143ms/step - loss: 0.6725 - val_loss: 0.6494
Epoch 53/100
51/51 - 7s - 143ms/step - loss: 0.6709 - val_loss: 0.6521
Epoch 54/100
51/51 - 7s - 142ms/step - loss: 0.6701 - val_loss: 0.6500
Epoch 55/100
51/51 - 7s - 143ms/step - loss: 0.6740 - val_loss: 0.6499
Epoch 56/100
51/51 - 7s - 143ms/step - loss: 0.6695 - val_loss: 0.6539
Epoch 57/100
51/51 - 7s - 143ms/step - loss: 0.6687 - val_loss: 0.6538
Epoch 58/100
51/51 - 7s - 143ms/step - loss: 0.6704 - val_loss: 0.6484
Epoch 59/100
51/51 - 7s - 142ms/step - loss: 0.6701 - val_loss: 0.6499
Epoch 60/100
51/51 - 7s - 143ms/step - loss: 0.6670 - val_loss: 0.6568
Epoch 61/100
51/51 - 7s - 143ms/step - loss: 0.6694 - val_loss: 0.6574
Epoch 62/100
51/51 - 7s - 142ms/step - loss: 0.6687 - val_loss: 0.6471
Epoch 63/100
51/51 - 7s - 142ms/step - loss: 0.6671 - val_loss: 0.6555
Epoch 64/100
51/51 - 7s - 143ms/step - loss: 0.6682 - val_loss: 0.6465
Epoch 65/100
51/51 - 7s - 143ms/step - loss: 0.6751 - val_loss: 0.6496
Epoch 66/100
51/51 - 7s - 143ms/step - loss: 0.6745 - val_loss: 0.6514
Epoch 67/100
51/51 - 7s - 143ms/step - loss: 0.6675 - val_loss: 0.6571
Epoch 68/100
51/51 - 7s - 143ms/step - loss: 0.6691 - val_loss: 0.6457
Epoch 69/100
51/51 - 7s - 142ms/step - loss: 0.6664 - val_loss: 0.6479
Epoch 70/100
51/51 - 7s - 143ms/step - loss: 0.6666 - val_loss: 0.6630
Epoch 71/100
51/51 - 7s - 143ms/step - loss: 0.6675 - val_loss: 0.6557
Epoch 72/100
51/51 - 7s - 142ms/step - loss: 0.6660 - val_loss: 0.6522
Epoch 73/100
51/51 - 7s - 143ms/step - loss: 0.6664 - val_loss: 0.6447
Epoch 74/100
51/51 - 7s - 143ms/step - loss: 0.6655 - val_loss: 0.6451
Epoch 75/100
51/51 - 7s - 143ms/step - loss: 0.6671 - val_loss: 0.6522
Epoch 76/100
51/51 - 7s - 143ms/step - loss: 0.6717 - val_loss: 0.6473
Epoch 77/100
51/51 - 7s - 142ms/step - loss: 0.6651 - val_loss: 0.6522
Epoch 78/100
51/51 - 7s - 143ms/step - loss: 0.6669 - val_loss: 0.6524
Epoch 79/100
51/51 - 7s - 143ms/step - loss: 0.6657 - val_loss: 0.6461
Epoch 80/100
51/51 - 7s - 143ms/step - loss: 0.6638 - val_loss: 0.6479
Epoch 81/100
51/51 - 7s - 142ms/step - loss: 0.6640 - val_loss: 0.6584
Epoch 82/100
51/51 - 7s - 142ms/step - loss: 0.6663 - val_loss: 0.6521
Epoch 83/100
51/51 - 7s - 142ms/step - loss: 0.6654 - val_loss: 0.6483
[Run 5/5] Training shared encoder (weighted)...
Epoch 1/100
51/51 - 11s - 213ms/step - loss: 0.8049 - val_loss: 0.7458
Epoch 2/100
51/51 - 8s - 152ms/step - loss: 0.7522 - val_loss: 0.7285
Epoch 3/100
51/51 - 7s - 144ms/step - loss: 0.7352 - val_loss: 0.7200
Epoch 4/100
51/51 - 8s - 151ms/step - loss: 0.7306 - val_loss: 0.7184
Epoch 5/100
51/51 - 8s - 150ms/step - loss: 0.7283 - val_loss: 0.7174
Epoch 6/100
51/51 - 8s - 150ms/step - loss: 0.7266 - val_loss: 0.7164
Epoch 7/100
51/51 - 8s - 150ms/step - loss: 0.7256 - val_loss: 0.7152
Epoch 8/100
51/51 - 8s - 149ms/step - loss: 0.7248 - val_loss: 0.7142
Epoch 9/100
51/51 - 8s - 150ms/step - loss: 0.7238 - val_loss: 0.7128
Epoch 10/100
51/51 - 8s - 150ms/step - loss: 0.7222 - val_loss: 0.7129
Epoch 11/100
51/51 - 8s - 149ms/step - loss: 0.7210 - val_loss: 0.7104
Epoch 12/100
51/51 - 8s - 149ms/step - loss: 0.7199 - val_loss: 0.7087
Epoch 13/100
51/51 - 8s - 150ms/step - loss: 0.7184 - val_loss: 0.7063
Epoch 14/100
51/51 - 8s - 150ms/step - loss: 0.7169 - val_loss: 0.7066
Epoch 15/100
51/51 - 8s - 150ms/step - loss: 0.7155 - val_loss: 0.7031
Epoch 16/100
51/51 - 8s - 149ms/step - loss: 0.7136 - val_loss: 0.7030
Epoch 17/100
51/51 - 8s - 149ms/step - loss: 0.7119 - val_loss: 0.7029
Epoch 18/100
51/51 - 8s - 149ms/step - loss: 0.7107 - val_loss: 0.6984
Epoch 19/100
51/51 - 8s - 149ms/step - loss: 0.7072 - val_loss: 0.6969
Epoch 20/100
51/51 - 8s - 150ms/step - loss: 0.7049 - val_loss: 0.6935
Epoch 21/100
51/51 - 8s - 150ms/step - loss: 0.7029 - val_loss: 0.6896
Epoch 22/100
51/51 - 8s - 150ms/step - loss: 0.7023 - val_loss: 0.6917
Epoch 23/100
51/51 - 8s - 150ms/step - loss: 0.7015 - val_loss: 0.6883
Epoch 24/100
51/51 - 8s - 150ms/step - loss: 0.7014 - val_loss: 0.6865
Epoch 25/100
51/51 - 8s - 150ms/step - loss: 0.6998 - val_loss: 0.6866
Epoch 26/100
51/51 - 8s - 150ms/step - loss: 0.6986 - val_loss: 0.6861
Epoch 27/100
51/51 - 8s - 149ms/step - loss: 0.6990 - val_loss: 0.6839
Epoch 28/100
51/51 - 8s - 149ms/step - loss: 0.6973 - val_loss: 0.6848
Epoch 29/100
51/51 - 8s - 150ms/step - loss: 0.6975 - val_loss: 0.6835
Epoch 30/100
51/51 - 8s - 150ms/step - loss: 0.6956 - val_loss: 0.6825
Epoch 31/100
51/51 - 8s - 149ms/step - loss: 0.6958 - val_loss: 0.6862
Epoch 32/100
51/51 - 8s - 150ms/step - loss: 0.6947 - val_loss: 0.6814
Epoch 33/100
51/51 - 8s - 150ms/step - loss: 0.6954 - val_loss: 0.6849
Epoch 34/100
51/51 - 8s - 150ms/step - loss: 0.6960 - val_loss: 0.6876
Epoch 35/100
51/51 - 8s - 150ms/step - loss: 0.6950 - val_loss: 0.6838
Epoch 36/100
51/51 - 8s - 150ms/step - loss: 0.6937 - val_loss: 0.6812
Epoch 37/100
51/51 - 8s - 150ms/step - loss: 0.6924 - val_loss: 0.6834
Epoch 38/100
51/51 - 8s - 150ms/step - loss: 0.6924 - val_loss: 0.6793
Epoch 39/100
51/51 - 8s - 150ms/step - loss: 0.6919 - val_loss: 0.6846
Epoch 40/100
51/51 - 8s - 150ms/step - loss: 0.6917 - val_loss: 0.6813
Epoch 41/100
51/51 - 8s - 149ms/step - loss: 0.6917 - val_loss: 0.6816
Epoch 42/100
51/51 - 8s - 150ms/step - loss: 0.6913 - val_loss: 0.6812
Epoch 43/100
51/51 - 8s - 150ms/step - loss: 0.6904 - val_loss: 0.6815
Epoch 44/100
51/51 - 8s - 149ms/step - loss: 0.6912 - val_loss: 0.6830
Epoch 45/100
51/51 - 8s - 149ms/step - loss: 0.6912 - val_loss: 0.6855
Epoch 46/100
51/51 - 8s - 150ms/step - loss: 0.6917 - val_loss: 0.6854
Epoch 47/100
51/51 - 8s - 149ms/step - loss: 0.6921 - val_loss: 0.6803
Epoch 48/100
51/51 - 8s - 150ms/step - loss: 0.6909 - val_loss: 0.6814
