Training log file: /Users/albert/Downloads/Documents/PhD Thesis/Comparable/Code/Synthetic/Results/TrainingLogs/compas_default_20260402_155834.log
Starting experiments (dataset=compas, sensitive_attribute=default).
/Users/albert/Downloads/Documents/PhD Thesis/Comparable/Code/Synthetic/synthetic.py:114: Pandas4Warning: For backward compatibility, 'str' dtypes are included by select_dtypes when 'object' dtype is specified. This behavior is deprecated and will be removed in a future version. Explicitly pass 'str' to `include` to select them, or to `exclude` to remove them and silence this warning.
See https://pandas.pydata.org/docs/user_guide/migration-3-strings.html#string-migration-select-dtypes for details on how to write code that works with pandas 2 and 3.
  text_cols = df.select_dtypes(include="object").columns
[Run 1/5] Training shared encoder (unweighted)...
/Users/albert/Downloads/Documents/PhD Thesis/Comparable/.venv/lib/python3.12/site-packages/keras/src/trainers/trainer.py:212: UserWarning: Model doesn't support `jit_compile=True`. Proceeding with `jit_compile=False`.
  warnings.warn(
Epoch 1/500
51/51 - 3s - 67ms/step - loss: 0.8880 - val_loss: 0.8342
Epoch 2/500
51/51 - 2s - 49ms/step - loss: 0.8044 - val_loss: 0.7589
Epoch 3/500
51/51 - 3s - 51ms/step - loss: 0.7552 - val_loss: 0.7435
Epoch 4/500
51/51 - 3s - 50ms/step - loss: 0.7444 - val_loss: 0.7398
Epoch 5/500
51/51 - 3s - 50ms/step - loss: 0.7388 - val_loss: 0.7337
Epoch 6/500
51/51 - 3s - 50ms/step - loss: 0.7342 - val_loss: 0.7327
Epoch 7/500
51/51 - 3s - 50ms/step - loss: 0.7287 - val_loss: 0.7315
Epoch 8/500
51/51 - 3s - 50ms/step - loss: 0.7300 - val_loss: 0.7289
Epoch 9/500
51/51 - 3s - 50ms/step - loss: 0.7254 - val_loss: 0.7277
Epoch 10/500
51/51 - 3s - 50ms/step - loss: 0.7243 - val_loss: 0.7261
Epoch 11/500
51/51 - 3s - 50ms/step - loss: 0.7235 - val_loss: 0.7249
Epoch 12/500
51/51 - 3s - 50ms/step - loss: 0.7215 - val_loss: 0.7238
Epoch 13/500
51/51 - 3s - 50ms/step - loss: 0.7195 - val_loss: 0.7218
Epoch 14/500
51/51 - 3s - 50ms/step - loss: 0.7177 - val_loss: 0.7160
Epoch 15/500
51/51 - 3s - 50ms/step - loss: 0.7135 - val_loss: 0.7162
Epoch 16/500
51/51 - 3s - 50ms/step - loss: 0.7092 - val_loss: 0.7117
Epoch 17/500
51/51 - 3s - 50ms/step - loss: 0.7066 - val_loss: 0.7100
Epoch 18/500
51/51 - 3s - 50ms/step - loss: 0.7033 - val_loss: 0.7066
Epoch 19/500
51/51 - 3s - 50ms/step - loss: 0.7009 - val_loss: 0.7064
Epoch 20/500
51/51 - 3s - 50ms/step - loss: 0.6976 - val_loss: 0.7011
Epoch 21/500
51/51 - 3s - 53ms/step - loss: 0.6955 - val_loss: 0.6980
Epoch 22/500
