Training log file: /Users/albert/Downloads/Documents/PhD Thesis/Comparable/Code/Synthetic/Results/TrainingLogs/compas_default_20260414_182019.log
Starting experiments (dataset=compas, sensitive_attribute=default).
/Users/albert/Downloads/Documents/PhD Thesis/Comparable/Code/Synthetic/synthetic.py:106: Pandas4Warning: For backward compatibility, 'str' dtypes are included by select_dtypes when 'object' dtype is specified. This behavior is deprecated and will be removed in a future version. Explicitly pass 'str' to `include` to select them, or to `exclude` to remove them and silence this warning.
See https://pandas.pydata.org/docs/user_guide/migration-3-strings.html#string-migration-select-dtypes for details on how to write code that works with pandas 2 and 3.
  text_cols = df.select_dtypes(include="object").columns
[Run 1/1] Training shared encoder (unweighted, sigmoid head)...
/Users/albert/Downloads/Documents/PhD Thesis/Comparable/.venv/lib/python3.12/site-packages/keras/src/trainers/trainer.py:212: UserWarning: Model doesn't support `jit_compile=True`. Proceeding with `jit_compile=False`.
  warnings.warn(
Epoch 1/500
51/51 - 4s - 78ms/step - loss: 1.0000 - val_loss: 1.0000
Epoch 2/500
51/51 - 3s - 61ms/step - loss: 1.0000 - val_loss: 1.0000
Epoch 3/500
51/51 - 3s - 64ms/step - loss: 1.0000 - val_loss: 1.0000
Epoch 4/500
51/51 - 3s - 63ms/step - loss: 1.0000 - val_loss: 1.0000
Epoch 5/500
51/51 - 3s - 66ms/step - loss: 1.0000 - val_loss: 1.0000
Epoch 6/500
51/51 - 3s - 64ms/step - loss: 1.0000 - val_loss: 1.0000
Epoch 7/500
51/51 - 3s - 65ms/step - loss: 1.0000 - val_loss: 1.0000
Epoch 8/500
51/51 - 4s - 73ms/step - loss: 1.0000 - val_loss: 1.0000
Epoch 9/500
51/51 - 3s - 68ms/step - loss: 1.0000 - val_loss: 1.0000
Epoch 10/500
51/51 - 3s - 63ms/step - loss: 1.0000 - val_loss: 1.0000
Epoch 11/500
51/51 - 3s - 59ms/step - loss: 1.0000 - val_loss: 1.0000
[Run 1/1] Training shared encoder (weighted, sigmoid head)...
Epoch 1/500
51/51 - 4s - 76ms/step - loss: 1.0001 - val_loss: 1.0001
Epoch 2/500
51/51 - 4s - 72ms/step - loss: 1.0001 - val_loss: 1.0000
Epoch 3/500
51/51 - 4s - 72ms/step - loss: 1.0000 - val_loss: 1.0000
Epoch 4/500
51/51 - 4s - 69ms/step - loss: 1.0000 - val_loss: 1.0000
Epoch 5/500
51/51 - 3s - 68ms/step - loss: 1.0000 - val_loss: 1.0000
Epoch 6/500
51/51 - 4s - 73ms/step - loss: 1.0000 - val_loss: 1.0000
Epoch 7/500
51/51 - 4s - 69ms/step - loss: 1.0000 - val_loss: 1.0000
Epoch 8/500
51/51 - 4s - 70ms/step - loss: 1.0000 - val_loss: 1.0000
Epoch 9/500
51/51 - 3s - 68ms/step - loss: 1.0000 - val_loss: 1.0000
Epoch 10/500
51/51 - 3s - 55ms/step - loss: 1.0000 - val_loss: 1.0000
Epoch 11/500
51/51 - 4s - 70ms/step - loss: 1.0000 - val_loss: 1.0000
[Run 1/1] Training single encoder baseline (baseline preprocessing, linear structure, sigmoid head)...
/Users/albert/Downloads/Documents/PhD Thesis/Comparable/.venv/lib/python3.12/site-packages/sklearn/linear_model/_linear_loss.py:203: RuntimeWarning: divide by zero encountered in matmul
  raw_prediction = X @ weights + intercept
/Users/albert/Downloads/Documents/PhD Thesis/Comparable/.venv/lib/python3.12/site-packages/sklearn/linear_model/_linear_loss.py:203: RuntimeWarning: overflow encountered in matmul
  raw_prediction = X @ weights + intercept
/Users/albert/Downloads/Documents/PhD Thesis/Comparable/.venv/lib/python3.12/site-packages/sklearn/linear_model/_linear_loss.py:203: RuntimeWarning: invalid value encountered in matmul
  raw_prediction = X @ weights + intercept
/Users/albert/Downloads/Documents/PhD Thesis/Comparable/.venv/lib/python3.12/site-packages/sklearn/linear_model/_linear_loss.py:333: RuntimeWarning: divide by zero encountered in matmul
  grad[:n_features] = X.T @ grad_pointwise + l2_reg_strength * weights
/Users/albert/Downloads/Documents/PhD Thesis/Comparable/.venv/lib/python3.12/site-packages/sklearn/linear_model/_linear_loss.py:333: RuntimeWarning: overflow encountered in matmul
  grad[:n_features] = X.T @ grad_pointwise + l2_reg_strength * weights
/Users/albert/Downloads/Documents/PhD Thesis/Comparable/.venv/lib/python3.12/site-packages/sklearn/linear_model/_linear_loss.py:333: RuntimeWarning: invalid value encountered in matmul
  grad[:n_features] = X.T @ grad_pointwise + l2_reg_strength * weights
/Users/albert/Downloads/Documents/PhD Thesis/Comparable/.venv/lib/python3.12/site-packages/sklearn/utils/extmath.py:227: RuntimeWarning: divide by zero encountered in matmul
  ret = a @ b
/Users/albert/Downloads/Documents/PhD Thesis/Comparable/.venv/lib/python3.12/site-packages/sklearn/utils/extmath.py:227: RuntimeWarning: overflow encountered in matmul
  ret = a @ b
/Users/albert/Downloads/Documents/PhD Thesis/Comparable/.venv/lib/python3.12/site-packages/sklearn/utils/extmath.py:227: RuntimeWarning: invalid value encountered in matmul
  ret = a @ b
[Run 1/1] Shared encoder (unweight) validation threshold=0.0000 (balanced_accuracy=0.5003).
[Run 1/1] Shared encoder (weighted) validation threshold=0.0000 (balanced_accuracy=0.5003).
/Users/albert/Downloads/Documents/PhD Thesis/Comparable/.venv/lib/python3.12/site-packages/sklearn/linear_model/_base.py:293: RuntimeWarning: divide by zero encountered in matmul
  return X @ coef_ + self.intercept_
/Users/albert/Downloads/Documents/PhD Thesis/Comparable/.venv/lib/python3.12/site-packages/sklearn/linear_model/_base.py:293: RuntimeWarning: overflow encountered in matmul
  return X @ coef_ + self.intercept_
/Users/albert/Downloads/Documents/PhD Thesis/Comparable/.venv/lib/python3.12/site-packages/sklearn/linear_model/_base.py:293: RuntimeWarning: invalid value encountered in matmul
  return X @ coef_ + self.intercept_
/Users/albert/Downloads/Documents/PhD Thesis/Comparable/.venv/lib/python3.12/site-packages/sklearn/linear_model/_base.py:293: RuntimeWarning: divide by zero encountered in matmul
  return X @ coef_ + self.intercept_
/Users/albert/Downloads/Documents/PhD Thesis/Comparable/.venv/lib/python3.12/site-packages/sklearn/linear_model/_base.py:293: RuntimeWarning: overflow encountered in matmul
  return X @ coef_ + self.intercept_
/Users/albert/Downloads/Documents/PhD Thesis/Comparable/.venv/lib/python3.12/site-packages/sklearn/linear_model/_base.py:293: RuntimeWarning: invalid value encountered in matmul
  return X @ coef_ + self.intercept_
/Users/albert/Downloads/Documents/PhD Thesis/Comparable/.venv/lib/python3.12/site-packages/sklearn/linear_model/_base.py:293: RuntimeWarning: divide by zero encountered in matmul
  return X @ coef_ + self.intercept_
/Users/albert/Downloads/Documents/PhD Thesis/Comparable/.venv/lib/python3.12/site-packages/sklearn/linear_model/_base.py:293: RuntimeWarning: overflow encountered in matmul
  return X @ coef_ + self.intercept_
/Users/albert/Downloads/Documents/PhD Thesis/Comparable/.venv/lib/python3.12/site-packages/sklearn/linear_model/_base.py:293: RuntimeWarning: invalid value encountered in matmul
  return X @ coef_ + self.intercept_
/Users/albert/Downloads/Documents/PhD Thesis/Comparable/.venv/lib/python3.12/site-packages/sklearn/linear_model/_base.py:293: RuntimeWarning: divide by zero encountered in matmul
  return X @ coef_ + self.intercept_
/Users/albert/Downloads/Documents/PhD Thesis/Comparable/.venv/lib/python3.12/site-packages/sklearn/linear_model/_base.py:293: RuntimeWarning: overflow encountered in matmul
  return X @ coef_ + self.intercept_
/Users/albert/Downloads/Documents/PhD Thesis/Comparable/.venv/lib/python3.12/site-packages/sklearn/linear_model/_base.py:293: RuntimeWarning: invalid value encountered in matmul
  return X @ coef_ + self.intercept_
