Training log file: /Users/albertxi/Desktop/PhD Thesis/Comparable/Code/Synthetic/Results/TrainingLogs/compas_default_20260402_143945.log
Starting experiments (dataset=compas, sensitive_attribute=default).
[Run 1/5] Training shared encoder (unweighted)...
/Users/albertxi/Desktop/PhD Thesis/Comparable/.venv/lib/python3.12/site-packages/keras/src/trainers/trainer.py:212: UserWarning: Model doesn't support `jit_compile=True`. Proceeding with `jit_compile=False`.
  warnings.warn(
Epoch 1/500
50/50 - 6s - 111ms/step - loss: 1.1091 - val_loss: 0.7677
Epoch 2/500
50/50 - 4s - 83ms/step - loss: 0.7700 - val_loss: 0.7567
Epoch 3/500
50/50 - 5s - 94ms/step - loss: 0.7669 - val_loss: 0.7568
Epoch 4/500
50/50 - 4s - 90ms/step - loss: 0.7639 - val_loss: 0.7524
Epoch 5/500
50/50 - 5s - 91ms/step - loss: 0.7543 - val_loss: 0.7413
Epoch 6/500
50/50 - 4s - 89ms/step - loss: 0.7398 - val_loss: 0.7278
Epoch 7/500
50/50 - 4s - 89ms/step - loss: 0.7263 - val_loss: 0.7185
Epoch 8/500
50/50 - 5s - 92ms/step - loss: 0.7167 - val_loss: 0.7119
Epoch 9/500
50/50 - 4s - 89ms/step - loss: 0.7123 - val_loss: 0.7083
Epoch 10/500
50/50 - 4s - 89ms/step - loss: 0.7080 - val_loss: 0.7057
Epoch 11/500
50/50 - 5s - 91ms/step - loss: 0.7052 - val_loss: 0.7014
Epoch 12/500
50/50 - 3s - 64ms/step - loss: 0.7023 - val_loss: 0.6994
Epoch 13/500
50/50 - 3s - 68ms/step - loss: 0.7002 - val_loss: 0.6947
Epoch 14/500
50/50 - 3s - 68ms/step - loss: 0.6981 - val_loss: 0.6933
Epoch 15/500
50/50 - 3s - 56ms/step - loss: 0.6976 - val_loss: 0.6932
Epoch 16/500
50/50 - 4s - 72ms/step - loss: 0.6968 - val_loss: 0.6928
Epoch 17/500
50/50 - 5s - 92ms/step - loss: 0.6966 - val_loss: 0.6927
Epoch 18/500
50/50 - 4s - 84ms/step - loss: 0.6956 - val_loss: 0.6906
Epoch 19/500
50/50 - 4s - 89ms/step - loss: 0.6947 - val_loss: 0.6899
Epoch 20/500
50/50 - 4s - 89ms/step - loss: 0.6934 - val_loss: 0.6891
Epoch 21/500
50/50 - 5s - 92ms/step - loss: 0.6933 - val_loss: 0.6888
Epoch 22/500
50/50 - 5s - 93ms/step - loss: 0.6929 - val_loss: 0.6891
Epoch 23/500
50/50 - 5s - 97ms/step - loss: 0.6925 - val_loss: 0.6888
Epoch 24/500
50/50 - 4s - 90ms/step - loss: 0.6925 - val_loss: 0.6893
Epoch 25/500
50/50 - 4s - 86ms/step - loss: 0.6914 - val_loss: 0.6882
Epoch 26/500
50/50 - 5s - 90ms/step - loss: 0.6910 - val_loss: 0.6887
Epoch 27/500
50/50 - 4s - 88ms/step - loss: 0.6905 - val_loss: 0.6881
Epoch 28/500
50/50 - 4s - 83ms/step - loss: 0.6900 - val_loss: 0.6874
Epoch 29/500
50/50 - 4s - 82ms/step - loss: 0.6895 - val_loss: 0.6881
Epoch 30/500
50/50 - 4s - 82ms/step - loss: 0.6890 - val_loss: 0.6872
Epoch 31/500
50/50 - 4s - 83ms/step - loss: 0.6886 - val_loss: 0.6870
Epoch 32/500
50/50 - 4s - 81ms/step - loss: 0.6879 - val_loss: 0.6859
Epoch 33/500
50/50 - 5s - 98ms/step - loss: 0.6877 - val_loss: 0.6859
Epoch 34/500
50/50 - 5s - 94ms/step - loss: 0.6877 - val_loss: 0.6850
Epoch 35/500
50/50 - 6s - 114ms/step - loss: 0.6873 - val_loss: 0.6845
Epoch 36/500
50/50 - 5s - 100ms/step - loss: 0.6868 - val_loss: 0.6846
Epoch 37/500
50/50 - 5s - 94ms/step - loss: 0.6864 - val_loss: 0.6833
Epoch 38/500
50/50 - 5s - 91ms/step - loss: 0.6864 - val_loss: 0.6835
Epoch 39/500
50/50 - 5s - 92ms/step - loss: 0.6860 - val_loss: 0.6830
Epoch 40/500
50/50 - 4s - 88ms/step - loss: 0.6858 - val_loss: 0.6824
Epoch 41/500
50/50 - 4s - 88ms/step - loss: 0.6858 - val_loss: 0.6824
Epoch 42/500
50/50 - 5s - 91ms/step - loss: 0.6855 - val_loss: 0.6821
Epoch 43/500
50/50 - 5s - 91ms/step - loss: 0.6850 - val_loss: 0.6817
Epoch 44/500
50/50 - 3s - 57ms/step - loss: 0.6851 - val_loss: 0.6822
Epoch 45/500
50/50 - 2s - 49ms/step - loss: 0.6844 - val_loss: 0.6821
Epoch 46/500
50/50 - 3s - 69ms/step - loss: 0.6838 - val_loss: 0.6813
Epoch 47/500
50/50 - 4s - 88ms/step - loss: 0.6834 - val_loss: 0.6811
Epoch 48/500
50/50 - 5s - 91ms/step - loss: 0.6836 - val_loss: 0.6814
Epoch 49/500
50/50 - 4s - 89ms/step - loss: 0.6837 - val_loss: 0.6810
Epoch 50/500
50/50 - 5s - 91ms/step - loss: 0.6836 - val_loss: 0.6806
Epoch 51/500
50/50 - 5s - 95ms/step - loss: 0.6833 - val_loss: 0.6804
Epoch 52/500
50/50 - 5s - 93ms/step - loss: 0.6833 - val_loss: 0.6805
Epoch 53/500
50/50 - 5s - 93ms/step - loss: 0.6833 - val_loss: 0.6803
Epoch 54/500
50/50 - 4s - 90ms/step - loss: 0.6831 - val_loss: 0.6803
Epoch 55/500
50/50 - 5s - 94ms/step - loss: 0.6829 - val_loss: 0.6800
Epoch 56/500
50/50 - 5s - 93ms/step - loss: 0.6828 - val_loss: 0.6798
Epoch 57/500
50/50 - 4s - 89ms/step - loss: 0.6830 - val_loss: 0.6800
Epoch 58/500
50/50 - 5s - 94ms/step - loss: 0.6827 - val_loss: 0.6796
Epoch 59/500
50/50 - 4s - 90ms/step - loss: 0.6829 - val_loss: 0.6799
Epoch 60/500
50/50 - 5s - 96ms/step - loss: 0.6831 - val_loss: 0.6801
Epoch 61/500
50/50 - 5s - 95ms/step - loss: 0.6828 - val_loss: 0.6801
Epoch 62/500
50/50 - 5s - 90ms/step - loss: 0.6826 - val_loss: 0.6791
Epoch 63/500
50/50 - 5s - 92ms/step - loss: 0.6826 - val_loss: 0.6794
Epoch 64/500
50/50 - 5s - 93ms/step - loss: 0.6826 - val_loss: 0.6790
Epoch 65/500
50/50 - 5s - 94ms/step - loss: 0.6822 - val_loss: 0.6795
Epoch 66/500
50/50 - 5s - 96ms/step - loss: 0.6824 - val_loss: 0.6796
Epoch 67/500
50/50 - 5s - 93ms/step - loss: 0.6821 - val_loss: 0.6788
Epoch 68/500
50/50 - 5s - 91ms/step - loss: 0.6823 - val_loss: 0.6798
Epoch 69/500
50/50 - 5s - 96ms/step - loss: 0.6819 - val_loss: 0.6786
Epoch 70/500
50/50 - 5s - 94ms/step - loss: 0.6817 - val_loss: 0.6796
Epoch 71/500
50/50 - 5s - 95ms/step - loss: 0.6820 - val_loss: 0.6789
Epoch 72/500
50/50 - 5s - 92ms/step - loss: 0.6820 - val_loss: 0.6796
Epoch 73/500
50/50 - 5s - 95ms/step - loss: 0.6830 - val_loss: 0.6786
Epoch 74/500
50/50 - 5s - 95ms/step - loss: 0.6816 - val_loss: 0.6799
Epoch 75/500
50/50 - 5s - 93ms/step - loss: 0.6824 - val_loss: 0.6799
Epoch 76/500
50/50 - 5s - 95ms/step - loss: 0.6817 - val_loss: 0.6795
Epoch 77/500
50/50 - 5s - 96ms/step - loss: 0.6817 - val_loss: 0.6781
Epoch 78/500
50/50 - 5s - 92ms/step - loss: 0.6816 - val_loss: 0.6788
Epoch 79/500
50/50 - 5s - 96ms/step - loss: 0.6812 - val_loss: 0.6797
Epoch 80/500
50/50 - 5s - 96ms/step - loss: 0.6817 - val_loss: 0.6785
Epoch 81/500
50/50 - 5s - 95ms/step - loss: 0.6813 - val_loss: 0.6797
Epoch 82/500
50/50 - 5s - 104ms/step - loss: 0.6816 - val_loss: 0.6780
Epoch 83/500
50/50 - 5s - 93ms/step - loss: 0.6810 - val_loss: 0.6779
Epoch 84/500
50/50 - 5s - 91ms/step - loss: 0.6813 - val_loss: 0.6783
Epoch 85/500
50/50 - 5s - 95ms/step - loss: 0.6811 - val_loss: 0.6775
Epoch 86/500
50/50 - 5s - 93ms/step - loss: 0.6811 - val_loss: 0.6792
Epoch 87/500
50/50 - 4s - 88ms/step - loss: 0.6812 - val_loss: 0.6787
Epoch 88/500
50/50 - 5s - 96ms/step - loss: 0.6810 - val_loss: 0.6783
Epoch 89/500
50/50 - 5s - 99ms/step - loss: 0.6808 - val_loss: 0.6771
Epoch 90/500
50/50 - 5s - 102ms/step - loss: 0.6811 - val_loss: 0.6771
Epoch 91/500
50/50 - 5s - 92ms/step - loss: 0.6815 - val_loss: 0.6793
Epoch 92/500
