Training log file: /home/xx4455/Comparable/Code/Synthetic/Results/TrainingLogs/compas_default_20260405_113217.log
Starting experiments (dataset=compas, sensitive_attribute=default).
[Run 1/5] Training shared encoder (unweighted)...
Epoch 1/500
51/51 - 16s - 317ms/step - loss: 0.8482 - val_loss: 0.7887
Epoch 2/500
51/51 - 7s - 144ms/step - loss: 0.7399 - val_loss: 0.7192
Epoch 3/500
51/51 - 7s - 138ms/step - loss: 0.7108 - val_loss: 0.7275
Epoch 4/500
51/51 - 7s - 145ms/step - loss: 0.7066 - val_loss: 0.7152
Epoch 5/500
51/51 - 7s - 143ms/step - loss: 0.7023 - val_loss: 0.7179
Epoch 6/500
51/51 - 7s - 142ms/step - loss: 0.7008 - val_loss: 0.7211
Epoch 7/500
51/51 - 7s - 143ms/step - loss: 0.6976 - val_loss: 0.7076
Epoch 8/500
51/51 - 7s - 142ms/step - loss: 0.6948 - val_loss: 0.7156
Epoch 9/500
51/51 - 7s - 143ms/step - loss: 0.6936 - val_loss: 0.7041
Epoch 10/500
51/51 - 7s - 143ms/step - loss: 0.6912 - val_loss: 0.7099
Epoch 11/500
51/51 - 7s - 143ms/step - loss: 0.6904 - val_loss: 0.7201
Epoch 12/500
51/51 - 7s - 143ms/step - loss: 0.6908 - val_loss: 0.7064
Epoch 13/500
51/51 - 7s - 143ms/step - loss: 0.6894 - val_loss: 0.7062
Epoch 14/500
51/51 - 7s - 143ms/step - loss: 0.6885 - val_loss: 0.7122
Epoch 15/500
51/51 - 7s - 144ms/step - loss: 0.6889 - val_loss: 0.6958
Epoch 16/500
51/51 - 7s - 143ms/step - loss: 0.6846 - val_loss: 0.6953
Epoch 17/500
51/51 - 7s - 143ms/step - loss: 0.6854 - val_loss: 0.7116
Epoch 18/500
51/51 - 7s - 142ms/step - loss: 0.6885 - val_loss: 0.6873
Epoch 19/500
51/51 - 7s - 142ms/step - loss: 0.6813 - val_loss: 0.6922
Epoch 20/500
51/51 - 7s - 143ms/step - loss: 0.6809 - val_loss: 0.6904
Epoch 21/500
51/51 - 7s - 143ms/step - loss: 0.6806 - val_loss: 0.6860
Epoch 22/500
51/51 - 7s - 141ms/step - loss: 0.6804 - val_loss: 0.7056
Epoch 23/500
51/51 - 7s - 143ms/step - loss: 0.6793 - val_loss: 0.6856
Epoch 24/500
51/51 - 7s - 143ms/step - loss: 0.6820 - val_loss: 0.7282
Epoch 25/500
51/51 - 7s - 143ms/step - loss: 0.6834 - val_loss: 0.7025
Epoch 26/500
51/51 - 7s - 143ms/step - loss: 0.6806 - val_loss: 0.7038
Epoch 27/500
51/51 - 7s - 144ms/step - loss: 0.6810 - val_loss: 0.6851
Epoch 28/500
51/51 - 7s - 142ms/step - loss: 0.6760 - val_loss: 0.6928
Epoch 29/500
51/51 - 6s - 118ms/step - loss: 0.6788 - val_loss: 0.6897
Epoch 30/500
51/51 - 7s - 143ms/step - loss: 0.6773 - val_loss: 0.6976
Epoch 31/500
51/51 - 7s - 143ms/step - loss: 0.6762 - val_loss: 0.6856
Epoch 32/500
51/51 - 7s - 143ms/step - loss: 0.6773 - val_loss: 0.6954
Epoch 33/500
51/51 - 7s - 143ms/step - loss: 0.6762 - val_loss: 0.6875
Epoch 34/500
51/51 - 7s - 144ms/step - loss: 0.6762 - val_loss: 0.6816
Epoch 35/500
51/51 - 7s - 143ms/step - loss: 0.6737 - val_loss: 0.6923
Epoch 36/500
51/51 - 7s - 143ms/step - loss: 0.6741 - val_loss: 0.6895
Epoch 37/500
51/51 - 7s - 143ms/step - loss: 0.6730 - val_loss: 0.6960
Epoch 38/500
51/51 - 7s - 143ms/step - loss: 0.6737 - val_loss: 0.6979
Epoch 39/500
51/51 - 7s - 143ms/step - loss: 0.6743 - val_loss: 0.6949
Epoch 40/500
51/51 - 7s - 143ms/step - loss: 0.6736 - val_loss: 0.6897
Epoch 41/500
51/51 - 7s - 143ms/step - loss: 0.6733 - val_loss: 0.6963
Epoch 42/500
51/51 - 7s - 142ms/step - loss: 0.6726 - val_loss: 0.6896
Epoch 43/500
51/51 - 7s - 143ms/step - loss: 0.6726 - val_loss: 0.6902
Epoch 44/500
51/51 - 7s - 143ms/step - loss: 0.6727 - val_loss: 0.6868
[Run 1/5] Training shared encoder (weighted)...
Epoch 1/500
51/51 - 11s - 218ms/step - loss: 0.9026 - val_loss: 0.8283
Epoch 2/500
51/51 - 8s - 151ms/step - loss: 0.8056 - val_loss: 0.7711
Epoch 3/500
51/51 - 7s - 143ms/step - loss: 0.7696 - val_loss: 0.7595
Epoch 4/500
51/51 - 8s - 150ms/step - loss: 0.7542 - val_loss: 0.7378
Epoch 5/500
51/51 - 8s - 149ms/step - loss: 0.7368 - val_loss: 0.7253
Epoch 6/500
51/51 - 8s - 150ms/step - loss: 0.7262 - val_loss: 0.7169
Epoch 7/500
51/51 - 8s - 149ms/step - loss: 0.7203 - val_loss: 0.7127
Epoch 8/500
51/51 - 8s - 149ms/step - loss: 0.7181 - val_loss: 0.7106
Epoch 9/500
51/51 - 8s - 149ms/step - loss: 0.7159 - val_loss: 0.7101
Epoch 10/500
51/51 - 8s - 150ms/step - loss: 0.7140 - val_loss: 0.7083
Epoch 11/500
51/51 - 8s - 149ms/step - loss: 0.7136 - val_loss: 0.7071
Epoch 12/500
51/51 - 8s - 150ms/step - loss: 0.7109 - val_loss: 0.7061
Epoch 13/500
51/51 - 8s - 149ms/step - loss: 0.7102 - val_loss: 0.7050
Epoch 14/500
51/51 - 8s - 149ms/step - loss: 0.7094 - val_loss: 0.7041
Epoch 15/500
51/51 - 8s - 149ms/step - loss: 0.7074 - val_loss: 0.7028
Epoch 16/500
51/51 - 8s - 149ms/step - loss: 0.7055 - val_loss: 0.7025
Epoch 17/500
51/51 - 8s - 148ms/step - loss: 0.7039 - val_loss: 0.7017
Epoch 18/500
51/51 - 8s - 148ms/step - loss: 0.7030 - val_loss: 0.7020
Epoch 19/500
51/51 - 8s - 149ms/step - loss: 0.7031 - val_loss: 0.7027
Epoch 20/500
51/51 - 8s - 149ms/step - loss: 0.7033 - val_loss: 0.7016
Epoch 21/500
51/51 - 8s - 149ms/step - loss: 0.7023 - val_loss: 0.7013
Epoch 22/500
51/51 - 8s - 149ms/step - loss: 0.7017 - val_loss: 0.7013
Epoch 23/500
51/51 - 8s - 149ms/step - loss: 0.7018 - val_loss: 0.7025
Epoch 24/500
51/51 - 8s - 149ms/step - loss: 0.7012 - val_loss: 0.7015
Epoch 25/500
51/51 - 8s - 149ms/step - loss: 0.7013 - val_loss: 0.7020
Epoch 26/500
51/51 - 8s - 149ms/step - loss: 0.7007 - val_loss: 0.7020
Epoch 27/500
51/51 - 8s - 149ms/step - loss: 0.7004 - val_loss: 0.7012
Epoch 28/500
51/51 - 8s - 149ms/step - loss: 0.6998 - val_loss: 0.7010
Epoch 29/500
51/51 - 8s - 149ms/step - loss: 0.7015 - val_loss: 0.7016
Epoch 30/500
51/51 - 8s - 149ms/step - loss: 0.7003 - val_loss: 0.7019
Epoch 31/500
51/51 - 8s - 149ms/step - loss: 0.6989 - val_loss: 0.7014
Epoch 32/500
51/51 - 8s - 149ms/step - loss: 0.6996 - val_loss: 0.7010
Epoch 33/500
51/51 - 8s - 149ms/step - loss: 0.6988 - val_loss: 0.7010
Epoch 34/500
51/51 - 8s - 149ms/step - loss: 0.6988 - val_loss: 0.7011
Epoch 35/500
51/51 - 8s - 149ms/step - loss: 0.6987 - val_loss: 0.7014
Epoch 36/500
51/51 - 8s - 149ms/step - loss: 0.6986 - val_loss: 0.7016
Epoch 37/500
51/51 - 8s - 149ms/step - loss: 0.6981 - val_loss: 0.7011
Epoch 38/500
51/51 - 8s - 149ms/step - loss: 0.6975 - val_loss: 0.7009
Epoch 39/500
51/51 - 8s - 149ms/step - loss: 0.6973 - val_loss: 0.7007
Epoch 40/500
51/51 - 8s - 149ms/step - loss: 0.6985 - val_loss: 0.7016
Epoch 41/500
51/51 - 8s - 149ms/step - loss: 0.6976 - val_loss: 0.7003
Epoch 42/500
51/51 - 8s - 149ms/step - loss: 0.6968 - val_loss: 0.7003
Epoch 43/500
51/51 - 8s - 149ms/step - loss: 0.6971 - val_loss: 0.7003
Epoch 44/500
51/51 - 8s - 149ms/step - loss: 0.6970 - val_loss: 0.7003
Epoch 45/500
51/51 - 8s - 149ms/step - loss: 0.6964 - val_loss: 0.7003
Epoch 46/500
51/51 - 8s - 149ms/step - loss: 0.6969 - val_loss: 0.7007
Epoch 47/500
51/51 - 8s - 149ms/step - loss: 0.6973 - val_loss: 0.6992
Epoch 48/500
51/51 - 8s - 149ms/step - loss: 0.6962 - val_loss: 0.7005
Epoch 49/500
51/51 - 8s - 149ms/step - loss: 0.6962 - val_loss: 0.7007
Epoch 50/500
51/51 - 8s - 149ms/step - loss: 0.6962 - val_loss: 0.7004
Epoch 51/500
51/51 - 8s - 149ms/step - loss: 0.6963 - val_loss: 0.6994
Epoch 52/500
51/51 - 8s - 149ms/step - loss: 0.6952 - val_loss: 0.6994
Epoch 53/500
51/51 - 8s - 149ms/step - loss: 0.6954 - val_loss: 0.6994
Epoch 54/500
51/51 - 8s - 149ms/step - loss: 0.6955 - val_loss: 0.6997
Epoch 55/500
51/51 - 8s - 149ms/step - loss: 0.6955 - val_loss: 0.6994
Epoch 56/500
51/51 - 8s - 149ms/step - loss: 0.6947 - val_loss: 0.6986
Epoch 57/500
51/51 - 8s - 148ms/step - loss: 0.6947 - val_loss: 0.6991
Epoch 58/500
51/51 - 8s - 148ms/step - loss: 0.6947 - val_loss: 0.6985
Epoch 59/500
51/51 - 8s - 148ms/step - loss: 0.6948 - val_loss: 0.6987
Epoch 60/500
51/51 - 8s - 148ms/step - loss: 0.6943 - val_loss: 0.6990
Epoch 61/500
51/51 - 8s - 148ms/step - loss: 0.6944 - val_loss: 0.6983
Epoch 62/500
51/51 - 8s - 149ms/step - loss: 0.6943 - val_loss: 0.6985
Epoch 63/500
51/51 - 8s - 148ms/step - loss: 0.6943 - val_loss: 0.6987
Epoch 64/500
51/51 - 8s - 148ms/step - loss: 0.6941 - val_loss: 0.6985
Epoch 65/500
51/51 - 8s - 149ms/step - loss: 0.6942 - val_loss: 0.6986
Epoch 66/500
51/51 - 8s - 149ms/step - loss: 0.6943 - val_loss: 0.6982
Epoch 67/500
51/51 - 8s - 149ms/step - loss: 0.6933 - val_loss: 0.6986
Epoch 68/500
51/51 - 8s - 149ms/step - loss: 0.6939 - val_loss: 0.6982
Epoch 69/500
51/51 - 8s - 149ms/step - loss: 0.6938 - val_loss: 0.6980
Epoch 70/500
51/51 - 8s - 149ms/step - loss: 0.6932 - val_loss: 0.6976
Epoch 71/500
51/51 - 8s - 148ms/step - loss: 0.6928 - val_loss: 0.6975
Epoch 72/500
51/51 - 8s - 149ms/step - loss: 0.6927 - val_loss: 0.6974
Epoch 73/500
51/51 - 8s - 148ms/step - loss: 0.6927 - val_loss: 0.6974
Epoch 74/500
51/51 - 8s - 148ms/step - loss: 0.6927 - val_loss: 0.6962
Epoch 75/500
51/51 - 8s - 148ms/step - loss: 0.6916 - val_loss: 0.6975
Epoch 76/500
51/51 - 8s - 148ms/step - loss: 0.6916 - val_loss: 0.6960
Epoch 77/500
51/51 - 8s - 149ms/step - loss: 0.6913 - val_loss: 0.6955
Epoch 78/500
51/51 - 8s - 149ms/step - loss: 0.6907 - val_loss: 0.6961
Epoch 79/500
51/51 - 8s - 149ms/step - loss: 0.6909 - val_loss: 0.6951
Epoch 80/500
51/51 - 8s - 149ms/step - loss: 0.6897 - val_loss: 0.6947
Epoch 81/500
51/51 - 8s - 149ms/step - loss: 0.6892 - val_loss: 0.6931
Epoch 82/500
51/51 - 8s - 148ms/step - loss: 0.6887 - val_loss: 0.6937
Epoch 83/500
51/51 - 8s - 149ms/step - loss: 0.6881 - val_loss: 0.6929
Epoch 84/500
51/51 - 8s - 149ms/step - loss: 0.6885 - val_loss: 0.6927
Epoch 85/500
51/51 - 8s - 148ms/step - loss: 0.6879 - val_loss: 0.6927
Epoch 86/500
51/51 - 8s - 148ms/step - loss: 0.6874 - val_loss: 0.6930
Epoch 87/500
51/51 - 8s - 149ms/step - loss: 0.6874 - val_loss: 0.6919
Epoch 88/500
51/51 - 8s - 148ms/step - loss: 0.6871 - val_loss: 0.6923
Epoch 89/500
51/51 - 8s - 148ms/step - loss: 0.6869 - val_loss: 0.6922
Epoch 90/500
51/51 - 8s - 149ms/step - loss: 0.6870 - val_loss: 0.6916
Epoch 91/500
51/51 - 8s - 148ms/step - loss: 0.6864 - val_loss: 0.6911
Epoch 92/500
51/51 - 8s - 149ms/step - loss: 0.6866 - val_loss: 0.6909
Epoch 93/500
51/51 - 7s - 146ms/step - loss: 0.6864 - val_loss: 0.6911
Epoch 94/500
51/51 - 8s - 148ms/step - loss: 0.6872 - val_loss: 0.6937
Epoch 95/500
51/51 - 8s - 149ms/step - loss: 0.6864 - val_loss: 0.6905
Epoch 96/500
51/51 - 8s - 148ms/step - loss: 0.6859 - val_loss: 0.6918
Epoch 97/500
51/51 - 8s - 149ms/step - loss: 0.6859 - val_loss: 0.6912
Epoch 98/500
51/51 - 8s - 148ms/step - loss: 0.6861 - val_loss: 0.6913
Epoch 99/500
51/51 - 8s - 148ms/step - loss: 0.6854 - val_loss: 0.6906
Epoch 100/500
51/51 - 8s - 148ms/step - loss: 0.6852 - val_loss: 0.6904
Epoch 101/500
51/51 - 8s - 149ms/step - loss: 0.6850 - val_loss: 0.6897
Epoch 102/500
51/51 - 8s - 147ms/step - loss: 0.6848 - val_loss: 0.6895
Epoch 103/500
51/51 - 8s - 148ms/step - loss: 0.6845 - val_loss: 0.6894
Epoch 104/500
51/51 - 7s - 147ms/step - loss: 0.6847 - val_loss: 0.6889
Epoch 105/500
51/51 - 8s - 148ms/step - loss: 0.6849 - val_loss: 0.6890
Epoch 106/500
51/51 - 7s - 146ms/step - loss: 0.6847 - val_loss: 0.6887
Epoch 107/500
51/51 - 8s - 148ms/step - loss: 0.6842 - val_loss: 0.6888
Epoch 108/500
51/51 - 8s - 148ms/step - loss: 0.6842 - val_loss: 0.6881
Epoch 109/500
51/51 - 8s - 148ms/step - loss: 0.6837 - val_loss: 0.6877
Epoch 110/500
51/51 - 8s - 148ms/step - loss: 0.6832 - val_loss: 0.6879
Epoch 111/500
51/51 - 8s - 148ms/step - loss: 0.6839 - val_loss: 0.6882
Epoch 112/500
51/51 - 8s - 148ms/step - loss: 0.6839 - val_loss: 0.6873
Epoch 113/500
51/51 - 8s - 148ms/step - loss: 0.6829 - val_loss: 0.6865
Epoch 114/500
51/51 - 8s - 149ms/step - loss: 0.6822 - val_loss: 0.6867
Epoch 115/500
51/51 - 8s - 149ms/step - loss: 0.6824 - val_loss: 0.6859
Epoch 116/500
51/51 - 8s - 149ms/step - loss: 0.6821 - val_loss: 0.6864
Epoch 117/500
51/51 - 8s - 148ms/step - loss: 0.6818 - val_loss: 0.6859
Epoch 118/500
51/51 - 8s - 148ms/step - loss: 0.6819 - val_loss: 0.6856
Epoch 119/500
51/51 - 8s - 147ms/step - loss: 0.6814 - val_loss: 0.6855
Epoch 120/500
51/51 - 8s - 148ms/step - loss: 0.6811 - val_loss: 0.6852
Epoch 121/500
51/51 - 7s - 144ms/step - loss: 0.6808 - val_loss: 0.6842
Epoch 122/500
51/51 - 8s - 148ms/step - loss: 0.6809 - val_loss: 0.6844
Epoch 123/500
51/51 - 8s - 148ms/step - loss: 0.6807 - val_loss: 0.6845
Epoch 124/500
51/51 - 8s - 148ms/step - loss: 0.6804 - val_loss: 0.6837
Epoch 125/500
51/51 - 8s - 148ms/step - loss: 0.6808 - val_loss: 0.6838
Epoch 126/500
51/51 - 8s - 149ms/step - loss: 0.6805 - val_loss: 0.6837
Epoch 127/500
51/51 - 8s - 149ms/step - loss: 0.6799 - val_loss: 0.6835
Epoch 128/500
51/51 - 8s - 149ms/step - loss: 0.6795 - val_loss: 0.6828
Epoch 129/500
51/51 - 8s - 148ms/step - loss: 0.6799 - val_loss: 0.6834
Epoch 130/500
51/51 - 8s - 147ms/step - loss: 0.6796 - val_loss: 0.6827
Epoch 131/500
51/51 - 8s - 148ms/step - loss: 0.6797 - val_loss: 0.6831
Epoch 132/500
51/51 - 8s - 148ms/step - loss: 0.6793 - val_loss: 0.6827
Epoch 133/500
51/51 - 8s - 148ms/step - loss: 0.6788 - val_loss: 0.6826
Epoch 134/500
51/51 - 8s - 149ms/step - loss: 0.6788 - val_loss: 0.6825
Epoch 135/500
51/51 - 8s - 149ms/step - loss: 0.6787 - val_loss: 0.6819
Epoch 136/500
51/51 - 7s - 146ms/step - loss: 0.6783 - val_loss: 0.6819
Epoch 137/500
51/51 - 8s - 149ms/step - loss: 0.6781 - val_loss: 0.6820
Epoch 138/500
51/51 - 8s - 148ms/step - loss: 0.6792 - val_loss: 0.6821
Epoch 139/500
51/51 - 8s - 149ms/step - loss: 0.6781 - val_loss: 0.6819
Epoch 140/500
51/51 - 8s - 149ms/step - loss: 0.6784 - val_loss: 0.6814
Epoch 141/500
51/51 - 8s - 148ms/step - loss: 0.6780 - val_loss: 0.6818
Epoch 142/500
51/51 - 8s - 149ms/step - loss: 0.6776 - val_loss: 0.6814
Epoch 143/500
51/51 - 8s - 149ms/step - loss: 0.6759 - val_loss: 0.6802
Epoch 144/500
51/51 - 8s - 148ms/step - loss: 0.6753 - val_loss: 0.6821
Epoch 145/500
51/51 - 8s - 148ms/step - loss: 0.6749 - val_loss: 0.6815
Epoch 146/500
51/51 - 7s - 147ms/step - loss: 0.6753 - val_loss: 0.6814
Epoch 147/500
51/51 - 7s - 146ms/step - loss: 0.6744 - val_loss: 0.6813
Epoch 148/500
51/51 - 7s - 145ms/step - loss: 0.6740 - val_loss: 0.6806
Epoch 149/500
51/51 - 8s - 149ms/step - loss: 0.6738 - val_loss: 0.6825
Epoch 150/500
51/51 - 7s - 146ms/step - loss: 0.6740 - val_loss: 0.6829
Epoch 151/500
51/51 - 7s - 144ms/step - loss: 0.6736 - val_loss: 0.6816
Epoch 152/500
51/51 - 8s - 148ms/step - loss: 0.6740 - val_loss: 0.6807
Epoch 153/500
51/51 - 8s - 149ms/step - loss: 0.6732 - val_loss: 0.6812
[Run 1/5] Training single encoder baseline (sigmoid head)...
[Run 2/5] Training shared encoder (unweighted)...
Epoch 1/500
51/51 - 11s - 215ms/step - loss: 0.8072 - val_loss: 0.7870
Epoch 2/500
51/51 - 7s - 145ms/step - loss: 0.7549 - val_loss: 0.7640
Epoch 3/500
51/51 - 7s - 139ms/step - loss: 0.7441 - val_loss: 0.7544
Epoch 4/500
51/51 - 7s - 146ms/step - loss: 0.7373 - val_loss: 0.7423
Epoch 5/500
51/51 - 7s - 143ms/step - loss: 0.7199 - val_loss: 0.7350
Epoch 6/500
51/51 - 7s - 145ms/step - loss: 0.7129 - val_loss: 0.7245
Epoch 7/500
51/51 - 7s - 145ms/step - loss: 0.7058 - val_loss: 0.7204
Epoch 8/500
51/51 - 7s - 145ms/step - loss: 0.7023 - val_loss: 0.7183
Epoch 9/500
51/51 - 7s - 145ms/step - loss: 0.6978 - val_loss: 0.7134
Epoch 10/500
51/51 - 7s - 144ms/step - loss: 0.6947 - val_loss: 0.7116
Epoch 11/500
51/51 - 7s - 144ms/step - loss: 0.6921 - val_loss: 0.7122
Epoch 12/500
51/51 - 7s - 145ms/step - loss: 0.6925 - val_loss: 0.7086
Epoch 13/500
51/51 - 7s - 145ms/step - loss: 0.6925 - val_loss: 0.7082
Epoch 14/500
51/51 - 7s - 145ms/step - loss: 0.6904 - val_loss: 0.7068
Epoch 15/500
51/51 - 7s - 144ms/step - loss: 0.6899 - val_loss: 0.7054
Epoch 16/500
51/51 - 7s - 143ms/step - loss: 0.6909 - val_loss: 0.7058
Epoch 17/500
51/51 - 7s - 144ms/step - loss: 0.6882 - val_loss: 0.7049
Epoch 18/500
51/51 - 7s - 144ms/step - loss: 0.6877 - val_loss: 0.7053
Epoch 19/500
51/51 - 7s - 145ms/step - loss: 0.6869 - val_loss: 0.7039
Epoch 20/500
51/51 - 7s - 144ms/step - loss: 0.6864 - val_loss: 0.7038
Epoch 21/500
51/51 - 7s - 145ms/step - loss: 0.6857 - val_loss: 0.7031
Epoch 22/500
51/51 - 7s - 141ms/step - loss: 0.6859 - val_loss: 0.7029
Epoch 23/500
51/51 - 7s - 144ms/step - loss: 0.6857 - val_loss: 0.7028
Epoch 24/500
51/51 - 7s - 145ms/step - loss: 0.6849 - val_loss: 0.7023
Epoch 25/500
51/51 - 7s - 145ms/step - loss: 0.6843 - val_loss: 0.7032
Epoch 26/500
51/51 - 7s - 145ms/step - loss: 0.6849 - val_loss: 0.7034
Epoch 27/500
51/51 - 7s - 145ms/step - loss: 0.6843 - val_loss: 0.7023
Epoch 28/500
51/51 - 7s - 145ms/step - loss: 0.6847 - val_loss: 0.7018
Epoch 29/500
51/51 - 7s - 144ms/step - loss: 0.6837 - val_loss: 0.7018
Epoch 30/500
51/51 - 7s - 144ms/step - loss: 0.6830 - val_loss: 0.7023
Epoch 31/500
51/51 - 7s - 144ms/step - loss: 0.6834 - val_loss: 0.7035
Epoch 32/500
51/51 - 7s - 145ms/step - loss: 0.6832 - val_loss: 0.7038
Epoch 33/500
51/51 - 7s - 145ms/step - loss: 0.6854 - val_loss: 0.7010
Epoch 34/500
51/51 - 7s - 145ms/step - loss: 0.6819 - val_loss: 0.7013
Epoch 35/500
51/51 - 7s - 144ms/step - loss: 0.6816 - val_loss: 0.7005
Epoch 36/500
51/51 - 7s - 144ms/step - loss: 0.6826 - val_loss: 0.7015
Epoch 37/500
51/51 - 7s - 144ms/step - loss: 0.6821 - val_loss: 0.7014
Epoch 38/500
51/51 - 7s - 145ms/step - loss: 0.6808 - val_loss: 0.7009
Epoch 39/500
51/51 - 7s - 144ms/step - loss: 0.6817 - val_loss: 0.7014
Epoch 40/500
51/51 - 7s - 144ms/step - loss: 0.6815 - val_loss: 0.7015
Epoch 41/500
51/51 - 7s - 145ms/step - loss: 0.6807 - val_loss: 0.7005
Epoch 42/500
51/51 - 7s - 145ms/step - loss: 0.6808 - val_loss: 0.7006
Epoch 43/500
51/51 - 7s - 144ms/step - loss: 0.6816 - val_loss: 0.7000
Epoch 44/500
51/51 - 7s - 145ms/step - loss: 0.6803 - val_loss: 0.7001
Epoch 45/500
51/51 - 7s - 145ms/step - loss: 0.6796 - val_loss: 0.6999
Epoch 46/500
51/51 - 7s - 145ms/step - loss: 0.6797 - val_loss: 0.6997
Epoch 47/500
51/51 - 7s - 145ms/step - loss: 0.6801 - val_loss: 0.6998
Epoch 48/500
51/51 - 7s - 145ms/step - loss: 0.6804 - val_loss: 0.6998
Epoch 49/500
51/51 - 7s - 145ms/step - loss: 0.6802 - val_loss: 0.7003
Epoch 50/500
51/51 - 7s - 145ms/step - loss: 0.6798 - val_loss: 0.7000
Epoch 51/500
51/51 - 7s - 145ms/step - loss: 0.6793 - val_loss: 0.6990
Epoch 52/500
51/51 - 7s - 145ms/step - loss: 0.6793 - val_loss: 0.6997
Epoch 53/500
51/51 - 7s - 145ms/step - loss: 0.6788 - val_loss: 0.6991
Epoch 54/500
51/51 - 7s - 144ms/step - loss: 0.6783 - val_loss: 0.6994
Epoch 55/500
51/51 - 7s - 144ms/step - loss: 0.6825 - val_loss: 0.7002
Epoch 56/500
51/51 - 7s - 144ms/step - loss: 0.6803 - val_loss: 0.6994
Epoch 57/500
51/51 - 7s - 144ms/step - loss: 0.6791 - val_loss: 0.6992
Epoch 58/500
51/51 - 7s - 144ms/step - loss: 0.6787 - val_loss: 0.6988
Epoch 59/500
51/51 - 7s - 145ms/step - loss: 0.6785 - val_loss: 0.6988
Epoch 60/500
51/51 - 7s - 145ms/step - loss: 0.6784 - val_loss: 0.6999
Epoch 61/500
51/51 - 7s - 144ms/step - loss: 0.6782 - val_loss: 0.6989
Epoch 62/500
51/51 - 7s - 145ms/step - loss: 0.6780 - val_loss: 0.6987
Epoch 63/500
51/51 - 7s - 145ms/step - loss: 0.6789 - val_loss: 0.6989
Epoch 64/500
51/51 - 7s - 144ms/step - loss: 0.6780 - val_loss: 0.6985
Epoch 65/500
51/51 - 7s - 144ms/step - loss: 0.6785 - val_loss: 0.6994
Epoch 66/500
51/51 - 7s - 144ms/step - loss: 0.6777 - val_loss: 0.6990
Epoch 67/500
51/51 - 7s - 145ms/step - loss: 0.6778 - val_loss: 0.6967
Epoch 68/500
51/51 - 7s - 144ms/step - loss: 0.6773 - val_loss: 0.6973
Epoch 69/500
51/51 - 7s - 144ms/step - loss: 0.6769 - val_loss: 0.6987
Epoch 70/500
51/51 - 7s - 144ms/step - loss: 0.6774 - val_loss: 0.6969
Epoch 71/500
51/51 - 7s - 144ms/step - loss: 0.6781 - val_loss: 0.6974
Epoch 72/500
51/51 - 7s - 144ms/step - loss: 0.6770 - val_loss: 0.6979
Epoch 73/500
51/51 - 7s - 144ms/step - loss: 0.6758 - val_loss: 0.6973
Epoch 74/500
51/51 - 7s - 144ms/step - loss: 0.6759 - val_loss: 0.6968
Epoch 75/500
51/51 - 7s - 144ms/step - loss: 0.6765 - val_loss: 0.6963
Epoch 76/500
51/51 - 7s - 144ms/step - loss: 0.6757 - val_loss: 0.6968
Epoch 77/500
51/51 - 7s - 144ms/step - loss: 0.6760 - val_loss: 0.6968
Epoch 78/500
51/51 - 7s - 144ms/step - loss: 0.6757 - val_loss: 0.6968
Epoch 79/500
51/51 - 7s - 144ms/step - loss: 0.6756 - val_loss: 0.6967
Epoch 80/500
51/51 - 7s - 144ms/step - loss: 0.6761 - val_loss: 0.6964
Epoch 81/500
51/51 - 7s - 144ms/step - loss: 0.6755 - val_loss: 0.6953
Epoch 82/500
51/51 - 7s - 145ms/step - loss: 0.6755 - val_loss: 0.6967
Epoch 83/500
51/51 - 7s - 144ms/step - loss: 0.6752 - val_loss: 0.6970
Epoch 84/500
51/51 - 7s - 145ms/step - loss: 0.6754 - val_loss: 0.6947
Epoch 85/500
51/51 - 7s - 144ms/step - loss: 0.6754 - val_loss: 0.6969
Epoch 86/500
51/51 - 7s - 145ms/step - loss: 0.6751 - val_loss: 0.6954
Epoch 87/500
51/51 - 7s - 144ms/step - loss: 0.6717 - val_loss: 0.6952
Epoch 88/500
51/51 - 7s - 144ms/step - loss: 0.6751 - val_loss: 0.6947
Epoch 89/500
51/51 - 7s - 145ms/step - loss: 0.6752 - val_loss: 0.6926
Epoch 90/500
51/51 - 7s - 145ms/step - loss: 0.6751 - val_loss: 0.6941
Epoch 91/500
51/51 - 7s - 145ms/step - loss: 0.6706 - val_loss: 0.6984
Epoch 92/500
51/51 - 7s - 145ms/step - loss: 0.6720 - val_loss: 0.6969
Epoch 93/500
51/51 - 7s - 145ms/step - loss: 0.6714 - val_loss: 0.6947
Epoch 94/500
51/51 - 7s - 145ms/step - loss: 0.6727 - val_loss: 0.6940
Epoch 95/500
51/51 - 7s - 145ms/step - loss: 0.6725 - val_loss: 0.6949
Epoch 96/500
51/51 - 7s - 145ms/step - loss: 0.6717 - val_loss: 0.6912
Epoch 97/500
51/51 - 7s - 145ms/step - loss: 0.6678 - val_loss: 0.6966
Epoch 98/500
51/51 - 7s - 145ms/step - loss: 0.6705 - val_loss: 0.6897
Epoch 99/500
51/51 - 7s - 144ms/step - loss: 0.6692 - val_loss: 0.6954
Epoch 100/500
51/51 - 7s - 144ms/step - loss: 0.6687 - val_loss: 0.6955
Epoch 101/500
51/51 - 7s - 144ms/step - loss: 0.6716 - val_loss: 0.6890
Epoch 102/500
51/51 - 7s - 144ms/step - loss: 0.6684 - val_loss: 0.6908
Epoch 103/500
51/51 - 7s - 145ms/step - loss: 0.6701 - val_loss: 0.6883
Epoch 104/500
51/51 - 7s - 144ms/step - loss: 0.6673 - val_loss: 0.6928
Epoch 105/500
51/51 - 7s - 144ms/step - loss: 0.6667 - val_loss: 0.6909
Epoch 106/500
51/51 - 7s - 144ms/step - loss: 0.6658 - val_loss: 0.6949
Epoch 107/500
51/51 - 7s - 144ms/step - loss: 0.6657 - val_loss: 0.6899
Epoch 108/500
51/51 - 7s - 144ms/step - loss: 0.6656 - val_loss: 0.6871
Epoch 109/500
51/51 - 7s - 144ms/step - loss: 0.6649 - val_loss: 0.6925
Epoch 110/500
51/51 - 7s - 144ms/step - loss: 0.6652 - val_loss: 0.6961
Epoch 111/500
51/51 - 7s - 145ms/step - loss: 0.6649 - val_loss: 0.6953
Epoch 112/500
51/51 - 7s - 144ms/step - loss: 0.6650 - val_loss: 0.6934
Epoch 113/500
51/51 - 7s - 144ms/step - loss: 0.6644 - val_loss: 0.6949
Epoch 114/500
51/51 - 7s - 144ms/step - loss: 0.6648 - val_loss: 0.6885
Epoch 115/500
51/51 - 7s - 144ms/step - loss: 0.6643 - val_loss: 0.6944
Epoch 116/500
51/51 - 7s - 144ms/step - loss: 0.6642 - val_loss: 0.6887
Epoch 117/500
51/51 - 7s - 144ms/step - loss: 0.6634 - val_loss: 0.6899
Epoch 118/500
51/51 - 7s - 144ms/step - loss: 0.6665 - val_loss: 0.6872
[Run 2/5] Training shared encoder (weighted)...
Epoch 1/500
51/51 - 11s - 215ms/step - loss: 0.8696 - val_loss: 0.8129
Epoch 2/500
51/51 - 8s - 153ms/step - loss: 0.7717 - val_loss: 0.7740
Epoch 3/500
51/51 - 7s - 146ms/step - loss: 0.7485 - val_loss: 0.7542
Epoch 4/500
51/51 - 8s - 153ms/step - loss: 0.7315 - val_loss: 0.7420
Epoch 5/500
51/51 - 8s - 151ms/step - loss: 0.7223 - val_loss: 0.7351
Epoch 6/500
51/51 - 8s - 151ms/step - loss: 0.7174 - val_loss: 0.7337
Epoch 7/500
51/51 - 8s - 151ms/step - loss: 0.7172 - val_loss: 0.7320
Epoch 8/500
51/51 - 8s - 151ms/step - loss: 0.7139 - val_loss: 0.7317
Epoch 9/500
51/51 - 8s - 150ms/step - loss: 0.7120 - val_loss: 0.7291
Epoch 10/500
51/51 - 8s - 150ms/step - loss: 0.7107 - val_loss: 0.7292
Epoch 11/500
51/51 - 8s - 151ms/step - loss: 0.7099 - val_loss: 0.7275
Epoch 12/500
51/51 - 8s - 151ms/step - loss: 0.7096 - val_loss: 0.7268
Epoch 13/500
51/51 - 8s - 151ms/step - loss: 0.7063 - val_loss: 0.7270
Epoch 14/500
51/51 - 8s - 151ms/step - loss: 0.7060 - val_loss: 0.7277
Epoch 15/500
51/51 - 8s - 151ms/step - loss: 0.7054 - val_loss: 0.7245
Epoch 16/500
51/51 - 8s - 151ms/step - loss: 0.7032 - val_loss: 0.7235
Epoch 17/500
51/51 - 8s - 150ms/step - loss: 0.7026 - val_loss: 0.7225
Epoch 18/500
51/51 - 8s - 150ms/step - loss: 0.7014 - val_loss: 0.7218
Epoch 19/500
51/51 - 8s - 151ms/step - loss: 0.6998 - val_loss: 0.7204
Epoch 20/500
51/51 - 8s - 151ms/step - loss: 0.6992 - val_loss: 0.7188
Epoch 21/500
51/51 - 8s - 151ms/step - loss: 0.6980 - val_loss: 0.7193
Epoch 22/500
51/51 - 8s - 151ms/step - loss: 0.6973 - val_loss: 0.7201
Epoch 23/500
51/51 - 8s - 151ms/step - loss: 0.6956 - val_loss: 0.7199
Epoch 24/500
51/51 - 8s - 151ms/step - loss: 0.6952 - val_loss: 0.7171
Epoch 25/500
51/51 - 8s - 150ms/step - loss: 0.6947 - val_loss: 0.7178
Epoch 26/500
51/51 - 8s - 150ms/step - loss: 0.6938 - val_loss: 0.7173
Epoch 27/500
51/51 - 8s - 151ms/step - loss: 0.6934 - val_loss: 0.7146
Epoch 28/500
51/51 - 8s - 150ms/step - loss: 0.6934 - val_loss: 0.7145
Epoch 29/500
51/51 - 8s - 151ms/step - loss: 0.6916 - val_loss: 0.7139
Epoch 30/500
51/51 - 8s - 151ms/step - loss: 0.6921 - val_loss: 0.7113
Epoch 31/500
51/51 - 8s - 150ms/step - loss: 0.6914 - val_loss: 0.7150
Epoch 32/500
51/51 - 8s - 150ms/step - loss: 0.6907 - val_loss: 0.7103
Epoch 33/500
51/51 - 8s - 151ms/step - loss: 0.6890 - val_loss: 0.7108
Epoch 34/500
51/51 - 8s - 151ms/step - loss: 0.6877 - val_loss: 0.7090
Epoch 35/500
51/51 - 8s - 151ms/step - loss: 0.6877 - val_loss: 0.7088
Epoch 36/500
51/51 - 8s - 151ms/step - loss: 0.6866 - val_loss: 0.7103
Epoch 37/500
51/51 - 8s - 151ms/step - loss: 0.6879 - val_loss: 0.7098
Epoch 38/500
51/51 - 8s - 151ms/step - loss: 0.6861 - val_loss: 0.7082
Epoch 39/500
51/51 - 8s - 151ms/step - loss: 0.6860 - val_loss: 0.7080
Epoch 40/500
51/51 - 8s - 151ms/step - loss: 0.6878 - val_loss: 0.7073
Epoch 41/500
51/51 - 8s - 150ms/step - loss: 0.6845 - val_loss: 0.7081
Epoch 42/500
51/51 - 8s - 152ms/step - loss: 0.6842 - val_loss: 0.7075
Epoch 43/500
51/51 - 8s - 151ms/step - loss: 0.6845 - val_loss: 0.7075
Epoch 44/500
51/51 - 8s - 151ms/step - loss: 0.6851 - val_loss: 0.7076
Epoch 45/500
51/51 - 8s - 152ms/step - loss: 0.6822 - val_loss: 0.7092
Epoch 46/500
51/51 - 8s - 151ms/step - loss: 0.6837 - val_loss: 0.7096
Epoch 47/500
51/51 - 8s - 150ms/step - loss: 0.6828 - val_loss: 0.7073
Epoch 48/500
51/51 - 8s - 151ms/step - loss: 0.6833 - val_loss: 0.7062
Epoch 49/500
51/51 - 8s - 151ms/step - loss: 0.6840 - val_loss: 0.7050
Epoch 50/500
51/51 - 8s - 151ms/step - loss: 0.6821 - val_loss: 0.7051
Epoch 51/500
51/51 - 8s - 151ms/step - loss: 0.6818 - val_loss: 0.7042
Epoch 52/500
51/51 - 8s - 151ms/step - loss: 0.6800 - val_loss: 0.7049
Epoch 53/500
51/51 - 8s - 152ms/step - loss: 0.6791 - val_loss: 0.7037
Epoch 54/500
51/51 - 8s - 150ms/step - loss: 0.6784 - val_loss: 0.7018
Epoch 55/500
51/51 - 8s - 151ms/step - loss: 0.6797 - val_loss: 0.7042
Epoch 56/500
51/51 - 8s - 151ms/step - loss: 0.6783 - val_loss: 0.7006
Epoch 57/500
51/51 - 8s - 151ms/step - loss: 0.6782 - val_loss: 0.7018
Epoch 58/500
51/51 - 8s - 150ms/step - loss: 0.6781 - val_loss: 0.6998
Epoch 59/500
51/51 - 8s - 151ms/step - loss: 0.6775 - val_loss: 0.7003
Epoch 60/500
51/51 - 8s - 151ms/step - loss: 0.6781 - val_loss: 0.7012
Epoch 61/500
51/51 - 8s - 150ms/step - loss: 0.6775 - val_loss: 0.6997
Epoch 62/500
51/51 - 8s - 150ms/step - loss: 0.6767 - val_loss: 0.6989
Epoch 63/500
51/51 - 8s - 151ms/step - loss: 0.6770 - val_loss: 0.7030
Epoch 64/500
51/51 - 8s - 152ms/step - loss: 0.6780 - val_loss: 0.6999
Epoch 65/500
51/51 - 8s - 151ms/step - loss: 0.6764 - val_loss: 0.7003
Epoch 66/500
51/51 - 8s - 151ms/step - loss: 0.6763 - val_loss: 0.7044
Epoch 67/500
51/51 - 8s - 150ms/step - loss: 0.6818 - val_loss: 0.7016
Epoch 68/500
51/51 - 8s - 151ms/step - loss: 0.6753 - val_loss: 0.6981
Epoch 69/500
51/51 - 8s - 151ms/step - loss: 0.6752 - val_loss: 0.6983
Epoch 70/500
51/51 - 8s - 151ms/step - loss: 0.6745 - val_loss: 0.6977
Epoch 71/500
51/51 - 8s - 150ms/step - loss: 0.6750 - val_loss: 0.6969
Epoch 72/500
51/51 - 8s - 151ms/step - loss: 0.6741 - val_loss: 0.6999
Epoch 73/500
51/51 - 8s - 151ms/step - loss: 0.6749 - val_loss: 0.6976
Epoch 74/500
51/51 - 8s - 151ms/step - loss: 0.6743 - val_loss: 0.6960
Epoch 75/500
51/51 - 8s - 151ms/step - loss: 0.6736 - val_loss: 0.6950
Epoch 76/500
51/51 - 8s - 152ms/step - loss: 0.6742 - val_loss: 0.6972
Epoch 77/500
51/51 - 8s - 151ms/step - loss: 0.6753 - val_loss: 0.7001
Epoch 78/500
51/51 - 8s - 150ms/step - loss: 0.6735 - val_loss: 0.6950
Epoch 79/500
51/51 - 8s - 150ms/step - loss: 0.6737 - val_loss: 0.6972
Epoch 80/500
51/51 - 8s - 151ms/step - loss: 0.6729 - val_loss: 0.6952
Epoch 81/500
51/51 - 8s - 150ms/step - loss: 0.6726 - val_loss: 0.6949
Epoch 82/500
51/51 - 8s - 150ms/step - loss: 0.6734 - val_loss: 0.6934
Epoch 83/500
51/51 - 8s - 150ms/step - loss: 0.6731 - val_loss: 0.6965
Epoch 84/500
51/51 - 8s - 151ms/step - loss: 0.6721 - val_loss: 0.6928
Epoch 85/500
51/51 - 8s - 150ms/step - loss: 0.6726 - val_loss: 0.6985
Epoch 86/500
51/51 - 8s - 150ms/step - loss: 0.6723 - val_loss: 0.6932
Epoch 87/500
51/51 - 8s - 150ms/step - loss: 0.6718 - val_loss: 0.6916
Epoch 88/500
51/51 - 8s - 151ms/step - loss: 0.6726 - val_loss: 0.6918
Epoch 89/500
51/51 - 8s - 151ms/step - loss: 0.6725 - val_loss: 0.6947
Epoch 90/500
51/51 - 8s - 151ms/step - loss: 0.6724 - val_loss: 0.6932
Epoch 91/500
51/51 - 8s - 151ms/step - loss: 0.6710 - val_loss: 0.6918
Epoch 92/500
51/51 - 8s - 150ms/step - loss: 0.6713 - val_loss: 0.6936
Epoch 93/500
51/51 - 8s - 151ms/step - loss: 0.6709 - val_loss: 0.6913
Epoch 94/500
51/51 - 8s - 150ms/step - loss: 0.6726 - val_loss: 0.6945
Epoch 95/500
51/51 - 8s - 150ms/step - loss: 0.6716 - val_loss: 0.6903
Epoch 96/500
51/51 - 8s - 150ms/step - loss: 0.6700 - val_loss: 0.6902
Epoch 97/500
51/51 - 8s - 150ms/step - loss: 0.6721 - val_loss: 0.6989
Epoch 98/500
51/51 - 8s - 151ms/step - loss: 0.6717 - val_loss: 0.6909
Epoch 99/500
51/51 - 8s - 150ms/step - loss: 0.6699 - val_loss: 0.6895
Epoch 100/500
51/51 - 8s - 151ms/step - loss: 0.6702 - val_loss: 0.6902
Epoch 101/500
51/51 - 8s - 151ms/step - loss: 0.6706 - val_loss: 0.6898
Epoch 102/500
51/51 - 8s - 151ms/step - loss: 0.6695 - val_loss: 0.6879
Epoch 103/500
51/51 - 8s - 150ms/step - loss: 0.6699 - val_loss: 0.6902
Epoch 104/500
51/51 - 8s - 151ms/step - loss: 0.6699 - val_loss: 0.6895
Epoch 105/500
51/51 - 8s - 150ms/step - loss: 0.6699 - val_loss: 0.7011
Epoch 106/500
51/51 - 8s - 150ms/step - loss: 0.6716 - val_loss: 0.6899
Epoch 107/500
51/51 - 8s - 151ms/step - loss: 0.6688 - val_loss: 0.6874
Epoch 108/500
51/51 - 8s - 151ms/step - loss: 0.6693 - val_loss: 0.6879
Epoch 109/500
51/51 - 8s - 151ms/step - loss: 0.6690 - val_loss: 0.6867
Epoch 110/500
51/51 - 8s - 150ms/step - loss: 0.6684 - val_loss: 0.6875
Epoch 111/500
51/51 - 8s - 151ms/step - loss: 0.6680 - val_loss: 0.6894
Epoch 112/500
51/51 - 8s - 151ms/step - loss: 0.6682 - val_loss: 0.6877
Epoch 113/500
51/51 - 8s - 151ms/step - loss: 0.6693 - val_loss: 0.6993
Epoch 114/500
51/51 - 8s - 151ms/step - loss: 0.6704 - val_loss: 0.6892
Epoch 115/500
51/51 - 8s - 151ms/step - loss: 0.6726 - val_loss: 0.6962
Epoch 116/500
51/51 - 8s - 151ms/step - loss: 0.6684 - val_loss: 0.6854
Epoch 117/500
51/51 - 8s - 150ms/step - loss: 0.6685 - val_loss: 0.6853
Epoch 118/500
51/51 - 8s - 150ms/step - loss: 0.6683 - val_loss: 0.6850
Epoch 119/500
51/51 - 8s - 150ms/step - loss: 0.6666 - val_loss: 0.6863
Epoch 120/500
51/51 - 8s - 151ms/step - loss: 0.6683 - val_loss: 0.6973
Epoch 121/500
51/51 - 8s - 151ms/step - loss: 0.6724 - val_loss: 0.6964
Epoch 122/500
51/51 - 8s - 151ms/step - loss: 0.6681 - val_loss: 0.6864
Epoch 123/500
51/51 - 8s - 151ms/step - loss: 0.6670 - val_loss: 0.6924
Epoch 124/500
51/51 - 8s - 151ms/step - loss: 0.6689 - val_loss: 0.6918
Epoch 125/500
51/51 - 8s - 151ms/step - loss: 0.6678 - val_loss: 0.6927
Epoch 126/500
51/51 - 8s - 151ms/step - loss: 0.6689 - val_loss: 0.6903
Epoch 127/500
51/51 - 8s - 151ms/step - loss: 0.6678 - val_loss: 0.6837
Epoch 128/500
51/51 - 8s - 150ms/step - loss: 0.6662 - val_loss: 0.6842
Epoch 129/500
51/51 - 8s - 151ms/step - loss: 0.6666 - val_loss: 0.6845
Epoch 130/500
51/51 - 8s - 150ms/step - loss: 0.6659 - val_loss: 0.6840
Epoch 131/500
51/51 - 8s - 150ms/step - loss: 0.6661 - val_loss: 0.6832
Epoch 132/500
51/51 - 8s - 151ms/step - loss: 0.6691 - val_loss: 0.6860
Epoch 133/500
51/51 - 8s - 151ms/step - loss: 0.6654 - val_loss: 0.6841
Epoch 134/500
51/51 - 8s - 151ms/step - loss: 0.6660 - val_loss: 0.6828
Epoch 135/500
51/51 - 8s - 150ms/step - loss: 0.6654 - val_loss: 0.6842
Epoch 136/500
51/51 - 8s - 150ms/step - loss: 0.6656 - val_loss: 0.6835
Epoch 137/500
51/51 - 8s - 151ms/step - loss: 0.6670 - val_loss: 0.6883
Epoch 138/500
51/51 - 8s - 151ms/step - loss: 0.6672 - val_loss: 0.6844
Epoch 139/500
51/51 - 8s - 151ms/step - loss: 0.6666 - val_loss: 0.6847
Epoch 140/500
51/51 - 8s - 151ms/step - loss: 0.6658 - val_loss: 0.6974
Epoch 141/500
51/51 - 8s - 151ms/step - loss: 0.6688 - val_loss: 0.6941
Epoch 142/500
51/51 - 8s - 151ms/step - loss: 0.6673 - val_loss: 0.6832
Epoch 143/500
51/51 - 8s - 151ms/step - loss: 0.6648 - val_loss: 0.6817
Epoch 144/500
51/51 - 8s - 151ms/step - loss: 0.6648 - val_loss: 0.6813
Epoch 145/500
51/51 - 8s - 150ms/step - loss: 0.6646 - val_loss: 0.6859
Epoch 146/500
51/51 - 8s - 151ms/step - loss: 0.6695 - val_loss: 0.6833
Epoch 147/500
51/51 - 8s - 150ms/step - loss: 0.6689 - val_loss: 0.6832
Epoch 148/500
51/51 - 8s - 150ms/step - loss: 0.6666 - val_loss: 0.6811
Epoch 149/500
51/51 - 8s - 151ms/step - loss: 0.6639 - val_loss: 0.6832
Epoch 150/500
51/51 - 8s - 151ms/step - loss: 0.6650 - val_loss: 0.6820
Epoch 151/500
51/51 - 8s - 151ms/step - loss: 0.6675 - val_loss: 0.6832
Epoch 152/500
51/51 - 8s - 151ms/step - loss: 0.6669 - val_loss: 0.6810
Epoch 153/500
51/51 - 8s - 151ms/step - loss: 0.6651 - val_loss: 0.6848
Epoch 154/500
51/51 - 8s - 151ms/step - loss: 0.6655 - val_loss: 0.6836
Epoch 155/500
51/51 - 8s - 151ms/step - loss: 0.6644 - val_loss: 0.6837
Epoch 156/500
51/51 - 8s - 150ms/step - loss: 0.6651 - val_loss: 0.6819
Epoch 157/500
51/51 - 8s - 150ms/step - loss: 0.6654 - val_loss: 0.6848
Epoch 158/500
51/51 - 8s - 150ms/step - loss: 0.6646 - val_loss: 0.6832
Epoch 159/500
51/51 - 8s - 151ms/step - loss: 0.6650 - val_loss: 0.6840
Epoch 160/500
51/51 - 8s - 150ms/step - loss: 0.6681 - val_loss: 0.6879
Epoch 161/500
51/51 - 8s - 150ms/step - loss: 0.6652 - val_loss: 0.6815
Epoch 162/500
51/51 - 8s - 151ms/step - loss: 0.6638 - val_loss: 0.6838
[Run 2/5] Training single encoder baseline (sigmoid head)...
[Run 3/5] Training shared encoder (unweighted)...
Epoch 1/500
51/51 - 11s - 217ms/step - loss: 0.8092 - val_loss: 0.7434
Epoch 2/500
51/51 - 7s - 146ms/step - loss: 0.7432 - val_loss: 0.7202
Epoch 3/500
51/51 - 7s - 140ms/step - loss: 0.7260 - val_loss: 0.7068
Epoch 4/500
51/51 - 7s - 145ms/step - loss: 0.7160 - val_loss: 0.7038
Epoch 5/500
51/51 - 7s - 145ms/step - loss: 0.7106 - val_loss: 0.6979
Epoch 6/500
51/51 - 7s - 145ms/step - loss: 0.7064 - val_loss: 0.6952
Epoch 7/500
51/51 - 7s - 144ms/step - loss: 0.7019 - val_loss: 0.6847
Epoch 8/500
51/51 - 7s - 145ms/step - loss: 0.6995 - val_loss: 0.6928
Epoch 9/500
51/51 - 7s - 145ms/step - loss: 0.6973 - val_loss: 0.6879
Epoch 10/500
51/51 - 7s - 145ms/step - loss: 0.6933 - val_loss: 0.6742
Epoch 11/500
51/51 - 7s - 144ms/step - loss: 0.6887 - val_loss: 0.6823
Epoch 12/500
51/51 - 7s - 145ms/step - loss: 0.6893 - val_loss: 0.6748
Epoch 13/500
51/51 - 7s - 145ms/step - loss: 0.6864 - val_loss: 0.6802
Epoch 14/500
51/51 - 7s - 145ms/step - loss: 0.6858 - val_loss: 0.6810
Epoch 15/500
51/51 - 7s - 144ms/step - loss: 0.6843 - val_loss: 0.6746
Epoch 16/500
51/51 - 7s - 145ms/step - loss: 0.6830 - val_loss: 0.6805
Epoch 17/500
51/51 - 7s - 145ms/step - loss: 0.6841 - val_loss: 0.6686
Epoch 18/500
51/51 - 7s - 145ms/step - loss: 0.6824 - val_loss: 0.6702
Epoch 19/500
51/51 - 7s - 146ms/step - loss: 0.6813 - val_loss: 0.6676
Epoch 20/500
51/51 - 7s - 145ms/step - loss: 0.6801 - val_loss: 0.6666
Epoch 21/500
51/51 - 7s - 145ms/step - loss: 0.6770 - val_loss: 0.6593
Epoch 22/500
51/51 - 7s - 145ms/step - loss: 0.6751 - val_loss: 0.6593
Epoch 23/500
51/51 - 7s - 145ms/step - loss: 0.6745 - val_loss: 0.6622
Epoch 24/500
51/51 - 7s - 145ms/step - loss: 0.6742 - val_loss: 0.6577
Epoch 25/500
51/51 - 7s - 145ms/step - loss: 0.6734 - val_loss: 0.6561
Epoch 26/500
51/51 - 7s - 145ms/step - loss: 0.6734 - val_loss: 0.6576
Epoch 27/500
51/51 - 7s - 145ms/step - loss: 0.6722 - val_loss: 0.6525
Epoch 28/500
51/51 - 7s - 145ms/step - loss: 0.6721 - val_loss: 0.6570
Epoch 29/500
51/51 - 7s - 145ms/step - loss: 0.6717 - val_loss: 0.6513
Epoch 30/500
51/51 - 7s - 146ms/step - loss: 0.6727 - val_loss: 0.6506
Epoch 31/500
51/51 - 7s - 146ms/step - loss: 0.6710 - val_loss: 0.6581
Epoch 32/500
51/51 - 7s - 146ms/step - loss: 0.6712 - val_loss: 0.6597
Epoch 33/500
51/51 - 7s - 145ms/step - loss: 0.6721 - val_loss: 0.6595
Epoch 34/500
51/51 - 7s - 145ms/step - loss: 0.6707 - val_loss: 0.6509
Epoch 35/500
51/51 - 7s - 144ms/step - loss: 0.6695 - val_loss: 0.6503
Epoch 36/500
51/51 - 7s - 144ms/step - loss: 0.6704 - val_loss: 0.6541
Epoch 37/500
51/51 - 7s - 145ms/step - loss: 0.6694 - val_loss: 0.6482
Epoch 38/500
51/51 - 7s - 145ms/step - loss: 0.6690 - val_loss: 0.6493
Epoch 39/500
51/51 - 7s - 145ms/step - loss: 0.6690 - val_loss: 0.6464
Epoch 40/500
51/51 - 7s - 145ms/step - loss: 0.6670 - val_loss: 0.6466
Epoch 41/500
51/51 - 7s - 144ms/step - loss: 0.6682 - val_loss: 0.6467
Epoch 42/500
51/51 - 7s - 145ms/step - loss: 0.6696 - val_loss: 0.6475
Epoch 43/500
51/51 - 7s - 145ms/step - loss: 0.6696 - val_loss: 0.6625
Epoch 44/500
51/51 - 7s - 145ms/step - loss: 0.6674 - val_loss: 0.6505
Epoch 45/500
51/51 - 7s - 144ms/step - loss: 0.6672 - val_loss: 0.6486
Epoch 46/500
51/51 - 7s - 145ms/step - loss: 0.6665 - val_loss: 0.6464
Epoch 47/500
51/51 - 7s - 144ms/step - loss: 0.6670 - val_loss: 0.6439
Epoch 48/500
51/51 - 7s - 144ms/step - loss: 0.6651 - val_loss: 0.6451
Epoch 49/500
51/51 - 7s - 145ms/step - loss: 0.6650 - val_loss: 0.6449
Epoch 50/500
51/51 - 7s - 145ms/step - loss: 0.6645 - val_loss: 0.6459
Epoch 51/500
51/51 - 7s - 144ms/step - loss: 0.6660 - val_loss: 0.6476
Epoch 52/500
51/51 - 7s - 144ms/step - loss: 0.6651 - val_loss: 0.6424
Epoch 53/500
51/51 - 7s - 145ms/step - loss: 0.6667 - val_loss: 0.6489
Epoch 54/500
51/51 - 7s - 145ms/step - loss: 0.6652 - val_loss: 0.6477
Epoch 55/500
51/51 - 7s - 144ms/step - loss: 0.6644 - val_loss: 0.6415
Epoch 56/500
51/51 - 7s - 144ms/step - loss: 0.6635 - val_loss: 0.6407
Epoch 57/500
51/51 - 7s - 145ms/step - loss: 0.6640 - val_loss: 0.6407
Epoch 58/500
51/51 - 7s - 145ms/step - loss: 0.6634 - val_loss: 0.6407
Epoch 59/500
51/51 - 7s - 145ms/step - loss: 0.6660 - val_loss: 0.6645
Epoch 60/500
51/51 - 7s - 144ms/step - loss: 0.6652 - val_loss: 0.6408
Epoch 61/500
51/51 - 7s - 145ms/step - loss: 0.6623 - val_loss: 0.6400
Epoch 62/500
51/51 - 7s - 145ms/step - loss: 0.6616 - val_loss: 0.6392
Epoch 63/500
51/51 - 7s - 144ms/step - loss: 0.6623 - val_loss: 0.6400
Epoch 64/500
51/51 - 7s - 145ms/step - loss: 0.6620 - val_loss: 0.6404
Epoch 65/500
51/51 - 7s - 145ms/step - loss: 0.6653 - val_loss: 0.6490
Epoch 66/500
51/51 - 7s - 145ms/step - loss: 0.6614 - val_loss: 0.6386
Epoch 67/500
51/51 - 7s - 144ms/step - loss: 0.6619 - val_loss: 0.6384
Epoch 68/500
51/51 - 7s - 145ms/step - loss: 0.6617 - val_loss: 0.6393
Epoch 69/500
51/51 - 7s - 144ms/step - loss: 0.6619 - val_loss: 0.6384
Epoch 70/500
51/51 - 7s - 145ms/step - loss: 0.6639 - val_loss: 0.6459
Epoch 71/500
51/51 - 7s - 145ms/step - loss: 0.6615 - val_loss: 0.6385
Epoch 72/500
51/51 - 7s - 144ms/step - loss: 0.6646 - val_loss: 0.6600
Epoch 73/500
51/51 - 7s - 145ms/step - loss: 0.6630 - val_loss: 0.6385
Epoch 74/500
51/51 - 7s - 143ms/step - loss: 0.6605 - val_loss: 0.6372
Epoch 75/500
51/51 - 7s - 144ms/step - loss: 0.6606 - val_loss: 0.6371
Epoch 76/500
51/51 - 7s - 144ms/step - loss: 0.6601 - val_loss: 0.6369
Epoch 77/500
51/51 - 7s - 144ms/step - loss: 0.6602 - val_loss: 0.6373
Epoch 78/500
51/51 - 7s - 144ms/step - loss: 0.6599 - val_loss: 0.6368
Epoch 79/500
51/51 - 7s - 145ms/step - loss: 0.6622 - val_loss: 0.6403
Epoch 80/500
51/51 - 7s - 144ms/step - loss: 0.6606 - val_loss: 0.6363
Epoch 81/500
51/51 - 7s - 145ms/step - loss: 0.6600 - val_loss: 0.6361
Epoch 82/500
51/51 - 7s - 144ms/step - loss: 0.6632 - val_loss: 0.6432
Epoch 83/500
51/51 - 7s - 145ms/step - loss: 0.6596 - val_loss: 0.6361
Epoch 84/500
51/51 - 7s - 145ms/step - loss: 0.6594 - val_loss: 0.6364
Epoch 85/500
51/51 - 7s - 144ms/step - loss: 0.6590 - val_loss: 0.6361
Epoch 86/500
51/51 - 7s - 145ms/step - loss: 0.6591 - val_loss: 0.6353
Epoch 87/500
51/51 - 7s - 144ms/step - loss: 0.6626 - val_loss: 0.6467
Epoch 88/500
51/51 - 7s - 144ms/step - loss: 0.6605 - val_loss: 0.6455
Epoch 89/500
51/51 - 7s - 144ms/step - loss: 0.6585 - val_loss: 0.6354
Epoch 90/500
51/51 - 7s - 144ms/step - loss: 0.6621 - val_loss: 0.6568
Epoch 91/500
51/51 - 7s - 145ms/step - loss: 0.6596 - val_loss: 0.6351
Epoch 92/500
51/51 - 7s - 145ms/step - loss: 0.6587 - val_loss: 0.6379
Epoch 93/500
51/51 - 7s - 144ms/step - loss: 0.6577 - val_loss: 0.6377
Epoch 94/500
51/51 - 7s - 145ms/step - loss: 0.6605 - val_loss: 0.6411
Epoch 95/500
51/51 - 7s - 144ms/step - loss: 0.6570 - val_loss: 0.6361
Epoch 96/500
51/51 - 7s - 145ms/step - loss: 0.6579 - val_loss: 0.6355
Epoch 97/500
51/51 - 7s - 145ms/step - loss: 0.6564 - val_loss: 0.6333
Epoch 98/500
51/51 - 7s - 145ms/step - loss: 0.6600 - val_loss: 0.6375
Epoch 99/500
51/51 - 7s - 145ms/step - loss: 0.6566 - val_loss: 0.6364
Epoch 100/500
51/51 - 7s - 144ms/step - loss: 0.6600 - val_loss: 0.6371
Epoch 101/500
51/51 - 7s - 144ms/step - loss: 0.6594 - val_loss: 0.6411
Epoch 102/500
51/51 - 7s - 145ms/step - loss: 0.6567 - val_loss: 0.6337
Epoch 103/500
51/51 - 7s - 144ms/step - loss: 0.6604 - val_loss: 0.6516
Epoch 104/500
51/51 - 7s - 144ms/step - loss: 0.6598 - val_loss: 0.6377
Epoch 105/500
51/51 - 7s - 145ms/step - loss: 0.6558 - val_loss: 0.6338
Epoch 106/500
51/51 - 7s - 145ms/step - loss: 0.6562 - val_loss: 0.6334
Epoch 107/500
51/51 - 7s - 145ms/step - loss: 0.6586 - val_loss: 0.6371
[Run 3/5] Training shared encoder (weighted)...
Epoch 1/500
51/51 - 11s - 218ms/step - loss: 0.8564 - val_loss: 0.7614
Epoch 2/500
51/51 - 8s - 153ms/step - loss: 0.7641 - val_loss: 0.7519
Epoch 3/500
51/51 - 7s - 145ms/step - loss: 0.7560 - val_loss: 0.7428
Epoch 4/500
51/51 - 8s - 153ms/step - loss: 0.7467 - val_loss: 0.7322
Epoch 5/500
51/51 - 8s - 151ms/step - loss: 0.7340 - val_loss: 0.7192
Epoch 6/500
51/51 - 8s - 152ms/step - loss: 0.7279 - val_loss: 0.7114
Epoch 7/500
51/51 - 8s - 151ms/step - loss: 0.7230 - val_loss: 0.7036
Epoch 8/500
51/51 - 8s - 152ms/step - loss: 0.7177 - val_loss: 0.6999
Epoch 9/500
51/51 - 8s - 151ms/step - loss: 0.7140 - val_loss: 0.6972
Epoch 10/500
51/51 - 8s - 151ms/step - loss: 0.7111 - val_loss: 0.6951
Epoch 11/500
51/51 - 8s - 151ms/step - loss: 0.7081 - val_loss: 0.6923
Epoch 12/500
51/51 - 8s - 151ms/step - loss: 0.7062 - val_loss: 0.6906
Epoch 13/500
51/51 - 8s - 151ms/step - loss: 0.7051 - val_loss: 0.6895
Epoch 14/500
51/51 - 8s - 151ms/step - loss: 0.7038 - val_loss: 0.6887
Epoch 15/500
51/51 - 8s - 152ms/step - loss: 0.7021 - val_loss: 0.6874
Epoch 16/500
51/51 - 8s - 151ms/step - loss: 0.7007 - val_loss: 0.6859
Epoch 17/500
51/51 - 8s - 151ms/step - loss: 0.6992 - val_loss: 0.6845
Epoch 18/500
51/51 - 8s - 151ms/step - loss: 0.6977 - val_loss: 0.6816
Epoch 19/500
51/51 - 8s - 151ms/step - loss: 0.6947 - val_loss: 0.6799
Epoch 20/500
51/51 - 8s - 151ms/step - loss: 0.6931 - val_loss: 0.6790
Epoch 21/500
51/51 - 8s - 151ms/step - loss: 0.6918 - val_loss: 0.6781
Epoch 22/500
51/51 - 8s - 151ms/step - loss: 0.6905 - val_loss: 0.6767
Epoch 23/500
51/51 - 8s - 150ms/step - loss: 0.6900 - val_loss: 0.6782
Epoch 24/500
51/51 - 8s - 151ms/step - loss: 0.6882 - val_loss: 0.6757
Epoch 25/500
51/51 - 8s - 150ms/step - loss: 0.6870 - val_loss: 0.6762
Epoch 26/500
51/51 - 8s - 151ms/step - loss: 0.6842 - val_loss: 0.6743
Epoch 27/500
51/51 - 8s - 151ms/step - loss: 0.6830 - val_loss: 0.6746
Epoch 28/500
51/51 - 8s - 151ms/step - loss: 0.6816 - val_loss: 0.6757
Epoch 29/500
51/51 - 8s - 151ms/step - loss: 0.6812 - val_loss: 0.6724
Epoch 30/500
51/51 - 8s - 151ms/step - loss: 0.6810 - val_loss: 0.6737
Epoch 31/500
51/51 - 8s - 150ms/step - loss: 0.6806 - val_loss: 0.6743
Epoch 32/500
51/51 - 8s - 151ms/step - loss: 0.6817 - val_loss: 0.6867
Epoch 33/500
51/51 - 8s - 151ms/step - loss: 0.6866 - val_loss: 0.6746
Epoch 34/500
51/51 - 8s - 151ms/step - loss: 0.6806 - val_loss: 0.6712
Epoch 35/500
51/51 - 8s - 151ms/step - loss: 0.6792 - val_loss: 0.6736
Epoch 36/500
51/51 - 8s - 151ms/step - loss: 0.6798 - val_loss: 0.6752
Epoch 37/500
51/51 - 8s - 151ms/step - loss: 0.6804 - val_loss: 0.6706
Epoch 38/500
51/51 - 8s - 150ms/step - loss: 0.6782 - val_loss: 0.6741
Epoch 39/500
51/51 - 8s - 151ms/step - loss: 0.6787 - val_loss: 0.6725
Epoch 40/500
51/51 - 8s - 151ms/step - loss: 0.6780 - val_loss: 0.6746
Epoch 41/500
51/51 - 8s - 151ms/step - loss: 0.6782 - val_loss: 0.6720
Epoch 42/500
51/51 - 8s - 150ms/step - loss: 0.6777 - val_loss: 0.6722
Epoch 43/500
51/51 - 8s - 151ms/step - loss: 0.6773 - val_loss: 0.6714
Epoch 44/500
51/51 - 8s - 151ms/step - loss: 0.6769 - val_loss: 0.6712
Epoch 45/500
51/51 - 8s - 151ms/step - loss: 0.6768 - val_loss: 0.6703
Epoch 46/500
51/51 - 8s - 151ms/step - loss: 0.6766 - val_loss: 0.6689
Epoch 47/500
51/51 - 8s - 150ms/step - loss: 0.6758 - val_loss: 0.6695
Epoch 48/500
51/51 - 8s - 151ms/step - loss: 0.6756 - val_loss: 0.6700
Epoch 49/500
51/51 - 8s - 151ms/step - loss: 0.6754 - val_loss: 0.6690
Epoch 50/500
51/51 - 8s - 150ms/step - loss: 0.6750 - val_loss: 0.6700
Epoch 51/500
51/51 - 8s - 151ms/step - loss: 0.6759 - val_loss: 0.6704
Epoch 52/500
51/51 - 8s - 151ms/step - loss: 0.6750 - val_loss: 0.6653
Epoch 53/500
51/51 - 8s - 151ms/step - loss: 0.6728 - val_loss: 0.6678
Epoch 54/500
51/51 - 8s - 151ms/step - loss: 0.6732 - val_loss: 0.6666
Epoch 55/500
51/51 - 8s - 151ms/step - loss: 0.6719 - val_loss: 0.6632
Epoch 56/500
51/51 - 8s - 150ms/step - loss: 0.6695 - val_loss: 0.6668
Epoch 57/500
51/51 - 8s - 150ms/step - loss: 0.6696 - val_loss: 0.6651
Epoch 58/500
51/51 - 8s - 150ms/step - loss: 0.6687 - val_loss: 0.6630
Epoch 59/500
51/51 - 8s - 150ms/step - loss: 0.6683 - val_loss: 0.6632
Epoch 60/500
51/51 - 8s - 150ms/step - loss: 0.6676 - val_loss: 0.6604
Epoch 61/500
51/51 - 8s - 151ms/step - loss: 0.6666 - val_loss: 0.6605
Epoch 62/500
51/51 - 8s - 151ms/step - loss: 0.6662 - val_loss: 0.6582
Epoch 63/500
51/51 - 8s - 150ms/step - loss: 0.6656 - val_loss: 0.6582
Epoch 64/500
51/51 - 8s - 151ms/step - loss: 0.6652 - val_loss: 0.6571
Epoch 65/500
51/51 - 8s - 151ms/step - loss: 0.6648 - val_loss: 0.6564
Epoch 66/500
51/51 - 8s - 151ms/step - loss: 0.6651 - val_loss: 0.6559
Epoch 67/500
51/51 - 8s - 151ms/step - loss: 0.6638 - val_loss: 0.6566
Epoch 68/500
51/51 - 8s - 151ms/step - loss: 0.6632 - val_loss: 0.6557
Epoch 69/500
51/51 - 8s - 151ms/step - loss: 0.6629 - val_loss: 0.6557
Epoch 70/500
51/51 - 8s - 151ms/step - loss: 0.6623 - val_loss: 0.6545
Epoch 71/500
51/51 - 8s - 151ms/step - loss: 0.6620 - val_loss: 0.6548
Epoch 72/500
51/51 - 8s - 150ms/step - loss: 0.6621 - val_loss: 0.6562
Epoch 73/500
51/51 - 8s - 150ms/step - loss: 0.6612 - val_loss: 0.6536
Epoch 74/500
51/51 - 8s - 150ms/step - loss: 0.6604 - val_loss: 0.6523
Epoch 75/500
51/51 - 8s - 150ms/step - loss: 0.6606 - val_loss: 0.6550
Epoch 76/500
51/51 - 8s - 150ms/step - loss: 0.6601 - val_loss: 0.6535
Epoch 77/500
51/51 - 8s - 151ms/step - loss: 0.6595 - val_loss: 0.6521
Epoch 78/500
51/51 - 8s - 151ms/step - loss: 0.6585 - val_loss: 0.6506
Epoch 79/500
51/51 - 8s - 150ms/step - loss: 0.6588 - val_loss: 0.6494
Epoch 80/500
51/51 - 8s - 150ms/step - loss: 0.6579 - val_loss: 0.6505
Epoch 81/500
51/51 - 8s - 150ms/step - loss: 0.6577 - val_loss: 0.6481
Epoch 82/500
51/51 - 8s - 150ms/step - loss: 0.6572 - val_loss: 0.6492
Epoch 83/500
51/51 - 8s - 151ms/step - loss: 0.6574 - val_loss: 0.6474
Epoch 84/500
51/51 - 8s - 150ms/step - loss: 0.6566 - val_loss: 0.6491
Epoch 85/500
51/51 - 8s - 151ms/step - loss: 0.6566 - val_loss: 0.6496
Epoch 86/500
51/51 - 8s - 151ms/step - loss: 0.6569 - val_loss: 0.6469
Epoch 87/500
51/51 - 8s - 150ms/step - loss: 0.6563 - val_loss: 0.6467
Epoch 88/500
51/51 - 8s - 151ms/step - loss: 0.6553 - val_loss: 0.6472
Epoch 89/500
51/51 - 8s - 150ms/step - loss: 0.6556 - val_loss: 0.6461
Epoch 90/500
51/51 - 8s - 151ms/step - loss: 0.6554 - val_loss: 0.6471
Epoch 91/500
51/51 - 8s - 150ms/step - loss: 0.6568 - val_loss: 0.6464
Epoch 92/500
51/51 - 8s - 150ms/step - loss: 0.6561 - val_loss: 0.6458
Epoch 93/500
51/51 - 8s - 150ms/step - loss: 0.6545 - val_loss: 0.6458
Epoch 94/500
51/51 - 8s - 151ms/step - loss: 0.6562 - val_loss: 0.6485
Epoch 95/500
51/51 - 8s - 150ms/step - loss: 0.6558 - val_loss: 0.6466
Epoch 96/500
51/51 - 8s - 150ms/step - loss: 0.6553 - val_loss: 0.6489
Epoch 97/500
51/51 - 8s - 150ms/step - loss: 0.6556 - val_loss: 0.6477
Epoch 98/500
51/51 - 8s - 150ms/step - loss: 0.6556 - val_loss: 0.6473
Epoch 99/500
51/51 - 8s - 151ms/step - loss: 0.6546 - val_loss: 0.6469
Epoch 100/500
51/51 - 8s - 151ms/step - loss: 0.6557 - val_loss: 0.6511
Epoch 101/500
51/51 - 8s - 151ms/step - loss: 0.6543 - val_loss: 0.6487
Epoch 102/500
51/51 - 8s - 151ms/step - loss: 0.6544 - val_loss: 0.6457
Epoch 103/500
51/51 - 8s - 151ms/step - loss: 0.6543 - val_loss: 0.6473
Epoch 104/500
51/51 - 8s - 151ms/step - loss: 0.6548 - val_loss: 0.6502
Epoch 105/500
51/51 - 8s - 151ms/step - loss: 0.6553 - val_loss: 0.6481
Epoch 106/500
51/51 - 8s - 150ms/step - loss: 0.6539 - val_loss: 0.6458
Epoch 107/500
51/51 - 8s - 150ms/step - loss: 0.6541 - val_loss: 0.6459
Epoch 108/500
51/51 - 8s - 150ms/step - loss: 0.6534 - val_loss: 0.6459
Epoch 109/500
51/51 - 8s - 150ms/step - loss: 0.6525 - val_loss: 0.6465
Epoch 110/500
51/51 - 8s - 150ms/step - loss: 0.6534 - val_loss: 0.6471
Epoch 111/500
51/51 - 8s - 151ms/step - loss: 0.6527 - val_loss: 0.6447
Epoch 112/500
51/51 - 8s - 150ms/step - loss: 0.6529 - val_loss: 0.6450
Epoch 113/500
51/51 - 8s - 150ms/step - loss: 0.6522 - val_loss: 0.6453
Epoch 114/500
51/51 - 8s - 151ms/step - loss: 0.6532 - val_loss: 0.6461
Epoch 115/500
51/51 - 8s - 152ms/step - loss: 0.6532 - val_loss: 0.6458
Epoch 116/500
51/51 - 8s - 152ms/step - loss: 0.6532 - val_loss: 0.6455
Epoch 117/500
51/51 - 8s - 151ms/step - loss: 0.6514 - val_loss: 0.6444
Epoch 118/500
51/51 - 8s - 151ms/step - loss: 0.6532 - val_loss: 0.6453
Epoch 119/500
51/51 - 8s - 151ms/step - loss: 0.6535 - val_loss: 0.6438
Epoch 120/500
51/51 - 8s - 151ms/step - loss: 0.6522 - val_loss: 0.6437
Epoch 121/500
51/51 - 8s - 150ms/step - loss: 0.6511 - val_loss: 0.6443
Epoch 122/500
51/51 - 8s - 151ms/step - loss: 0.6515 - val_loss: 0.6431
Epoch 123/500
51/51 - 8s - 151ms/step - loss: 0.6507 - val_loss: 0.6446
Epoch 124/500
51/51 - 8s - 151ms/step - loss: 0.6516 - val_loss: 0.6469
Epoch 125/500
51/51 - 8s - 151ms/step - loss: 0.6508 - val_loss: 0.6426
Epoch 126/500
51/51 - 8s - 151ms/step - loss: 0.6515 - val_loss: 0.6429
Epoch 127/500
51/51 - 8s - 151ms/step - loss: 0.6507 - val_loss: 0.6437
Epoch 128/500
51/51 - 8s - 151ms/step - loss: 0.6514 - val_loss: 0.6480
Epoch 129/500
51/51 - 8s - 151ms/step - loss: 0.6508 - val_loss: 0.6486
Epoch 130/500
51/51 - 8s - 151ms/step - loss: 0.6516 - val_loss: 0.6460
Epoch 131/500
51/51 - 8s - 151ms/step - loss: 0.6506 - val_loss: 0.6456
Epoch 132/500
51/51 - 8s - 151ms/step - loss: 0.6506 - val_loss: 0.6433
Epoch 133/500
51/51 - 8s - 150ms/step - loss: 0.6509 - val_loss: 0.6447
Epoch 134/500
51/51 - 8s - 150ms/step - loss: 0.6504 - val_loss: 0.6426
Epoch 135/500
51/51 - 8s - 151ms/step - loss: 0.6499 - val_loss: 0.6418
Epoch 136/500
51/51 - 8s - 151ms/step - loss: 0.6503 - val_loss: 0.6436
Epoch 137/500
51/51 - 8s - 151ms/step - loss: 0.6498 - val_loss: 0.6420
Epoch 138/500
51/51 - 8s - 150ms/step - loss: 0.6504 - val_loss: 0.6415
Epoch 139/500
51/51 - 8s - 150ms/step - loss: 0.6494 - val_loss: 0.6414
Epoch 140/500
51/51 - 8s - 151ms/step - loss: 0.6500 - val_loss: 0.6402
Epoch 141/500
51/51 - 8s - 151ms/step - loss: 0.6492 - val_loss: 0.6403
Epoch 142/500
51/51 - 8s - 152ms/step - loss: 0.6488 - val_loss: 0.6404
Epoch 143/500
51/51 - 8s - 152ms/step - loss: 0.6487 - val_loss: 0.6405
Epoch 144/500
51/51 - 8s - 151ms/step - loss: 0.6489 - val_loss: 0.6404
Epoch 145/500
51/51 - 8s - 151ms/step - loss: 0.6490 - val_loss: 0.6424
Epoch 146/500
51/51 - 8s - 151ms/step - loss: 0.6498 - val_loss: 0.6429
Epoch 147/500
51/51 - 8s - 151ms/step - loss: 0.6487 - val_loss: 0.6395
Epoch 148/500
51/51 - 8s - 150ms/step - loss: 0.6486 - val_loss: 0.6411
Epoch 149/500
51/51 - 8s - 151ms/step - loss: 0.6501 - val_loss: 0.6389
Epoch 150/500
51/51 - 8s - 151ms/step - loss: 0.6491 - val_loss: 0.6400
Epoch 151/500
51/51 - 8s - 151ms/step - loss: 0.6477 - val_loss: 0.6396
Epoch 152/500
51/51 - 8s - 151ms/step - loss: 0.6488 - val_loss: 0.6409
Epoch 153/500
51/51 - 8s - 150ms/step - loss: 0.6480 - val_loss: 0.6394
Epoch 154/500
51/51 - 8s - 151ms/step - loss: 0.6486 - val_loss: 0.6380
Epoch 155/500
51/51 - 8s - 151ms/step - loss: 0.6473 - val_loss: 0.6399
Epoch 156/500
51/51 - 8s - 151ms/step - loss: 0.6468 - val_loss: 0.6389
Epoch 157/500
51/51 - 8s - 151ms/step - loss: 0.6474 - val_loss: 0.6405
Epoch 158/500
51/51 - 8s - 151ms/step - loss: 0.6476 - val_loss: 0.6394
Epoch 159/500
51/51 - 8s - 151ms/step - loss: 0.6513 - val_loss: 0.6448
Epoch 160/500
51/51 - 8s - 151ms/step - loss: 0.6482 - val_loss: 0.6406
Epoch 161/500
51/51 - 8s - 151ms/step - loss: 0.6472 - val_loss: 0.6411
Epoch 162/500
51/51 - 8s - 151ms/step - loss: 0.6479 - val_loss: 0.6450
Epoch 163/500
51/51 - 8s - 150ms/step - loss: 0.6481 - val_loss: 0.6426
Epoch 164/500
51/51 - 8s - 151ms/step - loss: 0.6484 - val_loss: 0.6438
[Run 3/5] Training single encoder baseline (sigmoid head)...
[Run 4/5] Training shared encoder (unweighted)...
Epoch 1/500
51/51 - 11s - 219ms/step - loss: 0.9247 - val_loss: 0.7761
Epoch 2/500
51/51 - 7s - 146ms/step - loss: 0.7671 - val_loss: 0.7468
Epoch 3/500
51/51 - 7s - 140ms/step - loss: 0.7537 - val_loss: 0.7340
Epoch 4/500
51/51 - 7s - 147ms/step - loss: 0.7388 - val_loss: 0.7193
Epoch 5/500
51/51 - 7s - 146ms/step - loss: 0.7244 - val_loss: 0.7097
Epoch 6/500
51/51 - 8s - 148ms/step - loss: 0.7148 - val_loss: 0.7029
Epoch 7/500
51/51 - 7s - 145ms/step - loss: 0.7099 - val_loss: 0.6997
Epoch 8/500
51/51 - 7s - 146ms/step - loss: 0.7076 - val_loss: 0.6970
Epoch 9/500
51/51 - 7s - 146ms/step - loss: 0.7052 - val_loss: 0.6937
Epoch 10/500
51/51 - 7s - 146ms/step - loss: 0.7022 - val_loss: 0.6928
Epoch 11/500
51/51 - 7s - 146ms/step - loss: 0.7002 - val_loss: 0.6917
Epoch 12/500
51/51 - 7s - 145ms/step - loss: 0.6992 - val_loss: 0.6898
Epoch 13/500
51/51 - 7s - 145ms/step - loss: 0.6965 - val_loss: 0.6934
Epoch 14/500
51/51 - 7s - 145ms/step - loss: 0.6953 - val_loss: 0.6927
Epoch 15/500
51/51 - 7s - 145ms/step - loss: 0.6937 - val_loss: 0.6875
Epoch 16/500
51/51 - 7s - 146ms/step - loss: 0.6901 - val_loss: 0.6851
Epoch 17/500
51/51 - 7s - 145ms/step - loss: 0.6881 - val_loss: 0.6836
Epoch 18/500
51/51 - 7s - 146ms/step - loss: 0.6861 - val_loss: 0.6788
Epoch 19/500
51/51 - 7s - 146ms/step - loss: 0.6847 - val_loss: 0.6775
Epoch 20/500
51/51 - 7s - 146ms/step - loss: 0.6838 - val_loss: 0.6757
Epoch 21/500
51/51 - 7s - 146ms/step - loss: 0.6825 - val_loss: 0.6739
Epoch 22/500
51/51 - 7s - 146ms/step - loss: 0.6811 - val_loss: 0.6730
Epoch 23/500
51/51 - 7s - 146ms/step - loss: 0.6807 - val_loss: 0.6715
Epoch 24/500
51/51 - 7s - 146ms/step - loss: 0.6796 - val_loss: 0.6703
Epoch 25/500
51/51 - 7s - 146ms/step - loss: 0.6785 - val_loss: 0.6690
Epoch 26/500
51/51 - 7s - 146ms/step - loss: 0.6775 - val_loss: 0.6688
Epoch 27/500
51/51 - 7s - 146ms/step - loss: 0.6765 - val_loss: 0.6678
Epoch 28/500
51/51 - 7s - 145ms/step - loss: 0.6763 - val_loss: 0.6682
Epoch 29/500
51/51 - 7s - 145ms/step - loss: 0.6752 - val_loss: 0.6663
Epoch 30/500
51/51 - 7s - 145ms/step - loss: 0.6746 - val_loss: 0.6681
Epoch 31/500
51/51 - 7s - 146ms/step - loss: 0.6751 - val_loss: 0.6697
Epoch 32/500
51/51 - 7s - 146ms/step - loss: 0.6734 - val_loss: 0.6653
Epoch 33/500
51/51 - 7s - 145ms/step - loss: 0.6726 - val_loss: 0.6664
Epoch 34/500
51/51 - 7s - 146ms/step - loss: 0.6732 - val_loss: 0.6648
Epoch 35/500
51/51 - 7s - 146ms/step - loss: 0.6716 - val_loss: 0.6642
Epoch 36/500
51/51 - 7s - 145ms/step - loss: 0.6713 - val_loss: 0.6646
Epoch 37/500
51/51 - 7s - 145ms/step - loss: 0.6710 - val_loss: 0.6623
Epoch 38/500
51/51 - 7s - 145ms/step - loss: 0.6696 - val_loss: 0.6618
Epoch 39/500
51/51 - 7s - 145ms/step - loss: 0.6703 - val_loss: 0.6617
Epoch 40/500
51/51 - 7s - 145ms/step - loss: 0.6710 - val_loss: 0.6615
Epoch 41/500
51/51 - 7s - 145ms/step - loss: 0.6685 - val_loss: 0.6614
Epoch 42/500
51/51 - 7s - 146ms/step - loss: 0.6680 - val_loss: 0.6610
Epoch 43/500
51/51 - 7s - 145ms/step - loss: 0.6676 - val_loss: 0.6609
Epoch 44/500
51/51 - 7s - 146ms/step - loss: 0.6675 - val_loss: 0.6602
Epoch 45/500
51/51 - 7s - 145ms/step - loss: 0.6675 - val_loss: 0.6600
Epoch 46/500
51/51 - 7s - 145ms/step - loss: 0.6680 - val_loss: 0.6592
Epoch 47/500
51/51 - 7s - 145ms/step - loss: 0.6672 - val_loss: 0.6593
Epoch 48/500
51/51 - 7s - 146ms/step - loss: 0.6661 - val_loss: 0.6588
Epoch 49/500
51/51 - 7s - 145ms/step - loss: 0.6661 - val_loss: 0.6584
Epoch 50/500
51/51 - 7s - 145ms/step - loss: 0.6673 - val_loss: 0.6575
Epoch 51/500
51/51 - 7s - 145ms/step - loss: 0.6666 - val_loss: 0.6575
Epoch 52/500
51/51 - 7s - 145ms/step - loss: 0.6655 - val_loss: 0.6573
Epoch 53/500
51/51 - 7s - 146ms/step - loss: 0.6653 - val_loss: 0.6573
Epoch 54/500
51/51 - 7s - 145ms/step - loss: 0.6653 - val_loss: 0.6588
Epoch 55/500
51/51 - 7s - 145ms/step - loss: 0.6646 - val_loss: 0.6564
Epoch 56/500
51/51 - 7s - 145ms/step - loss: 0.6641 - val_loss: 0.6565
Epoch 57/500
51/51 - 7s - 145ms/step - loss: 0.6660 - val_loss: 0.6554
Epoch 58/500
51/51 - 7s - 146ms/step - loss: 0.6617 - val_loss: 0.6545
Epoch 59/500
51/51 - 7s - 145ms/step - loss: 0.6637 - val_loss: 0.6544
Epoch 60/500
51/51 - 7s - 145ms/step - loss: 0.6631 - val_loss: 0.6552
Epoch 61/500
51/51 - 7s - 145ms/step - loss: 0.6633 - val_loss: 0.6544
Epoch 62/500
51/51 - 7s - 145ms/step - loss: 0.6640 - val_loss: 0.6548
Epoch 63/500
51/51 - 7s - 145ms/step - loss: 0.6614 - val_loss: 0.6539
Epoch 64/500
51/51 - 7s - 145ms/step - loss: 0.6614 - val_loss: 0.6536
Epoch 65/500
51/51 - 7s - 145ms/step - loss: 0.6629 - val_loss: 0.6532
Epoch 66/500
51/51 - 7s - 145ms/step - loss: 0.6628 - val_loss: 0.6537
Epoch 67/500
51/51 - 7s - 145ms/step - loss: 0.6607 - val_loss: 0.6535
Epoch 68/500
51/51 - 7s - 145ms/step - loss: 0.6628 - val_loss: 0.6561
Epoch 69/500
51/51 - 7s - 145ms/step - loss: 0.6603 - val_loss: 0.6531
Epoch 70/500
51/51 - 7s - 145ms/step - loss: 0.6617 - val_loss: 0.6528
Epoch 71/500
51/51 - 7s - 145ms/step - loss: 0.6600 - val_loss: 0.6528
Epoch 72/500
51/51 - 7s - 145ms/step - loss: 0.6588 - val_loss: 0.6544
Epoch 73/500
51/51 - 7s - 145ms/step - loss: 0.6587 - val_loss: 0.6575
Epoch 74/500
51/51 - 7s - 145ms/step - loss: 0.6630 - val_loss: 0.6531
Epoch 75/500
51/51 - 7s - 146ms/step - loss: 0.6596 - val_loss: 0.6536
Epoch 76/500
51/51 - 7s - 146ms/step - loss: 0.6631 - val_loss: 0.6554
Epoch 77/500
51/51 - 7s - 145ms/step - loss: 0.6582 - val_loss: 0.6519
Epoch 78/500
51/51 - 7s - 145ms/step - loss: 0.6609 - val_loss: 0.6521
Epoch 79/500
51/51 - 7s - 145ms/step - loss: 0.6605 - val_loss: 0.6528
Epoch 80/500
51/51 - 7s - 145ms/step - loss: 0.6635 - val_loss: 0.6526
Epoch 81/500
51/51 - 7s - 145ms/step - loss: 0.6599 - val_loss: 0.6516
Epoch 82/500
51/51 - 7s - 145ms/step - loss: 0.6619 - val_loss: 0.6535
Epoch 83/500
51/51 - 7s - 145ms/step - loss: 0.6594 - val_loss: 0.6523
Epoch 84/500
51/51 - 7s - 145ms/step - loss: 0.6594 - val_loss: 0.6523
Epoch 85/500
51/51 - 7s - 146ms/step - loss: 0.6578 - val_loss: 0.6518
Epoch 86/500
51/51 - 7s - 145ms/step - loss: 0.6586 - val_loss: 0.6516
Epoch 87/500
51/51 - 7s - 146ms/step - loss: 0.6588 - val_loss: 0.6515
Epoch 88/500
51/51 - 7s - 145ms/step - loss: 0.6589 - val_loss: 0.6510
Epoch 89/500
51/51 - 7s - 146ms/step - loss: 0.6590 - val_loss: 0.6515
Epoch 90/500
51/51 - 7s - 146ms/step - loss: 0.6592 - val_loss: 0.6538
Epoch 91/500
51/51 - 7s - 145ms/step - loss: 0.6573 - val_loss: 0.6511
Epoch 92/500
51/51 - 7s - 145ms/step - loss: 0.6588 - val_loss: 0.6521
Epoch 93/500
51/51 - 7s - 145ms/step - loss: 0.6589 - val_loss: 0.6519
Epoch 94/500
51/51 - 7s - 145ms/step - loss: 0.6571 - val_loss: 0.6527
Epoch 95/500
51/51 - 7s - 145ms/step - loss: 0.6566 - val_loss: 0.6518
Epoch 96/500
51/51 - 7s - 145ms/step - loss: 0.6583 - val_loss: 0.6515
Epoch 97/500
51/51 - 7s - 145ms/step - loss: 0.6580 - val_loss: 0.6503
Epoch 98/500
51/51 - 7s - 145ms/step - loss: 0.6583 - val_loss: 0.6535
Epoch 99/500
51/51 - 7s - 145ms/step - loss: 0.6588 - val_loss: 0.6515
Epoch 100/500
51/51 - 7s - 145ms/step - loss: 0.6553 - val_loss: 0.6506
Epoch 101/500
51/51 - 7s - 144ms/step - loss: 0.6592 - val_loss: 0.6532
Epoch 102/500
51/51 - 7s - 145ms/step - loss: 0.6564 - val_loss: 0.6508
Epoch 103/500
51/51 - 7s - 145ms/step - loss: 0.6591 - val_loss: 0.6519
Epoch 104/500
51/51 - 7s - 145ms/step - loss: 0.6566 - val_loss: 0.6507
Epoch 105/500
51/51 - 7s - 145ms/step - loss: 0.6599 - val_loss: 0.6523
Epoch 106/500
51/51 - 7s - 145ms/step - loss: 0.6564 - val_loss: 0.6508
Epoch 107/500
51/51 - 7s - 146ms/step - loss: 0.6579 - val_loss: 0.6517
[Run 4/5] Training shared encoder (weighted)...
Epoch 1/500
51/51 - 11s - 214ms/step - loss: 0.7893 - val_loss: 0.7565
Epoch 2/500
51/51 - 8s - 153ms/step - loss: 0.7567 - val_loss: 0.7427
Epoch 3/500
51/51 - 7s - 145ms/step - loss: 0.7419 - val_loss: 0.7276
Epoch 4/500
51/51 - 8s - 152ms/step - loss: 0.7372 - val_loss: 0.7263
Epoch 5/500
51/51 - 8s - 151ms/step - loss: 0.7332 - val_loss: 0.7307
Epoch 6/500
51/51 - 8s - 151ms/step - loss: 0.7314 - val_loss: 0.7276
Epoch 7/500
51/51 - 8s - 151ms/step - loss: 0.7301 - val_loss: 0.7323
Epoch 8/500
51/51 - 8s - 151ms/step - loss: 0.7262 - val_loss: 0.7228
Epoch 9/500
51/51 - 8s - 151ms/step - loss: 0.7244 - val_loss: 0.7220
Epoch 10/500
51/51 - 8s - 151ms/step - loss: 0.7243 - val_loss: 0.7146
Epoch 11/500
51/51 - 8s - 152ms/step - loss: 0.7214 - val_loss: 0.7100
Epoch 12/500
51/51 - 8s - 151ms/step - loss: 0.7205 - val_loss: 0.7106
Epoch 13/500
51/51 - 8s - 152ms/step - loss: 0.7179 - val_loss: 0.7112
Epoch 14/500
51/51 - 8s - 151ms/step - loss: 0.7167 - val_loss: 0.7074
Epoch 15/500
51/51 - 8s - 151ms/step - loss: 0.7191 - val_loss: 0.7038
Epoch 16/500
51/51 - 8s - 151ms/step - loss: 0.7160 - val_loss: 0.7093
Epoch 17/500
51/51 - 8s - 151ms/step - loss: 0.7140 - val_loss: 0.7066
Epoch 18/500
51/51 - 8s - 151ms/step - loss: 0.7113 - val_loss: 0.7005
Epoch 19/500
51/51 - 8s - 151ms/step - loss: 0.7133 - val_loss: 0.7001
Epoch 20/500
51/51 - 8s - 150ms/step - loss: 0.7100 - val_loss: 0.7046
Epoch 21/500
51/51 - 8s - 151ms/step - loss: 0.7068 - val_loss: 0.6987
Epoch 22/500
51/51 - 8s - 151ms/step - loss: 0.7091 - val_loss: 0.6980
Epoch 23/500
51/51 - 8s - 150ms/step - loss: 0.7065 - val_loss: 0.6987
Epoch 24/500
51/51 - 8s - 150ms/step - loss: 0.7045 - val_loss: 0.6987
Epoch 25/500
51/51 - 8s - 151ms/step - loss: 0.7047 - val_loss: 0.7004
Epoch 26/500
51/51 - 8s - 151ms/step - loss: 0.7023 - val_loss: 0.6968
Epoch 27/500
51/51 - 8s - 153ms/step - loss: 0.7006 - val_loss: 0.6971
Epoch 28/500
51/51 - 8s - 151ms/step - loss: 0.7014 - val_loss: 0.6931
Epoch 29/500
51/51 - 8s - 150ms/step - loss: 0.7009 - val_loss: 0.6920
Epoch 30/500
51/51 - 8s - 151ms/step - loss: 0.6994 - val_loss: 0.6939
Epoch 31/500
51/51 - 8s - 150ms/step - loss: 0.6991 - val_loss: 0.6990
Epoch 32/500
51/51 - 8s - 151ms/step - loss: 0.6992 - val_loss: 0.6940
Epoch 33/500
51/51 - 8s - 150ms/step - loss: 0.6975 - val_loss: 0.6975
Epoch 34/500
51/51 - 8s - 150ms/step - loss: 0.6987 - val_loss: 0.6932
Epoch 35/500
51/51 - 8s - 150ms/step - loss: 0.6976 - val_loss: 0.6947
Epoch 36/500
51/51 - 8s - 151ms/step - loss: 0.6968 - val_loss: 0.6932
Epoch 37/500
51/51 - 8s - 151ms/step - loss: 0.6974 - val_loss: 0.6963
Epoch 38/500
51/51 - 8s - 151ms/step - loss: 0.6960 - val_loss: 0.6923
Epoch 39/500
51/51 - 8s - 151ms/step - loss: 0.6970 - val_loss: 0.6915
Epoch 40/500
51/51 - 8s - 151ms/step - loss: 0.6972 - val_loss: 0.6941
Epoch 41/500
51/51 - 8s - 152ms/step - loss: 0.6957 - val_loss: 0.6950
Epoch 42/500
51/51 - 8s - 151ms/step - loss: 0.6951 - val_loss: 0.6912
Epoch 43/500
51/51 - 8s - 150ms/step - loss: 0.6952 - val_loss: 0.6917
Epoch 44/500
51/51 - 8s - 151ms/step - loss: 0.6962 - val_loss: 0.6931
Epoch 45/500
51/51 - 8s - 151ms/step - loss: 0.6958 - val_loss: 0.7001
Epoch 46/500
51/51 - 8s - 151ms/step - loss: 0.6948 - val_loss: 0.6906
Epoch 47/500
51/51 - 8s - 151ms/step - loss: 0.6952 - val_loss: 0.6918
Epoch 48/500
51/51 - 8s - 151ms/step - loss: 0.6950 - val_loss: 0.6914
Epoch 49/500
51/51 - 8s - 151ms/step - loss: 0.6951 - val_loss: 0.6910
Epoch 50/500
51/51 - 8s - 151ms/step - loss: 0.6947 - val_loss: 0.6954
Epoch 51/500
51/51 - 8s - 151ms/step - loss: 0.6939 - val_loss: 0.6952
Epoch 52/500
51/51 - 8s - 150ms/step - loss: 0.6937 - val_loss: 0.6939
Epoch 53/500
51/51 - 8s - 150ms/step - loss: 0.6944 - val_loss: 0.6938
Epoch 54/500
51/51 - 8s - 150ms/step - loss: 0.6931 - val_loss: 0.6921
Epoch 55/500
51/51 - 8s - 151ms/step - loss: 0.6927 - val_loss: 0.6913
Epoch 56/500
51/51 - 8s - 150ms/step - loss: 0.6929 - val_loss: 0.6915
[Run 4/5] Training single encoder baseline (sigmoid head)...
[Run 5/5] Training shared encoder (unweighted)...
Epoch 1/500
50/50 - 11s - 222ms/step - loss: 0.8614 - val_loss: 0.8129
Epoch 2/500
50/50 - 7s - 146ms/step - loss: 0.7773 - val_loss: 0.7592
Epoch 3/500
50/50 - 7s - 139ms/step - loss: 0.7421 - val_loss: 0.7411
Epoch 4/500
50/50 - 7s - 146ms/step - loss: 0.7260 - val_loss: 0.7271
Epoch 5/500
50/50 - 7s - 145ms/step - loss: 0.7165 - val_loss: 0.7212
Epoch 6/500
50/50 - 7s - 144ms/step - loss: 0.7118 - val_loss: 0.7190
Epoch 7/500
50/50 - 7s - 145ms/step - loss: 0.7104 - val_loss: 0.7184
Epoch 8/500
50/50 - 7s - 145ms/step - loss: 0.7096 - val_loss: 0.7169
Epoch 9/500
50/50 - 7s - 144ms/step - loss: 0.7088 - val_loss: 0.7160
Epoch 10/500
50/50 - 7s - 145ms/step - loss: 0.7083 - val_loss: 0.7161
Epoch 11/500
50/50 - 7s - 145ms/step - loss: 0.7079 - val_loss: 0.7155
Epoch 12/500
50/50 - 7s - 145ms/step - loss: 0.7078 - val_loss: 0.7153
Epoch 13/500
50/50 - 7s - 144ms/step - loss: 0.7074 - val_loss: 0.7151
Epoch 14/500
50/50 - 7s - 145ms/step - loss: 0.7073 - val_loss: 0.7159
Epoch 15/500
50/50 - 7s - 145ms/step - loss: 0.7064 - val_loss: 0.7144
Epoch 16/500
50/50 - 7s - 144ms/step - loss: 0.7066 - val_loss: 0.7150
Epoch 17/500
50/50 - 7s - 145ms/step - loss: 0.7060 - val_loss: 0.7127
Epoch 18/500
50/50 - 7s - 145ms/step - loss: 0.7055 - val_loss: 0.7130
Epoch 19/500
50/50 - 7s - 144ms/step - loss: 0.7050 - val_loss: 0.7124
Epoch 20/500
50/50 - 7s - 144ms/step - loss: 0.7045 - val_loss: 0.7114
Epoch 21/500
50/50 - 7s - 145ms/step - loss: 0.7035 - val_loss: 0.7106
Epoch 22/500
50/50 - 7s - 145ms/step - loss: 0.7026 - val_loss: 0.7096
Epoch 23/500
50/50 - 7s - 146ms/step - loss: 0.7021 - val_loss: 0.7085
Epoch 24/500
50/50 - 7s - 145ms/step - loss: 0.7009 - val_loss: 0.7078
Epoch 25/500
50/50 - 7s - 145ms/step - loss: 0.7006 - val_loss: 0.7077
Epoch 26/500
50/50 - 7s - 145ms/step - loss: 0.6997 - val_loss: 0.7069
Epoch 27/500
50/50 - 7s - 145ms/step - loss: 0.6986 - val_loss: 0.7056
Epoch 28/500
50/50 - 7s - 145ms/step - loss: 0.6979 - val_loss: 0.7046
Epoch 29/500
50/50 - 7s - 145ms/step - loss: 0.6969 - val_loss: 0.7030
Epoch 30/500
50/50 - 7s - 145ms/step - loss: 0.6950 - val_loss: 0.7019
Epoch 31/500
50/50 - 7s - 145ms/step - loss: 0.6936 - val_loss: 0.7026
Epoch 32/500
50/50 - 7s - 145ms/step - loss: 0.6933 - val_loss: 0.7021
Epoch 33/500
50/50 - 7s - 145ms/step - loss: 0.6917 - val_loss: 0.7012
Epoch 34/500
50/50 - 7s - 145ms/step - loss: 0.6910 - val_loss: 0.7018
Epoch 35/500
50/50 - 7s - 145ms/step - loss: 0.6906 - val_loss: 0.7007
Epoch 36/500
50/50 - 7s - 145ms/step - loss: 0.6898 - val_loss: 0.7001
Epoch 37/500
50/50 - 7s - 145ms/step - loss: 0.6893 - val_loss: 0.7011
Epoch 38/500
50/50 - 7s - 147ms/step - loss: 0.6888 - val_loss: 0.6999
Epoch 39/500
50/50 - 7s - 145ms/step - loss: 0.6880 - val_loss: 0.6988
Epoch 40/500
50/50 - 7s - 145ms/step - loss: 0.6872 - val_loss: 0.6993
Epoch 41/500
50/50 - 7s - 145ms/step - loss: 0.6871 - val_loss: 0.6985
Epoch 42/500
50/50 - 7s - 145ms/step - loss: 0.6877 - val_loss: 0.7000
Epoch 43/500
50/50 - 7s - 145ms/step - loss: 0.6872 - val_loss: 0.6965
Epoch 44/500
50/50 - 7s - 145ms/step - loss: 0.6859 - val_loss: 0.6964
Epoch 45/500
50/50 - 7s - 146ms/step - loss: 0.6867 - val_loss: 0.6982
Epoch 46/500
50/50 - 7s - 145ms/step - loss: 0.6865 - val_loss: 0.6983
Epoch 47/500
50/50 - 7s - 145ms/step - loss: 0.6858 - val_loss: 0.6952
Epoch 48/500
50/50 - 7s - 145ms/step - loss: 0.6840 - val_loss: 0.6950
Epoch 49/500
50/50 - 7s - 145ms/step - loss: 0.6840 - val_loss: 0.6979
Epoch 50/500
50/50 - 7s - 145ms/step - loss: 0.6839 - val_loss: 0.6954
Epoch 51/500
50/50 - 7s - 145ms/step - loss: 0.6831 - val_loss: 0.6929
Epoch 52/500
50/50 - 7s - 145ms/step - loss: 0.6831 - val_loss: 0.6942
Epoch 53/500
50/50 - 7s - 146ms/step - loss: 0.6827 - val_loss: 0.6928
Epoch 54/500
50/50 - 7s - 145ms/step - loss: 0.6820 - val_loss: 0.6932
Epoch 55/500
50/50 - 7s - 146ms/step - loss: 0.6820 - val_loss: 0.6936
Epoch 56/500
50/50 - 7s - 145ms/step - loss: 0.6821 - val_loss: 0.6935
Epoch 57/500
50/50 - 7s - 145ms/step - loss: 0.6810 - val_loss: 0.6919
Epoch 58/500
50/50 - 7s - 145ms/step - loss: 0.6807 - val_loss: 0.6913
Epoch 59/500
50/50 - 7s - 145ms/step - loss: 0.6807 - val_loss: 0.6946
Epoch 60/500
50/50 - 7s - 145ms/step - loss: 0.6802 - val_loss: 0.6906
Epoch 61/500
50/50 - 7s - 145ms/step - loss: 0.6799 - val_loss: 0.6926
Epoch 62/500
50/50 - 7s - 145ms/step - loss: 0.6791 - val_loss: 0.6910
Epoch 63/500
50/50 - 7s - 145ms/step - loss: 0.6787 - val_loss: 0.6877
Epoch 64/500
50/50 - 7s - 145ms/step - loss: 0.6790 - val_loss: 0.6903
Epoch 65/500
50/50 - 7s - 145ms/step - loss: 0.6772 - val_loss: 0.6935
Epoch 66/500
50/50 - 7s - 145ms/step - loss: 0.6768 - val_loss: 0.6892
Epoch 67/500
50/50 - 7s - 145ms/step - loss: 0.6763 - val_loss: 0.6897
Epoch 68/500
50/50 - 7s - 145ms/step - loss: 0.6763 - val_loss: 0.6914
Epoch 69/500
50/50 - 7s - 145ms/step - loss: 0.6784 - val_loss: 0.6852
Epoch 70/500
50/50 - 7s - 145ms/step - loss: 0.6755 - val_loss: 0.6950
Epoch 71/500
50/50 - 7s - 145ms/step - loss: 0.6772 - val_loss: 0.6869
Epoch 72/500
50/50 - 7s - 145ms/step - loss: 0.6766 - val_loss: 0.6839
Epoch 73/500
50/50 - 7s - 145ms/step - loss: 0.6740 - val_loss: 0.6840
Epoch 74/500
50/50 - 7s - 145ms/step - loss: 0.6752 - val_loss: 0.6900
Epoch 75/500
50/50 - 7s - 145ms/step - loss: 0.6751 - val_loss: 0.6895
Epoch 76/500
50/50 - 7s - 145ms/step - loss: 0.6738 - val_loss: 0.6886
Epoch 77/500
50/50 - 7s - 145ms/step - loss: 0.6749 - val_loss: 0.6865
Epoch 78/500
50/50 - 7s - 145ms/step - loss: 0.6751 - val_loss: 0.6848
Epoch 79/500
50/50 - 7s - 145ms/step - loss: 0.6749 - val_loss: 0.6840
Epoch 80/500
50/50 - 7s - 145ms/step - loss: 0.6736 - val_loss: 0.6828
Epoch 81/500
50/50 - 7s - 145ms/step - loss: 0.6725 - val_loss: 0.6834
Epoch 82/500
50/50 - 7s - 145ms/step - loss: 0.6737 - val_loss: 0.6863
Epoch 83/500
50/50 - 7s - 145ms/step - loss: 0.6726 - val_loss: 0.6849
Epoch 84/500
50/50 - 7s - 146ms/step - loss: 0.6722 - val_loss: 0.6892
Epoch 85/500
50/50 - 7s - 145ms/step - loss: 0.6727 - val_loss: 0.6875
Epoch 86/500
50/50 - 7s - 145ms/step - loss: 0.6724 - val_loss: 0.6849
Epoch 87/500
50/50 - 7s - 145ms/step - loss: 0.6710 - val_loss: 0.6829
Epoch 88/500
50/50 - 7s - 145ms/step - loss: 0.6708 - val_loss: 0.6846
Epoch 89/500
50/50 - 7s - 145ms/step - loss: 0.6712 - val_loss: 0.6806
Epoch 90/500
50/50 - 7s - 145ms/step - loss: 0.6683 - val_loss: 0.6795
Epoch 91/500
50/50 - 7s - 145ms/step - loss: 0.6702 - val_loss: 0.6823
Epoch 92/500
50/50 - 7s - 146ms/step - loss: 0.6693 - val_loss: 0.6812
Epoch 93/500
50/50 - 7s - 145ms/step - loss: 0.6701 - val_loss: 0.6827
Epoch 94/500
50/50 - 7s - 145ms/step - loss: 0.6688 - val_loss: 0.6822
Epoch 95/500
50/50 - 7s - 145ms/step - loss: 0.6679 - val_loss: 0.6792
Epoch 96/500
50/50 - 7s - 145ms/step - loss: 0.6678 - val_loss: 0.6862
Epoch 97/500
50/50 - 7s - 145ms/step - loss: 0.6687 - val_loss: 0.6844
Epoch 98/500
50/50 - 7s - 146ms/step - loss: 0.6672 - val_loss: 0.6789
Epoch 99/500
50/50 - 7s - 145ms/step - loss: 0.6677 - val_loss: 0.6812
Epoch 100/500
50/50 - 7s - 145ms/step - loss: 0.6689 - val_loss: 0.6804
Epoch 101/500
50/50 - 7s - 145ms/step - loss: 0.6675 - val_loss: 0.6849
Epoch 102/500
50/50 - 7s - 145ms/step - loss: 0.6678 - val_loss: 0.6811
Epoch 103/500
50/50 - 7s - 145ms/step - loss: 0.6666 - val_loss: 0.6872
Epoch 104/500
50/50 - 7s - 145ms/step - loss: 0.6655 - val_loss: 0.6772
Epoch 105/500
50/50 - 7s - 145ms/step - loss: 0.6665 - val_loss: 0.6805
Epoch 106/500
50/50 - 7s - 145ms/step - loss: 0.6654 - val_loss: 0.6819
Epoch 107/500
50/50 - 7s - 144ms/step - loss: 0.6654 - val_loss: 0.6793
Epoch 108/500
50/50 - 7s - 144ms/step - loss: 0.6666 - val_loss: 0.6788
Epoch 109/500
50/50 - 7s - 142ms/step - loss: 0.6649 - val_loss: 0.6774
Epoch 110/500
50/50 - 7s - 142ms/step - loss: 0.6634 - val_loss: 0.6800
Epoch 111/500
50/50 - 7s - 143ms/step - loss: 0.6634 - val_loss: 0.6799
Epoch 112/500
50/50 - 7s - 146ms/step - loss: 0.6638 - val_loss: 0.6830
Epoch 113/500
50/50 - 7s - 145ms/step - loss: 0.6632 - val_loss: 0.6782
Epoch 114/500
50/50 - 7s - 145ms/step - loss: 0.6640 - val_loss: 0.6732
Epoch 115/500
50/50 - 7s - 145ms/step - loss: 0.6617 - val_loss: 0.6764
Epoch 116/500
50/50 - 7s - 145ms/step - loss: 0.6626 - val_loss: 0.6773
Epoch 117/500
50/50 - 7s - 145ms/step - loss: 0.6628 - val_loss: 0.6808
Epoch 118/500
50/50 - 7s - 145ms/step - loss: 0.6641 - val_loss: 0.6764
Epoch 119/500
50/50 - 7s - 145ms/step - loss: 0.6617 - val_loss: 0.6800
Epoch 120/500
50/50 - 7s - 145ms/step - loss: 0.6613 - val_loss: 0.6804
Epoch 121/500
50/50 - 7s - 146ms/step - loss: 0.6620 - val_loss: 0.6782
Epoch 122/500
50/50 - 7s - 145ms/step - loss: 0.6601 - val_loss: 0.6758
Epoch 123/500
50/50 - 7s - 145ms/step - loss: 0.6620 - val_loss: 0.6805
Epoch 124/500
50/50 - 7s - 145ms/step - loss: 0.6629 - val_loss: 0.6743
[Run 5/5] Training shared encoder (weighted)...
Epoch 1/500
50/50 - 11s - 218ms/step - loss: 0.8306 - val_loss: 0.7880
Epoch 2/500
50/50 - 8s - 153ms/step - loss: 0.7627 - val_loss: 0.7544
Epoch 3/500
50/50 - 7s - 146ms/step - loss: 0.7421 - val_loss: 0.7425
Epoch 4/500
50/50 - 8s - 152ms/step - loss: 0.7327 - val_loss: 0.7352
Epoch 5/500
50/50 - 8s - 151ms/step - loss: 0.7283 - val_loss: 0.7327
Epoch 6/500
50/50 - 8s - 151ms/step - loss: 0.7230 - val_loss: 0.7293
Epoch 7/500
50/50 - 8s - 151ms/step - loss: 0.7203 - val_loss: 0.7276
Epoch 8/500
50/50 - 8s - 151ms/step - loss: 0.7191 - val_loss: 0.7319
Epoch 9/500
50/50 - 8s - 151ms/step - loss: 0.7163 - val_loss: 0.7236
Epoch 10/500
50/50 - 8s - 151ms/step - loss: 0.7139 - val_loss: 0.7194
Epoch 11/500
50/50 - 8s - 150ms/step - loss: 0.7109 - val_loss: 0.7210
Epoch 12/500
50/50 - 8s - 151ms/step - loss: 0.7092 - val_loss: 0.7153
Epoch 13/500
50/50 - 8s - 151ms/step - loss: 0.7070 - val_loss: 0.7150
Epoch 14/500
50/50 - 8s - 151ms/step - loss: 0.7060 - val_loss: 0.7125
Epoch 15/500
50/50 - 8s - 150ms/step - loss: 0.7051 - val_loss: 0.7121
Epoch 16/500
50/50 - 8s - 151ms/step - loss: 0.7031 - val_loss: 0.7107
Epoch 17/500
50/50 - 8s - 151ms/step - loss: 0.7009 - val_loss: 0.7087
Epoch 18/500
50/50 - 8s - 151ms/step - loss: 0.6992 - val_loss: 0.7070
Epoch 19/500
50/50 - 8s - 151ms/step - loss: 0.6987 - val_loss: 0.7030
Epoch 20/500
50/50 - 8s - 150ms/step - loss: 0.6960 - val_loss: 0.7015
Epoch 21/500
50/50 - 8s - 151ms/step - loss: 0.6956 - val_loss: 0.7003
Epoch 22/500
50/50 - 8s - 150ms/step - loss: 0.6940 - val_loss: 0.7014
Epoch 23/500
50/50 - 8s - 150ms/step - loss: 0.6951 - val_loss: 0.7020
Epoch 24/500
50/50 - 8s - 150ms/step - loss: 0.6926 - val_loss: 0.6977
Epoch 25/500
50/50 - 8s - 150ms/step - loss: 0.6945 - val_loss: 0.6985
Epoch 26/500
50/50 - 8s - 150ms/step - loss: 0.6916 - val_loss: 0.7023
Epoch 27/500
50/50 - 8s - 150ms/step - loss: 0.6909 - val_loss: 0.6967
Epoch 28/500
50/50 - 8s - 150ms/step - loss: 0.6911 - val_loss: 0.7075
Epoch 29/500
50/50 - 7s - 150ms/step - loss: 0.6905 - val_loss: 0.6991
Epoch 30/500
50/50 - 8s - 150ms/step - loss: 0.6901 - val_loss: 0.7014
Epoch 31/500
50/50 - 8s - 150ms/step - loss: 0.6885 - val_loss: 0.6975
Epoch 32/500
50/50 - 8s - 150ms/step - loss: 0.6874 - val_loss: 0.6932
Epoch 33/500
50/50 - 7s - 150ms/step - loss: 0.6863 - val_loss: 0.6920
Epoch 34/500
50/50 - 7s - 150ms/step - loss: 0.6874 - val_loss: 0.6923
Epoch 35/500
50/50 - 8s - 150ms/step - loss: 0.6865 - val_loss: 0.6910
Epoch 36/500
50/50 - 7s - 150ms/step - loss: 0.6881 - val_loss: 0.6965
Epoch 37/500
50/50 - 8s - 151ms/step - loss: 0.6855 - val_loss: 0.6906
Epoch 38/500
50/50 - 8s - 151ms/step - loss: 0.6849 - val_loss: 0.6902
Epoch 39/500
50/50 - 8s - 150ms/step - loss: 0.6847 - val_loss: 0.6902
Epoch 40/500
50/50 - 8s - 150ms/step - loss: 0.6847 - val_loss: 0.6898
Epoch 41/500
50/50 - 8s - 150ms/step - loss: 0.6843 - val_loss: 0.6889
Epoch 42/500
50/50 - 8s - 150ms/step - loss: 0.6832 - val_loss: 0.6900
Epoch 43/500
50/50 - 8s - 150ms/step - loss: 0.6831 - val_loss: 0.6889
Epoch 44/500
50/50 - 7s - 150ms/step - loss: 0.6805 - val_loss: 0.6928
Epoch 45/500
50/50 - 7s - 150ms/step - loss: 0.6825 - val_loss: 0.6897
Epoch 46/500
50/50 - 8s - 151ms/step - loss: 0.6811 - val_loss: 0.6878
Epoch 47/500
50/50 - 8s - 150ms/step - loss: 0.6816 - val_loss: 0.6892
Epoch 48/500
50/50 - 8s - 151ms/step - loss: 0.6799 - val_loss: 0.6879
Epoch 49/500
50/50 - 8s - 150ms/step - loss: 0.6789 - val_loss: 0.6922
Epoch 50/500
50/50 - 8s - 150ms/step - loss: 0.6794 - val_loss: 0.6951
Epoch 51/500
50/50 - 8s - 151ms/step - loss: 0.6803 - val_loss: 0.6867
Epoch 52/500
50/50 - 8s - 150ms/step - loss: 0.6774 - val_loss: 0.6870
Epoch 53/500
50/50 - 8s - 150ms/step - loss: 0.6771 - val_loss: 0.6929
Epoch 54/500
50/50 - 8s - 151ms/step - loss: 0.6782 - val_loss: 0.6898
Epoch 55/500
50/50 - 7s - 150ms/step - loss: 0.6790 - val_loss: 0.6860
Epoch 56/500
50/50 - 7s - 150ms/step - loss: 0.6777 - val_loss: 0.6905
Epoch 57/500
50/50 - 8s - 150ms/step - loss: 0.6800 - val_loss: 0.6878
Epoch 58/500
50/50 - 8s - 150ms/step - loss: 0.6765 - val_loss: 0.6881
Epoch 59/500
50/50 - 8s - 151ms/step - loss: 0.6767 - val_loss: 0.6899
Epoch 60/500
50/50 - 8s - 151ms/step - loss: 0.6764 - val_loss: 0.6859
Epoch 61/500
50/50 - 7s - 150ms/step - loss: 0.6756 - val_loss: 0.6944
Epoch 62/500
50/50 - 8s - 150ms/step - loss: 0.6760 - val_loss: 0.6859
Epoch 63/500
50/50 - 8s - 150ms/step - loss: 0.6748 - val_loss: 0.6897
Epoch 64/500
50/50 - 8s - 150ms/step - loss: 0.6752 - val_loss: 0.6844
Epoch 65/500
50/50 - 7s - 150ms/step - loss: 0.6752 - val_loss: 0.6857
Epoch 66/500
50/50 - 8s - 150ms/step - loss: 0.6747 - val_loss: 0.6839
Epoch 67/500
50/50 - 7s - 150ms/step - loss: 0.6740 - val_loss: 0.6868
Epoch 68/500
50/50 - 8s - 150ms/step - loss: 0.6736 - val_loss: 0.6837
Epoch 69/500
50/50 - 7s - 150ms/step - loss: 0.6737 - val_loss: 0.6839
Epoch 70/500
50/50 - 8s - 151ms/step - loss: 0.6730 - val_loss: 0.6835
Epoch 71/500
50/50 - 8s - 151ms/step - loss: 0.6746 - val_loss: 0.6868
Epoch 72/500
50/50 - 8s - 150ms/step - loss: 0.6747 - val_loss: 0.6862
Epoch 73/500
50/50 - 7s - 150ms/step - loss: 0.6739 - val_loss: 0.6850
Epoch 74/500
50/50 - 8s - 150ms/step - loss: 0.6733 - val_loss: 0.6871
Epoch 75/500
50/50 - 8s - 150ms/step - loss: 0.6724 - val_loss: 0.6839
Epoch 76/500
50/50 - 8s - 150ms/step - loss: 0.6720 - val_loss: 0.6819
Epoch 77/500
50/50 - 7s - 150ms/step - loss: 0.6733 - val_loss: 0.6865
Epoch 78/500
50/50 - 8s - 151ms/step - loss: 0.6729 - val_loss: 0.6841
Epoch 79/500
50/50 - 8s - 150ms/step - loss: 0.6712 - val_loss: 0.6810
Epoch 80/500
50/50 - 8s - 150ms/step - loss: 0.6744 - val_loss: 0.6815
Epoch 81/500
50/50 - 7s - 150ms/step - loss: 0.6724 - val_loss: 0.6840
Epoch 82/500
50/50 - 8s - 151ms/step - loss: 0.6721 - val_loss: 0.6811
Epoch 83/500
50/50 - 8s - 151ms/step - loss: 0.6722 - val_loss: 0.6828
Epoch 84/500
50/50 - 8s - 151ms/step - loss: 0.6718 - val_loss: 0.6812
Epoch 85/500
50/50 - 8s - 151ms/step - loss: 0.6718 - val_loss: 0.6822
Epoch 86/500
50/50 - 8s - 151ms/step - loss: 0.6711 - val_loss: 0.6826
Epoch 87/500
50/50 - 8s - 150ms/step - loss: 0.6714 - val_loss: 0.6830
Epoch 88/500
50/50 - 8s - 150ms/step - loss: 0.6707 - val_loss: 0.6829
Epoch 89/500
50/50 - 8s - 151ms/step - loss: 0.6700 - val_loss: 0.6799
Epoch 90/500
50/50 - 8s - 151ms/step - loss: 0.6700 - val_loss: 0.6803
Epoch 91/500
50/50 - 8s - 150ms/step - loss: 0.6708 - val_loss: 0.6837
Epoch 92/500
50/50 - 8s - 150ms/step - loss: 0.6701 - val_loss: 0.6844
Epoch 93/500
50/50 - 8s - 150ms/step - loss: 0.6705 - val_loss: 0.6850
Epoch 94/500
50/50 - 8s - 151ms/step - loss: 0.6697 - val_loss: 0.6807
Epoch 95/500
50/50 - 8s - 150ms/step - loss: 0.6709 - val_loss: 0.6831
Epoch 96/500
50/50 - 8s - 150ms/step - loss: 0.6702 - val_loss: 0.6849
Epoch 97/500
50/50 - 8s - 150ms/step - loss: 0.6700 - val_loss: 0.6835
Epoch 98/500
50/50 - 8s - 150ms/step - loss: 0.6691 - val_loss: 0.6801
Epoch 99/500
50/50 - 8s - 150ms/step - loss: 0.6692 - val_loss: 0.6861
[Run 5/5] Training single encoder baseline (sigmoid head)...
