Training log file: /home/xx4455/Comparable/Code/Synthetic/Results/TrainingLogs/german_default_20260405_122829.log
Starting experiments (dataset=german, sensitive_attribute=default).
[Run 1/5] Training shared encoder (unweighted)...
Epoch 1/500
471/471 - 78s - 166ms/step - loss: 7.0689 - val_loss: 0.8568
Epoch 2/500
471/471 - 69s - 146ms/step - loss: 4.3374 - val_loss: 8.5033
Epoch 3/500
471/471 - 69s - 147ms/step - loss: 3.8005 - val_loss: 4.4154
Epoch 4/500
471/471 - 69s - 147ms/step - loss: 3.6256 - val_loss: 3.2468
Epoch 5/500
471/471 - 71s - 150ms/step - loss: 3.3387 - val_loss: 1.2610
Epoch 6/500
471/471 - 67s - 142ms/step - loss: 2.9927 - val_loss: 2.0084
Epoch 7/500
471/471 - 67s - 143ms/step - loss: 2.1337 - val_loss: 1.9936
Epoch 8/500
471/471 - 68s - 144ms/step - loss: 2.9667 - val_loss: 2.3847
Epoch 9/500
471/471 - 68s - 144ms/step - loss: 2.1966 - val_loss: 2.0134
Epoch 10/500
471/471 - 68s - 144ms/step - loss: 2.0921 - val_loss: 3.6234
Epoch 11/500
471/471 - 68s - 144ms/step - loss: 2.2400 - val_loss: 5.3073
[Run 1/5] Training shared encoder (weighted)...
Epoch 1/500
471/471 - 74s - 157ms/step - loss: 5.6420 - val_loss: 3.0923
Epoch 2/500
471/471 - 71s - 150ms/step - loss: 4.6410 - val_loss: 3.9306
Epoch 3/500
471/471 - 71s - 151ms/step - loss: 4.4743 - val_loss: 13.0697
Epoch 4/500
471/471 - 72s - 152ms/step - loss: 4.3161 - val_loss: 1.2787
Epoch 5/500
471/471 - 73s - 155ms/step - loss: 3.4429 - val_loss: 4.2807
Epoch 6/500
471/471 - 69s - 147ms/step - loss: 3.5325 - val_loss: 4.7663
Epoch 7/500
471/471 - 70s - 148ms/step - loss: 2.5555 - val_loss: 1.5753
Epoch 8/500
471/471 - 71s - 150ms/step - loss: 2.7396 - val_loss: 3.7440
Epoch 9/500
471/471 - 71s - 151ms/step - loss: 2.6604 - val_loss: 1.5983
Epoch 10/500
471/471 - 71s - 152ms/step - loss: 2.2632 - val_loss: 3.8074
Epoch 11/500
471/471 - 72s - 152ms/step - loss: 2.4271 - val_loss: 0.8007
Epoch 12/500
471/471 - 72s - 152ms/step - loss: 2.0424 - val_loss: 2.4471
Epoch 13/500
471/471 - 71s - 151ms/step - loss: 2.1337 - val_loss: 1.5290
Epoch 14/500
471/471 - 71s - 151ms/step - loss: 1.5511 - val_loss: 0.7552
Epoch 15/500
471/471 - 72s - 152ms/step - loss: 1.4193 - val_loss: 1.3717
Epoch 16/500
471/471 - 71s - 152ms/step - loss: 1.5403 - val_loss: 0.7956
Epoch 17/500
471/471 - 72s - 152ms/step - loss: 1.2335 - val_loss: 1.1067
Epoch 18/500
471/471 - 71s - 150ms/step - loss: 1.3318 - val_loss: 0.7331
Epoch 19/500
471/471 - 71s - 152ms/step - loss: 1.2351 - val_loss: 1.4691
Epoch 20/500
471/471 - 71s - 151ms/step - loss: 1.2649 - val_loss: 0.9005
Epoch 21/500
471/471 - 71s - 151ms/step - loss: 1.2811 - val_loss: 0.8424
Epoch 22/500
471/471 - 71s - 151ms/step - loss: 1.2361 - val_loss: 1.0589
Epoch 23/500
471/471 - 71s - 150ms/step - loss: 1.0926 - val_loss: 1.4356
Epoch 24/500
471/471 - 71s - 150ms/step - loss: 1.2113 - val_loss: 0.8415
Epoch 25/500
471/471 - 71s - 150ms/step - loss: 1.0079 - val_loss: 1.0150
Epoch 26/500
471/471 - 71s - 151ms/step - loss: 1.3546 - val_loss: 1.1696
Epoch 27/500
471/471 - 71s - 150ms/step - loss: 0.8312 - val_loss: 0.9223
Epoch 28/500
471/471 - 71s - 151ms/step - loss: 0.8933 - val_loss: 0.9803
[Run 1/5] Training single encoder baseline (sigmoid head)...
[Run 2/5] Training shared encoder (unweighted)...
Epoch 1/500
468/468 - 77s - 165ms/step - loss: 3.9112 - val_loss: 4.2050
Epoch 2/500
468/468 - 71s - 151ms/step - loss: 2.7581 - val_loss: 2.1232
Epoch 3/500
468/468 - 69s - 147ms/step - loss: 2.1000 - val_loss: 3.8845
Epoch 4/500
468/468 - 69s - 148ms/step - loss: 2.2635 - val_loss: 1.7629
Epoch 5/500
468/468 - 77s - 165ms/step - loss: 1.5788 - val_loss: 2.5907
Epoch 6/500
468/468 - 67s - 143ms/step - loss: 1.4583 - val_loss: 1.8248
Epoch 7/500
468/468 - 67s - 144ms/step - loss: 1.5884 - val_loss: 1.6494
Epoch 8/500
468/468 - 69s - 146ms/step - loss: 1.4981 - val_loss: 1.1232
Epoch 9/500
468/468 - 69s - 147ms/step - loss: 1.2394 - val_loss: 1.9133
Epoch 10/500
468/468 - 68s - 146ms/step - loss: 1.6344 - val_loss: 3.6220
Epoch 11/500
468/468 - 68s - 146ms/step - loss: 1.4414 - val_loss: 1.1827
Epoch 12/500
468/468 - 69s - 146ms/step - loss: 0.9847 - val_loss: 0.7780
Epoch 13/500
468/468 - 69s - 146ms/step - loss: 1.0575 - val_loss: 0.9059
Epoch 14/500
468/468 - 68s - 146ms/step - loss: 1.0742 - val_loss: 6.6108
Epoch 15/500
468/468 - 68s - 146ms/step - loss: 1.3941 - val_loss: 0.8191
Epoch 16/500
468/468 - 68s - 145ms/step - loss: 0.9588 - val_loss: 1.1002
Epoch 17/500
468/468 - 69s - 146ms/step - loss: 0.9342 - val_loss: 0.9535
Epoch 18/500
468/468 - 68s - 146ms/step - loss: 0.9364 - val_loss: 0.7155
Epoch 19/500
468/468 - 68s - 146ms/step - loss: 0.8950 - val_loss: 0.9572
Epoch 20/500
468/468 - 69s - 147ms/step - loss: 0.8771 - val_loss: 0.6980
Epoch 21/500
468/468 - 69s - 147ms/step - loss: 0.8778 - val_loss: 0.9700
Epoch 22/500
468/468 - 69s - 147ms/step - loss: 0.8056 - val_loss: 0.8281
Epoch 23/500
468/468 - 69s - 146ms/step - loss: 0.7940 - val_loss: 1.0727
Epoch 24/500
468/468 - 69s - 147ms/step - loss: 0.7863 - val_loss: 0.6915
Epoch 25/500
468/468 - 69s - 148ms/step - loss: 0.8582 - val_loss: 0.6883
Epoch 26/500
468/468 - 69s - 147ms/step - loss: 0.7501 - val_loss: 1.0153
Epoch 27/500
468/468 - 69s - 147ms/step - loss: 0.7962 - val_loss: 0.8176
Epoch 28/500
468/468 - 69s - 147ms/step - loss: 0.7224 - val_loss: 0.9134
Epoch 29/500
468/468 - 69s - 147ms/step - loss: 0.7504 - val_loss: 0.7603
Epoch 30/500
468/468 - 71s - 153ms/step - loss: 0.7570 - val_loss: 0.6786
Epoch 31/500
468/468 - 69s - 147ms/step - loss: 0.7269 - val_loss: 0.6708
Epoch 32/500
468/468 - 69s - 147ms/step - loss: 0.7329 - val_loss: 0.7728
Epoch 33/500
468/468 - 71s - 151ms/step - loss: 0.7541 - val_loss: 0.6750
Epoch 34/500
468/468 - 77s - 165ms/step - loss: 0.7441 - val_loss: 0.7005
Epoch 35/500
468/468 - 69s - 146ms/step - loss: 0.7100 - val_loss: 0.7260
Epoch 36/500
468/468 - 71s - 151ms/step - loss: 0.7185 - val_loss: 0.6842
Epoch 37/500
468/468 - 71s - 151ms/step - loss: 0.7191 - val_loss: 0.7210
Epoch 38/500
468/468 - 73s - 156ms/step - loss: 0.7150 - val_loss: 0.6802
Epoch 39/500
468/468 - 73s - 156ms/step - loss: 0.7062 - val_loss: 0.6615
Epoch 40/500
468/468 - 69s - 146ms/step - loss: 0.6902 - val_loss: 0.7042
Epoch 41/500
468/468 - 68s - 146ms/step - loss: 0.6960 - val_loss: 0.6557
Epoch 42/500
468/468 - 69s - 147ms/step - loss: 0.6882 - val_loss: 0.6699
Epoch 43/500
468/468 - 69s - 146ms/step - loss: 0.6858 - val_loss: 0.6780
Epoch 44/500
468/468 - 68s - 146ms/step - loss: 0.6776 - val_loss: 0.6732
Epoch 45/500
468/468 - 68s - 146ms/step - loss: 0.6714 - val_loss: 0.6555
Epoch 46/500
468/468 - 68s - 146ms/step - loss: 0.6779 - val_loss: 0.6380
Epoch 47/500
468/468 - 69s - 147ms/step - loss: 0.6476 - val_loss: 0.6396
Epoch 48/500
468/468 - 69s - 147ms/step - loss: 0.6496 - val_loss: 0.6369
Epoch 49/500
468/468 - 69s - 148ms/step - loss: 0.6465 - val_loss: 0.6230
Epoch 50/500
468/468 - 69s - 148ms/step - loss: 0.6457 - val_loss: 0.6363
Epoch 51/500
468/468 - 69s - 147ms/step - loss: 0.6446 - val_loss: 0.6229
Epoch 52/500
468/468 - 69s - 147ms/step - loss: 0.6363 - val_loss: 0.6192
Epoch 53/500
468/468 - 68s - 146ms/step - loss: 0.6405 - val_loss: 0.6192
Epoch 54/500
468/468 - 68s - 146ms/step - loss: 0.6292 - val_loss: 0.6137
Epoch 55/500
468/468 - 69s - 146ms/step - loss: 0.6327 - val_loss: 0.6160
Epoch 56/500
468/468 - 68s - 146ms/step - loss: 0.6203 - val_loss: 0.6072
Epoch 57/500
468/468 - 68s - 146ms/step - loss: 0.6265 - val_loss: 0.6054
Epoch 58/500
468/468 - 69s - 147ms/step - loss: 0.6197 - val_loss: 0.6295
Epoch 59/500
468/468 - 69s - 148ms/step - loss: 0.6140 - val_loss: 0.6060
Epoch 60/500
468/468 - 69s - 148ms/step - loss: 0.6130 - val_loss: 0.5987
Epoch 61/500
468/468 - 69s - 147ms/step - loss: 0.6169 - val_loss: 0.6002
Epoch 62/500
468/468 - 69s - 147ms/step - loss: 0.6108 - val_loss: 0.5972
Epoch 63/500
468/468 - 68s - 146ms/step - loss: 0.6078 - val_loss: 0.5947
Epoch 64/500
468/468 - 69s - 146ms/step - loss: 0.6041 - val_loss: 0.6003
Epoch 65/500
468/468 - 68s - 146ms/step - loss: 0.6059 - val_loss: 0.5972
Epoch 66/500
468/468 - 68s - 146ms/step - loss: 0.6069 - val_loss: 0.5936
Epoch 67/500
468/468 - 68s - 146ms/step - loss: 0.6074 - val_loss: 0.5911
Epoch 68/500
468/468 - 69s - 147ms/step - loss: 0.6026 - val_loss: 0.5902
Epoch 69/500
468/468 - 69s - 147ms/step - loss: 0.5995 - val_loss: 0.5872
Epoch 70/500
468/468 - 68s - 146ms/step - loss: 0.6006 - val_loss: 0.5947
Epoch 71/500
468/468 - 69s - 146ms/step - loss: 0.5970 - val_loss: 0.5860
Epoch 72/500
468/468 - 68s - 146ms/step - loss: 0.5978 - val_loss: 0.5861
Epoch 73/500
468/468 - 68s - 146ms/step - loss: 0.6031 - val_loss: 0.5908
Epoch 74/500
468/468 - 68s - 146ms/step - loss: 0.5969 - val_loss: 0.5838
Epoch 75/500
468/468 - 68s - 146ms/step - loss: 0.5984 - val_loss: 0.5846
Epoch 76/500
468/468 - 69s - 146ms/step - loss: 0.5950 - val_loss: 0.5881
Epoch 77/500
468/468 - 68s - 146ms/step - loss: 0.5922 - val_loss: 0.5880
Epoch 78/500
468/468 - 68s - 146ms/step - loss: 0.5957 - val_loss: 0.5919
Epoch 79/500
468/468 - 68s - 146ms/step - loss: 0.5914 - val_loss: 0.5895
Epoch 80/500
468/468 - 68s - 146ms/step - loss: 0.5902 - val_loss: 0.5820
Epoch 81/500
468/468 - 68s - 146ms/step - loss: 0.5868 - val_loss: 0.5838
Epoch 82/500
468/468 - 68s - 146ms/step - loss: 0.5867 - val_loss: 0.5853
Epoch 83/500
468/468 - 68s - 146ms/step - loss: 0.5872 - val_loss: 0.5783
Epoch 84/500
468/468 - 69s - 146ms/step - loss: 0.5856 - val_loss: 0.5914
Epoch 85/500
468/468 - 69s - 146ms/step - loss: 0.5828 - val_loss: 0.5895
Epoch 86/500
468/468 - 69s - 147ms/step - loss: 0.5804 - val_loss: 0.5813
Epoch 87/500
468/468 - 69s - 146ms/step - loss: 0.5823 - val_loss: 0.5858
Epoch 88/500
468/468 - 69s - 147ms/step - loss: 0.5803 - val_loss: 0.5824
Epoch 89/500
468/468 - 69s - 147ms/step - loss: 0.5780 - val_loss: 0.5801
Epoch 90/500
468/468 - 68s - 146ms/step - loss: 0.5826 - val_loss: 0.5788
Epoch 91/500
468/468 - 69s - 147ms/step - loss: 0.5767 - val_loss: 0.5931
Epoch 92/500
468/468 - 69s - 148ms/step - loss: 0.5767 - val_loss: 0.5973
Epoch 93/500
468/468 - 69s - 146ms/step - loss: 0.5744 - val_loss: 0.5741
Epoch 94/500
468/468 - 69s - 147ms/step - loss: 0.5765 - val_loss: 0.5948
Epoch 95/500
468/468 - 69s - 148ms/step - loss: 0.5736 - val_loss: 0.5872
Epoch 96/500
468/468 - 69s - 147ms/step - loss: 0.5728 - val_loss: 0.5723
Epoch 97/500
468/468 - 69s - 147ms/step - loss: 0.5721 - val_loss: 0.5719
Epoch 98/500
468/468 - 68s - 146ms/step - loss: 0.5727 - val_loss: 0.5703
Epoch 99/500
468/468 - 69s - 147ms/step - loss: 0.5694 - val_loss: 0.5648
Epoch 100/500
468/468 - 69s - 147ms/step - loss: 0.5690 - val_loss: 0.5628
Epoch 101/500
468/468 - 69s - 147ms/step - loss: 0.5669 - val_loss: 0.5666
Epoch 102/500
468/468 - 69s - 146ms/step - loss: 0.5676 - val_loss: 0.5752
Epoch 103/500
468/468 - 64s - 136ms/step - loss: 0.5661 - val_loss: 0.5655
Epoch 104/500
468/468 - 61s - 131ms/step - loss: 0.5653 - val_loss: 0.5642
Epoch 105/500
468/468 - 64s - 137ms/step - loss: 0.5640 - val_loss: 0.5590
Epoch 106/500
468/468 - 66s - 141ms/step - loss: 0.5665 - val_loss: 0.5634
Epoch 107/500
468/468 - 68s - 145ms/step - loss: 0.5641 - val_loss: 0.5708
Epoch 108/500
468/468 - 68s - 146ms/step - loss: 0.5629 - val_loss: 0.5543
Epoch 109/500
468/468 - 69s - 147ms/step - loss: 0.5618 - val_loss: 0.5607
Epoch 110/500
468/468 - 68s - 146ms/step - loss: 0.5618 - val_loss: 0.5586
Epoch 111/500
468/468 - 68s - 146ms/step - loss: 0.5604 - val_loss: 0.5574
Epoch 112/500
468/468 - 69s - 147ms/step - loss: 0.5615 - val_loss: 0.5637
Epoch 113/500
468/468 - 69s - 148ms/step - loss: 0.5593 - val_loss: 0.5660
Epoch 114/500
468/468 - 69s - 148ms/step - loss: 0.5575 - val_loss: 0.5542
Epoch 115/500
468/468 - 69s - 147ms/step - loss: 0.5567 - val_loss: 0.5585
Epoch 116/500
468/468 - 69s - 148ms/step - loss: 0.5573 - val_loss: 0.5533
Epoch 117/500
468/468 - 68s - 146ms/step - loss: 0.5552 - val_loss: 0.5570
Epoch 118/500
468/468 - 68s - 146ms/step - loss: 0.5549 - val_loss: 0.5492
Epoch 119/500
468/468 - 69s - 147ms/step - loss: 0.5530 - val_loss: 0.5445
Epoch 120/500
468/468 - 69s - 146ms/step - loss: 0.5507 - val_loss: 0.5415
Epoch 121/500
468/468 - 69s - 146ms/step - loss: 0.5478 - val_loss: 0.5439
Epoch 122/500
468/468 - 68s - 146ms/step - loss: 0.5441 - val_loss: 0.5398
Epoch 123/500
468/468 - 69s - 146ms/step - loss: 0.5420 - val_loss: 0.5308
Epoch 124/500
468/468 - 69s - 147ms/step - loss: 0.5379 - val_loss: 0.5321
Epoch 125/500
468/468 - 69s - 146ms/step - loss: 0.5369 - val_loss: 0.5295
Epoch 126/500
468/468 - 65s - 139ms/step - loss: 0.5341 - val_loss: 0.5333
Epoch 127/500
468/468 - 68s - 146ms/step - loss: 0.5309 - val_loss: 0.5247
Epoch 128/500
468/468 - 69s - 147ms/step - loss: 0.5302 - val_loss: 0.5350
Epoch 129/500
468/468 - 69s - 147ms/step - loss: 0.5268 - val_loss: 0.5251
Epoch 130/500
468/468 - 69s - 147ms/step - loss: 0.5255 - val_loss: 0.5229
Epoch 131/500
468/468 - 69s - 147ms/step - loss: 0.5251 - val_loss: 0.5201
Epoch 132/500
468/468 - 69s - 148ms/step - loss: 0.5244 - val_loss: 0.5186
Epoch 133/500
468/468 - 69s - 147ms/step - loss: 0.5216 - val_loss: 0.5159
Epoch 134/500
468/468 - 69s - 147ms/step - loss: 0.5218 - val_loss: 0.5180
Epoch 135/500
468/468 - 69s - 147ms/step - loss: 0.5217 - val_loss: 0.5153
Epoch 136/500
468/468 - 69s - 147ms/step - loss: 0.5193 - val_loss: 0.5094
Epoch 137/500
468/468 - 69s - 147ms/step - loss: 0.5172 - val_loss: 0.5124
Epoch 138/500
468/468 - 69s - 147ms/step - loss: 0.5138 - val_loss: 0.5112
Epoch 139/500
468/468 - 69s - 148ms/step - loss: 0.5114 - val_loss: 0.5021
Epoch 140/500
468/468 - 69s - 147ms/step - loss: 0.5081 - val_loss: 0.5112
Epoch 141/500
468/468 - 70s - 149ms/step - loss: 0.5081 - val_loss: 0.5030
Epoch 142/500
468/468 - 70s - 149ms/step - loss: 0.5060 - val_loss: 0.5059
Epoch 143/500
468/468 - 69s - 147ms/step - loss: 0.5041 - val_loss: 0.4988
Epoch 144/500
468/468 - 69s - 147ms/step - loss: 0.5107 - val_loss: 0.5133
Epoch 145/500
468/468 - 69s - 147ms/step - loss: 0.5045 - val_loss: 0.5058
Epoch 146/500
468/468 - 68s - 146ms/step - loss: 0.5011 - val_loss: 0.4961
Epoch 147/500
468/468 - 69s - 147ms/step - loss: 0.4996 - val_loss: 0.4910
Epoch 148/500
468/468 - 69s - 147ms/step - loss: 0.4992 - val_loss: 0.5049
Epoch 149/500
468/468 - 69s - 147ms/step - loss: 0.4976 - val_loss: 0.5035
Epoch 150/500
468/468 - 69s - 147ms/step - loss: 0.4960 - val_loss: 0.4904
Epoch 151/500
468/468 - 68s - 146ms/step - loss: 0.4953 - val_loss: 0.4969
Epoch 152/500
468/468 - 69s - 147ms/step - loss: 0.4951 - val_loss: 0.4901
Epoch 153/500
468/468 - 69s - 147ms/step - loss: 0.4942 - val_loss: 0.4868
Epoch 154/500
468/468 - 69s - 147ms/step - loss: 0.4926 - val_loss: 0.4908
Epoch 155/500
468/468 - 69s - 147ms/step - loss: 0.4932 - val_loss: 0.4830
Epoch 156/500
468/468 - 69s - 147ms/step - loss: 0.4923 - val_loss: 0.4898
Epoch 157/500
468/468 - 69s - 147ms/step - loss: 0.4915 - val_loss: 0.4858
Epoch 158/500
468/468 - 69s - 147ms/step - loss: 0.4920 - val_loss: 0.4921
Epoch 159/500
468/468 - 69s - 148ms/step - loss: 0.4914 - val_loss: 0.4840
Epoch 160/500
468/468 - 69s - 148ms/step - loss: 0.4900 - val_loss: 0.4861
Epoch 161/500
468/468 - 69s - 148ms/step - loss: 0.4890 - val_loss: 0.4825
Epoch 162/500
468/468 - 69s - 148ms/step - loss: 0.4880 - val_loss: 0.4828
Epoch 163/500
468/468 - 69s - 147ms/step - loss: 0.4880 - val_loss: 0.4825
Epoch 164/500
468/468 - 69s - 147ms/step - loss: 0.4856 - val_loss: 0.4843
Epoch 165/500
468/468 - 69s - 148ms/step - loss: 0.4850 - val_loss: 0.4875
Epoch 166/500
468/468 - 69s - 147ms/step - loss: 0.4846 - val_loss: 0.4828
Epoch 167/500
468/468 - 69s - 147ms/step - loss: 0.4832 - val_loss: 0.4806
Epoch 168/500
468/468 - 69s - 147ms/step - loss: 0.4833 - val_loss: 0.4843
Epoch 169/500
468/468 - 69s - 146ms/step - loss: 0.4831 - val_loss: 0.4847
Epoch 170/500
468/468 - 69s - 146ms/step - loss: 0.4823 - val_loss: 0.4886
Epoch 171/500
468/468 - 68s - 146ms/step - loss: 0.4813 - val_loss: 0.4850
Epoch 172/500
468/468 - 68s - 146ms/step - loss: 0.4797 - val_loss: 0.4813
Epoch 173/500
468/468 - 69s - 147ms/step - loss: 0.4775 - val_loss: 0.4818
Epoch 174/500
468/468 - 68s - 146ms/step - loss: 0.4780 - val_loss: 0.4785
Epoch 175/500
468/468 - 69s - 147ms/step - loss: 0.4771 - val_loss: 0.4758
Epoch 176/500
468/468 - 69s - 147ms/step - loss: 0.4761 - val_loss: 0.4788
Epoch 177/500
468/468 - 69s - 146ms/step - loss: 0.4744 - val_loss: 0.4731
Epoch 178/500
468/468 - 69s - 147ms/step - loss: 0.4733 - val_loss: 0.4654
Epoch 179/500
468/468 - 69s - 147ms/step - loss: 0.4718 - val_loss: 0.4665
Epoch 180/500
468/468 - 68s - 146ms/step - loss: 0.4715 - val_loss: 0.4633
Epoch 181/500
468/468 - 69s - 146ms/step - loss: 0.4714 - val_loss: 0.4696
Epoch 182/500
468/468 - 69s - 147ms/step - loss: 0.4703 - val_loss: 0.4725
Epoch 183/500
468/468 - 68s - 146ms/step - loss: 0.4688 - val_loss: 0.4663
Epoch 184/500
468/468 - 68s - 146ms/step - loss: 0.4676 - val_loss: 0.4674
Epoch 185/500
468/468 - 69s - 147ms/step - loss: 0.4678 - val_loss: 0.4657
Epoch 186/500
468/468 - 68s - 146ms/step - loss: 0.4667 - val_loss: 0.4620
Epoch 187/500
468/468 - 69s - 147ms/step - loss: 0.4669 - val_loss: 0.4680
Epoch 188/500
468/468 - 69s - 147ms/step - loss: 0.4649 - val_loss: 0.4620
Epoch 189/500
468/468 - 68s - 146ms/step - loss: 0.4627 - val_loss: 0.4594
Epoch 190/500
468/468 - 69s - 146ms/step - loss: 0.4618 - val_loss: 0.4650
Epoch 191/500
468/468 - 68s - 146ms/step - loss: 0.4603 - val_loss: 0.4603
Epoch 192/500
468/468 - 69s - 147ms/step - loss: 0.4603 - val_loss: 0.4632
Epoch 193/500
468/468 - 69s - 147ms/step - loss: 0.4605 - val_loss: 0.4586
Epoch 194/500
468/468 - 69s - 147ms/step - loss: 0.4573 - val_loss: 0.4521
Epoch 195/500
468/468 - 69s - 147ms/step - loss: 0.4559 - val_loss: 0.4573
Epoch 196/500
468/468 - 69s - 147ms/step - loss: 0.4536 - val_loss: 0.4562
Epoch 197/500
468/468 - 69s - 147ms/step - loss: 0.4538 - val_loss: 0.4575
Epoch 198/500
468/468 - 69s - 147ms/step - loss: 0.4524 - val_loss: 0.4519
Epoch 199/500
468/468 - 69s - 148ms/step - loss: 0.4516 - val_loss: 0.4487
Epoch 200/500
468/468 - 69s - 147ms/step - loss: 0.4495 - val_loss: 0.4451
Epoch 201/500
468/468 - 69s - 147ms/step - loss: 0.4474 - val_loss: 0.4514
Epoch 202/500
468/468 - 68s - 146ms/step - loss: 0.4464 - val_loss: 0.4405
Epoch 203/500
468/468 - 69s - 147ms/step - loss: 0.4441 - val_loss: 0.4435
Epoch 204/500
468/468 - 69s - 148ms/step - loss: 0.4428 - val_loss: 0.4379
Epoch 205/500
468/468 - 68s - 146ms/step - loss: 0.4421 - val_loss: 0.4348
Epoch 206/500
468/468 - 69s - 147ms/step - loss: 0.4419 - val_loss: 0.4363
Epoch 207/500
468/468 - 69s - 147ms/step - loss: 0.4374 - val_loss: 0.4391
Epoch 208/500
468/468 - 68s - 146ms/step - loss: 0.4383 - val_loss: 0.4397
Epoch 209/500
468/468 - 68s - 146ms/step - loss: 0.4405 - val_loss: 0.4452
Epoch 210/500
468/468 - 68s - 146ms/step - loss: 0.4367 - val_loss: 0.4396
Epoch 211/500
468/468 - 68s - 146ms/step - loss: 0.4365 - val_loss: 0.4349
Epoch 212/500
468/468 - 68s - 146ms/step - loss: 0.4356 - val_loss: 0.4309
Epoch 213/500
468/468 - 68s - 146ms/step - loss: 0.4343 - val_loss: 0.4296
Epoch 214/500
468/468 - 69s - 147ms/step - loss: 0.4335 - val_loss: 0.4324
Epoch 215/500
468/468 - 69s - 148ms/step - loss: 0.4341 - val_loss: 0.4299
Epoch 216/500
468/468 - 69s - 147ms/step - loss: 0.4310 - val_loss: 0.4317
Epoch 217/500
468/468 - 69s - 147ms/step - loss: 0.4324 - val_loss: 0.4293
Epoch 218/500
468/468 - 68s - 146ms/step - loss: 0.4330 - val_loss: 0.4304
Epoch 219/500
468/468 - 68s - 146ms/step - loss: 0.4306 - val_loss: 0.4308
Epoch 220/500
468/468 - 68s - 145ms/step - loss: 0.4281 - val_loss: 0.4417
Epoch 221/500
468/468 - 68s - 146ms/step - loss: 0.4283 - val_loss: 0.4257
Epoch 222/500
468/468 - 68s - 146ms/step - loss: 0.4278 - val_loss: 0.4254
Epoch 223/500
468/468 - 68s - 146ms/step - loss: 0.4284 - val_loss: 0.4242
Epoch 224/500
468/468 - 68s - 146ms/step - loss: 0.4306 - val_loss: 0.4246
Epoch 225/500
468/468 - 68s - 146ms/step - loss: 0.4286 - val_loss: 0.4251
Epoch 226/500
468/468 - 68s - 146ms/step - loss: 0.4266 - val_loss: 0.4255
Epoch 227/500
468/468 - 68s - 146ms/step - loss: 0.4254 - val_loss: 0.4326
Epoch 228/500
468/468 - 69s - 147ms/step - loss: 0.4250 - val_loss: 0.4364
Epoch 229/500
468/468 - 68s - 146ms/step - loss: 0.4234 - val_loss: 0.4244
Epoch 230/500
468/468 - 68s - 146ms/step - loss: 0.4253 - val_loss: 0.4266
Epoch 231/500
468/468 - 68s - 146ms/step - loss: 0.4231 - val_loss: 0.4212
Epoch 232/500
468/468 - 68s - 146ms/step - loss: 0.4258 - val_loss: 0.4439
Epoch 233/500
468/468 - 68s - 146ms/step - loss: 0.4244 - val_loss: 0.4226
Epoch 234/500
468/468 - 68s - 146ms/step - loss: 0.4204 - val_loss: 0.4184
Epoch 235/500
468/468 - 69s - 147ms/step - loss: 0.4180 - val_loss: 0.4314
Epoch 236/500
468/468 - 69s - 147ms/step - loss: 0.4207 - val_loss: 0.4194
Epoch 237/500
468/468 - 69s - 147ms/step - loss: 0.4194 - val_loss: 0.4187
Epoch 238/500
468/468 - 69s - 146ms/step - loss: 0.4168 - val_loss: 0.4182
Epoch 239/500
468/468 - 68s - 146ms/step - loss: 0.4188 - val_loss: 0.4119
Epoch 240/500
468/468 - 68s - 145ms/step - loss: 0.4157 - val_loss: 0.4211
Epoch 241/500
468/468 - 68s - 146ms/step - loss: 0.4172 - val_loss: 0.4161
Epoch 242/500
468/468 - 68s - 146ms/step - loss: 0.4190 - val_loss: 0.4168
Epoch 243/500
468/468 - 68s - 146ms/step - loss: 0.4138 - val_loss: 0.4195
Epoch 244/500
468/468 - 68s - 146ms/step - loss: 0.4138 - val_loss: 0.4305
Epoch 245/500
468/468 - 68s - 146ms/step - loss: 0.4133 - val_loss: 0.4125
Epoch 246/500
468/468 - 68s - 146ms/step - loss: 0.4120 - val_loss: 0.4107
Epoch 247/500
468/468 - 68s - 146ms/step - loss: 0.4118 - val_loss: 0.4143
Epoch 248/500
468/468 - 68s - 146ms/step - loss: 0.4155 - val_loss: 0.4110
Epoch 249/500
468/468 - 68s - 146ms/step - loss: 0.4120 - val_loss: 0.4120
Epoch 250/500
468/468 - 68s - 146ms/step - loss: 0.4135 - val_loss: 0.4124
Epoch 251/500
468/468 - 69s - 146ms/step - loss: 0.4121 - val_loss: 0.4159
Epoch 252/500
468/468 - 69s - 146ms/step - loss: 0.4103 - val_loss: 0.4195
Epoch 253/500
468/468 - 69s - 147ms/step - loss: 0.4106 - val_loss: 0.4161
Epoch 254/500
468/468 - 69s - 146ms/step - loss: 0.4116 - val_loss: 0.4104
Epoch 255/500
468/468 - 69s - 147ms/step - loss: 0.4111 - val_loss: 0.4250
Epoch 256/500
468/468 - 69s - 148ms/step - loss: 0.4137 - val_loss: 0.4213
Epoch 257/500
468/468 - 69s - 147ms/step - loss: 0.4129 - val_loss: 0.4158
Epoch 258/500
468/468 - 68s - 146ms/step - loss: 0.4086 - val_loss: 0.4091
Epoch 259/500
468/468 - 69s - 147ms/step - loss: 0.4086 - val_loss: 0.4221
Epoch 260/500
468/468 - 69s - 147ms/step - loss: 0.4095 - val_loss: 0.4152
Epoch 261/500
468/468 - 69s - 148ms/step - loss: 0.4113 - val_loss: 0.4117
Epoch 262/500
468/468 - 70s - 149ms/step - loss: 0.4074 - val_loss: 0.4034
Epoch 263/500
468/468 - 70s - 149ms/step - loss: 0.4069 - val_loss: 0.4172
Epoch 264/500
468/468 - 69s - 148ms/step - loss: 0.4096 - val_loss: 0.4220
Epoch 265/500
468/468 - 69s - 148ms/step - loss: 0.4061 - val_loss: 0.4150
Epoch 266/500
468/468 - 69s - 147ms/step - loss: 0.4089 - val_loss: 0.4127
Epoch 267/500
468/468 - 70s - 149ms/step - loss: 0.4083 - val_loss: 0.4124
Epoch 268/500
468/468 - 69s - 148ms/step - loss: 0.4067 - val_loss: 0.4134
Epoch 269/500
468/468 - 69s - 147ms/step - loss: 0.4072 - val_loss: 0.4048
Epoch 270/500
468/468 - 69s - 148ms/step - loss: 0.4034 - val_loss: 0.4027
Epoch 271/500
468/468 - 69s - 147ms/step - loss: 0.4055 - val_loss: 0.4058
Epoch 272/500
468/468 - 69s - 148ms/step - loss: 0.4760 - val_loss: 0.5484
Epoch 273/500
468/468 - 69s - 148ms/step - loss: 0.5329 - val_loss: 0.5156
Epoch 274/500
468/468 - 69s - 147ms/step - loss: 0.4975 - val_loss: 0.4577
Epoch 275/500
468/468 - 69s - 148ms/step - loss: 0.4512 - val_loss: 0.4466
Epoch 276/500
468/468 - 69s - 148ms/step - loss: 0.4393 - val_loss: 0.4360
Epoch 277/500
468/468 - 69s - 147ms/step - loss: 0.4359 - val_loss: 0.4377
Epoch 278/500
468/468 - 69s - 148ms/step - loss: 0.4344 - val_loss: 0.4329
Epoch 279/500
468/468 - 69s - 147ms/step - loss: 0.4301 - val_loss: 0.4283
Epoch 280/500
468/468 - 69s - 147ms/step - loss: 0.4308 - val_loss: 0.4262
[Run 2/5] Training shared encoder (weighted)...
Epoch 1/500
468/468 - 75s - 161ms/step - loss: 7.3844 - val_loss: 4.4014
Epoch 2/500
468/468 - 73s - 156ms/step - loss: 2.8496 - val_loss: 8.7442
Epoch 3/500
468/468 - 73s - 156ms/step - loss: 2.7767 - val_loss: 5.7362
Epoch 4/500
468/468 - 73s - 157ms/step - loss: 2.5052 - val_loss: 3.0406
Epoch 5/500
468/468 - 74s - 159ms/step - loss: 2.4198 - val_loss: 4.5280
Epoch 6/500
468/468 - 71s - 151ms/step - loss: 2.4410 - val_loss: 1.0904
Epoch 7/500
468/468 - 72s - 153ms/step - loss: 2.0075 - val_loss: 1.8813
Epoch 8/500
468/468 - 73s - 155ms/step - loss: 2.1373 - val_loss: 0.9077
Epoch 9/500
468/468 - 73s - 156ms/step - loss: 1.7835 - val_loss: 1.0839
Epoch 10/500
468/468 - 73s - 156ms/step - loss: 1.9861 - val_loss: 1.5226
Epoch 11/500
468/468 - 73s - 155ms/step - loss: 1.4821 - val_loss: 0.8125
Epoch 12/500
468/468 - 72s - 154ms/step - loss: 1.5172 - val_loss: 1.2212
Epoch 13/500
468/468 - 72s - 155ms/step - loss: 1.7782 - val_loss: 4.1286
Epoch 14/500
468/468 - 72s - 155ms/step - loss: 1.5713 - val_loss: 2.8895
Epoch 15/500
468/468 - 72s - 154ms/step - loss: 1.5373 - val_loss: 0.9750
Epoch 16/500
468/468 - 72s - 155ms/step - loss: 1.2223 - val_loss: 0.8728
Epoch 17/500
468/468 - 72s - 154ms/step - loss: 1.2020 - val_loss: 1.2285
Epoch 18/500
468/468 - 72s - 154ms/step - loss: 1.3992 - val_loss: 0.7973
Epoch 19/500
468/468 - 72s - 154ms/step - loss: 1.1439 - val_loss: 0.9918
Epoch 20/500
468/468 - 72s - 155ms/step - loss: 1.1889 - val_loss: 1.0269
Epoch 21/500
468/468 - 72s - 154ms/step - loss: 1.0096 - val_loss: 1.0360
Epoch 22/500
468/468 - 72s - 155ms/step - loss: 0.9586 - val_loss: 0.8993
Epoch 23/500
468/468 - 72s - 154ms/step - loss: 1.0991 - val_loss: 0.7346
Epoch 24/500
468/468 - 72s - 155ms/step - loss: 0.8780 - val_loss: 1.3248
Epoch 25/500
468/468 - 72s - 155ms/step - loss: 0.9194 - val_loss: 1.1212
Epoch 26/500
468/468 - 72s - 154ms/step - loss: 0.9285 - val_loss: 1.1714
Epoch 27/500
468/468 - 73s - 156ms/step - loss: 0.8792 - val_loss: 0.7681
Epoch 28/500
468/468 - 72s - 155ms/step - loss: 0.8349 - val_loss: 0.7288
Epoch 29/500
468/468 - 72s - 155ms/step - loss: 0.8309 - val_loss: 0.9300
Epoch 30/500
468/468 - 73s - 155ms/step - loss: 0.9161 - val_loss: 0.8519
Epoch 31/500
468/468 - 73s - 155ms/step - loss: 0.7754 - val_loss: 0.7101
Epoch 32/500
468/468 - 72s - 155ms/step - loss: 0.7938 - val_loss: 1.2884
Epoch 33/500
468/468 - 73s - 155ms/step - loss: 0.8232 - val_loss: 0.8036
Epoch 34/500
468/468 - 76s - 163ms/step - loss: 0.7853 - val_loss: 0.8373
Epoch 35/500
468/468 - 80s - 171ms/step - loss: 0.7940 - val_loss: 0.7185
Epoch 36/500
468/468 - 72s - 154ms/step - loss: 0.7534 - val_loss: 0.7679
Epoch 37/500
468/468 - 72s - 154ms/step - loss: 0.7406 - val_loss: 0.6684
Epoch 38/500
468/468 - 72s - 154ms/step - loss: 0.7346 - val_loss: 0.6581
Epoch 39/500
468/468 - 72s - 155ms/step - loss: 0.7029 - val_loss: 0.6678
Epoch 40/500
468/468 - 72s - 154ms/step - loss: 0.7216 - val_loss: 0.7514
Epoch 41/500
468/468 - 72s - 154ms/step - loss: 0.7077 - val_loss: 0.7670
Epoch 42/500
468/468 - 72s - 155ms/step - loss: 0.6926 - val_loss: 0.6481
Epoch 43/500
468/468 - 72s - 154ms/step - loss: 0.6934 - val_loss: 0.7017
Epoch 44/500
468/468 - 72s - 154ms/step - loss: 0.6826 - val_loss: 0.6417
Epoch 45/500
468/468 - 72s - 154ms/step - loss: 0.6794 - val_loss: 0.6505
Epoch 46/500
468/468 - 72s - 154ms/step - loss: 0.6968 - val_loss: 0.6867
Epoch 47/500
468/468 - 72s - 154ms/step - loss: 0.6684 - val_loss: 0.6730
Epoch 48/500
468/468 - 72s - 154ms/step - loss: 0.6878 - val_loss: 0.6644
Epoch 49/500
468/468 - 76s - 162ms/step - loss: 0.6658 - val_loss: 0.6477
Epoch 50/500
468/468 - 72s - 155ms/step - loss: 0.6742 - val_loss: 0.6468
Epoch 51/500
468/468 - 72s - 155ms/step - loss: 0.6585 - val_loss: 0.6393
Epoch 52/500
468/468 - 72s - 155ms/step - loss: 0.6557 - val_loss: 0.6338
Epoch 53/500
468/468 - 72s - 154ms/step - loss: 0.6442 - val_loss: 0.6352
Epoch 54/500
468/468 - 72s - 154ms/step - loss: 0.6439 - val_loss: 0.6709
Epoch 55/500
468/468 - 72s - 154ms/step - loss: 0.6314 - val_loss: 0.6409
Epoch 56/500
468/468 - 72s - 154ms/step - loss: 0.6286 - val_loss: 0.6682
Epoch 57/500
468/468 - 72s - 154ms/step - loss: 0.6273 - val_loss: 0.6192
Epoch 58/500
468/468 - 72s - 154ms/step - loss: 0.6243 - val_loss: 0.6165
Epoch 59/500
468/468 - 72s - 154ms/step - loss: 0.6210 - val_loss: 0.6166
Epoch 60/500
468/468 - 72s - 154ms/step - loss: 0.6198 - val_loss: 0.6215
Epoch 61/500
468/468 - 72s - 154ms/step - loss: 0.6148 - val_loss: 0.6216
Epoch 62/500
468/468 - 72s - 154ms/step - loss: 0.6162 - val_loss: 0.6191
Epoch 63/500
468/468 - 72s - 154ms/step - loss: 0.6101 - val_loss: 0.6153
Epoch 64/500
468/468 - 72s - 154ms/step - loss: 0.6056 - val_loss: 0.6064
Epoch 65/500
468/468 - 72s - 155ms/step - loss: 0.6025 - val_loss: 0.5875
Epoch 66/500
468/468 - 73s - 156ms/step - loss: 0.5921 - val_loss: 0.5882
Epoch 67/500
468/468 - 73s - 156ms/step - loss: 0.5846 - val_loss: 0.5771
Epoch 68/500
468/468 - 73s - 156ms/step - loss: 0.5789 - val_loss: 0.5728
Epoch 69/500
468/468 - 73s - 155ms/step - loss: 0.5758 - val_loss: 0.5931
Epoch 70/500
468/468 - 72s - 155ms/step - loss: 0.5697 - val_loss: 0.5774
Epoch 71/500
468/468 - 73s - 155ms/step - loss: 0.5659 - val_loss: 0.5592
Epoch 72/500
468/468 - 73s - 156ms/step - loss: 0.5581 - val_loss: 0.5543
Epoch 73/500
468/468 - 73s - 155ms/step - loss: 0.5562 - val_loss: 0.5486
Epoch 74/500
468/468 - 73s - 155ms/step - loss: 0.5563 - val_loss: 0.5470
Epoch 75/500
468/468 - 73s - 155ms/step - loss: 0.5536 - val_loss: 0.5525
Epoch 76/500
468/468 - 72s - 154ms/step - loss: 0.5500 - val_loss: 0.5465
Epoch 77/500
468/468 - 72s - 154ms/step - loss: 0.5440 - val_loss: 0.5357
Epoch 78/500
468/468 - 72s - 155ms/step - loss: 0.5422 - val_loss: 0.5434
Epoch 79/500
468/468 - 72s - 155ms/step - loss: 0.5399 - val_loss: 0.5394
Epoch 80/500
468/468 - 73s - 155ms/step - loss: 0.5394 - val_loss: 0.5315
Epoch 81/500
468/468 - 73s - 155ms/step - loss: 0.5368 - val_loss: 0.5258
Epoch 82/500
468/468 - 73s - 155ms/step - loss: 0.5333 - val_loss: 0.5239
Epoch 83/500
468/468 - 73s - 156ms/step - loss: 0.5308 - val_loss: 0.5248
Epoch 84/500
468/468 - 72s - 155ms/step - loss: 0.5269 - val_loss: 0.5205
Epoch 85/500
468/468 - 73s - 155ms/step - loss: 0.5271 - val_loss: 0.5232
Epoch 86/500
468/468 - 72s - 154ms/step - loss: 0.5255 - val_loss: 0.5243
Epoch 87/500
468/468 - 72s - 154ms/step - loss: 0.5219 - val_loss: 0.5136
Epoch 88/500
468/468 - 76s - 162ms/step - loss: 0.5188 - val_loss: 0.5149
Epoch 89/500
468/468 - 72s - 154ms/step - loss: 0.5154 - val_loss: 0.5110
Epoch 90/500
468/468 - 72s - 154ms/step - loss: 0.5143 - val_loss: 0.5181
Epoch 91/500
468/468 - 72s - 155ms/step - loss: 0.5106 - val_loss: 0.5067
Epoch 92/500
468/468 - 72s - 154ms/step - loss: 0.5089 - val_loss: 0.5133
Epoch 93/500
468/468 - 72s - 154ms/step - loss: 0.5066 - val_loss: 0.4967
Epoch 94/500
468/468 - 72s - 154ms/step - loss: 0.5051 - val_loss: 0.5028
Epoch 95/500
468/468 - 72s - 154ms/step - loss: 0.5024 - val_loss: 0.5003
Epoch 96/500
468/468 - 72s - 154ms/step - loss: 0.5033 - val_loss: 0.4958
Epoch 97/500
468/468 - 72s - 154ms/step - loss: 0.5030 - val_loss: 0.5209
Epoch 98/500
468/468 - 72s - 154ms/step - loss: 0.4999 - val_loss: 0.4961
Epoch 99/500
468/468 - 72s - 154ms/step - loss: 0.5008 - val_loss: 0.4975
Epoch 100/500
468/468 - 72s - 154ms/step - loss: 0.4975 - val_loss: 0.5284
Epoch 101/500
468/468 - 72s - 154ms/step - loss: 0.4943 - val_loss: 0.5006
Epoch 102/500
468/468 - 72s - 154ms/step - loss: 0.4965 - val_loss: 0.4860
Epoch 103/500
468/468 - 72s - 153ms/step - loss: 0.4946 - val_loss: 0.4865
Epoch 104/500
468/468 - 71s - 153ms/step - loss: 0.4908 - val_loss: 0.4949
Epoch 105/500
468/468 - 72s - 153ms/step - loss: 0.4907 - val_loss: 0.4901
Epoch 106/500
468/468 - 71s - 153ms/step - loss: 0.4935 - val_loss: 0.5023
Epoch 107/500
468/468 - 72s - 153ms/step - loss: 0.4865 - val_loss: 0.4962
Epoch 108/500
468/468 - 71s - 152ms/step - loss: 0.5149 - val_loss: 0.4775
Epoch 109/500
468/468 - 72s - 153ms/step - loss: 0.4856 - val_loss: 0.4902
Epoch 110/500
468/468 - 72s - 154ms/step - loss: 0.4840 - val_loss: 0.4828
Epoch 111/500
468/468 - 72s - 154ms/step - loss: 0.4788 - val_loss: 0.4752
Epoch 112/500
468/468 - 72s - 154ms/step - loss: 0.4808 - val_loss: 0.4832
Epoch 113/500
