Training log file: /home/xx4455/Comparable/Code/Synthetic/Results/TrainingLogs/heart_default_20260405_172837.log
Starting experiments (dataset=heart, sensitive_attribute=default).
[Run 1/5] Training shared encoder (unweighted)...
Epoch 1/500
52/52 - 10s - 188ms/step - loss: 31.8453 - val_loss: 30.5174
Epoch 2/500
52/52 - 8s - 152ms/step - loss: 28.6399 - val_loss: 27.2701
Epoch 3/500
52/52 - 8s - 145ms/step - loss: 25.4556 - val_loss: 24.0433
Epoch 4/500
52/52 - 8s - 150ms/step - loss: 22.2894 - val_loss: 20.8391
Epoch 5/500
52/52 - 8s - 149ms/step - loss: 19.1422 - val_loss: 17.6593
Epoch 6/500
52/52 - 8s - 149ms/step - loss: 16.0189 - val_loss: 14.5060
Epoch 7/500
52/52 - 8s - 150ms/step - loss: 12.9220 - val_loss: 11.3792
Epoch 8/500
52/52 - 8s - 150ms/step - loss: 9.8621 - val_loss: 8.3007
Epoch 9/500
52/52 - 8s - 149ms/step - loss: 6.8718 - val_loss: 5.3315
Epoch 10/500
52/52 - 8s - 149ms/step - loss: 4.0458 - val_loss: 2.6621
Epoch 11/500
52/52 - 8s - 150ms/step - loss: 1.8221 - val_loss: 1.1688
Epoch 12/500
52/52 - 8s - 148ms/step - loss: 1.0074 - val_loss: 0.8830
Epoch 13/500
52/52 - 8s - 149ms/step - loss: 0.8189 - val_loss: 0.7591
Epoch 14/500
52/52 - 8s - 149ms/step - loss: 0.7246 - val_loss: 0.6868
Epoch 15/500
52/52 - 8s - 148ms/step - loss: 0.6622 - val_loss: 0.6364
Epoch 16/500
52/52 - 8s - 149ms/step - loss: 0.6150 - val_loss: 0.5979
Epoch 17/500
52/52 - 8s - 149ms/step - loss: 0.5781 - val_loss: 0.5672
Epoch 18/500
52/52 - 8s - 150ms/step - loss: 0.5491 - val_loss: 0.5425
Epoch 19/500
52/52 - 8s - 149ms/step - loss: 0.5263 - val_loss: 0.5235
Epoch 20/500
52/52 - 8s - 151ms/step - loss: 0.5091 - val_loss: 0.5095
Epoch 21/500
52/52 - 8s - 151ms/step - loss: 0.4966 - val_loss: 0.4991
Epoch 22/500
52/52 - 8s - 149ms/step - loss: 0.4877 - val_loss: 0.4917
Epoch 23/500
52/52 - 8s - 149ms/step - loss: 0.4816 - val_loss: 0.4867
Epoch 24/500
52/52 - 8s - 151ms/step - loss: 0.4775 - val_loss: 0.4831
Epoch 25/500
52/52 - 8s - 150ms/step - loss: 0.4746 - val_loss: 0.4806
Epoch 26/500
52/52 - 8s - 148ms/step - loss: 0.4726 - val_loss: 0.4788
Epoch 27/500
52/52 - 8s - 149ms/step - loss: 0.4714 - val_loss: 0.4776
Epoch 28/500
52/52 - 8s - 149ms/step - loss: 0.4707 - val_loss: 0.4768
Epoch 29/500
52/52 - 8s - 149ms/step - loss: 0.4702 - val_loss: 0.4764
Epoch 30/500
52/52 - 8s - 149ms/step - loss: 0.4699 - val_loss: 0.4760
Epoch 31/500
52/52 - 8s - 149ms/step - loss: 0.4696 - val_loss: 0.4758
Epoch 32/500
52/52 - 8s - 150ms/step - loss: 0.4697 - val_loss: 0.4760
Epoch 33/500
52/52 - 8s - 150ms/step - loss: 0.4695 - val_loss: 0.4757
Epoch 34/500
52/52 - 8s - 150ms/step - loss: 0.4696 - val_loss: 0.4757
Epoch 35/500
52/52 - 8s - 149ms/step - loss: 0.4695 - val_loss: 0.4758
Epoch 36/500
52/52 - 8s - 149ms/step - loss: 0.4695 - val_loss: 0.4756
Epoch 37/500
52/52 - 8s - 149ms/step - loss: 0.4695 - val_loss: 0.4757
Epoch 38/500
52/52 - 8s - 151ms/step - loss: 0.4695 - val_loss: 0.4756
Epoch 39/500
52/52 - 8s - 150ms/step - loss: 0.4694 - val_loss: 0.4756
Epoch 40/500
52/52 - 8s - 149ms/step - loss: 0.4694 - val_loss: 0.4756
Epoch 41/500
52/52 - 8s - 150ms/step - loss: 0.4694 - val_loss: 0.4756
Epoch 42/500
52/52 - 8s - 149ms/step - loss: 0.4695 - val_loss: 0.4757
Epoch 43/500
52/52 - 8s - 149ms/step - loss: 0.4694 - val_loss: 0.4756
Epoch 44/500
52/52 - 8s - 149ms/step - loss: 0.4694 - val_loss: 0.4757
Epoch 45/500
52/52 - 8s - 150ms/step - loss: 0.4694 - val_loss: 0.4756
Epoch 46/500
52/52 - 8s - 148ms/step - loss: 0.4695 - val_loss: 0.4756
Epoch 47/500
52/52 - 8s - 151ms/step - loss: 0.4694 - val_loss: 0.4758
Epoch 48/500
52/52 - 8s - 151ms/step - loss: 0.4694 - val_loss: 0.4758
Epoch 49/500
52/52 - 8s - 150ms/step - loss: 0.4693 - val_loss: 0.4758
[Run 1/5] Training shared encoder (weighted)...
Epoch 1/500
52/52 - 10s - 193ms/step - loss: 23.9572 - val_loss: 22.3818
Epoch 2/500
52/52 - 8s - 156ms/step - loss: 20.8503 - val_loss: 19.3186
Epoch 3/500
52/52 - 8s - 151ms/step - loss: 17.8095 - val_loss: 16.3249
Epoch 4/500
52/52 - 8s - 156ms/step - loss: 14.8409 - val_loss: 13.3966
Epoch 5/500
52/52 - 8s - 155ms/step - loss: 11.9502 - val_loss: 10.5526
Epoch 6/500
52/52 - 8s - 155ms/step - loss: 9.1599 - val_loss: 7.8063
Epoch 7/500
52/52 - 8s - 155ms/step - loss: 6.4674 - val_loss: 5.1445
Epoch 8/500
52/52 - 8s - 155ms/step - loss: 3.8912 - val_loss: 2.6516
Epoch 9/500
52/52 - 8s - 155ms/step - loss: 1.7297 - val_loss: 1.0855
Epoch 10/500
52/52 - 8s - 155ms/step - loss: 0.9547 - val_loss: 0.8451
Epoch 11/500
52/52 - 8s - 156ms/step - loss: 0.7802 - val_loss: 0.7161
Epoch 12/500
52/52 - 8s - 156ms/step - loss: 0.6748 - val_loss: 0.6363
Epoch 13/500
52/52 - 8s - 155ms/step - loss: 0.6090 - val_loss: 0.5854
Epoch 14/500
52/52 - 8s - 154ms/step - loss: 0.5665 - val_loss: 0.5536
Epoch 15/500
52/52 - 8s - 154ms/step - loss: 0.5382 - val_loss: 0.5340
Epoch 16/500
52/52 - 8s - 156ms/step - loss: 0.5197 - val_loss: 0.5204
Epoch 17/500
52/52 - 8s - 156ms/step - loss: 0.5068 - val_loss: 0.5114
Epoch 18/500
52/52 - 8s - 155ms/step - loss: 0.4985 - val_loss: 0.5057
Epoch 19/500
52/52 - 8s - 154ms/step - loss: 0.4928 - val_loss: 0.5018
Epoch 20/500
52/52 - 8s - 156ms/step - loss: 0.4889 - val_loss: 0.4990
Epoch 21/500
52/52 - 8s - 156ms/step - loss: 0.4862 - val_loss: 0.4975
Epoch 22/500
52/52 - 8s - 156ms/step - loss: 0.4847 - val_loss: 0.4966
Epoch 23/500
52/52 - 8s - 155ms/step - loss: 0.4836 - val_loss: 0.4958
Epoch 24/500
52/52 - 8s - 156ms/step - loss: 0.4828 - val_loss: 0.4952
Epoch 25/500
52/52 - 8s - 156ms/step - loss: 0.4823 - val_loss: 0.4951
Epoch 26/500
52/52 - 8s - 155ms/step - loss: 0.4820 - val_loss: 0.4951
Epoch 27/500
52/52 - 8s - 156ms/step - loss: 0.4817 - val_loss: 0.4949
Epoch 28/500
52/52 - 8s - 155ms/step - loss: 0.4816 - val_loss: 0.4948
Epoch 29/500
52/52 - 8s - 156ms/step - loss: 0.4815 - val_loss: 0.4951
Epoch 30/500
52/52 - 8s - 155ms/step - loss: 0.4815 - val_loss: 0.4946
Epoch 31/500
52/52 - 8s - 155ms/step - loss: 0.4815 - val_loss: 0.4947
Epoch 32/500
52/52 - 8s - 155ms/step - loss: 0.4815 - val_loss: 0.4947
Epoch 33/500
52/52 - 8s - 155ms/step - loss: 0.4814 - val_loss: 0.4946
Epoch 34/500
52/52 - 8s - 155ms/step - loss: 0.4815 - val_loss: 0.4948
Epoch 35/500
52/52 - 8s - 155ms/step - loss: 0.4815 - val_loss: 0.4947
Epoch 36/500
52/52 - 8s - 156ms/step - loss: 0.4815 - val_loss: 0.4949
Epoch 37/500
52/52 - 8s - 156ms/step - loss: 0.4815 - val_loss: 0.4948
Epoch 38/500
52/52 - 8s - 156ms/step - loss: 0.4814 - val_loss: 0.4950
Epoch 39/500
52/52 - 8s - 154ms/step - loss: 0.4815 - val_loss: 0.4949
Epoch 40/500
52/52 - 8s - 154ms/step - loss: 0.4815 - val_loss: 0.4949
[Run 1/5] Training single encoder baseline (sigmoid head)...
[Run 2/5] Training shared encoder (unweighted)...
Epoch 1/500
51/51 - 9s - 178ms/step - loss: 30.0340 - val_loss: 28.1016
Epoch 2/500
51/51 - 8s - 154ms/step - loss: 26.8404 - val_loss: 24.9510
Epoch 3/500
51/51 - 7s - 146ms/step - loss: 23.6642 - val_loss: 21.8186
Epoch 4/500
51/51 - 8s - 154ms/step - loss: 20.5101 - val_loss: 18.7081
Epoch 5/500
51/51 - 8s - 150ms/step - loss: 17.3774 - val_loss: 15.6182
Epoch 6/500
51/51 - 8s - 151ms/step - loss: 14.2674 - val_loss: 12.5537
Epoch 7/500
51/51 - 8s - 149ms/step - loss: 11.1887 - val_loss: 9.5217
Epoch 8/500
51/51 - 8s - 150ms/step - loss: 8.1534 - val_loss: 6.5433
Epoch 9/500
51/51 - 8s - 150ms/step - loss: 5.2095 - val_loss: 3.7258
Epoch 10/500
51/51 - 8s - 153ms/step - loss: 2.5969 - val_loss: 1.5877
Epoch 11/500
51/51 - 8s - 150ms/step - loss: 1.2598 - val_loss: 1.0782
Epoch 12/500
51/51 - 8s - 151ms/step - loss: 0.9686 - val_loss: 0.8645
Epoch 13/500
51/51 - 8s - 152ms/step - loss: 0.7968 - val_loss: 0.7229
Epoch 14/500
51/51 - 8s - 151ms/step - loss: 0.6796 - val_loss: 0.6264
Epoch 15/500
51/51 - 8s - 151ms/step - loss: 0.5993 - val_loss: 0.5610
Epoch 16/500
51/51 - 8s - 151ms/step - loss: 0.5451 - val_loss: 0.5164
Epoch 17/500
51/51 - 8s - 151ms/step - loss: 0.5099 - val_loss: 0.4872
Epoch 18/500
51/51 - 8s - 152ms/step - loss: 0.4866 - val_loss: 0.4674
Epoch 19/500
51/51 - 8s - 151ms/step - loss: 0.4712 - val_loss: 0.4550
Epoch 20/500
51/51 - 8s - 151ms/step - loss: 0.4613 - val_loss: 0.4476
Epoch 21/500
51/51 - 8s - 151ms/step - loss: 0.4552 - val_loss: 0.4436
Epoch 22/500
51/51 - 8s - 151ms/step - loss: 0.4514 - val_loss: 0.4411
Epoch 23/500
51/51 - 8s - 149ms/step - loss: 0.4493 - val_loss: 0.4399
Epoch 24/500
51/51 - 8s - 152ms/step - loss: 0.4481 - val_loss: 0.4393
Epoch 25/500
51/51 - 8s - 151ms/step - loss: 0.4474 - val_loss: 0.4391
Epoch 26/500
51/51 - 8s - 150ms/step - loss: 0.4470 - val_loss: 0.4390
Epoch 27/500
51/51 - 8s - 151ms/step - loss: 0.4468 - val_loss: 0.4389
Epoch 28/500
51/51 - 8s - 151ms/step - loss: 0.4466 - val_loss: 0.4389
Epoch 29/500
51/51 - 8s - 152ms/step - loss: 0.4465 - val_loss: 0.4389
Epoch 30/500
51/51 - 8s - 152ms/step - loss: 0.4465 - val_loss: 0.4389
Epoch 31/500
51/51 - 8s - 152ms/step - loss: 0.4464 - val_loss: 0.4389
Epoch 32/500
51/51 - 8s - 152ms/step - loss: 0.4464 - val_loss: 0.4390
Epoch 33/500
51/51 - 8s - 152ms/step - loss: 0.4464 - val_loss: 0.4390
Epoch 34/500
51/51 - 8s - 151ms/step - loss: 0.4464 - val_loss: 0.4390
Epoch 35/500
51/51 - 8s - 151ms/step - loss: 0.4464 - val_loss: 0.4390
Epoch 36/500
51/51 - 8s - 151ms/step - loss: 0.4465 - val_loss: 0.4390
Epoch 37/500
51/51 - 8s - 152ms/step - loss: 0.4465 - val_loss: 0.4391
[Run 2/5] Training shared encoder (weighted)...
Epoch 1/500
51/51 - 10s - 192ms/step - loss: 18.6498 - val_loss: 17.0588
Epoch 2/500
51/51 - 8s - 157ms/step - loss: 15.6341 - val_loss: 14.2100
Epoch 3/500
51/51 - 8s - 152ms/step - loss: 12.9718 - val_loss: 11.7543
Epoch 4/500
51/51 - 8s - 157ms/step - loss: 10.7908 - val_loss: 9.8214
Epoch 5/500
51/51 - 8s - 156ms/step - loss: 9.0425 - val_loss: 8.2120
Epoch 6/500
51/51 - 8s - 156ms/step - loss: 7.5502 - val_loss: 6.7925
Epoch 7/500
51/51 - 8s - 156ms/step - loss: 6.2184 - val_loss: 5.5212
Epoch 8/500
51/51 - 8s - 157ms/step - loss: 5.0048 - val_loss: 4.3689
Epoch 9/500
51/51 - 8s - 156ms/step - loss: 3.8882 - val_loss: 3.3119
Epoch 10/500
51/51 - 8s - 157ms/step - loss: 2.8537 - val_loss: 2.3371
Epoch 11/500
51/51 - 8s - 157ms/step - loss: 1.9168 - val_loss: 1.4984
Epoch 12/500
51/51 - 8s - 156ms/step - loss: 1.1940 - val_loss: 0.9630
Epoch 13/500
51/51 - 8s - 157ms/step - loss: 0.8412 - val_loss: 0.7584
Epoch 14/500
51/51 - 8s - 156ms/step - loss: 0.6981 - val_loss: 0.6516
Epoch 15/500
51/51 - 8s - 155ms/step - loss: 0.6151 - val_loss: 0.5869
Epoch 16/500
51/51 - 8s - 157ms/step - loss: 0.5631 - val_loss: 0.5454
Epoch 17/500
51/51 - 8s - 155ms/step - loss: 0.5300 - val_loss: 0.5172
Epoch 18/500
51/51 - 8s - 157ms/step - loss: 0.5091 - val_loss: 0.4997
Epoch 19/500
51/51 - 8s - 156ms/step - loss: 0.4954 - val_loss: 0.4888
Epoch 20/500
51/51 - 8s - 156ms/step - loss: 0.4863 - val_loss: 0.4806
Epoch 21/500
51/51 - 8s - 156ms/step - loss: 0.4803 - val_loss: 0.4754
Epoch 22/500
51/51 - 8s - 156ms/step - loss: 0.4761 - val_loss: 0.4717
Epoch 23/500
51/51 - 8s - 157ms/step - loss: 0.4733 - val_loss: 0.4691
Epoch 24/500
51/51 - 8s - 157ms/step - loss: 0.4714 - val_loss: 0.4673
Epoch 25/500
51/51 - 8s - 156ms/step - loss: 0.4700 - val_loss: 0.4660
Epoch 26/500
51/51 - 8s - 156ms/step - loss: 0.4691 - val_loss: 0.4649
Epoch 27/500
51/51 - 8s - 156ms/step - loss: 0.4684 - val_loss: 0.4644
Epoch 28/500
51/51 - 8s - 156ms/step - loss: 0.4681 - val_loss: 0.4641
Epoch 29/500
51/51 - 8s - 158ms/step - loss: 0.4679 - val_loss: 0.4638
Epoch 30/500
51/51 - 8s - 156ms/step - loss: 0.4678 - val_loss: 0.4636
Epoch 31/500
51/51 - 8s - 155ms/step - loss: 0.4677 - val_loss: 0.4634
Epoch 32/500
51/51 - 8s - 156ms/step - loss: 0.4676 - val_loss: 0.4635
Epoch 33/500
51/51 - 8s - 157ms/step - loss: 0.4676 - val_loss: 0.4632
Epoch 34/500
51/51 - 8s - 156ms/step - loss: 0.4675 - val_loss: 0.4632
Epoch 35/500
51/51 - 8s - 155ms/step - loss: 0.4679 - val_loss: 0.4633
Epoch 36/500
51/51 - 8s - 155ms/step - loss: 0.4676 - val_loss: 0.4631
Epoch 37/500
51/51 - 8s - 157ms/step - loss: 0.4675 - val_loss: 0.4631
Epoch 38/500
51/51 - 8s - 157ms/step - loss: 0.4677 - val_loss: 0.4631
Epoch 39/500
51/51 - 8s - 156ms/step - loss: 0.4676 - val_loss: 0.4632
Epoch 40/500
51/51 - 8s - 156ms/step - loss: 0.4677 - val_loss: 0.4632
Epoch 41/500
51/51 - 8s - 157ms/step - loss: 0.4677 - val_loss: 0.4632
Epoch 42/500
51/51 - 8s - 157ms/step - loss: 0.4678 - val_loss: 0.4632
Epoch 43/500
51/51 - 8s - 156ms/step - loss: 0.4678 - val_loss: 0.4633
Epoch 44/500
51/51 - 8s - 156ms/step - loss: 0.4678 - val_loss: 0.4633
Epoch 45/500
51/51 - 8s - 156ms/step - loss: 0.4679 - val_loss: 0.4634
Epoch 46/500
51/51 - 8s - 155ms/step - loss: 0.4679 - val_loss: 0.4634
[Run 2/5] Training single encoder baseline (sigmoid head)...
[Run 3/5] Training shared encoder (unweighted)...
Epoch 1/500
52/52 - 9s - 175ms/step - loss: 19.4664 - val_loss: 17.8185
Epoch 2/500
52/52 - 8s - 153ms/step - loss: 16.3669 - val_loss: 14.7285
Epoch 3/500
52/52 - 7s - 144ms/step - loss: 13.3134 - val_loss: 11.6915
Epoch 4/500
52/52 - 8s - 149ms/step - loss: 10.3304 - val_loss: 8.7518
Epoch 5/500
52/52 - 8s - 150ms/step - loss: 7.4766 - val_loss: 6.0066
Epoch 6/500
52/52 - 8s - 149ms/step - loss: 4.8691 - val_loss: 3.6513
Epoch 7/500
52/52 - 8s - 149ms/step - loss: 2.8274 - val_loss: 2.1156
Epoch 8/500
52/52 - 8s - 149ms/step - loss: 1.7273 - val_loss: 1.4737
Epoch 9/500
52/52 - 8s - 150ms/step - loss: 1.3202 - val_loss: 1.2152
Epoch 10/500
52/52 - 8s - 150ms/step - loss: 1.1022 - val_loss: 1.0183
Epoch 11/500
52/52 - 8s - 150ms/step - loss: 0.9258 - val_loss: 0.8559
Epoch 12/500
52/52 - 8s - 150ms/step - loss: 0.7831 - val_loss: 0.7251
Epoch 13/500
52/52 - 8s - 150ms/step - loss: 0.6723 - val_loss: 0.6252
Epoch 14/500
52/52 - 8s - 148ms/step - loss: 0.5907 - val_loss: 0.5545
Epoch 15/500
52/52 - 8s - 152ms/step - loss: 0.5330 - val_loss: 0.5078
Epoch 16/500
52/52 - 8s - 150ms/step - loss: 0.4954 - val_loss: 0.4792
Epoch 17/500
52/52 - 8s - 149ms/step - loss: 0.4714 - val_loss: 0.4631
Epoch 18/500
52/52 - 8s - 149ms/step - loss: 0.4569 - val_loss: 0.4548
Epoch 19/500
52/52 - 8s - 149ms/step - loss: 0.4489 - val_loss: 0.4508
Epoch 20/500
52/52 - 8s - 150ms/step - loss: 0.4447 - val_loss: 0.4487
Epoch 21/500
52/52 - 8s - 149ms/step - loss: 0.4425 - val_loss: 0.4479
Epoch 22/500
52/52 - 8s - 150ms/step - loss: 0.4413 - val_loss: 0.4474
Epoch 23/500
52/52 - 8s - 149ms/step - loss: 0.4405 - val_loss: 0.4473
Epoch 24/500
52/52 - 8s - 149ms/step - loss: 0.4401 - val_loss: 0.4471
Epoch 25/500
52/52 - 8s - 150ms/step - loss: 0.4398 - val_loss: 0.4470
Epoch 26/500
52/52 - 8s - 151ms/step - loss: 0.4397 - val_loss: 0.4468
Epoch 27/500
52/52 - 8s - 151ms/step - loss: 0.4396 - val_loss: 0.4469
Epoch 28/500
52/52 - 8s - 150ms/step - loss: 0.4395 - val_loss: 0.4470
Epoch 29/500
52/52 - 8s - 150ms/step - loss: 0.4394 - val_loss: 0.4469
Epoch 30/500
52/52 - 8s - 150ms/step - loss: 0.4394 - val_loss: 0.4469
Epoch 31/500
52/52 - 8s - 150ms/step - loss: 0.4394 - val_loss: 0.4470
Epoch 32/500
52/52 - 8s - 150ms/step - loss: 0.4394 - val_loss: 0.4471
Epoch 33/500
52/52 - 8s - 150ms/step - loss: 0.4394 - val_loss: 0.4470
Epoch 34/500
52/52 - 8s - 150ms/step - loss: 0.4394 - val_loss: 0.4470
Epoch 35/500
52/52 - 8s - 150ms/step - loss: 0.4394 - val_loss: 0.4470
Epoch 36/500
52/52 - 8s - 150ms/step - loss: 0.4394 - val_loss: 0.4471
[Run 3/5] Training shared encoder (weighted)...
Epoch 1/500
52/52 - 10s - 189ms/step - loss: 6.4274 - val_loss: 5.4689
Epoch 2/500
52/52 - 8s - 157ms/step - loss: 4.6481 - val_loss: 3.7527
Epoch 3/500
52/52 - 8s - 150ms/step - loss: 3.0086 - val_loss: 2.2705
Epoch 4/500
52/52 - 8s - 156ms/step - loss: 1.7731 - val_loss: 1.3842
Epoch 5/500
52/52 - 8s - 156ms/step - loss: 1.2176 - val_loss: 1.0920
Epoch 6/500
52/52 - 8s - 156ms/step - loss: 1.0010 - val_loss: 0.9242
Epoch 7/500
52/52 - 8s - 155ms/step - loss: 0.8513 - val_loss: 0.8029
Epoch 8/500
52/52 - 8s - 155ms/step - loss: 0.7437 - val_loss: 0.7163
Epoch 9/500
52/52 - 8s - 154ms/step - loss: 0.6696 - val_loss: 0.6595
Epoch 10/500
52/52 - 8s - 155ms/step - loss: 0.6182 - val_loss: 0.6168
Epoch 11/500
52/52 - 8s - 155ms/step - loss: 0.5794 - val_loss: 0.5825
Epoch 12/500
52/52 - 8s - 154ms/step - loss: 0.5490 - val_loss: 0.5524
Epoch 13/500
52/52 - 8s - 155ms/step - loss: 0.5253 - val_loss: 0.5311
Epoch 14/500
52/52 - 8s - 155ms/step - loss: 0.5074 - val_loss: 0.5147
Epoch 15/500
52/52 - 8s - 156ms/step - loss: 0.4936 - val_loss: 0.5025
Epoch 16/500
52/52 - 8s - 156ms/step - loss: 0.4833 - val_loss: 0.4924
Epoch 17/500
52/52 - 8s - 155ms/step - loss: 0.4754 - val_loss: 0.4843
Epoch 18/500
52/52 - 8s - 156ms/step - loss: 0.4692 - val_loss: 0.4784
Epoch 19/500
52/52 - 8s - 156ms/step - loss: 0.4649 - val_loss: 0.4738
Epoch 20/500
52/52 - 8s - 154ms/step - loss: 0.4619 - val_loss: 0.4704
Epoch 21/500
52/52 - 8s - 155ms/step - loss: 0.4597 - val_loss: 0.4680
Epoch 22/500
52/52 - 8s - 155ms/step - loss: 0.4582 - val_loss: 0.4664
Epoch 23/500
52/52 - 8s - 155ms/step - loss: 0.4571 - val_loss: 0.4652
Epoch 24/500
52/52 - 8s - 155ms/step - loss: 0.4566 - val_loss: 0.4637
Epoch 25/500
52/52 - 8s - 155ms/step - loss: 0.4561 - val_loss: 0.4631
Epoch 26/500
52/52 - 8s - 155ms/step - loss: 0.4557 - val_loss: 0.4628
Epoch 27/500
52/52 - 8s - 155ms/step - loss: 0.4556 - val_loss: 0.4621
Epoch 28/500
52/52 - 8s - 154ms/step - loss: 0.4554 - val_loss: 0.4614
Epoch 29/500
52/52 - 8s - 155ms/step - loss: 0.4553 - val_loss: 0.4620
Epoch 30/500
52/52 - 8s - 155ms/step - loss: 0.4553 - val_loss: 0.4615
Epoch 31/500
52/52 - 8s - 155ms/step - loss: 0.4553 - val_loss: 0.4614
Epoch 32/500
52/52 - 8s - 156ms/step - loss: 0.4553 - val_loss: 0.4611
Epoch 33/500
52/52 - 8s - 155ms/step - loss: 0.4552 - val_loss: 0.4610
Epoch 34/500
52/52 - 8s - 155ms/step - loss: 0.4553 - val_loss: 0.4609
Epoch 35/500
52/52 - 8s - 154ms/step - loss: 0.4553 - val_loss: 0.4608
Epoch 36/500
52/52 - 8s - 155ms/step - loss: 0.4553 - val_loss: 0.4607
Epoch 37/500
52/52 - 8s - 155ms/step - loss: 0.4553 - val_loss: 0.4607
Epoch 38/500
52/52 - 8s - 155ms/step - loss: 0.4554 - val_loss: 0.4610
Epoch 39/500
52/52 - 8s - 154ms/step - loss: 0.4553 - val_loss: 0.4608
Epoch 40/500
52/52 - 8s - 155ms/step - loss: 0.4553 - val_loss: 0.4609
Epoch 41/500
52/52 - 8s - 154ms/step - loss: 0.4553 - val_loss: 0.4612
Epoch 42/500
52/52 - 8s - 155ms/step - loss: 0.4553 - val_loss: 0.4610
Epoch 43/500
52/52 - 8s - 155ms/step - loss: 0.4553 - val_loss: 0.4610
Epoch 44/500
52/52 - 8s - 156ms/step - loss: 0.4553 - val_loss: 0.4611
Epoch 45/500
52/52 - 8s - 156ms/step - loss: 0.4553 - val_loss: 0.4614
[Run 3/5] Training single encoder baseline (sigmoid head)...
[Run 4/5] Training shared encoder (unweighted)...
Epoch 1/500
52/52 - 9s - 177ms/step - loss: 18.5247 - val_loss: 16.4539
Epoch 2/500
52/52 - 8s - 154ms/step - loss: 15.1407 - val_loss: 13.1641
Epoch 3/500
52/52 - 8s - 147ms/step - loss: 11.7981 - val_loss: 9.9260
Epoch 4/500
52/52 - 8s - 152ms/step - loss: 8.5309 - val_loss: 6.8052
Epoch 5/500
52/52 - 8s - 152ms/step - loss: 5.4555 - val_loss: 3.9976
Epoch 6/500
52/52 - 8s - 151ms/step - loss: 2.9323 - val_loss: 2.0941
Epoch 7/500
52/52 - 8s - 152ms/step - loss: 1.6940 - val_loss: 1.4849
Epoch 8/500
52/52 - 8s - 152ms/step - loss: 1.3470 - val_loss: 1.2479
Epoch 9/500
52/52 - 8s - 152ms/step - loss: 1.1491 - val_loss: 1.0702
Epoch 10/500
52/52 - 8s - 153ms/step - loss: 0.9937 - val_loss: 0.9291
Epoch 11/500
52/52 - 8s - 154ms/step - loss: 0.8722 - val_loss: 0.8205
Epoch 12/500
52/52 - 8s - 151ms/step - loss: 0.7778 - val_loss: 0.7354
Epoch 13/500
52/52 - 8s - 151ms/step - loss: 0.7045 - val_loss: 0.6678
Epoch 14/500
52/52 - 8s - 151ms/step - loss: 0.6471 - val_loss: 0.6155
Epoch 15/500
52/52 - 8s - 151ms/step - loss: 0.6022 - val_loss: 0.5745
Epoch 16/500
52/52 - 8s - 154ms/step - loss: 0.5674 - val_loss: 0.5434
Epoch 17/500
52/52 - 8s - 152ms/step - loss: 0.5405 - val_loss: 0.5199
Epoch 18/500
52/52 - 8s - 151ms/step - loss: 0.5195 - val_loss: 0.5016
Epoch 19/500
52/52 - 8s - 151ms/step - loss: 0.5033 - val_loss: 0.4881
Epoch 20/500
52/52 - 8s - 152ms/step - loss: 0.4910 - val_loss: 0.4777
Epoch 21/500
52/52 - 8s - 152ms/step - loss: 0.4814 - val_loss: 0.4696
Epoch 22/500
52/52 - 8s - 152ms/step - loss: 0.4742 - val_loss: 0.4631
Epoch 23/500
52/52 - 8s - 153ms/step - loss: 0.4685 - val_loss: 0.4582
Epoch 24/500
52/52 - 8s - 152ms/step - loss: 0.4642 - val_loss: 0.4540
Epoch 25/500
52/52 - 8s - 151ms/step - loss: 0.4608 - val_loss: 0.4507
Epoch 26/500
52/52 - 8s - 152ms/step - loss: 0.4583 - val_loss: 0.4481
Epoch 27/500
52/52 - 8s - 151ms/step - loss: 0.4563 - val_loss: 0.4459
Epoch 28/500
52/52 - 8s - 152ms/step - loss: 0.4546 - val_loss: 0.4442
Epoch 29/500
52/52 - 8s - 152ms/step - loss: 0.4534 - val_loss: 0.4426
Epoch 30/500
52/52 - 8s - 152ms/step - loss: 0.4523 - val_loss: 0.4417
Epoch 31/500
52/52 - 8s - 151ms/step - loss: 0.4515 - val_loss: 0.4409
Epoch 32/500
52/52 - 8s - 152ms/step - loss: 0.4508 - val_loss: 0.4400
Epoch 33/500
52/52 - 8s - 150ms/step - loss: 0.4504 - val_loss: 0.4395
Epoch 34/500
52/52 - 8s - 153ms/step - loss: 0.4501 - val_loss: 0.4393
Epoch 35/500
52/52 - 8s - 151ms/step - loss: 0.4498 - val_loss: 0.4387
Epoch 36/500
52/52 - 8s - 152ms/step - loss: 0.4496 - val_loss: 0.4386
Epoch 37/500
52/52 - 8s - 152ms/step - loss: 0.4495 - val_loss: 0.4387
Epoch 38/500
52/52 - 8s - 151ms/step - loss: 0.4495 - val_loss: 0.4386
Epoch 39/500
52/52 - 8s - 151ms/step - loss: 0.4494 - val_loss: 0.4386
Epoch 40/500
52/52 - 8s - 151ms/step - loss: 0.4494 - val_loss: 0.4388
Epoch 41/500
52/52 - 8s - 151ms/step - loss: 0.4494 - val_loss: 0.4388
Epoch 42/500
52/52 - 8s - 150ms/step - loss: 0.4496 - val_loss: 0.4386
Epoch 43/500
52/52 - 8s - 151ms/step - loss: 0.4495 - val_loss: 0.4388
Epoch 44/500
52/52 - 8s - 151ms/step - loss: 0.4496 - val_loss: 0.4388
Epoch 45/500
52/52 - 8s - 152ms/step - loss: 0.4497 - val_loss: 0.4389
Epoch 46/500
52/52 - 8s - 151ms/step - loss: 0.4497 - val_loss: 0.4389
[Run 4/5] Training shared encoder (weighted)...
Epoch 1/500
52/52 - 10s - 190ms/step - loss: 28.3708 - val_loss: 26.0617
Epoch 2/500
52/52 - 8s - 157ms/step - loss: 24.9808 - val_loss: 22.7655
Epoch 3/500
52/52 - 8s - 151ms/step - loss: 21.6273 - val_loss: 19.5058
Epoch 4/500
52/52 - 8s - 160ms/step - loss: 18.3170 - val_loss: 16.2933
Epoch 5/500
52/52 - 8s - 156ms/step - loss: 15.0647 - val_loss: 13.1345
Epoch 6/500
52/52 - 8s - 157ms/step - loss: 11.8781 - val_loss: 10.0453
Epoch 7/500
52/52 - 8s - 156ms/step - loss: 8.7709 - val_loss: 7.0483
Epoch 8/500
52/52 - 8s - 156ms/step - loss: 5.7629 - val_loss: 4.1784
Epoch 9/500
52/52 - 8s - 156ms/step - loss: 2.9663 - val_loss: 1.7390
Epoch 10/500
52/52 - 8s - 156ms/step - loss: 1.2279 - val_loss: 1.0148
Epoch 11/500
52/52 - 8s - 157ms/step - loss: 0.9290 - val_loss: 0.8631
Epoch 12/500
52/52 - 8s - 156ms/step - loss: 0.8064 - val_loss: 0.7532
Epoch 13/500
52/52 - 8s - 156ms/step - loss: 0.7137 - val_loss: 0.6691
Epoch 14/500
52/52 - 8s - 156ms/step - loss: 0.6436 - val_loss: 0.6054
Epoch 15/500
52/52 - 8s - 156ms/step - loss: 0.5911 - val_loss: 0.5585
Epoch 16/500
52/52 - 8s - 156ms/step - loss: 0.5528 - val_loss: 0.5249
Epoch 17/500
52/52 - 8s - 158ms/step - loss: 0.5253 - val_loss: 0.5016
Epoch 18/500
52/52 - 8s - 156ms/step - loss: 0.5060 - val_loss: 0.4846
Epoch 19/500
52/52 - 8s - 156ms/step - loss: 0.4925 - val_loss: 0.4731
Epoch 20/500
52/52 - 8s - 155ms/step - loss: 0.4831 - val_loss: 0.4657
Epoch 21/500
52/52 - 8s - 157ms/step - loss: 0.4766 - val_loss: 0.4605
Epoch 22/500
52/52 - 8s - 157ms/step - loss: 0.4726 - val_loss: 0.4574
Epoch 23/500
52/52 - 8s - 155ms/step - loss: 0.4699 - val_loss: 0.4557
Epoch 24/500
52/52 - 8s - 156ms/step - loss: 0.4681 - val_loss: 0.4545
Epoch 25/500
52/52 - 8s - 156ms/step - loss: 0.4669 - val_loss: 0.4539
Epoch 26/500
52/52 - 8s - 156ms/step - loss: 0.4662 - val_loss: 0.4534
Epoch 27/500
52/52 - 8s - 156ms/step - loss: 0.4658 - val_loss: 0.4530
Epoch 28/500
52/52 - 8s - 155ms/step - loss: 0.4655 - val_loss: 0.4527
Epoch 29/500
52/52 - 8s - 155ms/step - loss: 0.4653 - val_loss: 0.4525
Epoch 30/500
52/52 - 8s - 158ms/step - loss: 0.4651 - val_loss: 0.4524
Epoch 31/500
52/52 - 8s - 155ms/step - loss: 0.4649 - val_loss: 0.4522
Epoch 32/500
52/52 - 8s - 155ms/step - loss: 0.4649 - val_loss: 0.4521
Epoch 33/500
52/52 - 8s - 155ms/step - loss: 0.4649 - val_loss: 0.4521
Epoch 34/500
52/52 - 8s - 156ms/step - loss: 0.4649 - val_loss: 0.4520
Epoch 35/500
52/52 - 8s - 155ms/step - loss: 0.4650 - val_loss: 0.4520
Epoch 36/500
52/52 - 8s - 156ms/step - loss: 0.4649 - val_loss: 0.4521
Epoch 37/500
52/52 - 8s - 155ms/step - loss: 0.4650 - val_loss: 0.4521
Epoch 38/500
52/52 - 8s - 156ms/step - loss: 0.4649 - val_loss: 0.4521
Epoch 39/500
52/52 - 8s - 156ms/step - loss: 0.4650 - val_loss: 0.4521
Epoch 40/500
52/52 - 8s - 155ms/step - loss: 0.4650 - val_loss: 0.4521
Epoch 41/500
52/52 - 8s - 156ms/step - loss: 0.4650 - val_loss: 0.4521
Epoch 42/500
52/52 - 8s - 156ms/step - loss: 0.4650 - val_loss: 0.4521
Epoch 43/500
52/52 - 8s - 158ms/step - loss: 0.4651 - val_loss: 0.4522
Epoch 44/500
52/52 - 8s - 156ms/step - loss: 0.4650 - val_loss: 0.4521
[Run 4/5] Training single encoder baseline (sigmoid head)...
[Run 5/5] Training shared encoder (unweighted)...
Epoch 1/500
52/52 - 9s - 177ms/step - loss: 15.0977 - val_loss: 13.3688
Epoch 2/500
52/52 - 8s - 154ms/step - loss: 12.0444 - val_loss: 10.3881
Epoch 3/500
52/52 - 7s - 144ms/step - loss: 9.0157 - val_loss: 7.4365
Epoch 4/500
52/52 - 8s - 151ms/step - loss: 6.0409 - val_loss: 4.5560
Epoch 5/500
52/52 - 8s - 149ms/step - loss: 3.2459 - val_loss: 2.0119
Epoch 6/500
52/52 - 8s - 149ms/step - loss: 1.3591 - val_loss: 1.0220
Epoch 7/500
52/52 - 8s - 148ms/step - loss: 0.8931 - val_loss: 0.7905
Epoch 8/500
52/52 - 8s - 150ms/step - loss: 0.7207 - val_loss: 0.6670
Epoch 9/500
52/52 - 8s - 148ms/step - loss: 0.6248 - val_loss: 0.5956
Epoch 10/500
52/52 - 8s - 149ms/step - loss: 0.5654 - val_loss: 0.5493
Epoch 11/500
52/52 - 8s - 149ms/step - loss: 0.5273 - val_loss: 0.5189
Epoch 12/500
52/52 - 8s - 149ms/step - loss: 0.5028 - val_loss: 0.4997
Epoch 13/500
52/52 - 8s - 149ms/step - loss: 0.4872 - val_loss: 0.4873
Epoch 14/500
52/52 - 8s - 148ms/step - loss: 0.4768 - val_loss: 0.4792
Epoch 15/500
52/52 - 8s - 149ms/step - loss: 0.4697 - val_loss: 0.4733
Epoch 16/500
52/52 - 8s - 149ms/step - loss: 0.4646 - val_loss: 0.4695
Epoch 17/500
52/52 - 8s - 149ms/step - loss: 0.4611 - val_loss: 0.4664
Epoch 18/500
52/52 - 8s - 148ms/step - loss: 0.4588 - val_loss: 0.4645
Epoch 19/500
52/52 - 8s - 148ms/step - loss: 0.4574 - val_loss: 0.4631
Epoch 20/500
52/52 - 8s - 147ms/step - loss: 0.4563 - val_loss: 0.4622
Epoch 21/500
52/52 - 8s - 149ms/step - loss: 0.4556 - val_loss: 0.4614
Epoch 22/500
52/52 - 8s - 149ms/step - loss: 0.4551 - val_loss: 0.4608
Epoch 23/500
52/52 - 8s - 149ms/step - loss: 0.4548 - val_loss: 0.4605
Epoch 24/500
52/52 - 8s - 149ms/step - loss: 0.4545 - val_loss: 0.4602
Epoch 25/500
52/52 - 8s - 149ms/step - loss: 0.4544 - val_loss: 0.4600
Epoch 26/500
52/52 - 8s - 149ms/step - loss: 0.4544 - val_loss: 0.4598
Epoch 27/500
52/52 - 8s - 149ms/step - loss: 0.4543 - val_loss: 0.4597
Epoch 28/500
52/52 - 8s - 149ms/step - loss: 0.4543 - val_loss: 0.4596
Epoch 29/500
52/52 - 8s - 148ms/step - loss: 0.4543 - val_loss: 0.4596
Epoch 30/500
52/52 - 8s - 148ms/step - loss: 0.4543 - val_loss: 0.4595
Epoch 31/500
52/52 - 8s - 149ms/step - loss: 0.4543 - val_loss: 0.4595
Epoch 32/500
52/52 - 8s - 149ms/step - loss: 0.4543 - val_loss: 0.4594
Epoch 33/500
52/52 - 8s - 148ms/step - loss: 0.4543 - val_loss: 0.4595
Epoch 34/500
52/52 - 8s - 149ms/step - loss: 0.4544 - val_loss: 0.4594
Epoch 35/500
52/52 - 8s - 150ms/step - loss: 0.4544 - val_loss: 0.4594
Epoch 36/500
52/52 - 8s - 148ms/step - loss: 0.4544 - val_loss: 0.4594
Epoch 37/500
52/52 - 8s - 148ms/step - loss: 0.4545 - val_loss: 0.4594
Epoch 38/500
52/52 - 8s - 150ms/step - loss: 0.4545 - val_loss: 0.4594
Epoch 39/500
52/52 - 8s - 150ms/step - loss: 0.4544 - val_loss: 0.4594
Epoch 40/500
52/52 - 8s - 149ms/step - loss: 0.4545 - val_loss: 0.4594
Epoch 41/500
52/52 - 8s - 149ms/step - loss: 0.4544 - val_loss: 0.4594
Epoch 42/500
52/52 - 8s - 148ms/step - loss: 0.4544 - val_loss: 0.4595
[Run 5/5] Training shared encoder (weighted)...
Epoch 1/500
52/52 - 10s - 189ms/step - loss: 27.4209 - val_loss: 25.5938
Epoch 2/500
52/52 - 8s - 155ms/step - loss: 24.4701 - val_loss: 22.6946
Epoch 3/500
52/52 - 8s - 149ms/step - loss: 21.5389 - val_loss: 19.8156
Epoch 4/500
52/52 - 8s - 156ms/step - loss: 18.6222 - val_loss: 16.9501
Epoch 5/500
52/52 - 8s - 154ms/step - loss: 15.7168 - val_loss: 14.0933
Epoch 6/500
52/52 - 8s - 154ms/step - loss: 12.8236 - val_loss: 11.2474
Epoch 7/500
52/52 - 8s - 154ms/step - loss: 9.9478 - val_loss: 8.4180
Epoch 8/500
52/52 - 8s - 154ms/step - loss: 7.0967 - val_loss: 5.6181
Epoch 9/500
52/52 - 8s - 154ms/step - loss: 4.3099 - val_loss: 2.9326
Epoch 10/500
52/52 - 8s - 154ms/step - loss: 1.8010 - val_loss: 0.8514
Epoch 11/500
52/52 - 8s - 153ms/step - loss: 0.7421 - val_loss: 0.6706
Epoch 12/500
52/52 - 8s - 155ms/step - loss: 0.6479 - val_loss: 0.6085
Epoch 13/500
52/52 - 8s - 154ms/step - loss: 0.5923 - val_loss: 0.5668
Epoch 14/500
52/52 - 8s - 153ms/step - loss: 0.5531 - val_loss: 0.5374
Epoch 15/500
52/52 - 8s - 154ms/step - loss: 0.5249 - val_loss: 0.5164
Epoch 16/500
52/52 - 8s - 154ms/step - loss: 0.5054 - val_loss: 0.5009
Epoch 17/500
52/52 - 8s - 154ms/step - loss: 0.4912 - val_loss: 0.4898
Epoch 18/500
52/52 - 8s - 153ms/step - loss: 0.4821 - val_loss: 0.4820
Epoch 19/500
52/52 - 8s - 154ms/step - loss: 0.4758 - val_loss: 0.4773
Epoch 20/500
52/52 - 8s - 154ms/step - loss: 0.4718 - val_loss: 0.4739
Epoch 21/500
52/52 - 8s - 154ms/step - loss: 0.4689 - val_loss: 0.4716
Epoch 22/500
52/52 - 8s - 155ms/step - loss: 0.4673 - val_loss: 0.4703
Epoch 23/500
52/52 - 8s - 153ms/step - loss: 0.4660 - val_loss: 0.4697
Epoch 24/500
52/52 - 8s - 154ms/step - loss: 0.4653 - val_loss: 0.4693
Epoch 25/500
52/52 - 8s - 155ms/step - loss: 0.4650 - val_loss: 0.4690
Epoch 26/500
52/52 - 8s - 153ms/step - loss: 0.4647 - val_loss: 0.4688
Epoch 27/500
52/52 - 8s - 153ms/step - loss: 0.4644 - val_loss: 0.4687
Epoch 28/500
52/52 - 8s - 154ms/step - loss: 0.4644 - val_loss: 0.4686
Epoch 29/500
52/52 - 8s - 153ms/step - loss: 0.4643 - val_loss: 0.4686
Epoch 30/500
52/52 - 8s - 154ms/step - loss: 0.4643 - val_loss: 0.4686
Epoch 31/500
52/52 - 8s - 154ms/step - loss: 0.4643 - val_loss: 0.4686
Epoch 32/500
52/52 - 8s - 155ms/step - loss: 0.4643 - val_loss: 0.4686
Epoch 33/500
52/52 - 8s - 154ms/step - loss: 0.4643 - val_loss: 0.4685
Epoch 34/500
52/52 - 8s - 153ms/step - loss: 0.4643 - val_loss: 0.4685
Epoch 35/500
52/52 - 8s - 155ms/step - loss: 0.4643 - val_loss: 0.4686
Epoch 36/500
52/52 - 8s - 155ms/step - loss: 0.4643 - val_loss: 0.4686
Epoch 37/500
52/52 - 8s - 154ms/step - loss: 0.4643 - val_loss: 0.4686
Epoch 38/500
52/52 - 8s - 154ms/step - loss: 0.4643 - val_loss: 0.4686
Epoch 39/500
52/52 - 8s - 154ms/step - loss: 0.4643 - val_loss: 0.4686
Epoch 40/500
52/52 - 8s - 155ms/step - loss: 0.4643 - val_loss: 0.4685
Epoch 41/500
52/52 - 8s - 153ms/step - loss: 0.4643 - val_loss: 0.4686
[Run 5/5] Training single encoder baseline (sigmoid head)...
