Training log file: /home/xx4455/Comparable/Code/Synthetic/Results/TrainingLogs/lsac_default_20260331_224910.log
Starting experiments (dataset=lsac, sensitive_attribute=default).
[Run 1/5] Training shared encoder (unweighted)...
Epoch 1/100
55/55 - 19s - 346ms/step - loss: 0.9457 - val_loss: 0.8864
Epoch 2/100
/.autofs/tools/spack/var/spack/environments/default-ml-x86_64-25052701/.spack-env/._view/ackkilzxpxj5vqt4yijvagqylfanqzj6/lib/python3.11/contextlib.py:158: UserWarning: Your input ran out of data; interrupting training. Make sure that your dataset or generator can generate at least `steps_per_epoch * epochs` batches. You may need to use the `.repeat()` function when building your dataset.
  self.gen.throw(typ, value, traceback)
55/55 - 9s - 159ms/step - loss: 0.8653 - val_loss: 0.0000e+00
Epoch 3/100
55/55 - 9s - 171ms/step - loss: 0.8552 - val_loss: 0.8629
Epoch 4/100
55/55 - 7s - 130ms/step - loss: 0.8513 - val_loss: 0.0000e+00
Epoch 5/100
55/55 - 10s - 186ms/step - loss: 0.8485 - val_loss: 0.8500
Epoch 6/100
55/55 - 7s - 132ms/step - loss: 0.8463 - val_loss: 0.0000e+00
Epoch 7/100
55/55 - 10s - 181ms/step - loss: 0.8451 - val_loss: 0.8488
Epoch 8/100
55/55 - 7s - 132ms/step - loss: 0.8446 - val_loss: 0.0000e+00
Epoch 9/100
55/55 - 10s - 186ms/step - loss: 0.8435 - val_loss: 0.8455
Epoch 10/100
55/55 - 7s - 131ms/step - loss: 0.8421 - val_loss: 0.0000e+00
Epoch 11/100
55/55 - 10s - 179ms/step - loss: 0.8407 - val_loss: 0.8427
Epoch 12/100
55/55 - 7s - 132ms/step - loss: 0.8387 - val_loss: 0.0000e+00
[Run 1/5] Training shared encoder (weighted)...
Epoch 1/100
55/55 - 14s - 256ms/step - loss: 0.8973 - val_loss: 0.8859
Epoch 2/100
/.autofs/tools/spack/var/spack/environments/default-ml-x86_64-25052701/.spack-env/._view/ackkilzxpxj5vqt4yijvagqylfanqzj6/lib/python3.11/contextlib.py:158: UserWarning: Your input ran out of data; interrupting training. Make sure that your dataset or generator can generate at least `steps_per_epoch * epochs` batches. You may need to use the `.repeat()` function when building your dataset.
  self.gen.throw(typ, value, traceback)
55/55 - 9s - 160ms/step - loss: 0.8672 - val_loss: 0.0000e+00
Epoch 3/100
55/55 - 10s - 179ms/step - loss: 0.8553 - val_loss: 0.8594
Epoch 4/100
55/55 - 9s - 157ms/step - loss: 0.8472 - val_loss: 0.0000e+00
Epoch 5/100
55/55 - 10s - 184ms/step - loss: 0.8407 - val_loss: 0.8543
Epoch 6/100
55/55 - 8s - 148ms/step - loss: 0.8356 - val_loss: 0.0000e+00
Epoch 7/100
55/55 - 10s - 186ms/step - loss: 0.8311 - val_loss: 0.8355
Epoch 8/100
55/55 - 8s - 148ms/step - loss: 0.8262 - val_loss: 0.0000e+00
Epoch 9/100
55/55 - 10s - 184ms/step - loss: 0.8236 - val_loss: 0.8371
Epoch 10/100
55/55 - 8s - 137ms/step - loss: 0.8221 - val_loss: 0.0000e+00
Epoch 11/100
55/55 - 11s - 195ms/step - loss: 0.8187 - val_loss: 0.8225
Epoch 12/100
55/55 - 8s - 139ms/step - loss: 0.8147 - val_loss: 0.0000e+00
[Run 1/5] Training single encoder baseline...
[Run 2/5] Training shared encoder (unweighted)...
Epoch 1/100
55/55 - 14s - 246ms/step - loss: 0.8817 - val_loss: 0.8715
Epoch 2/100
/.autofs/tools/spack/var/spack/environments/default-ml-x86_64-25052701/.spack-env/._view/ackkilzxpxj5vqt4yijvagqylfanqzj6/lib/python3.11/contextlib.py:158: UserWarning: Your input ran out of data; interrupting training. Make sure that your dataset or generator can generate at least `steps_per_epoch * epochs` batches. You may need to use the `.repeat()` function when building your dataset.
  self.gen.throw(typ, value, traceback)
55/55 - 9s - 163ms/step - loss: 0.8515 - val_loss: 0.0000e+00
Epoch 3/100
55/55 - 10s - 179ms/step - loss: 0.8435 - val_loss: 0.8510
Epoch 4/100
55/55 - 8s - 150ms/step - loss: 0.8392 - val_loss: 0.0000e+00
Epoch 5/100
55/55 - 9s - 163ms/step - loss: 0.8352 - val_loss: 0.8397
Epoch 6/100
55/55 - 7s - 131ms/step - loss: 0.8317 - val_loss: 0.0000e+00
Epoch 7/100
55/55 - 10s - 183ms/step - loss: 0.8295 - val_loss: 0.8334
Epoch 8/100
55/55 - 7s - 129ms/step - loss: 0.8243 - val_loss: 0.0000e+00
Epoch 9/100
55/55 - 10s - 181ms/step - loss: 0.8223 - val_loss: 0.8315
Epoch 10/100
55/55 - 8s - 150ms/step - loss: 0.8194 - val_loss: 0.0000e+00
Epoch 11/100
55/55 - 9s - 164ms/step - loss: 0.8164 - val_loss: 0.8223
Epoch 12/100
55/55 - 8s - 151ms/step - loss: 0.8156 - val_loss: 0.0000e+00
[Run 2/5] Training shared encoder (weighted)...
Epoch 1/100
55/55 - 14s - 254ms/step - loss: 0.9463 - val_loss: 0.8949
Epoch 2/100
/.autofs/tools/spack/var/spack/environments/default-ml-x86_64-25052701/.spack-env/._view/ackkilzxpxj5vqt4yijvagqylfanqzj6/lib/python3.11/contextlib.py:158: UserWarning: Your input ran out of data; interrupting training. Make sure that your dataset or generator can generate at least `steps_per_epoch * epochs` batches. You may need to use the `.repeat()` function when building your dataset.
  self.gen.throw(typ, value, traceback)
55/55 - 9s - 165ms/step - loss: 0.8752 - val_loss: 0.0000e+00
Epoch 3/100
55/55 - 10s - 183ms/step - loss: 0.8631 - val_loss: 0.8696
Epoch 4/100
55/55 - 8s - 138ms/step - loss: 0.8555 - val_loss: 0.0000e+00
Epoch 5/100
55/55 - 11s - 192ms/step - loss: 0.8515 - val_loss: 0.8592
Epoch 6/100
55/55 - 8s - 139ms/step - loss: 0.8500 - val_loss: 0.0000e+00
Epoch 7/100
55/55 - 11s - 192ms/step - loss: 0.8489 - val_loss: 0.8541
Epoch 8/100
55/55 - 8s - 151ms/step - loss: 0.8478 - val_loss: 0.0000e+00
Epoch 9/100
55/55 - 10s - 177ms/step - loss: 0.8470 - val_loss: 0.8552
Epoch 10/100
55/55 - 8s - 141ms/step - loss: 0.8452 - val_loss: 0.0000e+00
Epoch 11/100
55/55 - 11s - 192ms/step - loss: 0.8446 - val_loss: 0.8529
Epoch 12/100
55/55 - 8s - 140ms/step - loss: 0.8438 - val_loss: 0.0000e+00
[Run 2/5] Training single encoder baseline...
[Run 3/5] Training shared encoder (unweighted)...
Epoch 1/100
55/55 - 14s - 248ms/step - loss: 1.0570 - val_loss: 0.8545
Epoch 2/100
/.autofs/tools/spack/var/spack/environments/default-ml-x86_64-25052701/.spack-env/._view/ackkilzxpxj5vqt4yijvagqylfanqzj6/lib/python3.11/contextlib.py:158: UserWarning: Your input ran out of data; interrupting training. Make sure that your dataset or generator can generate at least `steps_per_epoch * epochs` batches. You may need to use the `.repeat()` function when building your dataset.
  self.gen.throw(typ, value, traceback)
55/55 - 9s - 161ms/step - loss: 0.8614 - val_loss: 0.0000e+00
Epoch 3/100
55/55 - 9s - 172ms/step - loss: 0.8395 - val_loss: 0.8309
Epoch 4/100
55/55 - 7s - 133ms/step - loss: 0.8252 - val_loss: 0.0000e+00
Epoch 5/100
55/55 - 10s - 186ms/step - loss: 0.8161 - val_loss: 0.8177
Epoch 6/100
55/55 - 8s - 150ms/step - loss: 0.8087 - val_loss: 0.0000e+00
Epoch 7/100
55/55 - 9s - 164ms/step - loss: 0.8041 - val_loss: 0.8052
Epoch 8/100
55/55 - 7s - 133ms/step - loss: 0.8021 - val_loss: 0.0000e+00
Epoch 9/100
55/55 - 10s - 187ms/step - loss: 0.7996 - val_loss: 0.8051
Epoch 10/100
55/55 - 7s - 133ms/step - loss: 0.7991 - val_loss: 0.0000e+00
Epoch 11/100
55/55 - 10s - 185ms/step - loss: 0.7982 - val_loss: 0.8079
Epoch 12/100
55/55 - 8s - 149ms/step - loss: 0.7991 - val_loss: 0.0000e+00
[Run 3/5] Training shared encoder (weighted)...
Epoch 1/100
55/55 - 14s - 256ms/step - loss: 0.9031 - val_loss: 0.8581
Epoch 2/100
/.autofs/tools/spack/var/spack/environments/default-ml-x86_64-25052701/.spack-env/._view/ackkilzxpxj5vqt4yijvagqylfanqzj6/lib/python3.11/contextlib.py:158: UserWarning: Your input ran out of data; interrupting training. Make sure that your dataset or generator can generate at least `steps_per_epoch * epochs` batches. You may need to use the `.repeat()` function when building your dataset.
  self.gen.throw(typ, value, traceback)
55/55 - 9s - 161ms/step - loss: 0.8734 - val_loss: 0.0000e+00
Epoch 3/100
55/55 - 10s - 179ms/step - loss: 0.8637 - val_loss: 0.8489
Epoch 4/100
55/55 - 9s - 156ms/step - loss: 0.8596 - val_loss: 0.0000e+00
Epoch 5/100
55/55 - 10s - 186ms/step - loss: 0.8574 - val_loss: 0.8347
Epoch 6/100
55/55 - 8s - 140ms/step - loss: 0.8542 - val_loss: 0.0000e+00
Epoch 7/100
55/55 - 11s - 202ms/step - loss: 0.8503 - val_loss: 0.8292
Epoch 8/100
55/55 - 8s - 145ms/step - loss: 0.8470 - val_loss: 0.0000e+00
Epoch 9/100
55/55 - 10s - 188ms/step - loss: 0.8472 - val_loss: 0.8251
Epoch 10/100
55/55 - 8s - 140ms/step - loss: 0.8439 - val_loss: 0.0000e+00
Epoch 11/100
55/55 - 11s - 194ms/step - loss: 0.8405 - val_loss: 0.8190
Epoch 12/100
55/55 - 8s - 151ms/step - loss: 0.8394 - val_loss: 0.0000e+00
[Run 3/5] Training single encoder baseline...
[Run 4/5] Training shared encoder (unweighted)...
Epoch 1/100
55/55 - 14s - 252ms/step - loss: 0.8968 - val_loss: 0.8905
Epoch 2/100
/.autofs/tools/spack/var/spack/environments/default-ml-x86_64-25052701/.spack-env/._view/ackkilzxpxj5vqt4yijvagqylfanqzj6/lib/python3.11/contextlib.py:158: UserWarning: Your input ran out of data; interrupting training. Make sure that your dataset or generator can generate at least `steps_per_epoch * epochs` batches. You may need to use the `.repeat()` function when building your dataset.
  self.gen.throw(typ, value, traceback)
55/55 - 9s - 161ms/step - loss: 0.8655 - val_loss: 0.0000e+00
Epoch 3/100
55/55 - 10s - 174ms/step - loss: 0.8556 - val_loss: 0.8652
Epoch 4/100
55/55 - 7s - 130ms/step - loss: 0.8488 - val_loss: 0.0000e+00
Epoch 5/100
55/55 - 10s - 181ms/step - loss: 0.8433 - val_loss: 0.8528
Epoch 6/100
55/55 - 8s - 150ms/step - loss: 0.8388 - val_loss: 0.0000e+00
Epoch 7/100
55/55 - 9s - 165ms/step - loss: 0.8349 - val_loss: 0.8431
Epoch 8/100
55/55 - 7s - 129ms/step - loss: 0.8303 - val_loss: 0.0000e+00
Epoch 9/100
55/55 - 10s - 179ms/step - loss: 0.8258 - val_loss: 0.8342
Epoch 10/100
55/55 - 8s - 151ms/step - loss: 0.8214 - val_loss: 0.0000e+00
Epoch 11/100
55/55 - 9s - 162ms/step - loss: 0.8187 - val_loss: 0.8328
Epoch 12/100
55/55 - 7s - 129ms/step - loss: 0.8146 - val_loss: 0.0000e+00
[Run 4/5] Training shared encoder (weighted)...
Epoch 1/100
55/55 - 14s - 249ms/step - loss: 0.9125 - val_loss: 0.9004
Epoch 2/100
/.autofs/tools/spack/var/spack/environments/default-ml-x86_64-25052701/.spack-env/._view/ackkilzxpxj5vqt4yijvagqylfanqzj6/lib/python3.11/contextlib.py:158: UserWarning: Your input ran out of data; interrupting training. Make sure that your dataset or generator can generate at least `steps_per_epoch * epochs` batches. You may need to use the `.repeat()` function when building your dataset.
  self.gen.throw(typ, value, traceback)
55/55 - 9s - 162ms/step - loss: 0.8816 - val_loss: 0.0000e+00
Epoch 3/100
55/55 - 10s - 184ms/step - loss: 0.8652 - val_loss: 0.8747
Epoch 4/100
55/55 - 8s - 140ms/step - loss: 0.8532 - val_loss: 0.0000e+00
Epoch 5/100
55/55 - 11s - 193ms/step - loss: 0.8467 - val_loss: 0.8577
Epoch 6/100
55/55 - 8s - 140ms/step - loss: 0.8408 - val_loss: 0.0000e+00
Epoch 7/100
55/55 - 11s - 193ms/step - loss: 0.8372 - val_loss: 0.8496
Epoch 8/100
55/55 - 8s - 151ms/step - loss: 0.8338 - val_loss: 0.0000e+00
Epoch 9/100
55/55 - 10s - 184ms/step - loss: 0.8312 - val_loss: 0.8486
Epoch 10/100
55/55 - 8s - 138ms/step - loss: 0.8293 - val_loss: 0.0000e+00
Epoch 11/100
55/55 - 11s - 192ms/step - loss: 0.8261 - val_loss: 0.8415
Epoch 12/100
55/55 - 8s - 139ms/step - loss: 0.8236 - val_loss: 0.0000e+00
[Run 4/5] Training single encoder baseline...
[Run 5/5] Training shared encoder (unweighted)...
Epoch 1/100
55/55 - 13s - 245ms/step - loss: 0.9481 - val_loss: 0.8908
Epoch 2/100
/.autofs/tools/spack/var/spack/environments/default-ml-x86_64-25052701/.spack-env/._view/ackkilzxpxj5vqt4yijvagqylfanqzj6/lib/python3.11/contextlib.py:158: UserWarning: Your input ran out of data; interrupting training. Make sure that your dataset or generator can generate at least `steps_per_epoch * epochs` batches. You may need to use the `.repeat()` function when building your dataset.
  self.gen.throw(typ, value, traceback)
55/55 - 9s - 161ms/step - loss: 0.8624 - val_loss: 0.0000e+00
Epoch 3/100
55/55 - 10s - 178ms/step - loss: 0.8537 - val_loss: 0.8695
Epoch 4/100
55/55 - 8s - 136ms/step - loss: 0.8470 - val_loss: 0.0000e+00
Epoch 5/100
55/55 - 10s - 181ms/step - loss: 0.8440 - val_loss: 0.8561
Epoch 6/100
55/55 - 7s - 132ms/step - loss: 0.8388 - val_loss: 0.0000e+00
Epoch 7/100
55/55 - 10s - 187ms/step - loss: 0.8370 - val_loss: 0.8473
Epoch 8/100
55/55 - 7s - 132ms/step - loss: 0.8340 - val_loss: 0.0000e+00
Epoch 9/100
55/55 - 10s - 182ms/step - loss: 0.8330 - val_loss: 0.8412
Epoch 10/100
55/55 - 8s - 151ms/step - loss: 0.8304 - val_loss: 0.0000e+00
Epoch 11/100
55/55 - 9s - 158ms/step - loss: 0.8269 - val_loss: 0.8350
Epoch 12/100
55/55 - 7s - 135ms/step - loss: 0.8244 - val_loss: 0.0000e+00
[Run 5/5] Training shared encoder (weighted)...
Epoch 1/100
55/55 - 14s - 254ms/step - loss: 0.9016 - val_loss: 0.8823
Epoch 2/100
/.autofs/tools/spack/var/spack/environments/default-ml-x86_64-25052701/.spack-env/._view/ackkilzxpxj5vqt4yijvagqylfanqzj6/lib/python3.11/contextlib.py:158: UserWarning: Your input ran out of data; interrupting training. Make sure that your dataset or generator can generate at least `steps_per_epoch * epochs` batches. You may need to use the `.repeat()` function when building your dataset.
  self.gen.throw(typ, value, traceback)
55/55 - 9s - 163ms/step - loss: 0.8627 - val_loss: 0.0000e+00
Epoch 3/100
55/55 - 10s - 180ms/step - loss: 0.8488 - val_loss: 0.8559
Epoch 4/100
55/55 - 8s - 146ms/step - loss: 0.8415 - val_loss: 0.0000e+00
Epoch 5/100
55/55 - 11s - 194ms/step - loss: 0.8357 - val_loss: 0.8364
Epoch 6/100
55/55 - 8s - 140ms/step - loss: 0.8302 - val_loss: 0.0000e+00
Epoch 7/100
55/55 - 11s - 192ms/step - loss: 0.8276 - val_loss: 0.8330
Epoch 8/100
55/55 - 8s - 140ms/step - loss: 0.8228 - val_loss: 0.0000e+00
Epoch 9/100
55/55 - 11s - 197ms/step - loss: 0.8192 - val_loss: 0.8253
Epoch 10/100
55/55 - 8s - 140ms/step - loss: 0.8161 - val_loss: 0.0000e+00
Epoch 11/100
55/55 - 11s - 194ms/step - loss: 0.8129 - val_loss: 0.8212
Epoch 12/100
55/55 - 8s - 140ms/step - loss: 0.8110 - val_loss: 0.0000e+00
[Run 5/5] Training single encoder baseline...
