Training log file: /home/xx4455/Comparable/Code/Synthetic/Results/TrainingLogs/lsac_default_20260401_130327.log
Starting experiments (dataset=lsac, sensitive_attribute=default).
[Run 1/5] Training shared encoder (unweighted)...
Epoch 1/100
55/55 - 16s - 294ms/step - loss: 0.8947 - val_loss: 0.8600
Epoch 2/100
55/55 - 8s - 139ms/step - loss: 0.8635 - val_loss: 0.8401
Epoch 3/100
55/55 - 7s - 134ms/step - loss: 0.8510 - val_loss: 0.8266
Epoch 4/100
55/55 - 7s - 136ms/step - loss: 0.8446 - val_loss: 0.8178
Epoch 5/100
55/55 - 8s - 137ms/step - loss: 0.8360 - val_loss: 0.8110
Epoch 6/100
55/55 - 8s - 138ms/step - loss: 0.8307 - val_loss: 0.8005
Epoch 7/100
55/55 - 8s - 138ms/step - loss: 0.8253 - val_loss: 0.7994
Epoch 8/100
55/55 - 8s - 138ms/step - loss: 0.8234 - val_loss: 0.7926
Epoch 9/100
55/55 - 8s - 138ms/step - loss: 0.8207 - val_loss: 0.7911
Epoch 10/100
55/55 - 8s - 138ms/step - loss: 0.8190 - val_loss: 0.7915
Epoch 11/100
55/55 - 8s - 138ms/step - loss: 0.8171 - val_loss: 0.7908
Epoch 12/100
55/55 - 8s - 138ms/step - loss: 0.8161 - val_loss: 0.7877
Epoch 13/100
55/55 - 8s - 137ms/step - loss: 0.8149 - val_loss: 0.7891
Epoch 14/100
55/55 - 8s - 138ms/step - loss: 0.8134 - val_loss: 0.7857
Epoch 15/100
55/55 - 8s - 138ms/step - loss: 0.8123 - val_loss: 0.7856
Epoch 16/100
55/55 - 8s - 138ms/step - loss: 0.8118 - val_loss: 0.7838
Epoch 17/100
55/55 - 8s - 138ms/step - loss: 0.8106 - val_loss: 0.7814
Epoch 18/100
55/55 - 8s - 138ms/step - loss: 0.8106 - val_loss: 0.7837
Epoch 19/100
55/55 - 8s - 138ms/step - loss: 0.8102 - val_loss: 0.7846
Epoch 20/100
55/55 - 8s - 138ms/step - loss: 0.8092 - val_loss: 0.7815
Epoch 21/100
55/55 - 8s - 139ms/step - loss: 0.8088 - val_loss: 0.7777
Epoch 22/100
55/55 - 8s - 139ms/step - loss: 0.8074 - val_loss: 0.7775
Epoch 23/100
55/55 - 8s - 138ms/step - loss: 0.8064 - val_loss: 0.7763
Epoch 24/100
55/55 - 8s - 138ms/step - loss: 0.8059 - val_loss: 0.7756
Epoch 25/100
55/55 - 8s - 138ms/step - loss: 0.8055 - val_loss: 0.7778
Epoch 26/100
55/55 - 8s - 138ms/step - loss: 0.8063 - val_loss: 0.7777
Epoch 27/100
55/55 - 8s - 138ms/step - loss: 0.8048 - val_loss: 0.7775
Epoch 28/100
55/55 - 8s - 138ms/step - loss: 0.8045 - val_loss: 0.7764
Epoch 29/100
55/55 - 8s - 138ms/step - loss: 0.8041 - val_loss: 0.7736
Epoch 30/100
55/55 - 8s - 138ms/step - loss: 0.8027 - val_loss: 0.7750
Epoch 31/100
55/55 - 8s - 138ms/step - loss: 0.8026 - val_loss: 0.7733
Epoch 32/100
55/55 - 8s - 138ms/step - loss: 0.8022 - val_loss: 0.7730
Epoch 33/100
55/55 - 8s - 139ms/step - loss: 0.8015 - val_loss: 0.7717
Epoch 34/100
55/55 - 8s - 138ms/step - loss: 0.8010 - val_loss: 0.7717
Epoch 35/100
55/55 - 8s - 138ms/step - loss: 0.8005 - val_loss: 0.7731
Epoch 36/100
55/55 - 8s - 138ms/step - loss: 0.7998 - val_loss: 0.7722
Epoch 37/100
55/55 - 8s - 138ms/step - loss: 0.8001 - val_loss: 0.7713
Epoch 38/100
55/55 - 8s - 138ms/step - loss: 0.7997 - val_loss: 0.7682
Epoch 39/100
55/55 - 8s - 138ms/step - loss: 0.7990 - val_loss: 0.7720
Epoch 40/100
55/55 - 8s - 139ms/step - loss: 0.7994 - val_loss: 0.7680
Epoch 41/100
55/55 - 8s - 138ms/step - loss: 0.7980 - val_loss: 0.7684
Epoch 42/100
55/55 - 8s - 138ms/step - loss: 0.7970 - val_loss: 0.7690
Epoch 43/100
55/55 - 8s - 138ms/step - loss: 0.7965 - val_loss: 0.7676
Epoch 44/100
55/55 - 8s - 138ms/step - loss: 0.7958 - val_loss: 0.7677
Epoch 45/100
55/55 - 8s - 139ms/step - loss: 0.7950 - val_loss: 0.7685
Epoch 46/100
55/55 - 8s - 138ms/step - loss: 0.7949 - val_loss: 0.7668
Epoch 47/100
55/55 - 8s - 138ms/step - loss: 0.7942 - val_loss: 0.7654
Epoch 48/100
55/55 - 8s - 138ms/step - loss: 0.7935 - val_loss: 0.7653
Epoch 49/100
55/55 - 8s - 139ms/step - loss: 0.7929 - val_loss: 0.7668
Epoch 50/100
55/55 - 8s - 138ms/step - loss: 0.7928 - val_loss: 0.7670
Epoch 51/100
55/55 - 8s - 138ms/step - loss: 0.7926 - val_loss: 0.7654
Epoch 52/100
55/55 - 8s - 138ms/step - loss: 0.7923 - val_loss: 0.7684
Epoch 53/100
55/55 - 8s - 138ms/step - loss: 0.7934 - val_loss: 0.7650
Epoch 54/100
55/55 - 8s - 138ms/step - loss: 0.7920 - val_loss: 0.7633
Epoch 55/100
55/55 - 8s - 138ms/step - loss: 0.7921 - val_loss: 0.7640
Epoch 56/100
55/55 - 8s - 138ms/step - loss: 0.7913 - val_loss: 0.7685
Epoch 57/100
55/55 - 8s - 138ms/step - loss: 0.7912 - val_loss: 0.7666
Epoch 58/100
55/55 - 8s - 138ms/step - loss: 0.7911 - val_loss: 0.7652
Epoch 59/100
55/55 - 8s - 138ms/step - loss: 0.7909 - val_loss: 0.7683
Epoch 60/100
55/55 - 8s - 138ms/step - loss: 0.7901 - val_loss: 0.7649
Epoch 61/100
55/55 - 8s - 138ms/step - loss: 0.7897 - val_loss: 0.7649
Epoch 62/100
55/55 - 8s - 138ms/step - loss: 0.7894 - val_loss: 0.7636
Epoch 63/100
55/55 - 8s - 139ms/step - loss: 0.7898 - val_loss: 0.7651
Epoch 64/100
55/55 - 8s - 138ms/step - loss: 0.7901 - val_loss: 0.7619
Epoch 65/100
55/55 - 8s - 138ms/step - loss: 0.7900 - val_loss: 0.7659
Epoch 66/100
55/55 - 8s - 138ms/step - loss: 0.7894 - val_loss: 0.7659
Epoch 67/100
55/55 - 8s - 138ms/step - loss: 0.7889 - val_loss: 0.7613
Epoch 68/100
55/55 - 8s - 138ms/step - loss: 0.7878 - val_loss: 0.7616
Epoch 69/100
55/55 - 8s - 138ms/step - loss: 0.7882 - val_loss: 0.7654
Epoch 70/100
55/55 - 8s - 138ms/step - loss: 0.7883 - val_loss: 0.7639
Epoch 71/100
55/55 - 8s - 138ms/step - loss: 0.7872 - val_loss: 0.7627
Epoch 72/100
55/55 - 8s - 138ms/step - loss: 0.7868 - val_loss: 0.7650
Epoch 73/100
55/55 - 8s - 138ms/step - loss: 0.7866 - val_loss: 0.7624
Epoch 74/100
55/55 - 8s - 138ms/step - loss: 0.7865 - val_loss: 0.7603
Epoch 75/100
55/55 - 8s - 138ms/step - loss: 0.7860 - val_loss: 0.7661
Epoch 76/100
55/55 - 8s - 138ms/step - loss: 0.7858 - val_loss: 0.7633
Epoch 77/100
55/55 - 8s - 139ms/step - loss: 0.7855 - val_loss: 0.7634
Epoch 78/100
55/55 - 8s - 138ms/step - loss: 0.7856 - val_loss: 0.7648
Epoch 79/100
55/55 - 8s - 138ms/step - loss: 0.7846 - val_loss: 0.7607
Epoch 80/100
55/55 - 8s - 137ms/step - loss: 0.7842 - val_loss: 0.7621
Epoch 81/100
55/55 - 8s - 138ms/step - loss: 0.7845 - val_loss: 0.7617
Epoch 82/100
55/55 - 8s - 138ms/step - loss: 0.7845 - val_loss: 0.7623
Epoch 83/100
55/55 - 8s - 138ms/step - loss: 0.7838 - val_loss: 0.7620
Epoch 84/100
55/55 - 8s - 138ms/step - loss: 0.7837 - val_loss: 0.7626
[Run 1/5] Training shared encoder (weighted)...
Epoch 1/100
55/55 - 11s - 208ms/step - loss: 0.9450 - val_loss: 0.8938
Epoch 2/100
55/55 - 8s - 148ms/step - loss: 0.9009 - val_loss: 0.8731
Epoch 3/100
55/55 - 8s - 141ms/step - loss: 0.8899 - val_loss: 0.8607
Epoch 4/100
55/55 - 8s - 143ms/step - loss: 0.8815 - val_loss: 0.8528
Epoch 5/100
55/55 - 8s - 145ms/step - loss: 0.8730 - val_loss: 0.8404
Epoch 6/100
55/55 - 8s - 145ms/step - loss: 0.8622 - val_loss: 0.8297
Epoch 7/100
55/55 - 8s - 145ms/step - loss: 0.8541 - val_loss: 0.8194
Epoch 8/100
55/55 - 8s - 145ms/step - loss: 0.8474 - val_loss: 0.8118
Epoch 9/100
55/55 - 8s - 145ms/step - loss: 0.8414 - val_loss: 0.8036
Epoch 10/100
55/55 - 8s - 145ms/step - loss: 0.8362 - val_loss: 0.7986
Epoch 11/100
55/55 - 8s - 145ms/step - loss: 0.8313 - val_loss: 0.7963
Epoch 12/100
55/55 - 8s - 145ms/step - loss: 0.8275 - val_loss: 0.7912
Epoch 13/100
55/55 - 8s - 146ms/step - loss: 0.8231 - val_loss: 0.7879
Epoch 14/100
55/55 - 8s - 145ms/step - loss: 0.8217 - val_loss: 0.7821
Epoch 15/100
55/55 - 8s - 145ms/step - loss: 0.8166 - val_loss: 0.7772
Epoch 16/100
55/55 - 8s - 145ms/step - loss: 0.8130 - val_loss: 0.7752
Epoch 17/100
55/55 - 8s - 145ms/step - loss: 0.8118 - val_loss: 0.7762
Epoch 18/100
55/55 - 8s - 145ms/step - loss: 0.8113 - val_loss: 0.7727
Epoch 19/100
55/55 - 8s - 145ms/step - loss: 0.8101 - val_loss: 0.7718
Epoch 20/100
55/55 - 8s - 145ms/step - loss: 0.8094 - val_loss: 0.7767
Epoch 21/100
55/55 - 8s - 145ms/step - loss: 0.8074 - val_loss: 0.7726
Epoch 22/100
55/55 - 8s - 145ms/step - loss: 0.8071 - val_loss: 0.7719
Epoch 23/100
55/55 - 8s - 145ms/step - loss: 0.8061 - val_loss: 0.7717
Epoch 24/100
55/55 - 8s - 145ms/step - loss: 0.8061 - val_loss: 0.7756
Epoch 25/100
55/55 - 8s - 145ms/step - loss: 0.8055 - val_loss: 0.7721
Epoch 26/100
55/55 - 8s - 145ms/step - loss: 0.8049 - val_loss: 0.7720
Epoch 27/100
55/55 - 8s - 145ms/step - loss: 0.8042 - val_loss: 0.7713
Epoch 28/100
55/55 - 8s - 145ms/step - loss: 0.8045 - val_loss: 0.7707
Epoch 29/100
55/55 - 8s - 145ms/step - loss: 0.8032 - val_loss: 0.7721
Epoch 30/100
55/55 - 8s - 145ms/step - loss: 0.8032 - val_loss: 0.7714
Epoch 31/100
55/55 - 8s - 144ms/step - loss: 0.8035 - val_loss: 0.7680
Epoch 32/100
55/55 - 8s - 144ms/step - loss: 0.8036 - val_loss: 0.7709
Epoch 33/100
55/55 - 8s - 144ms/step - loss: 0.8031 - val_loss: 0.7683
Epoch 34/100
55/55 - 8s - 145ms/step - loss: 0.8022 - val_loss: 0.7678
Epoch 35/100
55/55 - 8s - 145ms/step - loss: 0.8027 - val_loss: 0.7658
Epoch 36/100
55/55 - 8s - 145ms/step - loss: 0.8022 - val_loss: 0.7663
Epoch 37/100
55/55 - 8s - 145ms/step - loss: 0.8016 - val_loss: 0.7664
Epoch 38/100
55/55 - 8s - 145ms/step - loss: 0.8011 - val_loss: 0.7694
Epoch 39/100
55/55 - 8s - 145ms/step - loss: 0.8010 - val_loss: 0.7697
Epoch 40/100
55/55 - 8s - 145ms/step - loss: 0.8010 - val_loss: 0.7665
Epoch 41/100
55/55 - 8s - 145ms/step - loss: 0.8011 - val_loss: 0.7701
Epoch 42/100
55/55 - 8s - 145ms/step - loss: 0.8016 - val_loss: 0.7648
Epoch 43/100
55/55 - 8s - 145ms/step - loss: 0.8003 - val_loss: 0.7691
Epoch 44/100
55/55 - 8s - 145ms/step - loss: 0.7989 - val_loss: 0.7660
Epoch 45/100
55/55 - 8s - 145ms/step - loss: 0.7988 - val_loss: 0.7657
Epoch 46/100
55/55 - 8s - 144ms/step - loss: 0.7996 - val_loss: 0.7687
Epoch 47/100
55/55 - 8s - 145ms/step - loss: 0.7989 - val_loss: 0.7723
Epoch 48/100
55/55 - 8s - 145ms/step - loss: 0.7982 - val_loss: 0.7680
Epoch 49/100
55/55 - 8s - 144ms/step - loss: 0.7978 - val_loss: 0.7693
Epoch 50/100
55/55 - 8s - 145ms/step - loss: 0.7973 - val_loss: 0.7690
Epoch 51/100
55/55 - 8s - 145ms/step - loss: 0.7969 - val_loss: 0.7681
Epoch 52/100
55/55 - 8s - 145ms/step - loss: 0.7966 - val_loss: 0.7646
Epoch 53/100
55/55 - 8s - 145ms/step - loss: 0.7966 - val_loss: 0.7655
Epoch 54/100
55/55 - 8s - 145ms/step - loss: 0.7962 - val_loss: 0.7657
Epoch 55/100
55/55 - 8s - 144ms/step - loss: 0.7957 - val_loss: 0.7636
Epoch 56/100
55/55 - 8s - 145ms/step - loss: 0.7954 - val_loss: 0.7643
Epoch 57/100
55/55 - 8s - 145ms/step - loss: 0.7951 - val_loss: 0.7665
Epoch 58/100
55/55 - 8s - 145ms/step - loss: 0.7950 - val_loss: 0.7638
Epoch 59/100
55/55 - 8s - 144ms/step - loss: 0.7957 - val_loss: 0.7670
Epoch 60/100
55/55 - 8s - 145ms/step - loss: 0.7945 - val_loss: 0.7660
Epoch 61/100
55/55 - 8s - 145ms/step - loss: 0.7950 - val_loss: 0.7684
Epoch 62/100
55/55 - 8s - 145ms/step - loss: 0.7947 - val_loss: 0.7635
Epoch 63/100
55/55 - 8s - 145ms/step - loss: 0.7946 - val_loss: 0.7657
Epoch 64/100
55/55 - 8s - 144ms/step - loss: 0.7939 - val_loss: 0.7640
Epoch 65/100
55/55 - 8s - 144ms/step - loss: 0.7938 - val_loss: 0.7664
Epoch 66/100
55/55 - 8s - 145ms/step - loss: 0.7944 - val_loss: 0.7659
Epoch 67/100
55/55 - 8s - 144ms/step - loss: 0.7942 - val_loss: 0.7667
Epoch 68/100
55/55 - 8s - 145ms/step - loss: 0.7943 - val_loss: 0.7644
Epoch 69/100
55/55 - 8s - 145ms/step - loss: 0.7940 - val_loss: 0.7653
Epoch 70/100
55/55 - 8s - 144ms/step - loss: 0.7934 - val_loss: 0.7678
Epoch 71/100
55/55 - 8s - 144ms/step - loss: 0.7939 - val_loss: 0.7645
Epoch 72/100
55/55 - 8s - 144ms/step - loss: 0.7938 - val_loss: 0.7627
Epoch 73/100
55/55 - 8s - 144ms/step - loss: 0.7932 - val_loss: 0.7672
Epoch 74/100
55/55 - 8s - 145ms/step - loss: 0.7936 - val_loss: 0.7663
Epoch 75/100
55/55 - 8s - 145ms/step - loss: 0.7937 - val_loss: 0.7657
Epoch 76/100
55/55 - 8s - 146ms/step - loss: 0.7936 - val_loss: 0.7654
Epoch 77/100
55/55 - 8s - 145ms/step - loss: 0.7934 - val_loss: 0.7647
Epoch 78/100
55/55 - 8s - 145ms/step - loss: 0.7934 - val_loss: 0.7653
Epoch 79/100
55/55 - 8s - 145ms/step - loss: 0.7929 - val_loss: 0.7647
Epoch 80/100
55/55 - 8s - 144ms/step - loss: 0.7931 - val_loss: 0.7630
Epoch 81/100
55/55 - 8s - 144ms/step - loss: 0.7933 - val_loss: 0.7655
Epoch 82/100
55/55 - 8s - 145ms/step - loss: 0.7931 - val_loss: 0.7645
[Run 1/5] Training single encoder baseline...
[Run 2/5] Training shared encoder (unweighted)...
Epoch 1/100
55/55 - 15s - 271ms/step - loss: 0.9020 - val_loss: 0.8767
Epoch 2/100
55/55 - 9s - 168ms/step - loss: 0.8758 - val_loss: 0.8666
Epoch 3/100
55/55 - 9s - 159ms/step - loss: 0.8581 - val_loss: 0.8535
Epoch 4/100
55/55 - 9s - 163ms/step - loss: 0.8494 - val_loss: 0.8494
Epoch 5/100
55/55 - 9s - 167ms/step - loss: 0.8430 - val_loss: 0.8443
Epoch 6/100
55/55 - 9s - 164ms/step - loss: 0.8404 - val_loss: 0.8405
Epoch 7/100
55/55 - 9s - 167ms/step - loss: 0.8368 - val_loss: 0.8365
Epoch 8/100
55/55 - 9s - 167ms/step - loss: 0.8336 - val_loss: 0.8287
Epoch 9/100
55/55 - 9s - 167ms/step - loss: 0.8302 - val_loss: 0.8241
Epoch 10/100
55/55 - 9s - 164ms/step - loss: 0.8246 - val_loss: 0.8173
Epoch 11/100
55/55 - 9s - 169ms/step - loss: 0.8196 - val_loss: 0.8102
Epoch 12/100
55/55 - 9s - 167ms/step - loss: 0.8161 - val_loss: 0.8040
Epoch 13/100
55/55 - 9s - 164ms/step - loss: 0.8130 - val_loss: 0.8001
Epoch 14/100
55/55 - 9s - 168ms/step - loss: 0.8105 - val_loss: 0.7963
Epoch 15/100
55/55 - 9s - 168ms/step - loss: 0.8073 - val_loss: 0.7909
Epoch 16/100
55/55 - 9s - 165ms/step - loss: 0.8053 - val_loss: 0.7848
Epoch 17/100
55/55 - 9s - 165ms/step - loss: 0.8026 - val_loss: 0.7827
Epoch 18/100
55/55 - 9s - 167ms/step - loss: 0.7990 - val_loss: 0.7782
Epoch 19/100
55/55 - 9s - 166ms/step - loss: 0.7986 - val_loss: 0.7780
Epoch 20/100
55/55 - 9s - 167ms/step - loss: 0.7975 - val_loss: 0.7772
Epoch 21/100
55/55 - 9s - 167ms/step - loss: 0.7967 - val_loss: 0.7737
Epoch 22/100
55/55 - 9s - 165ms/step - loss: 0.7959 - val_loss: 0.7747
Epoch 23/100
55/55 - 9s - 165ms/step - loss: 0.7970 - val_loss: 0.7725
Epoch 24/100
55/55 - 9s - 166ms/step - loss: 0.7959 - val_loss: 0.7725
Epoch 25/100
55/55 - 9s - 167ms/step - loss: 0.7962 - val_loss: 0.7757
Epoch 26/100
55/55 - 9s - 166ms/step - loss: 0.7959 - val_loss: 0.7722
Epoch 27/100
55/55 - 9s - 165ms/step - loss: 0.7959 - val_loss: 0.7715
Epoch 28/100
55/55 - 9s - 167ms/step - loss: 0.7962 - val_loss: 0.7738
Epoch 29/100
55/55 - 9s - 167ms/step - loss: 0.7968 - val_loss: 0.7748
Epoch 30/100
55/55 - 9s - 163ms/step - loss: 0.7964 - val_loss: 0.7747
Epoch 31/100
55/55 - 9s - 165ms/step - loss: 0.7942 - val_loss: 0.7722
Epoch 32/100
55/55 - 9s - 168ms/step - loss: 0.7948 - val_loss: 0.7695
Epoch 33/100
55/55 - 9s - 166ms/step - loss: 0.7939 - val_loss: 0.7684
Epoch 34/100
55/55 - 9s - 165ms/step - loss: 0.7923 - val_loss: 0.7662
Epoch 35/100
55/55 - 9s - 167ms/step - loss: 0.7928 - val_loss: 0.7667
Epoch 36/100
55/55 - 9s - 167ms/step - loss: 0.7906 - val_loss: 0.7644
Epoch 37/100
55/55 - 9s - 165ms/step - loss: 0.7902 - val_loss: 0.7629
Epoch 38/100
55/55 - 9s - 167ms/step - loss: 0.7894 - val_loss: 0.7609
Epoch 39/100
55/55 - 9s - 167ms/step - loss: 0.7886 - val_loss: 0.7606
Epoch 40/100
55/55 - 9s - 165ms/step - loss: 0.7896 - val_loss: 0.7605
Epoch 41/100
55/55 - 9s - 166ms/step - loss: 0.7887 - val_loss: 0.7592
Epoch 42/100
55/55 - 9s - 166ms/step - loss: 0.7881 - val_loss: 0.7594
Epoch 43/100
55/55 - 9s - 166ms/step - loss: 0.7885 - val_loss: 0.7585
Epoch 44/100
55/55 - 9s - 166ms/step - loss: 0.7874 - val_loss: 0.7608
Epoch 45/100
55/55 - 9s - 167ms/step - loss: 0.7873 - val_loss: 0.7605
Epoch 46/100
55/55 - 9s - 167ms/step - loss: 0.7873 - val_loss: 0.7583
Epoch 47/100
55/55 - 9s - 164ms/step - loss: 0.7869 - val_loss: 0.7580
Epoch 48/100
55/55 - 9s - 166ms/step - loss: 0.7866 - val_loss: 0.7574
Epoch 49/100
55/55 - 9s - 166ms/step - loss: 0.7867 - val_loss: 0.7568
Epoch 50/100
55/55 - 9s - 165ms/step - loss: 0.7863 - val_loss: 0.7568
Epoch 51/100
55/55 - 9s - 166ms/step - loss: 0.7858 - val_loss: 0.7553
Epoch 52/100
55/55 - 9s - 166ms/step - loss: 0.7861 - val_loss: 0.7561
Epoch 53/100
55/55 - 9s - 166ms/step - loss: 0.7859 - val_loss: 0.7557
Epoch 54/100
55/55 - 9s - 165ms/step - loss: 0.7854 - val_loss: 0.7554
Epoch 55/100
55/55 - 9s - 170ms/step - loss: 0.7849 - val_loss: 0.7531
Epoch 56/100
55/55 - 9s - 166ms/step - loss: 0.7855 - val_loss: 0.7572
Epoch 57/100
55/55 - 9s - 165ms/step - loss: 0.7853 - val_loss: 0.7556
Epoch 58/100
55/55 - 9s - 166ms/step - loss: 0.7849 - val_loss: 0.7547
Epoch 59/100
55/55 - 9s - 167ms/step - loss: 0.7846 - val_loss: 0.7543
Epoch 60/100
55/55 - 9s - 165ms/step - loss: 0.7849 - val_loss: 0.7552
Epoch 61/100
55/55 - 9s - 165ms/step - loss: 0.7846 - val_loss: 0.7538
Epoch 62/100
55/55 - 9s - 166ms/step - loss: 0.7843 - val_loss: 0.7549
Epoch 63/100
55/55 - 9s - 166ms/step - loss: 0.7842 - val_loss: 0.7542
Epoch 64/100
55/55 - 9s - 165ms/step - loss: 0.7841 - val_loss: 0.7543
Epoch 65/100
55/55 - 9s - 166ms/step - loss: 0.7838 - val_loss: 0.7540
[Run 2/5] Training shared encoder (weighted)...
Epoch 1/100
55/55 - 15s - 267ms/step - loss: 0.9088 - val_loss: 0.8732
Epoch 2/100
55/55 - 10s - 175ms/step - loss: 0.8792 - val_loss: 0.8643
Epoch 3/100
55/55 - 9s - 169ms/step - loss: 0.8693 - val_loss: 0.8608
Epoch 4/100
55/55 - 9s - 173ms/step - loss: 0.8636 - val_loss: 0.8609
Epoch 5/100
55/55 - 10s - 173ms/step - loss: 0.8599 - val_loss: 0.8591
Epoch 6/100
55/55 - 10s - 173ms/step - loss: 0.8571 - val_loss: 0.8538
Epoch 7/100
55/55 - 10s - 175ms/step - loss: 0.8513 - val_loss: 0.8486
Epoch 8/100
55/55 - 10s - 174ms/step - loss: 0.8452 - val_loss: 0.8412
Epoch 9/100
55/55 - 10s - 174ms/step - loss: 0.8407 - val_loss: 0.8344
Epoch 10/100
55/55 - 10s - 176ms/step - loss: 0.8360 - val_loss: 0.8326
Epoch 11/100
55/55 - 10s - 174ms/step - loss: 0.8300 - val_loss: 0.8175
Epoch 12/100
55/55 - 10s - 173ms/step - loss: 0.8244 - val_loss: 0.8084
Epoch 13/100
55/55 - 10s - 174ms/step - loss: 0.8204 - val_loss: 0.8023
Epoch 14/100
55/55 - 10s - 174ms/step - loss: 0.8172 - val_loss: 0.7953
Epoch 15/100
55/55 - 10s - 173ms/step - loss: 0.8136 - val_loss: 0.7895
Epoch 16/100
55/55 - 10s - 173ms/step - loss: 0.8109 - val_loss: 0.7846
Epoch 17/100
55/55 - 10s - 173ms/step - loss: 0.8093 - val_loss: 0.7824
Epoch 18/100
55/55 - 10s - 174ms/step - loss: 0.8089 - val_loss: 0.7805
Epoch 19/100
55/55 - 10s - 173ms/step - loss: 0.8077 - val_loss: 0.7794
Epoch 20/100
55/55 - 10s - 176ms/step - loss: 0.8064 - val_loss: 0.7791
Epoch 21/100
55/55 - 10s - 176ms/step - loss: 0.8053 - val_loss: 0.7797
Epoch 22/100
55/55 - 9s - 173ms/step - loss: 0.8045 - val_loss: 0.7788
Epoch 23/100
55/55 - 10s - 174ms/step - loss: 0.8055 - val_loss: 0.7781
Epoch 24/100
55/55 - 10s - 174ms/step - loss: 0.8039 - val_loss: 0.7786
Epoch 25/100
55/55 - 10s - 174ms/step - loss: 0.8043 - val_loss: 0.7769
Epoch 26/100
55/55 - 10s - 173ms/step - loss: 0.8039 - val_loss: 0.7800
Epoch 27/100
55/55 - 10s - 175ms/step - loss: 0.8045 - val_loss: 0.7766
Epoch 28/100
55/55 - 10s - 174ms/step - loss: 0.8035 - val_loss: 0.7773
Epoch 29/100
55/55 - 10s - 175ms/step - loss: 0.8033 - val_loss: 0.7746
Epoch 30/100
55/55 - 10s - 175ms/step - loss: 0.8023 - val_loss: 0.7741
Epoch 31/100
55/55 - 10s - 173ms/step - loss: 0.8013 - val_loss: 0.7744
Epoch 32/100
55/55 - 10s - 174ms/step - loss: 0.8011 - val_loss: 0.7737
Epoch 33/100
55/55 - 10s - 175ms/step - loss: 0.8012 - val_loss: 0.7773
Epoch 34/100
55/55 - 10s - 174ms/step - loss: 0.8017 - val_loss: 0.7772
Epoch 35/100
55/55 - 10s - 174ms/step - loss: 0.8023 - val_loss: 0.7745
Epoch 36/100
55/55 - 10s - 175ms/step - loss: 0.8002 - val_loss: 0.7769
Epoch 37/100
55/55 - 10s - 174ms/step - loss: 0.8004 - val_loss: 0.7743
Epoch 38/100
55/55 - 9s - 172ms/step - loss: 0.7999 - val_loss: 0.7755
Epoch 39/100
55/55 - 10s - 173ms/step - loss: 0.7995 - val_loss: 0.7755
Epoch 40/100
55/55 - 10s - 174ms/step - loss: 0.7992 - val_loss: 0.7730
Epoch 41/100
55/55 - 10s - 174ms/step - loss: 0.7988 - val_loss: 0.7741
Epoch 42/100
55/55 - 10s - 174ms/step - loss: 0.7989 - val_loss: 0.7736
Epoch 43/100
55/55 - 10s - 176ms/step - loss: 0.7992 - val_loss: 0.7727
Epoch 44/100
55/55 - 10s - 174ms/step - loss: 0.7978 - val_loss: 0.7757
Epoch 45/100
55/55 - 10s - 174ms/step - loss: 0.7979 - val_loss: 0.7732
Epoch 46/100
55/55 - 10s - 175ms/step - loss: 0.7978 - val_loss: 0.7720
Epoch 47/100
55/55 - 10s - 174ms/step - loss: 0.7973 - val_loss: 0.7719
Epoch 48/100
55/55 - 10s - 174ms/step - loss: 0.7976 - val_loss: 0.7713
Epoch 49/100
55/55 - 10s - 174ms/step - loss: 0.7969 - val_loss: 0.7686
Epoch 50/100
55/55 - 10s - 173ms/step - loss: 0.7971 - val_loss: 0.7710
Epoch 51/100
55/55 - 10s - 173ms/step - loss: 0.7967 - val_loss: 0.7711
Epoch 52/100
55/55 - 10s - 174ms/step - loss: 0.7966 - val_loss: 0.7695
Epoch 53/100
55/55 - 10s - 173ms/step - loss: 0.7962 - val_loss: 0.7703
Epoch 54/100
55/55 - 10s - 176ms/step - loss: 0.7961 - val_loss: 0.7694
Epoch 55/100
55/55 - 10s - 174ms/step - loss: 0.7964 - val_loss: 0.7710
Epoch 56/100
55/55 - 10s - 174ms/step - loss: 0.7959 - val_loss: 0.7682
Epoch 57/100
55/55 - 10s - 173ms/step - loss: 0.7960 - val_loss: 0.7718
Epoch 58/100
55/55 - 10s - 173ms/step - loss: 0.7956 - val_loss: 0.7675
Epoch 59/100
55/55 - 10s - 175ms/step - loss: 0.7953 - val_loss: 0.7658
Epoch 60/100
55/55 - 10s - 174ms/step - loss: 0.7948 - val_loss: 0.7680
Epoch 61/100
55/55 - 9s - 173ms/step - loss: 0.7958 - val_loss: 0.7662
Epoch 62/100
55/55 - 10s - 174ms/step - loss: 0.7944 - val_loss: 0.7684
Epoch 63/100
55/55 - 10s - 174ms/step - loss: 0.7951 - val_loss: 0.7670
Epoch 64/100
55/55 - 10s - 173ms/step - loss: 0.7942 - val_loss: 0.7696
Epoch 65/100
55/55 - 10s - 176ms/step - loss: 0.7948 - val_loss: 0.7655
Epoch 66/100
55/55 - 10s - 173ms/step - loss: 0.7941 - val_loss: 0.7653
Epoch 67/100
55/55 - 10s - 173ms/step - loss: 0.7931 - val_loss: 0.7667
Epoch 68/100
55/55 - 10s - 174ms/step - loss: 0.7940 - val_loss: 0.7657
Epoch 69/100
55/55 - 10s - 173ms/step - loss: 0.7935 - val_loss: 0.7671
Epoch 70/100
55/55 - 10s - 174ms/step - loss: 0.7938 - val_loss: 0.7651
Epoch 71/100
55/55 - 10s - 173ms/step - loss: 0.7936 - val_loss: 0.7654
Epoch 72/100
55/55 - 10s - 174ms/step - loss: 0.7929 - val_loss: 0.7648
Epoch 73/100
55/55 - 10s - 173ms/step - loss: 0.7930 - val_loss: 0.7651
Epoch 74/100
55/55 - 10s - 173ms/step - loss: 0.7936 - val_loss: 0.7642
Epoch 75/100
55/55 - 10s - 173ms/step - loss: 0.7935 - val_loss: 0.7658
Epoch 76/100
55/55 - 10s - 175ms/step - loss: 0.7936 - val_loss: 0.7645
Epoch 77/100
55/55 - 9s - 172ms/step - loss: 0.7934 - val_loss: 0.7662
Epoch 78/100
55/55 - 10s - 174ms/step - loss: 0.7931 - val_loss: 0.7632
Epoch 79/100
55/55 - 10s - 174ms/step - loss: 0.7929 - val_loss: 0.7651
Epoch 80/100
55/55 - 10s - 173ms/step - loss: 0.7926 - val_loss: 0.7639
Epoch 81/100
55/55 - 10s - 173ms/step - loss: 0.7927 - val_loss: 0.7631
Epoch 82/100
55/55 - 10s - 173ms/step - loss: 0.7926 - val_loss: 0.7629
Epoch 83/100
55/55 - 10s - 174ms/step - loss: 0.7930 - val_loss: 0.7627
Epoch 84/100
55/55 - 10s - 174ms/step - loss: 0.7925 - val_loss: 0.7627
Epoch 85/100
55/55 - 10s - 175ms/step - loss: 0.7924 - val_loss: 0.7625
Epoch 86/100
55/55 - 10s - 174ms/step - loss: 0.7917 - val_loss: 0.7630
Epoch 87/100
55/55 - 10s - 176ms/step - loss: 0.7923 - val_loss: 0.7637
Epoch 88/100
55/55 - 10s - 174ms/step - loss: 0.7919 - val_loss: 0.7628
Epoch 89/100
55/55 - 10s - 174ms/step - loss: 0.7921 - val_loss: 0.7620
Epoch 90/100
55/55 - 10s - 173ms/step - loss: 0.7918 - val_loss: 0.7624
Epoch 91/100
55/55 - 10s - 174ms/step - loss: 0.7920 - val_loss: 0.7620
Epoch 92/100
55/55 - 10s - 174ms/step - loss: 0.7914 - val_loss: 0.7626
Epoch 93/100
55/55 - 10s - 174ms/step - loss: 0.7914 - val_loss: 0.7615
Epoch 94/100
55/55 - 10s - 174ms/step - loss: 0.7909 - val_loss: 0.7633
Epoch 95/100
55/55 - 10s - 176ms/step - loss: 0.7918 - val_loss: 0.7618
Epoch 96/100
55/55 - 10s - 175ms/step - loss: 0.7914 - val_loss: 0.7626
Epoch 97/100
55/55 - 10s - 174ms/step - loss: 0.7915 - val_loss: 0.7629
Epoch 98/100
55/55 - 10s - 176ms/step - loss: 0.7908 - val_loss: 0.7621
Epoch 99/100
55/55 - 10s - 174ms/step - loss: 0.7914 - val_loss: 0.7615
Epoch 100/100
55/55 - 10s - 174ms/step - loss: 0.7910 - val_loss: 0.7624
[Run 2/5] Training single encoder baseline...
[Run 3/5] Training shared encoder (unweighted)...
Epoch 1/100
55/55 - 15s - 267ms/step - loss: 0.8800 - val_loss: 0.8870
Epoch 2/100
55/55 - 9s - 169ms/step - loss: 0.8541 - val_loss: 0.8791
Epoch 3/100
55/55 - 9s - 163ms/step - loss: 0.8469 - val_loss: 0.8758
Epoch 4/100
55/55 - 9s - 165ms/step - loss: 0.8433 - val_loss: 0.8740
Epoch 5/100
55/55 - 9s - 167ms/step - loss: 0.8396 - val_loss: 0.8716
Epoch 6/100
55/55 - 9s - 167ms/step - loss: 0.8341 - val_loss: 0.8708
Epoch 7/100
55/55 - 9s - 167ms/step - loss: 0.8278 - val_loss: 0.8616
Epoch 8/100
55/55 - 9s - 166ms/step - loss: 0.8224 - val_loss: 0.8610
Epoch 9/100
55/55 - 9s - 168ms/step - loss: 0.8189 - val_loss: 0.8494
Epoch 10/100
55/55 - 9s - 167ms/step - loss: 0.8149 - val_loss: 0.8651
Epoch 11/100
55/55 - 9s - 167ms/step - loss: 0.8160 - val_loss: 0.8555
Epoch 12/100
55/55 - 9s - 167ms/step - loss: 0.8134 - val_loss: 0.8696
Epoch 13/100
55/55 - 9s - 168ms/step - loss: 0.8123 - val_loss: 0.8644
Epoch 14/100
55/55 - 9s - 167ms/step - loss: 0.8100 - val_loss: 0.8456
Epoch 15/100
55/55 - 9s - 166ms/step - loss: 0.8100 - val_loss: 0.8597
Epoch 16/100
55/55 - 9s - 168ms/step - loss: 0.8077 - val_loss: 0.8418
Epoch 17/100
55/55 - 9s - 168ms/step - loss: 0.8062 - val_loss: 0.8357
Epoch 18/100
55/55 - 9s - 167ms/step - loss: 0.8057 - val_loss: 0.8353
Epoch 19/100
55/55 - 9s - 168ms/step - loss: 0.8053 - val_loss: 0.8254
Epoch 20/100
55/55 - 9s - 169ms/step - loss: 0.8030 - val_loss: 0.8289
Epoch 21/100
55/55 - 9s - 170ms/step - loss: 0.8016 - val_loss: 0.8303
Epoch 22/100
55/55 - 9s - 168ms/step - loss: 0.8019 - val_loss: 0.8296
Epoch 23/100
55/55 - 9s - 168ms/step - loss: 0.8010 - val_loss: 0.8302
Epoch 24/100
55/55 - 9s - 168ms/step - loss: 0.8004 - val_loss: 0.8234
Epoch 25/100
55/55 - 9s - 167ms/step - loss: 0.7996 - val_loss: 0.8246
Epoch 26/100
55/55 - 9s - 168ms/step - loss: 0.7998 - val_loss: 0.8259
Epoch 27/100
55/55 - 9s - 168ms/step - loss: 0.7990 - val_loss: 0.8183
Epoch 28/100
55/55 - 9s - 167ms/step - loss: 0.7990 - val_loss: 0.8235
Epoch 29/100
55/55 - 9s - 167ms/step - loss: 0.7988 - val_loss: 0.8193
Epoch 30/100
55/55 - 9s - 168ms/step - loss: 0.7983 - val_loss: 0.8227
Epoch 31/100
55/55 - 9s - 168ms/step - loss: 0.7986 - val_loss: 0.8188
Epoch 32/100
55/55 - 9s - 172ms/step - loss: 0.7978 - val_loss: 0.8228
Epoch 33/100
55/55 - 9s - 169ms/step - loss: 0.7979 - val_loss: 0.8211
Epoch 34/100
55/55 - 9s - 167ms/step - loss: 0.7978 - val_loss: 0.8174
Epoch 35/100
55/55 - 9s - 167ms/step - loss: 0.7975 - val_loss: 0.8189
Epoch 36/100
55/55 - 9s - 168ms/step - loss: 0.7973 - val_loss: 0.8172
Epoch 37/100
55/55 - 9s - 167ms/step - loss: 0.7972 - val_loss: 0.8216
Epoch 38/100
55/55 - 9s - 167ms/step - loss: 0.7974 - val_loss: 0.8178
Epoch 39/100
55/55 - 9s - 168ms/step - loss: 0.7967 - val_loss: 0.8145
Epoch 40/100
55/55 - 9s - 167ms/step - loss: 0.7963 - val_loss: 0.8169
Epoch 41/100
55/55 - 9s - 168ms/step - loss: 0.7968 - val_loss: 0.8167
Epoch 42/100
55/55 - 9s - 167ms/step - loss: 0.7968 - val_loss: 0.8146
Epoch 43/100
55/55 - 9s - 167ms/step - loss: 0.7961 - val_loss: 0.8196
Epoch 44/100
55/55 - 9s - 169ms/step - loss: 0.7963 - val_loss: 0.8217
Epoch 45/100
55/55 - 9s - 167ms/step - loss: 0.7970 - val_loss: 0.8215
Epoch 46/100
55/55 - 9s - 168ms/step - loss: 0.7959 - val_loss: 0.8214
Epoch 47/100
55/55 - 9s - 168ms/step - loss: 0.7963 - val_loss: 0.8160
Epoch 48/100
55/55 - 9s - 169ms/step - loss: 0.7957 - val_loss: 0.8139
Epoch 49/100
55/55 - 9s - 167ms/step - loss: 0.7955 - val_loss: 0.8190
Epoch 50/100
55/55 - 9s - 168ms/step - loss: 0.7959 - val_loss: 0.8195
Epoch 51/100
55/55 - 9s - 168ms/step - loss: 0.7972 - val_loss: 0.8202
Epoch 52/100
55/55 - 9s - 168ms/step - loss: 0.7954 - val_loss: 0.8172
Epoch 53/100
55/55 - 9s - 168ms/step - loss: 0.7958 - val_loss: 0.8173
Epoch 54/100
55/55 - 9s - 167ms/step - loss: 0.7953 - val_loss: 0.8152
Epoch 55/100
55/55 - 9s - 169ms/step - loss: 0.7954 - val_loss: 0.8168
Epoch 56/100
55/55 - 9s - 167ms/step - loss: 0.7949 - val_loss: 0.8095
Epoch 57/100
55/55 - 9s - 167ms/step - loss: 0.7950 - val_loss: 0.8145
Epoch 58/100
55/55 - 9s - 168ms/step - loss: 0.7957 - val_loss: 0.8159
Epoch 59/100
55/55 - 9s - 167ms/step - loss: 0.7947 - val_loss: 0.8127
Epoch 60/100
55/55 - 9s - 167ms/step - loss: 0.7949 - val_loss: 0.8124
Epoch 61/100
55/55 - 9s - 167ms/step - loss: 0.7946 - val_loss: 0.8101
Epoch 62/100
55/55 - 9s - 167ms/step - loss: 0.7953 - val_loss: 0.8123
Epoch 63/100
55/55 - 9s - 168ms/step - loss: 0.7940 - val_loss: 0.8081
Epoch 64/100
55/55 - 9s - 167ms/step - loss: 0.7938 - val_loss: 0.8135
Epoch 65/100
55/55 - 9s - 168ms/step - loss: 0.7938 - val_loss: 0.8076
Epoch 66/100
55/55 - 9s - 168ms/step - loss: 0.7941 - val_loss: 0.8106
Epoch 67/100
55/55 - 9s - 170ms/step - loss: 0.7935 - val_loss: 0.8110
Epoch 68/100
55/55 - 9s - 168ms/step - loss: 0.7932 - val_loss: 0.8086
Epoch 69/100
55/55 - 9s - 168ms/step - loss: 0.7930 - val_loss: 0.8071
Epoch 70/100
55/55 - 9s - 167ms/step - loss: 0.7931 - val_loss: 0.8067
Epoch 71/100
55/55 - 9s - 168ms/step - loss: 0.7931 - val_loss: 0.8079
Epoch 72/100
55/55 - 9s - 168ms/step - loss: 0.7943 - val_loss: 0.8082
Epoch 73/100
55/55 - 9s - 168ms/step - loss: 0.7927 - val_loss: 0.8124
Epoch 74/100
55/55 - 9s - 167ms/step - loss: 0.7924 - val_loss: 0.8122
Epoch 75/100
55/55 - 9s - 168ms/step - loss: 0.7940 - val_loss: 0.8090
Epoch 76/100
55/55 - 9s - 168ms/step - loss: 0.7927 - val_loss: 0.8082
Epoch 77/100
55/55 - 9s - 167ms/step - loss: 0.7923 - val_loss: 0.8046
Epoch 78/100
55/55 - 9s - 169ms/step - loss: 0.7922 - val_loss: 0.8064
Epoch 79/100
55/55 - 9s - 167ms/step - loss: 0.7934 - val_loss: 0.8091
Epoch 80/100
55/55 - 9s - 168ms/step - loss: 0.7930 - val_loss: 0.8070
Epoch 81/100
55/55 - 9s - 167ms/step - loss: 0.7918 - val_loss: 0.8044
Epoch 82/100
55/55 - 9s - 167ms/step - loss: 0.7922 - val_loss: 0.8068
Epoch 83/100
55/55 - 9s - 168ms/step - loss: 0.7930 - val_loss: 0.8078
Epoch 84/100
55/55 - 9s - 168ms/step - loss: 0.7926 - val_loss: 0.8078
Epoch 85/100
55/55 - 9s - 167ms/step - loss: 0.7920 - val_loss: 0.8086
Epoch 86/100
55/55 - 9s - 167ms/step - loss: 0.7926 - val_loss: 0.8075
Epoch 87/100
55/55 - 9s - 168ms/step - loss: 0.7923 - val_loss: 0.8029
Epoch 88/100
55/55 - 9s - 168ms/step - loss: 0.7922 - val_loss: 0.8018
Epoch 89/100
55/55 - 9s - 167ms/step - loss: 0.7916 - val_loss: 0.8046
Epoch 90/100
55/55 - 9s - 169ms/step - loss: 0.7918 - val_loss: 0.8063
Epoch 91/100
55/55 - 9s - 168ms/step - loss: 0.7920 - val_loss: 0.8056
Epoch 92/100
55/55 - 9s - 168ms/step - loss: 0.7916 - val_loss: 0.8060
Epoch 93/100
55/55 - 9s - 167ms/step - loss: 0.7929 - val_loss: 0.8070
Epoch 94/100
55/55 - 9s - 168ms/step - loss: 0.7919 - val_loss: 0.8046
Epoch 95/100
55/55 - 9s - 168ms/step - loss: 0.7913 - val_loss: 0.8052
Epoch 96/100
55/55 - 9s - 167ms/step - loss: 0.7919 - val_loss: 0.8039
Epoch 97/100
55/55 - 9s - 169ms/step - loss: 0.7917 - val_loss: 0.8041
Epoch 98/100
55/55 - 9s - 168ms/step - loss: 0.7919 - val_loss: 0.8043
[Run 3/5] Training shared encoder (weighted)...
Epoch 1/100
55/55 - 15s - 270ms/step - loss: 0.9075 - val_loss: 0.9096
Epoch 2/100
55/55 - 10s - 181ms/step - loss: 0.8804 - val_loss: 0.8924
Epoch 3/100
55/55 - 9s - 172ms/step - loss: 0.8700 - val_loss: 0.8847
Epoch 4/100
55/55 - 10s - 174ms/step - loss: 0.8629 - val_loss: 0.8759
Epoch 5/100
55/55 - 10s - 176ms/step - loss: 0.8575 - val_loss: 0.8654
Epoch 6/100
55/55 - 10s - 177ms/step - loss: 0.8509 - val_loss: 0.8570
Epoch 7/100
55/55 - 10s - 176ms/step - loss: 0.8409 - val_loss: 0.8477
Epoch 8/100
55/55 - 10s - 177ms/step - loss: 0.8318 - val_loss: 0.8372
Epoch 9/100
55/55 - 10s - 176ms/step - loss: 0.8265 - val_loss: 0.8328
Epoch 10/100
55/55 - 10s - 175ms/step - loss: 0.8227 - val_loss: 0.8275
Epoch 11/100
55/55 - 10s - 176ms/step - loss: 0.8205 - val_loss: 0.8267
Epoch 12/100
55/55 - 10s - 176ms/step - loss: 0.8189 - val_loss: 0.8199
Epoch 13/100
55/55 - 10s - 177ms/step - loss: 0.8161 - val_loss: 0.8188
Epoch 14/100
55/55 - 10s - 176ms/step - loss: 0.8153 - val_loss: 0.8159
Epoch 15/100
55/55 - 10s - 176ms/step - loss: 0.8142 - val_loss: 0.8162
Epoch 16/100
55/55 - 10s - 177ms/step - loss: 0.8139 - val_loss: 0.8132
Epoch 17/100
55/55 - 10s - 176ms/step - loss: 0.8136 - val_loss: 0.8136
Epoch 18/100
55/55 - 10s - 175ms/step - loss: 0.8124 - val_loss: 0.8111
Epoch 19/100
55/55 - 10s - 176ms/step - loss: 0.8108 - val_loss: 0.8122
Epoch 20/100
55/55 - 10s - 175ms/step - loss: 0.8104 - val_loss: 0.8139
Epoch 21/100
55/55 - 10s - 176ms/step - loss: 0.8119 - val_loss: 0.8159
Epoch 22/100
55/55 - 10s - 176ms/step - loss: 0.8110 - val_loss: 0.8081
Epoch 23/100
55/55 - 10s - 176ms/step - loss: 0.8101 - val_loss: 0.8118
Epoch 24/100
55/55 - 10s - 177ms/step - loss: 0.8093 - val_loss: 0.8066
Epoch 25/100
55/55 - 10s - 176ms/step - loss: 0.8086 - val_loss: 0.8087
Epoch 26/100
55/55 - 10s - 175ms/step - loss: 0.8088 - val_loss: 0.8059
Epoch 27/100
55/55 - 10s - 174ms/step - loss: 0.8089 - val_loss: 0.8063
Epoch 28/100
55/55 - 10s - 176ms/step - loss: 0.8084 - val_loss: 0.8052
Epoch 29/100
55/55 - 10s - 176ms/step - loss: 0.8079 - val_loss: 0.8049
Epoch 30/100
55/55 - 10s - 176ms/step - loss: 0.8077 - val_loss: 0.8026
Epoch 31/100
55/55 - 10s - 175ms/step - loss: 0.8072 - val_loss: 0.8031
Epoch 32/100
55/55 - 10s - 177ms/step - loss: 0.8065 - val_loss: 0.8029
Epoch 33/100
55/55 - 10s - 176ms/step - loss: 0.8072 - val_loss: 0.8015
Epoch 34/100
55/55 - 10s - 175ms/step - loss: 0.8067 - val_loss: 0.8025
Epoch 35/100
55/55 - 10s - 179ms/step - loss: 0.8073 - val_loss: 0.8049
Epoch 36/100
55/55 - 10s - 175ms/step - loss: 0.8060 - val_loss: 0.8025
Epoch 37/100
55/55 - 10s - 176ms/step - loss: 0.8066 - val_loss: 0.8016
Epoch 38/100
55/55 - 10s - 176ms/step - loss: 0.8060 - val_loss: 0.8003
Epoch 39/100
55/55 - 10s - 175ms/step - loss: 0.8056 - val_loss: 0.8010
Epoch 40/100
55/55 - 10s - 176ms/step - loss: 0.8054 - val_loss: 0.8000
Epoch 41/100
55/55 - 10s - 175ms/step - loss: 0.8050 - val_loss: 0.8001
Epoch 42/100
55/55 - 10s - 176ms/step - loss: 0.8049 - val_loss: 0.7993
Epoch 43/100
55/55 - 10s - 176ms/step - loss: 0.8049 - val_loss: 0.7987
Epoch 44/100
55/55 - 10s - 175ms/step - loss: 0.8042 - val_loss: 0.7988
Epoch 45/100
55/55 - 10s - 176ms/step - loss: 0.8047 - val_loss: 0.7990
Epoch 46/100
55/55 - 10s - 178ms/step - loss: 0.8040 - val_loss: 0.7986
Epoch 47/100
55/55 - 10s - 177ms/step - loss: 0.8043 - val_loss: 0.7979
Epoch 48/100
55/55 - 10s - 176ms/step - loss: 0.8036 - val_loss: 0.7981
Epoch 49/100
55/55 - 10s - 175ms/step - loss: 0.8034 - val_loss: 0.7979
Epoch 50/100
55/55 - 10s - 175ms/step - loss: 0.8034 - val_loss: 0.7978
Epoch 51/100
55/55 - 10s - 176ms/step - loss: 0.8031 - val_loss: 0.7979
Epoch 52/100
55/55 - 10s - 175ms/step - loss: 0.8036 - val_loss: 0.7979
Epoch 53/100
55/55 - 10s - 175ms/step - loss: 0.8031 - val_loss: 0.7974
Epoch 54/100
55/55 - 10s - 175ms/step - loss: 0.8024 - val_loss: 0.7976
Epoch 55/100
55/55 - 10s - 175ms/step - loss: 0.8028 - val_loss: 0.7982
Epoch 56/100
55/55 - 10s - 175ms/step - loss: 0.8029 - val_loss: 0.7977
Epoch 57/100
55/55 - 10s - 177ms/step - loss: 0.8031 - val_loss: 0.7977
Epoch 58/100
55/55 - 10s - 175ms/step - loss: 0.8025 - val_loss: 0.7980
Epoch 59/100
55/55 - 10s - 175ms/step - loss: 0.8025 - val_loss: 0.7975
Epoch 60/100
55/55 - 10s - 174ms/step - loss: 0.8026 - val_loss: 0.7978
Epoch 61/100
55/55 - 10s - 176ms/step - loss: 0.8024 - val_loss: 0.7972
Epoch 62/100
55/55 - 10s - 175ms/step - loss: 0.8019 - val_loss: 0.7977
Epoch 63/100
55/55 - 10s - 175ms/step - loss: 0.8024 - val_loss: 0.7972
Epoch 64/100
55/55 - 10s - 176ms/step - loss: 0.8024 - val_loss: 0.7972
Epoch 65/100
55/55 - 10s - 176ms/step - loss: 0.8028 - val_loss: 0.7975
Epoch 66/100
55/55 - 10s - 176ms/step - loss: 0.8021 - val_loss: 0.7971
Epoch 67/100
55/55 - 10s - 176ms/step - loss: 0.8020 - val_loss: 0.7970
Epoch 68/100
55/55 - 10s - 179ms/step - loss: 0.8020 - val_loss: 0.7964
Epoch 69/100
55/55 - 10s - 176ms/step - loss: 0.8016 - val_loss: 0.7965
Epoch 70/100
55/55 - 10s - 176ms/step - loss: 0.8015 - val_loss: 0.7968
Epoch 71/100
55/55 - 10s - 175ms/step - loss: 0.8024 - val_loss: 0.7970
Epoch 72/100
55/55 - 10s - 176ms/step - loss: 0.8019 - val_loss: 0.7972
Epoch 73/100
55/55 - 10s - 175ms/step - loss: 0.8022 - val_loss: 0.7962
Epoch 74/100
55/55 - 10s - 176ms/step - loss: 0.8010 - val_loss: 0.7961
Epoch 75/100
55/55 - 10s - 175ms/step - loss: 0.8018 - val_loss: 0.7972
Epoch 76/100
55/55 - 10s - 175ms/step - loss: 0.8013 - val_loss: 0.7964
Epoch 77/100
55/55 - 10s - 176ms/step - loss: 0.8015 - val_loss: 0.7956
Epoch 78/100
55/55 - 10s - 176ms/step - loss: 0.8013 - val_loss: 0.7956
Epoch 79/100
55/55 - 10s - 178ms/step - loss: 0.8005 - val_loss: 0.7954
Epoch 80/100
55/55 - 10s - 176ms/step - loss: 0.8010 - val_loss: 0.7954
Epoch 81/100
55/55 - 10s - 176ms/step - loss: 0.8007 - val_loss: 0.7950
Epoch 82/100
55/55 - 10s - 175ms/step - loss: 0.8005 - val_loss: 0.7949
Epoch 83/100
55/55 - 10s - 175ms/step - loss: 0.7999 - val_loss: 0.7956
Epoch 84/100
55/55 - 10s - 176ms/step - loss: 0.8003 - val_loss: 0.7952
Epoch 85/100
55/55 - 10s - 176ms/step - loss: 0.8000 - val_loss: 0.7956
Epoch 86/100
55/55 - 10s - 175ms/step - loss: 0.7999 - val_loss: 0.7940
Epoch 87/100
55/55 - 10s - 175ms/step - loss: 0.7997 - val_loss: 0.7951
Epoch 88/100
55/55 - 10s - 177ms/step - loss: 0.7999 - val_loss: 0.7946
Epoch 89/100
55/55 - 10s - 175ms/step - loss: 0.7997 - val_loss: 0.7943
Epoch 90/100
55/55 - 10s - 177ms/step - loss: 0.7994 - val_loss: 0.7938
Epoch 91/100
55/55 - 10s - 176ms/step - loss: 0.7988 - val_loss: 0.7945
Epoch 92/100
55/55 - 10s - 176ms/step - loss: 0.7989 - val_loss: 0.7943
Epoch 93/100
55/55 - 10s - 175ms/step - loss: 0.7984 - val_loss: 0.7943
Epoch 94/100
55/55 - 10s - 175ms/step - loss: 0.7982 - val_loss: 0.7941
Epoch 95/100
55/55 - 10s - 175ms/step - loss: 0.7981 - val_loss: 0.7947
Epoch 96/100
55/55 - 10s - 175ms/step - loss: 0.7982 - val_loss: 0.7944
Epoch 97/100
55/55 - 10s - 175ms/step - loss: 0.7975 - val_loss: 0.7945
Epoch 98/100
55/55 - 10s - 176ms/step - loss: 0.7973 - val_loss: 0.7932
Epoch 99/100
55/55 - 10s - 176ms/step - loss: 0.7976 - val_loss: 0.7928
Epoch 100/100
55/55 - 10s - 176ms/step - loss: 0.7972 - val_loss: 0.7927
[Run 3/5] Training single encoder baseline...
[Run 4/5] Training shared encoder (unweighted)...
Epoch 1/100
55/55 - 15s - 272ms/step - loss: 0.9323 - val_loss: 0.8724
Epoch 2/100
55/55 - 9s - 168ms/step - loss: 0.8711 - val_loss: 0.8526
Epoch 3/100
55/55 - 9s - 162ms/step - loss: 0.8603 - val_loss: 0.8390
Epoch 4/100
55/55 - 9s - 163ms/step - loss: 0.8532 - val_loss: 0.8336
Epoch 5/100
55/55 - 9s - 165ms/step - loss: 0.8478 - val_loss: 0.8276
Epoch 6/100
55/55 - 9s - 166ms/step - loss: 0.8438 - val_loss: 0.8260
Epoch 7/100
55/55 - 9s - 165ms/step - loss: 0.8420 - val_loss: 0.8245
Epoch 8/100
55/55 - 9s - 166ms/step - loss: 0.8404 - val_loss: 0.8242
Epoch 9/100
55/55 - 9s - 165ms/step - loss: 0.8386 - val_loss: 0.8231
Epoch 10/100
55/55 - 9s - 165ms/step - loss: 0.8371 - val_loss: 0.8207
Epoch 11/100
55/55 - 9s - 165ms/step - loss: 0.8356 - val_loss: 0.8174
Epoch 12/100
55/55 - 9s - 169ms/step - loss: 0.8336 - val_loss: 0.8161
Epoch 13/100
55/55 - 9s - 164ms/step - loss: 0.8311 - val_loss: 0.8124
Epoch 14/100
55/55 - 9s - 165ms/step - loss: 0.8300 - val_loss: 0.8078
Epoch 15/100
55/55 - 9s - 165ms/step - loss: 0.8270 - val_loss: 0.8042
Epoch 16/100
55/55 - 9s - 165ms/step - loss: 0.8243 - val_loss: 0.8000
Epoch 17/100
55/55 - 9s - 165ms/step - loss: 0.8208 - val_loss: 0.7963
Epoch 18/100
55/55 - 9s - 166ms/step - loss: 0.8173 - val_loss: 0.7936
Epoch 19/100
55/55 - 9s - 165ms/step - loss: 0.8142 - val_loss: 0.7914
Epoch 20/100
55/55 - 9s - 166ms/step - loss: 0.8107 - val_loss: 0.7871
Epoch 21/100
55/55 - 9s - 165ms/step - loss: 0.8079 - val_loss: 0.7826
Epoch 22/100
55/55 - 9s - 165ms/step - loss: 0.8057 - val_loss: 0.7792
Epoch 23/100
55/55 - 9s - 166ms/step - loss: 0.8039 - val_loss: 0.7774
Epoch 24/100
55/55 - 9s - 166ms/step - loss: 0.8032 - val_loss: 0.7770
Epoch 25/100
55/55 - 9s - 166ms/step - loss: 0.8018 - val_loss: 0.7747
Epoch 26/100
55/55 - 9s - 164ms/step - loss: 0.8006 - val_loss: 0.7744
Epoch 27/100
55/55 - 9s - 166ms/step - loss: 0.8004 - val_loss: 0.7731
Epoch 28/100
55/55 - 9s - 165ms/step - loss: 0.8003 - val_loss: 0.7737
Epoch 29/100
55/55 - 9s - 166ms/step - loss: 0.7997 - val_loss: 0.7746
Epoch 30/100
55/55 - 9s - 165ms/step - loss: 0.7992 - val_loss: 0.7734
Epoch 31/100
55/55 - 9s - 165ms/step - loss: 0.7986 - val_loss: 0.7738
Epoch 32/100
55/55 - 9s - 166ms/step - loss: 0.7979 - val_loss: 0.7721
Epoch 33/100
55/55 - 9s - 165ms/step - loss: 0.7968 - val_loss: 0.7700
Epoch 34/100
55/55 - 9s - 165ms/step - loss: 0.7964 - val_loss: 0.7693
Epoch 35/100
55/55 - 9s - 167ms/step - loss: 0.7962 - val_loss: 0.7686
Epoch 36/100
55/55 - 9s - 165ms/step - loss: 0.7949 - val_loss: 0.7751
Epoch 37/100
55/55 - 9s - 165ms/step - loss: 0.7947 - val_loss: 0.7665
Epoch 38/100
55/55 - 9s - 165ms/step - loss: 0.7937 - val_loss: 0.7656
Epoch 39/100
55/55 - 9s - 165ms/step - loss: 0.7934 - val_loss: 0.7659
Epoch 40/100
55/55 - 9s - 165ms/step - loss: 0.7934 - val_loss: 0.7652
Epoch 41/100
55/55 - 9s - 165ms/step - loss: 0.7915 - val_loss: 0.7633
Epoch 42/100
55/55 - 9s - 166ms/step - loss: 0.7905 - val_loss: 0.7620
Epoch 43/100
55/55 - 9s - 165ms/step - loss: 0.7897 - val_loss: 0.7601
Epoch 44/100
55/55 - 9s - 166ms/step - loss: 0.7888 - val_loss: 0.7592
Epoch 45/100
55/55 - 9s - 164ms/step - loss: 0.7883 - val_loss: 0.7611
Epoch 46/100
55/55 - 9s - 165ms/step - loss: 0.7884 - val_loss: 0.7609
Epoch 47/100
55/55 - 9s - 166ms/step - loss: 0.7893 - val_loss: 0.7589
Epoch 48/100
55/55 - 9s - 164ms/step - loss: 0.7871 - val_loss: 0.7602
Epoch 49/100
55/55 - 9s - 166ms/step - loss: 0.7866 - val_loss: 0.7574
Epoch 50/100
55/55 - 9s - 164ms/step - loss: 0.7854 - val_loss: 0.7562
Epoch 51/100
55/55 - 9s - 166ms/step - loss: 0.7857 - val_loss: 0.7559
Epoch 52/100
55/55 - 9s - 165ms/step - loss: 0.7842 - val_loss: 0.7545
Epoch 53/100
55/55 - 9s - 165ms/step - loss: 0.7857 - val_loss: 0.7593
Epoch 54/100
55/55 - 9s - 166ms/step - loss: 0.7846 - val_loss: 0.7538
Epoch 55/100
55/55 - 9s - 165ms/step - loss: 0.7843 - val_loss: 0.7561
Epoch 56/100
55/55 - 9s - 166ms/step - loss: 0.7840 - val_loss: 0.7518
Epoch 57/100
55/55 - 9s - 165ms/step - loss: 0.7827 - val_loss: 0.7530
Epoch 58/100
55/55 - 9s - 166ms/step - loss: 0.7825 - val_loss: 0.7511
Epoch 59/100
55/55 - 9s - 165ms/step - loss: 0.7821 - val_loss: 0.7531
Epoch 60/100
55/55 - 9s - 165ms/step - loss: 0.7832 - val_loss: 0.7519
Epoch 61/100
55/55 - 9s - 166ms/step - loss: 0.7813 - val_loss: 0.7505
Epoch 62/100
55/55 - 9s - 165ms/step - loss: 0.7807 - val_loss: 0.7504
Epoch 63/100
55/55 - 9s - 165ms/step - loss: 0.7813 - val_loss: 0.7505
Epoch 64/100
55/55 - 9s - 165ms/step - loss: 0.7809 - val_loss: 0.7503
Epoch 65/100
55/55 - 9s - 166ms/step - loss: 0.7809 - val_loss: 0.7502
Epoch 66/100
55/55 - 9s - 166ms/step - loss: 0.7810 - val_loss: 0.7497
Epoch 67/100
55/55 - 9s - 165ms/step - loss: 0.7802 - val_loss: 0.7510
Epoch 68/100
55/55 - 9s - 166ms/step - loss: 0.7802 - val_loss: 0.7488
Epoch 69/100
55/55 - 9s - 165ms/step - loss: 0.7794 - val_loss: 0.7485
Epoch 70/100
55/55 - 9s - 167ms/step - loss: 0.7788 - val_loss: 0.7484
Epoch 71/100
55/55 - 9s - 165ms/step - loss: 0.7792 - val_loss: 0.7484
Epoch 72/100
55/55 - 9s - 165ms/step - loss: 0.7793 - val_loss: 0.7483
Epoch 73/100
55/55 - 9s - 165ms/step - loss: 0.7785 - val_loss: 0.7482
Epoch 74/100
55/55 - 9s - 165ms/step - loss: 0.7789 - val_loss: 0.7474
Epoch 75/100
55/55 - 9s - 165ms/step - loss: 0.7784 - val_loss: 0.7479
Epoch 76/100
55/55 - 9s - 165ms/step - loss: 0.7779 - val_loss: 0.7470
Epoch 77/100
55/55 - 9s - 166ms/step - loss: 0.7784 - val_loss: 0.7468
Epoch 78/100
55/55 - 9s - 165ms/step - loss: 0.7780 - val_loss: 0.7464
Epoch 79/100
55/55 - 9s - 165ms/step - loss: 0.7781 - val_loss: 0.7464
Epoch 80/100
55/55 - 9s - 166ms/step - loss: 0.7783 - val_loss: 0.7470
Epoch 81/100
55/55 - 9s - 167ms/step - loss: 0.7780 - val_loss: 0.7469
Epoch 82/100
55/55 - 9s - 167ms/step - loss: 0.7779 - val_loss: 0.7464
Epoch 83/100
55/55 - 9s - 166ms/step - loss: 0.7778 - val_loss: 0.7460
Epoch 84/100
55/55 - 9s - 165ms/step - loss: 0.7775 - val_loss: 0.7463
Epoch 85/100
55/55 - 9s - 166ms/step - loss: 0.7765 - val_loss: 0.7453
Epoch 86/100
55/55 - 9s - 165ms/step - loss: 0.7767 - val_loss: 0.7451
Epoch 87/100
55/55 - 9s - 165ms/step - loss: 0.7773 - val_loss: 0.7474
Epoch 88/100
55/55 - 9s - 165ms/step - loss: 0.7773 - val_loss: 0.7465
Epoch 89/100
55/55 - 9s - 166ms/step - loss: 0.7768 - val_loss: 0.7444
Epoch 90/100
55/55 - 9s - 165ms/step - loss: 0.7762 - val_loss: 0.7466
Epoch 91/100
55/55 - 9s - 165ms/step - loss: 0.7760 - val_loss: 0.7472
Epoch 92/100
55/55 - 9s - 166ms/step - loss: 0.7758 - val_loss: 0.7461
Epoch 93/100
55/55 - 9s - 167ms/step - loss: 0.7763 - val_loss: 0.7477
Epoch 94/100
55/55 - 9s - 165ms/step - loss: 0.7760 - val_loss: 0.7470
Epoch 95/100
55/55 - 9s - 165ms/step - loss: 0.7762 - val_loss: 0.7456
Epoch 96/100
55/55 - 9s - 165ms/step - loss: 0.7756 - val_loss: 0.7447
Epoch 97/100
55/55 - 9s - 166ms/step - loss: 0.7751 - val_loss: 0.7439
Epoch 98/100
55/55 - 9s - 165ms/step - loss: 0.7749 - val_loss: 0.7447
Epoch 99/100
55/55 - 9s - 166ms/step - loss: 0.7756 - val_loss: 0.7457
Epoch 100/100
55/55 - 9s - 166ms/step - loss: 0.7755 - val_loss: 0.7423
[Run 4/5] Training shared encoder (weighted)...
Epoch 1/100
55/55 - 15s - 274ms/step - loss: 0.8868 - val_loss: 0.8506
Epoch 2/100
55/55 - 10s - 178ms/step - loss: 0.8614 - val_loss: 0.8424
Epoch 3/100
55/55 - 9s - 170ms/step - loss: 0.8564 - val_loss: 0.8391
Epoch 4/100
55/55 - 10s - 175ms/step - loss: 0.8549 - val_loss: 0.8392
Epoch 5/100
55/55 - 10s - 174ms/step - loss: 0.8551 - val_loss: 0.8427
Epoch 6/100
55/55 - 10s - 174ms/step - loss: 0.8557 - val_loss: 0.8412
Epoch 7/100
55/55 - 10s - 174ms/step - loss: 0.8545 - val_loss: 0.8411
Epoch 8/100
55/55 - 10s - 174ms/step - loss: 0.8544 - val_loss: 0.8412
Epoch 9/100
55/55 - 10s - 173ms/step - loss: 0.8534 - val_loss: 0.8421
Epoch 10/100
55/55 - 10s - 174ms/step - loss: 0.8537 - val_loss: 0.8423
Epoch 11/100
55/55 - 10s - 175ms/step - loss: 0.8528 - val_loss: 0.8405
Epoch 12/100
55/55 - 10s - 175ms/step - loss: 0.8507 - val_loss: 0.8378
Epoch 13/100
55/55 - 10s - 176ms/step - loss: 0.8473 - val_loss: 0.8336
Epoch 14/100
55/55 - 10s - 175ms/step - loss: 0.8454 - val_loss: 0.8329
Epoch 15/100
55/55 - 10s - 177ms/step - loss: 0.8441 - val_loss: 0.8305
Epoch 16/100
55/55 - 10s - 175ms/step - loss: 0.8418 - val_loss: 0.8279
Epoch 17/100
55/55 - 10s - 175ms/step - loss: 0.8391 - val_loss: 0.8247
Epoch 18/100
55/55 - 10s - 175ms/step - loss: 0.8351 - val_loss: 0.8215
Epoch 19/100
55/55 - 10s - 175ms/step - loss: 0.8325 - val_loss: 0.8187
Epoch 20/100
55/55 - 10s - 176ms/step - loss: 0.8283 - val_loss: 0.8146
Epoch 21/100
55/55 - 10s - 175ms/step - loss: 0.8261 - val_loss: 0.8086
Epoch 22/100
55/55 - 10s - 175ms/step - loss: 0.8209 - val_loss: 0.8068
Epoch 23/100
55/55 - 10s - 174ms/step - loss: 0.8167 - val_loss: 0.7991
Epoch 24/100
55/55 - 10s - 174ms/step - loss: 0.8138 - val_loss: 0.7995
Epoch 25/100
55/55 - 10s - 173ms/step - loss: 0.8107 - val_loss: 0.8004
Epoch 26/100
55/55 - 10s - 177ms/step - loss: 0.8088 - val_loss: 0.7907
Epoch 27/100
55/55 - 10s - 174ms/step - loss: 0.8054 - val_loss: 0.7884
Epoch 28/100
55/55 - 10s - 174ms/step - loss: 0.8040 - val_loss: 0.7861
Epoch 29/100
55/55 - 10s - 173ms/step - loss: 0.8026 - val_loss: 0.7868
Epoch 30/100
55/55 - 10s - 175ms/step - loss: 0.8021 - val_loss: 0.7846
Epoch 31/100
55/55 - 10s - 175ms/step - loss: 0.8002 - val_loss: 0.7818
Epoch 32/100
55/55 - 10s - 174ms/step - loss: 0.7998 - val_loss: 0.7829
Epoch 33/100
55/55 - 10s - 174ms/step - loss: 0.7996 - val_loss: 0.7829
Epoch 34/100
55/55 - 10s - 175ms/step - loss: 0.7995 - val_loss: 0.7826
Epoch 35/100
55/55 - 10s - 176ms/step - loss: 0.7991 - val_loss: 0.7784
Epoch 36/100
55/55 - 10s - 174ms/step - loss: 0.7976 - val_loss: 0.7769
Epoch 37/100
55/55 - 10s - 176ms/step - loss: 0.7978 - val_loss: 0.7796
Epoch 38/100
55/55 - 10s - 174ms/step - loss: 0.7979 - val_loss: 0.7834
Epoch 39/100
55/55 - 10s - 174ms/step - loss: 0.7983 - val_loss: 0.7779
Epoch 40/100
55/55 - 10s - 174ms/step - loss: 0.7970 - val_loss: 0.7783
Epoch 41/100
55/55 - 9s - 173ms/step - loss: 0.7972 - val_loss: 0.7789
Epoch 42/100
55/55 - 10s - 174ms/step - loss: 0.7965 - val_loss: 0.7781
Epoch 43/100
55/55 - 10s - 174ms/step - loss: 0.7959 - val_loss: 0.7777
Epoch 44/100
55/55 - 10s - 174ms/step - loss: 0.7962 - val_loss: 0.7794
Epoch 45/100
55/55 - 10s - 175ms/step - loss: 0.7958 - val_loss: 0.7764
Epoch 46/100
55/55 - 10s - 174ms/step - loss: 0.7956 - val_loss: 0.7773
Epoch 47/100
55/55 - 10s - 174ms/step - loss: 0.7953 - val_loss: 0.7755
Epoch 48/100
55/55 - 10s - 175ms/step - loss: 0.7952 - val_loss: 0.7773
Epoch 49/100
55/55 - 10s - 174ms/step - loss: 0.7947 - val_loss: 0.7770
Epoch 50/100
55/55 - 10s - 175ms/step - loss: 0.7945 - val_loss: 0.7753
Epoch 51/100
55/55 - 10s - 173ms/step - loss: 0.7944 - val_loss: 0.7781
Epoch 52/100
55/55 - 10s - 174ms/step - loss: 0.7944 - val_loss: 0.7731
Epoch 53/100
55/55 - 10s - 174ms/step - loss: 0.7938 - val_loss: 0.7736
Epoch 54/100
55/55 - 10s - 173ms/step - loss: 0.7937 - val_loss: 0.7729
Epoch 55/100
55/55 - 10s - 173ms/step - loss: 0.7936 - val_loss: 0.7724
Epoch 56/100
55/55 - 10s - 174ms/step - loss: 0.7933 - val_loss: 0.7755
Epoch 57/100
55/55 - 10s - 174ms/step - loss: 0.7947 - val_loss: 0.7714
Epoch 58/100
55/55 - 10s - 173ms/step - loss: 0.7938 - val_loss: 0.7716
Epoch 59/100
55/55 - 10s - 176ms/step - loss: 0.7941 - val_loss: 0.7738
Epoch 60/100
55/55 - 10s - 174ms/step - loss: 0.7931 - val_loss: 0.7726
Epoch 61/100
55/55 - 10s - 173ms/step - loss: 0.7930 - val_loss: 0.7719
Epoch 62/100
55/55 - 10s - 174ms/step - loss: 0.7925 - val_loss: 0.7722
Epoch 63/100
55/55 - 10s - 174ms/step - loss: 0.7931 - val_loss: 0.7697
Epoch 64/100
55/55 - 10s - 173ms/step - loss: 0.7927 - val_loss: 0.7728
Epoch 65/100
55/55 - 10s - 174ms/step - loss: 0.7925 - val_loss: 0.7712
Epoch 66/100
55/55 - 10s - 173ms/step - loss: 0.7924 - val_loss: 0.7709
Epoch 67/100
55/55 - 10s - 173ms/step - loss: 0.7923 - val_loss: 0.7717
Epoch 68/100
55/55 - 10s - 174ms/step - loss: 0.7919 - val_loss: 0.7726
Epoch 69/100
55/55 - 10s - 175ms/step - loss: 0.7925 - val_loss: 0.7709
Epoch 70/100
55/55 - 10s - 176ms/step - loss: 0.7920 - val_loss: 0.7723
Epoch 71/100
55/55 - 10s - 175ms/step - loss: 0.7917 - val_loss: 0.7708
Epoch 72/100
55/55 - 10s - 174ms/step - loss: 0.7916 - val_loss: 0.7744
Epoch 73/100
55/55 - 10s - 174ms/step - loss: 0.7923 - val_loss: 0.7736
[Run 4/5] Training single encoder baseline...
[Run 5/5] Training shared encoder (unweighted)...
Epoch 1/100
55/55 - 15s - 272ms/step - loss: 0.9549 - val_loss: 0.8840
Epoch 2/100
55/55 - 9s - 169ms/step - loss: 0.8843 - val_loss: 0.8701
Epoch 3/100
55/55 - 9s - 162ms/step - loss: 0.8705 - val_loss: 0.8637
Epoch 4/100
55/55 - 9s - 164ms/step - loss: 0.8634 - val_loss: 0.8588
Epoch 5/100
55/55 - 9s - 167ms/step - loss: 0.8575 - val_loss: 0.8541
Epoch 6/100
55/55 - 9s - 167ms/step - loss: 0.8509 - val_loss: 0.8485
Epoch 7/100
55/55 - 9s - 168ms/step - loss: 0.8445 - val_loss: 0.8408
Epoch 8/100
55/55 - 9s - 168ms/step - loss: 0.8387 - val_loss: 0.8362
Epoch 9/100
55/55 - 9s - 167ms/step - loss: 0.8335 - val_loss: 0.8325
Epoch 10/100
55/55 - 9s - 167ms/step - loss: 0.8284 - val_loss: 0.8261
Epoch 11/100
55/55 - 9s - 166ms/step - loss: 0.8241 - val_loss: 0.8243
Epoch 12/100
55/55 - 9s - 167ms/step - loss: 0.8200 - val_loss: 0.8186
Epoch 13/100
55/55 - 9s - 167ms/step - loss: 0.8130 - val_loss: 0.8133
Epoch 14/100
55/55 - 9s - 167ms/step - loss: 0.8089 - val_loss: 0.8123
Epoch 15/100
55/55 - 9s - 167ms/step - loss: 0.8052 - val_loss: 0.8112
Epoch 16/100
55/55 - 9s - 167ms/step - loss: 0.8029 - val_loss: 0.8089
Epoch 17/100
55/55 - 9s - 166ms/step - loss: 0.8011 - val_loss: 0.8095
Epoch 18/100
55/55 - 9s - 166ms/step - loss: 0.8001 - val_loss: 0.8088
Epoch 19/100
55/55 - 9s - 168ms/step - loss: 0.7993 - val_loss: 0.8088
Epoch 20/100
55/55 - 9s - 168ms/step - loss: 0.7979 - val_loss: 0.8093
Epoch 21/100
55/55 - 9s - 168ms/step - loss: 0.7968 - val_loss: 0.8081
Epoch 22/100
55/55 - 9s - 166ms/step - loss: 0.7960 - val_loss: 0.8072
Epoch 23/100
55/55 - 9s - 167ms/step - loss: 0.7956 - val_loss: 0.8058
Epoch 24/100
55/55 - 9s - 166ms/step - loss: 0.7941 - val_loss: 0.8062
Epoch 25/100
55/55 - 9s - 167ms/step - loss: 0.7937 - val_loss: 0.8060
Epoch 26/100
55/55 - 9s - 167ms/step - loss: 0.7940 - val_loss: 0.8058
Epoch 27/100
55/55 - 9s - 167ms/step - loss: 0.7927 - val_loss: 0.8051
Epoch 28/100
55/55 - 9s - 167ms/step - loss: 0.7927 - val_loss: 0.8043
Epoch 29/100
55/55 - 9s - 167ms/step - loss: 0.7924 - val_loss: 0.8037
Epoch 30/100
55/55 - 9s - 168ms/step - loss: 0.7918 - val_loss: 0.8033
Epoch 31/100
55/55 - 9s - 168ms/step - loss: 0.7921 - val_loss: 0.8062
Epoch 32/100
55/55 - 9s - 167ms/step - loss: 0.7936 - val_loss: 0.8059
Epoch 33/100
55/55 - 9s - 166ms/step - loss: 0.7925 - val_loss: 0.8058
Epoch 34/100
55/55 - 9s - 167ms/step - loss: 0.7917 - val_loss: 0.8046
Epoch 35/100
55/55 - 9s - 167ms/step - loss: 0.7908 - val_loss: 0.8026
Epoch 36/100
55/55 - 9s - 167ms/step - loss: 0.7907 - val_loss: 0.8024
Epoch 37/100
55/55 - 9s - 167ms/step - loss: 0.7902 - val_loss: 0.8012
Epoch 38/100
55/55 - 9s - 167ms/step - loss: 0.7902 - val_loss: 0.8020
Epoch 39/100
55/55 - 9s - 167ms/step - loss: 0.7899 - val_loss: 0.8012
Epoch 40/100
55/55 - 9s - 168ms/step - loss: 0.7902 - val_loss: 0.8007
Epoch 41/100
55/55 - 9s - 166ms/step - loss: 0.7897 - val_loss: 0.8013
Epoch 42/100
55/55 - 9s - 169ms/step - loss: 0.7900 - val_loss: 0.8015
Epoch 43/100
55/55 - 9s - 169ms/step - loss: 0.7894 - val_loss: 0.7999
Epoch 44/100
55/55 - 9s - 166ms/step - loss: 0.7896 - val_loss: 0.8007
Epoch 45/100
55/55 - 9s - 165ms/step - loss: 0.7889 - val_loss: 0.8000
Epoch 46/100
55/55 - 9s - 167ms/step - loss: 0.7887 - val_loss: 0.8002
Epoch 47/100
55/55 - 9s - 167ms/step - loss: 0.7884 - val_loss: 0.7989
Epoch 48/100
55/55 - 9s - 166ms/step - loss: 0.7888 - val_loss: 0.7997
Epoch 49/100
55/55 - 9s - 166ms/step - loss: 0.7884 - val_loss: 0.7993
Epoch 50/100
55/55 - 9s - 167ms/step - loss: 0.7884 - val_loss: 0.7992
Epoch 51/100
55/55 - 9s - 167ms/step - loss: 0.7881 - val_loss: 0.8002
Epoch 52/100
55/55 - 9s - 167ms/step - loss: 0.7881 - val_loss: 0.8007
Epoch 53/100
55/55 - 9s - 166ms/step - loss: 0.7879 - val_loss: 0.8009
Epoch 54/100
55/55 - 9s - 169ms/step - loss: 0.7877 - val_loss: 0.7986
Epoch 55/100
55/55 - 9s - 167ms/step - loss: 0.7876 - val_loss: 0.7981
Epoch 56/100
55/55 - 9s - 166ms/step - loss: 0.7876 - val_loss: 0.7979
Epoch 57/100
55/55 - 9s - 167ms/step - loss: 0.7875 - val_loss: 0.7971
Epoch 58/100
55/55 - 9s - 166ms/step - loss: 0.7878 - val_loss: 0.7982
Epoch 59/100
55/55 - 9s - 167ms/step - loss: 0.7875 - val_loss: 0.7995
Epoch 60/100
55/55 - 9s - 167ms/step - loss: 0.7870 - val_loss: 0.7988
Epoch 61/100
55/55 - 9s - 167ms/step - loss: 0.7872 - val_loss: 0.7968
Epoch 62/100
55/55 - 9s - 166ms/step - loss: 0.7872 - val_loss: 0.7978
Epoch 63/100
55/55 - 9s - 166ms/step - loss: 0.7875 - val_loss: 0.7976
Epoch 64/100
55/55 - 9s - 166ms/step - loss: 0.7873 - val_loss: 0.7994
Epoch 65/100
55/55 - 9s - 167ms/step - loss: 0.7870 - val_loss: 0.7958
Epoch 66/100
55/55 - 9s - 168ms/step - loss: 0.7870 - val_loss: 0.7984
Epoch 67/100
55/55 - 9s - 166ms/step - loss: 0.7865 - val_loss: 0.7984
Epoch 68/100
55/55 - 9s - 166ms/step - loss: 0.7868 - val_loss: 0.7978
Epoch 69/100
55/55 - 9s - 166ms/step - loss: 0.7868 - val_loss: 0.7975
Epoch 70/100
55/55 - 9s - 166ms/step - loss: 0.7861 - val_loss: 0.7960
Epoch 71/100
55/55 - 9s - 166ms/step - loss: 0.7859 - val_loss: 0.7971
Epoch 72/100
55/55 - 9s - 166ms/step - loss: 0.7864 - val_loss: 0.7969
Epoch 73/100
55/55 - 9s - 167ms/step - loss: 0.7863 - val_loss: 0.7972
Epoch 74/100
55/55 - 9s - 167ms/step - loss: 0.7863 - val_loss: 0.7981
Epoch 75/100
55/55 - 9s - 167ms/step - loss: 0.7860 - val_loss: 0.7968
[Run 5/5] Training shared encoder (weighted)...
Epoch 1/100
55/55 - 15s - 273ms/step - loss: 0.9169 - val_loss: 0.8797
Epoch 2/100
55/55 - 10s - 178ms/step - loss: 0.8729 - val_loss: 0.8608
Epoch 3/100
55/55 - 9s - 170ms/step - loss: 0.8609 - val_loss: 0.8525
Epoch 4/100
55/55 - 10s - 173ms/step - loss: 0.8529 - val_loss: 0.8467
Epoch 5/100
55/55 - 10s - 175ms/step - loss: 0.8484 - val_loss: 0.8484
Epoch 6/100
55/55 - 10s - 175ms/step - loss: 0.8436 - val_loss: 0.8398
Epoch 7/100
55/55 - 10s - 178ms/step - loss: 0.8390 - val_loss: 0.8407
Epoch 8/100
55/55 - 10s - 177ms/step - loss: 0.8365 - val_loss: 0.8389
Epoch 9/100
55/55 - 10s - 175ms/step - loss: 0.8349 - val_loss: 0.8404
Epoch 10/100
55/55 - 10s - 175ms/step - loss: 0.8342 - val_loss: 0.8392
Epoch 11/100
55/55 - 10s - 176ms/step - loss: 0.8304 - val_loss: 0.8364
Epoch 12/100
55/55 - 10s - 175ms/step - loss: 0.8278 - val_loss: 0.8337
Epoch 13/100
55/55 - 10s - 175ms/step - loss: 0.8267 - val_loss: 0.8343
Epoch 14/100
55/55 - 10s - 175ms/step - loss: 0.8256 - val_loss: 0.8340
Epoch 15/100
55/55 - 10s - 176ms/step - loss: 0.8245 - val_loss: 0.8348
Epoch 16/100
55/55 - 10s - 175ms/step - loss: 0.8247 - val_loss: 0.8355
Epoch 17/100
55/55 - 10s - 175ms/step - loss: 0.8246 - val_loss: 0.8360
Epoch 18/100
55/55 - 10s - 176ms/step - loss: 0.8254 - val_loss: 0.8386
Epoch 19/100
55/55 - 10s - 175ms/step - loss: 0.8251 - val_loss: 0.8335
Epoch 20/100
55/55 - 10s - 175ms/step - loss: 0.8245 - val_loss: 0.8339
Epoch 21/100
55/55 - 10s - 176ms/step - loss: 0.8241 - val_loss: 0.8342
Epoch 22/100
55/55 - 10s - 176ms/step - loss: 0.8249 - val_loss: 0.8346
Epoch 23/100
55/55 - 10s - 176ms/step - loss: 0.8251 - val_loss: 0.8318
Epoch 24/100
55/55 - 10s - 175ms/step - loss: 0.8233 - val_loss: 0.8341
Epoch 25/100
55/55 - 10s - 174ms/step - loss: 0.8231 - val_loss: 0.8346
Epoch 26/100
55/55 - 10s - 174ms/step - loss: 0.8238 - val_loss: 0.8362
Epoch 27/100
55/55 - 10s - 174ms/step - loss: 0.8259 - val_loss: 0.8326
Epoch 28/100
55/55 - 10s - 175ms/step - loss: 0.8242 - val_loss: 0.8308
Epoch 29/100
55/55 - 10s - 176ms/step - loss: 0.8240 - val_loss: 0.8332
Epoch 30/100
55/55 - 10s - 175ms/step - loss: 0.8242 - val_loss: 0.8315
Epoch 31/100
55/55 - 10s - 176ms/step - loss: 0.8236 - val_loss: 0.8313
Epoch 32/100
55/55 - 10s - 175ms/step - loss: 0.8232 - val_loss: 0.8300
Epoch 33/100
55/55 - 10s - 175ms/step - loss: 0.8230 - val_loss: 0.8344
Epoch 34/100
55/55 - 10s - 175ms/step - loss: 0.8246 - val_loss: 0.8328
Epoch 35/100
55/55 - 10s - 175ms/step - loss: 0.8234 - val_loss: 0.8331
Epoch 36/100
55/55 - 10s - 174ms/step - loss: 0.8229 - val_loss: 0.8313
Epoch 37/100
55/55 - 10s - 174ms/step - loss: 0.8234 - val_loss: 0.8326
Epoch 38/100
55/55 - 10s - 174ms/step - loss: 0.8233 - val_loss: 0.8317
Epoch 39/100
55/55 - 10s - 175ms/step - loss: 0.8224 - val_loss: 0.8321
Epoch 40/100
55/55 - 10s - 177ms/step - loss: 0.8230 - val_loss: 0.8330
Epoch 41/100
55/55 - 10s - 176ms/step - loss: 0.8241 - val_loss: 0.8362
Epoch 42/100
55/55 - 10s - 174ms/step - loss: 0.8240 - val_loss: 0.8324
[Run 5/5] Training single encoder baseline...
